[harness] tree 871414dc
[stylized] seed 8817 · 960x480 · 24000 steps
[peopleSim] hearth pin Nile picked at tile (277,80) (27.7E 30.0N) — maturity deferred to the stagger law
[peopleSim] hearth pin Mesopotamia picked at tile (298,76) (43.5E 33.0N) — maturity deferred to the stagger law
[peopleSim] hearth pin Indus picked at tile (333,81) (69.8E 29.2N) — maturity deferred to the stagger law
[peopleSim] hearth pin Yellow River picked at tile (387,72) (110.3E 36.0N) — maturity deferred to the stagger law
[peopleSim] hearth Ňěňní at (277,80) (27.7E 30.0N) score 6.74 pkg=wheat(suit 0.94) — matured 962y into prehistory (wave age 5038y)
[peopleSim] hearth Pephamdo at (298,76) (43.5E 33.0N) score 6.51 pkg=wheat(suit 1.00) — matured 903y into prehistory (wave age 5097y)
[peopleSim] hearth Pomponsom at (333,81) (69.8E 29.2N) score 7.79 pkg=wheat(suit 1.00) — matured 900y into prehistory (wave age 5100y)
[peopleSim] hearth Fevvon at (387,72) (110.3E 36.0N) score 3.54 pkg=millet(suit 0.54) — matured 2754y into prehistory (wave age 3246y)
[peopleSim] hearth Nawaxexi at (230,99) (-7.5E 15.8N) score 3.07 pkg=sorghum(suit 0.65) — matured 3077y into prehistory (wave age 2923y)
[peopleSim] hearth Sasfesu at (115,99) (-93.8E 15.8N) score 1.97 pkg=maize(suit 0.86) — matured 5245y into prehistory (wave age 755y)
[peopleSim] hearth Wityim at (140,140) (-75.0E -15.0N) score 1.05 pkg=tubers(suit 0.75) — matured 3996y into prehistory (wave age 2004y)
[peopleSim] hearth Ninuvy at (278,142) (28.5E -16.5N) score 0.81 pkg=sorghum(suit 0.52) — matured 3855y into prehistory (wave age 2145y)
[peopleSim] hearth Bofvu at (247,40) (5.2E 60.0N) score 0.50 pkg=wheat(suit 0.25) — matured 3616y into prehistory (wave age 2384y)
[peopleSim] hearth candidate at (25,41) (-161.3E 59.3N) score 0.50 pkg=maize(suit 0.15) — ARMED: ~7000y of peopled-basin time from maturity
[popField] worker pool engaged: 4 bands
[transHeap] step=24 cap=2048 peakN=1745 pushes=27545 (0.0MB backing)
[transHeap] step=20688 cap=65536 peakN=37516 pushes=151246 (0.5MB backing)
[transHeap] step=21696 cap=131072 peakN=74847 pushes=203494 (1.0MB backing)
[stylized] simulated in 145s

  warn  Zipf rank-size slope: n/a   (only 6 cities > 10k urban core)
  warn  empire land tail: n/a   (4 landed polities)
        (empire mortality, unscored: back-half top-3 union 7 realms · 37 secessions — deep check: node tools/probe_empires.mjs)
  ok    state lifespan median (incl. living, censored): 5200 steps (~1300y)   (19 fallen + 238 living)
        (fallen-only median 37 steps ~9y; 11/19 fallen within 100 steps — the revolt-churn mode, mechanism item)
  ok    lifespan heavy tail incl. living (max/median): 648.6   (oldest living 24000 steps)
  ok    wars per 1000 steps per polity: 0.07   (0.3/1k across 5 realms)
  warn  wars amid succession crises: 0/8   (human causes visible)
        (0 across state-faith lines)
  ok    tech diffusion gradient: n/a   (no cradle origins resolvable (30 root cultures — origins died; dawn demonstrably ran))
  warn  urbanization vs development: 1.3%   (agrarian era: a minority in cities (2-25%))
  ok    population ~ development (monotone): 0.94   (log-pop vs leading agriculture)
  ok    growth accelerates with development: n/a   (pre-industrial run: modern agriculture never discovered — the accelerating chapter is absent)
  ok    price level bounded: 1.72   (people-weighted raw M/T÷baseline (sim-clamped mean 1.38, 0 components pegged at cap))
  ok    market integration narrows prices (Δ): -0.0154 over 2 knit window(s)   (mean dispersion Δ where components drop, vs noise floor 0.0094 = median |Δ| (Pearson 0.12, unscored — probe_market.mjs))
  warn  trade intensity vs transport: 0.0   (flow×1000/wealth; median nav+mob 0.66 → band 0.05-150)
  warn  war deadliness tail (largest/median): 2.0   (8 wars reckoned; top3mean/med 1.6)
        (greatest war's share of all war dead: 25% across 8 wars — count-sensitive, unscored)
  ok    culture count ~ area^k, k<1: 0.23   (diversity grows with territory, sublinearly (k<1))
  ok    clustering: n/a   (too few settlements)
  ok    fish share of food supply: 0.0%   (0% of population lives majority-fish [soft bar ≤40% Tier-B])
  FAIL  civilization alive: 10 settlements, pop 12537
  ok    wealth finite: 807664
  ok    polities exist: 5
        (registries: 35 cultures · 5 faiths · 42 dynasties · 3884 persons · 1593 events)

[stylized] 1 hard failure(s) · 6 soft warnings EXCEEDS budget 2 — the emergent history is off-shape
