[harness] tree 75a3d421
[SIM_TUNE] {"IDEA_FIELD":1}
[peopleSim] hearth pin Nile picked at tile (277,80) (27.7E 30.0N) — maturity deferred to the stagger law
[peopleSim] hearth pin Mesopotamia picked at tile (298,76) (43.5E 33.0N) — maturity deferred to the stagger law
[peopleSim] hearth pin Indus picked at tile (333,81) (69.8E 29.2N) — maturity deferred to the stagger law
[peopleSim] hearth pin Yellow River picked at tile (387,72) (110.3E 36.0N) — maturity deferred to the stagger law
[peopleSim] hearth Ňěňní at (277,80) (27.7E 30.0N) score 6.74 pkg=wheat(suit 0.94) — matured 962y into prehistory (wave age 5038y)
[peopleSim] hearth Pephamdo at (298,76) (43.5E 33.0N) score 6.51 pkg=wheat(suit 1.00) — matured 903y into prehistory (wave age 5097y)
[peopleSim] hearth Pomponsom at (333,81) (69.8E 29.2N) score 7.79 pkg=wheat(suit 1.00) — matured 900y into prehistory (wave age 5100y)
[peopleSim] hearth Fevvon at (387,72) (110.3E 36.0N) score 3.54 pkg=millet(suit 0.54) — matured 2754y into prehistory (wave age 3246y)
[peopleSim] hearth Nawaxexi at (230,99) (-7.5E 15.8N) score 3.07 pkg=sorghum(suit 0.65) — matured 3077y into prehistory (wave age 2923y)
[peopleSim] hearth Sasfesu at (115,99) (-93.8E 15.8N) score 1.97 pkg=maize(suit 0.86) — matured 5245y into prehistory (wave age 755y)
[peopleSim] hearth Wityim at (140,140) (-75.0E -15.0N) score 1.05 pkg=tubers(suit 0.75) — matured 3996y into prehistory (wave age 2004y)
[peopleSim] hearth Ninuvy at (278,142) (28.5E -16.5N) score 0.81 pkg=sorghum(suit 0.52) — matured 3855y into prehistory (wave age 2145y)
[peopleSim] hearth Bofvu at (247,40) (5.2E 60.0N) score 0.50 pkg=wheat(suit 0.25) — matured 3616y into prehistory (wave age 2384y)
[peopleSim] hearth candidate at (25,41) (-161.3E 59.3N) score 0.50 pkg=maize(suit 0.15) — ARMED: ~7000y of peopled-basin time from maturity
probe_ideas — W=960 (tw=480) seed=8817 steps=6000, horizon=20 tiles, 38741 land tiles in 252 components

═══ step 0 — 9 settlements, 0 realms
  (no devField yet)
[popField] worker pool engaged: 4 bands
[transHeap] step=24 cap=2048 peakN=1745 pushes=27545 (0.0MB backing)

═══ step 200 — 2 settlements, 2 realms
  P field pop 0.57M (field units)   census Σs.people 6 sim-units
  A devField over 38741 land tiles:
      exactly 0.000 : 30765 (79.4%)   nonzero: 7976 (20.6%)
      >= 0.45 (farming): 173 (0.4%)
      p50 0.000  p90 0.172  max 0.500
  B land components >= 50 tiles (11 of 252):
      comp  19  15330 tiles  settlements   2  devField mean 0.092  farming 1.0%   lat -35..77
      comp 247  11680 tiles  settlements   0  devField mean 0.000  farming 0.0%   lat -89..-63
      comp   0   6469 tiles  settlements   0  devField mean 0.004  farming 0.2%   lat 8..84
      comp 150   2707 tiles  settlements   0  devField mean 0.029  farming 0.4%   lat -56..11
      comp 214   1198 tiles  settlements   0  devField mean 0.000  farming 0.0%   lat -39..-11
      comp 173    104 tiles  settlements   0  devField mean 0.000  farming 0.0%   lat -10..-1
      comp 217     88 tiles  settlements   0  devField mean 0.000  farming 0.0%   lat -26..-13
      comp 159     86 tiles  settlements   0  devField mean 0.000  farming 0.0%   lat -3..7
      landmasses with NO settlement: 251 comps, 23411 tiles (60.4% of land)
  C the two layers:
      settlement agriculture  p10 0.499  p50 0.499  max 0.499
      devField max 0.500
      ORPHANED technique — land with devField > 0 and NO settlement within 20 tiles: 6135 (76.9% of nonzero land)
      land whose devField EXCEEDS every settlement in horizon by >0.05: 0 (0.0% of market-covered land)
  E diffusion contact (mergeReach, road+sea): p10 0  p50 0  p90 0  max 0
      settlements with ZERO partners (learn from nobody): 2 (100.0%)
  F knowledge tracks across settlements (p10 / p50 / p90):
      agriculture   0.499 / 0.499 / 0.499   spread 0.000
      construction  0.179 / 0.179 / 0.179   spread 0.000
      organization  0.130 / 0.135 / 0.135   spread 0.004
      metallurgy    0.000 / 0.000 / 0.000   spread 0.000
      navigation    0.001 / 0.001 / 0.001   spread 0.000
      mobility      0.000 / 0.000 / 0.000   spread 0.000

═══ step 1000 — 2 settlements, 2 realms
  P field pop 0.71M (field units)   census Σs.people 58 sim-units
  A devField over 38741 land tiles:
      exactly 0.000 : 30548 (78.9%)   nonzero: 8193 (21.1%)
      >= 0.45 (farming): 205 (0.5%)
      p50 0.000  p90 0.173  max 0.496
  B land components >= 50 tiles (11 of 252):
      comp  19  15330 tiles  settlements   2  devField mean 0.093  farming 1.2%   lat -35..77
      comp 247  11680 tiles  settlements   0  devField mean 0.000  farming 0.0%   lat -89..-63
      comp   0   6469 tiles  settlements   0  devField mean 0.005  farming 0.2%   lat 8..84
      comp 150   2707 tiles  settlements   0  devField mean 0.029  farming 0.3%   lat -56..11
      comp 214   1198 tiles  settlements   0  devField mean 0.000  farming 0.0%   lat -39..-11
      comp 173    104 tiles  settlements   0  devField mean 0.000  farming 0.0%   lat -10..-1
      comp 217     88 tiles  settlements   0  devField mean 0.000  farming 0.0%   lat -26..-13
      comp 159     86 tiles  settlements   0  devField mean 0.000  farming 0.0%   lat -3..7
      landmasses with NO settlement: 251 comps, 23411 tiles (60.4% of land)
  C the two layers:
      settlement agriculture  p10 0.493  p50 0.496  max 0.496
      devField max 0.496
      ORPHANED technique — land with devField > 0 and NO settlement within 20 tiles: 6352 (77.5% of nonzero land)
      land whose devField EXCEEDS every settlement in horizon by >0.05: 0 (0.0% of market-covered land)
  D since last checkpoint: settlements that FORGOT agriculture: 2/2 (max drop 0.005)
      devField tiles that FELL: 36   (the land forgets: T.IDEA_FIELD)
  E diffusion contact (mergeReach, road+sea): p10 0  p50 0  p90 0  max 0
      settlements with ZERO partners (learn from nobody): 2 (100.0%)
  F knowledge tracks across settlements (p10 / p50 / p90):
      agriculture   0.493 / 0.496 / 0.496   spread 0.002
      construction  0.176 / 0.178 / 0.178   spread 0.002
      organization  0.125 / 0.131 / 0.131   spread 0.006
      metallurgy    0.000 / 0.000 / 0.000   spread 0.000
      navigation    0.007 / 0.007 / 0.007   spread 0.000
      mobility      0.000 / 0.007 / 0.007   spread 0.007

═══ step 2000 — 2 settlements, 2 realms
  P field pop 0.89M (field units)   census Σs.people 179 sim-units
  A devField over 38741 land tiles:
      exactly 0.000 : 30298 (78.2%)   nonzero: 8443 (21.8%)
      >= 0.45 (farming): 257 (0.7%)
      p50 0.000  p90 0.173  max 0.497
  B land components >= 50 tiles (11 of 252):
      comp  19  15330 tiles  settlements   2  devField mean 0.095  farming 1.6%   lat -35..77
      comp 247  11680 tiles  settlements   0  devField mean 0.000  farming 0.0%   lat -89..-63
      comp   0   6469 tiles  settlements   0  devField mean 0.006  farming 0.1%   lat 8..84
      comp 150   2707 tiles  settlements   0  devField mean 0.029  farming 0.0%   lat -56..11
      comp 214   1198 tiles  settlements   0  devField mean 0.000  farming 0.0%   lat -39..-11
      comp 173    104 tiles  settlements   0  devField mean 0.000  farming 0.0%   lat -10..-1
      comp 217     88 tiles  settlements   0  devField mean 0.000  farming 0.0%   lat -26..-13
      comp 159     86 tiles  settlements   0  devField mean 0.000  farming 0.0%   lat -3..7
      landmasses with NO settlement: 251 comps, 23411 tiles (60.4% of land)
  C the two layers:
      settlement agriculture  p10 0.495  p50 0.498  max 0.498
      devField max 0.497
      ORPHANED technique — land with devField > 0 and NO settlement within 20 tiles: 6602 (78.2% of nonzero land)
      land whose devField EXCEEDS every settlement in horizon by >0.05: 0 (0.0% of market-covered land)
  D since last checkpoint: settlements that FORGOT agriculture: 0/2 (max drop 0.000)
      devField tiles that FELL: 224   (the land forgets: T.IDEA_FIELD)
  E diffusion contact (mergeReach, road+sea): p10 0  p50 0  p90 0  max 0
      settlements with ZERO partners (learn from nobody): 2 (100.0%)
  F knowledge tracks across settlements (p10 / p50 / p90):
      agriculture   0.495 / 0.498 / 0.498   spread 0.003
      construction  0.180 / 0.182 / 0.182   spread 0.002
      organization  0.132 / 0.153 / 0.153   spread 0.021
      metallurgy    0.000 / 0.009 / 0.009   spread 0.009
      navigation    0.017 / 0.019 / 0.019   spread 0.002
      mobility      0.008 / 0.019 / 0.019   spread 0.011

═══ step 6000 — 3 settlements, 2 realms
  P field pop 1.68M (field units)   census Σs.people 604 sim-units
  A devField over 38741 land tiles:
      exactly 0.000 : 29761 (76.8%)   nonzero: 8980 (23.2%)
      >= 0.45 (farming): 354 (0.9%)
      p50 0.000  p90 0.179  max 0.508
  B land components >= 50 tiles (11 of 252):
      comp  19  15330 tiles  settlements   3  devField mean 0.100  farming 2.3%   lat -35..77
      comp 247  11680 tiles  settlements   0  devField mean 0.000  farming 0.0%   lat -89..-63
      comp   0   6469 tiles  settlements   0  devField mean 0.006  farming 0.1%   lat 8..84
      comp 150   2707 tiles  settlements   0  devField mean 0.023  farming 0.0%   lat -56..11
      comp 214   1198 tiles  settlements   0  devField mean 0.000  farming 0.0%   lat -39..-11
      comp 173    104 tiles  settlements   0  devField mean 0.000  farming 0.0%   lat -10..-1
      comp 217     88 tiles  settlements   0  devField mean 0.000  farming 0.0%   lat -26..-13
      comp 159     86 tiles  settlements   0  devField mean 0.000  farming 0.0%   lat -3..7
      landmasses with NO settlement: 251 comps, 23411 tiles (60.4% of land)
  C the two layers:
      settlement agriculture  p10 0.504  p50 0.505  max 0.508
      devField max 0.508
      ORPHANED technique — land with devField > 0 and NO settlement within 20 tiles: 6028 (67.1% of nonzero land)
      land whose devField EXCEEDS every settlement in horizon by >0.05: 0 (0.0% of market-covered land)
  D since last checkpoint: settlements that FORGOT agriculture: 0/3 (max drop 0.000)
      devField tiles that FELL: 2466   (the land forgets: T.IDEA_FIELD)
  E diffusion contact (mergeReach, road+sea): p10 0  p50 0  p90 0  max 0
      settlements with ZERO partners (learn from nobody): 3 (100.0%)
  F knowledge tracks across settlements (p10 / p50 / p90):
      agriculture   0.504 / 0.505 / 0.508   spread 0.004
      construction  0.199 / 0.203 / 0.203   spread 0.004
      organization  0.135 / 0.281 / 0.289   spread 0.154
      metallurgy    0.000 / 0.048 / 0.051   spread 0.051
      navigation    0.065 / 0.065 / 0.066   spread 0.001
      mobility      0.045 / 0.047 / 0.071   spread 0.027

  G one max-wave pass over 38741 land tiles: 0.432 ms  →  10 idea fields at every tick = 4.3 ms/tick; at a 1-in-8 cadence = 0.54 ms/tick
