[harness] tree 75a3d421
[SIM_TUNE] {"IDEA_FIELD":1}
[peopleSim] hearth pin Nile picked at tile (138,40) (27.0E 30.0N) — maturity deferred to the stagger law
[peopleSim] hearth pin Mesopotamia picked at tile (149,38) (43.5E 33.0N) — maturity deferred to the stagger law
[peopleSim] hearth pin Indus picked at tile (167,41) (70.5E 28.5N) — maturity deferred to the stagger law
[peopleSim] hearth pin Yellow River picked at tile (196,36) (114.0E 36.0N) — maturity deferred to the stagger law
[peopleSim] hearth Ňěňní at (138,40) (27.0E 30.0N) score 5.41 pkg=wheat(suit 0.78) — matured 1151y into prehistory (wave age 4849y)
[peopleSim] hearth Pephamdo at (149,38) (43.5E 33.0N) score 6.29 pkg=wheat(suit 1.00) — matured 900y into prehistory (wave age 5100y)
[peopleSim] hearth Pomponsom at (167,41) (70.5E 28.5N) score 6.30 pkg=wheat(suit 0.97) — matured 929y into prehistory (wave age 5071y)
[peopleSim] hearth Fevvon at (196,36) (114.0E 36.0N) score 4.55 pkg=rice(suit 0.79) — matured 3173y into prehistory (wave age 2827y)
[peopleSim] hearth Nawaxexi at (56,49) (-96.0E 16.5N) score 1.89 pkg=maize(suit 0.84) — matured 5373y into prehistory (wave age 627y)
[peopleSim] hearth Sasfesu at (111,53) (-13.5E 10.5N) score 1.69 pkg=sorghum(suit 0.62) — matured 3251y into prehistory (wave age 2749y)
[peopleSim] hearth Wityim at (136,72) (24.0E -18.0N) score 1.13 pkg=sorghum(suit 0.56) — matured 3544y into prehistory (wave age 2456y)
[peopleSim] hearth candidate at (77,72) (-64.5E -18.0N) score 0.68 pkg=tubers(suit 0.44) — ARMED: ~790y of peopled-basin time from maturity
[peopleSim] hearth candidate at (31,23) (-133.5E 55.5N) score 0.50 pkg=maize(suit 0.18) — ARMED: ~18458y of peopled-basin time from maturity
[peopleSim] hearth candidate at (117,23) (-4.5E 55.5N) score 0.50 pkg=wheat(suit 0.12) — ARMED: ~7000y of peopled-basin time from maturity
probe_ideas — W=480 (tw=240) seed=8817 steps=6000, horizon=10 tiles, 9616 land tiles in 118 components

═══ step 0 — 7 settlements, 0 realms
  (no devField yet)
[popField] worker pool engaged: 4 bands
[transHeap] step=24 cap=1024 peakN=1010 pushes=5815 (0.0MB backing)

═══ step 200 — 5 settlements, 5 realms
  P field pop 0.55M (field units)   census Σs.people 70 sim-units
  A devField over 9616 land tiles:
      exactly 0.000 : 7909 (82.2%)   nonzero: 1707 (17.8%)
      >= 0.45 (farming): 44 (0.5%)
      p50 0.000  p90 0.174  max 0.500
  B land components >= 50 tiles (5 of 118):
      comp  12   3823 tiles  settlements   5  devField mean 0.085  farming 1.1%   lat -35..77
      comp 116   2855 tiles  settlements   0  devField mean 0.000  farming 0.0%   lat -89..-65
      comp   0   1592 tiles  settlements   0  devField mean 0.002  farming 0.1%   lat 17..84
      comp  67    676 tiles  settlements   0  devField mean 0.000  farming 0.0%   lat -56..12
      comp  98    297 tiles  settlements   0  devField mean 0.000  farming 0.0%   lat -38..-12
      landmasses with NO settlement: 117 comps, 5793 tiles (60.2% of land)
  C the two layers:
      settlement agriculture  p10 0.498  p50 0.499  max 0.499
      devField max 0.500
      ORPHANED technique — land with devField > 0 and NO settlement within 10 tiles: 646 (37.8% of nonzero land)
      land whose devField EXCEEDS every settlement in horizon by >0.05: 0 (0.0% of market-covered land)
  E diffusion contact (mergeReach, road+sea): p10 0  p50 0  p90 0  max 0
      settlements with ZERO partners (learn from nobody): 5 (100.0%)
  F knowledge tracks across settlements (p10 / p50 / p90):
      agriculture   0.498 / 0.499 / 0.499   spread 0.000
      construction  0.179 / 0.179 / 0.179   spread 0.000
      organization  0.104 / 0.124 / 0.134   spread 0.030
      metallurgy    0.000 / 0.000 / 0.000   spread 0.000
      navigation    0.001 / 0.001 / 0.001   spread 0.000
      mobility      0.000 / 0.000 / 0.002   spread 0.002

═══ step 1000 — 5 settlements, 5 realms
  P field pop 0.69M (field units)   census Σs.people 287 sim-units
  A devField over 9616 land tiles:
      exactly 0.000 : 7887 (82.0%)   nonzero: 1729 (18.0%)
      >= 0.45 (farming): 124 (1.3%)
      p50 0.000  p90 0.174  max 0.500
  B land components >= 50 tiles (5 of 118):
      comp  12   3823 tiles  settlements   5  devField mean 0.089  farming 3.2%   lat -35..77
      comp 116   2855 tiles  settlements   0  devField mean 0.000  farming 0.0%   lat -89..-65
      comp   0   1592 tiles  settlements   0  devField mean 0.003  farming 0.1%   lat 17..84
      comp  67    676 tiles  settlements   0  devField mean 0.000  farming 0.0%   lat -56..12
      comp  98    297 tiles  settlements   0  devField mean 0.000  farming 0.0%   lat -38..-12
      landmasses with NO settlement: 117 comps, 5793 tiles (60.2% of land)
  C the two layers:
      settlement agriculture  p10 0.496  p50 0.497  max 0.501
      devField max 0.500
      ORPHANED technique — land with devField > 0 and NO settlement within 10 tiles: 668 (38.6% of nonzero land)
      land whose devField EXCEEDS every settlement in horizon by >0.05: 0 (0.0% of market-covered land)
  D since last checkpoint: settlements that FORGOT agriculture: 4/5 (max drop 0.003)
      devField tiles that FELL: 7   (the land forgets: T.IDEA_FIELD)
  E diffusion contact (mergeReach, road+sea): p10 0  p50 0  p90 1  max 1
      settlements with ZERO partners (learn from nobody): 3 (60.0%)
  F knowledge tracks across settlements (p10 / p50 / p90):
      agriculture   0.496 / 0.497 / 0.501   spread 0.005
      construction  0.178 / 0.180 / 0.184   spread 0.006
      organization  0.100 / 0.134 / 0.157   spread 0.057
      metallurgy    0.000 / 0.007 / 0.009   spread 0.009
      navigation    0.007 / 0.009 / 0.011   spread 0.005
      mobility      0.000 / 0.008 / 0.013   spread 0.013

═══ step 2000 — 3 settlements, 3 realms
  P field pop 0.91M (field units)   census Σs.people 430 sim-units
  A devField over 9616 land tiles:
      exactly 0.000 : 7865 (81.8%)   nonzero: 1751 (18.2%)
      >= 0.45 (farming): 221 (2.3%)
      p50 0.000  p90 0.177  max 0.503
  B land components >= 50 tiles (5 of 118):
      comp  12   3823 tiles  settlements   3  devField mean 0.095  farming 5.8%   lat -35..77
      comp 116   2855 tiles  settlements   0  devField mean 0.000  farming 0.0%   lat -89..-65
      comp   0   1592 tiles  settlements   0  devField mean 0.003  farming 0.0%   lat 17..84
      comp  67    676 tiles  settlements   0  devField mean 0.000  farming 0.0%   lat -56..12
      comp  98    297 tiles  settlements   0  devField mean 0.000  farming 0.0%   lat -38..-12
      landmasses with NO settlement: 117 comps, 5793 tiles (60.2% of land)
  C the two layers:
      settlement agriculture  p10 0.497  p50 0.500  max 0.508
      devField max 0.503
      ORPHANED technique — land with devField > 0 and NO settlement within 10 tiles: 1049 (59.9% of nonzero land)
      land whose devField EXCEEDS every settlement in horizon by >0.05: 0 (0.0% of market-covered land)
  D since last checkpoint: settlements that FORGOT agriculture: 0/3 (max drop 0.000)
      devField tiles that FELL: 43   (the land forgets: T.IDEA_FIELD)
  E diffusion contact (mergeReach, road+sea): p10 0  p50 0  p90 0  max 0
      settlements with ZERO partners (learn from nobody): 3 (100.0%)
  F knowledge tracks across settlements (p10 / p50 / p90):
      agriculture   0.497 / 0.500 / 0.508   spread 0.010
      construction  0.184 / 0.185 / 0.193   spread 0.009
      organization  0.114 / 0.144 / 0.194   spread 0.080
      metallurgy    0.000 / 0.019 / 0.023   spread 0.023
      navigation    0.015 / 0.019 / 0.026   spread 0.010
      mobility      0.000 / 0.025 / 0.033   spread 0.033

═══ step 6000 — 3 settlements, 3 realms
  P field pop 2.07M (field units)   census Σs.people 1268 sim-units
  A devField over 9616 land tiles:
      exactly 0.000 : 7717 (80.3%)   nonzero: 1899 (19.7%)
      >= 0.45 (farming): 261 (2.7%)
      p50 0.000  p90 0.272  max 0.535
  B land components >= 50 tiles (5 of 118):
      comp  12   3823 tiles  settlements   3  devField mean 0.130  farming 6.8%   lat -35..77
      comp 116   2855 tiles  settlements   0  devField mean 0.000  farming 0.0%   lat -89..-65
      comp   0   1592 tiles  settlements   0  devField mean 0.002  farming 0.0%   lat 17..84
      comp  67    676 tiles  settlements   0  devField mean 0.000  farming 0.0%   lat -56..12
      comp  98    297 tiles  settlements   0  devField mean 0.000  farming 0.0%   lat -38..-12
      landmasses with NO settlement: 117 comps, 5793 tiles (60.2% of land)
  C the two layers:
      settlement agriculture  p10 0.505  p50 0.511  max 0.540
      devField max 0.535
      ORPHANED technique — land with devField > 0 and NO settlement within 10 tiles: 1190 (62.7% of nonzero land)
      land whose devField EXCEEDS every settlement in horizon by >0.05: 0 (0.0% of market-covered land)
  D since last checkpoint: settlements that FORGOT agriculture: 0/3 (max drop 0.000)
      devField tiles that FELL: 169   (the land forgets: T.IDEA_FIELD)
  E diffusion contact (mergeReach, road+sea): p10 0  p50 0  p90 0  max 0
      settlements with ZERO partners (learn from nobody): 3 (100.0%)
  F knowledge tracks across settlements (p10 / p50 / p90):
      agriculture   0.505 / 0.511 / 0.540   spread 0.035
      construction  0.205 / 0.208 / 0.233   spread 0.028
      organization  0.115 / 0.186 / 0.359   spread 0.244
      metallurgy    0.000 / 0.058 / 0.079   spread 0.079
      navigation    0.054 / 0.059 / 0.084   spread 0.030
      mobility      0.000 / 0.089 / 0.114   spread 0.114

  G one max-wave pass over 9616 land tiles: 0.199 ms  →  10 idea fields at every tick = 2.0 ms/tick; at a 1-in-8 cadence = 0.25 ms/tick
