[harness] tree 6f0282c
[SIM_TUNE] {"DAWN_LIVE":1,"STATE_RECORDS":1,"LAND_KNOW":1,"PEER_SEATS":1,"FOUND_DRIFT":1,"ABSORB_ORG_ERA":1,"TRIBUTE_UP":0.33,"ENGULF":8,"FEAR_REACH":1,"WAR_FINISH":1,"SMALL_WAR":8,"RELIEF_REACH":1,"EXCH_WAVE":3,"TECH_USE":1,"VASSAL_LEVY":0.5,"DISSOLVE_CORE":1,"SETT_STRIDE":3,"TRADE_STRIDE":5,"POP_FIELD_WORKERS":0,"MINING_RATE":5.0000001}
[peopleSim] hearth pin Nile picked at tile (277,80) (27.7E 30.0N) — maturity deferred to the stagger law
[peopleSim] hearth pin Mesopotamia picked at tile (298,76) (43.5E 33.0N) — maturity deferred to the stagger law
[peopleSim] hearth pin Indus picked at tile (333,81) (69.8E 29.2N) — maturity deferred to the stagger law
[peopleSim] hearth pin Yellow River picked at tile (387,72) (110.3E 36.0N) — maturity deferred to the stagger law
[peopleSim] hearth candidate at (277,80) (27.7E 30.0N) score 6.74 pkg=wheat(suit 0.94) — ARMED: ~962y of peopled-basin time from maturity
[peopleSim] hearth candidate at (298,76) (43.5E 33.0N) score 6.51 pkg=wheat(suit 1.00) — ARMED: ~903y of peopled-basin time from maturity
[peopleSim] hearth candidate at (333,81) (69.8E 29.2N) score 7.79 pkg=wheat(suit 1.00) — ARMED: ~900y of peopled-basin time from maturity
[peopleSim] hearth candidate at (387,72) (110.3E 36.0N) score 3.54 pkg=millet(suit 0.54) — ARMED: ~2754y of peopled-basin time from maturity
[peopleSim] hearth candidate at (230,99) (-7.5E 15.8N) score 3.07 pkg=sorghum(suit 0.65) — ARMED: ~3077y of peopled-basin time from maturity
[peopleSim] hearth candidate at (115,99) (-93.8E 15.8N) score 1.97 pkg=maize(suit 0.86) — ARMED: ~5245y of peopled-basin time from maturity
[peopleSim] hearth candidate at (140,140) (-75.0E -15.0N) score 1.05 pkg=tubers(suit 0.75) — ARMED: ~3996y of peopled-basin time from maturity
[peopleSim] hearth candidate at (278,142) (28.5E -16.5N) score 0.81 pkg=tubers(suit 0.39) — ARMED: ~7649y of peopled-basin time from maturity
[peopleSim] hearth candidate at (247,40) (5.2E 60.0N) score 0.50 — ARMED: ~13000y of peopled-basin time from maturity
[peopleSim] hearth candidate at (25,41) (-161.3E 59.3N) score 0.50 — ARMED: ~13000y of peopled-basin time from maturity
[milbalance] W=960 seed=8817 steps=40000 every=4000
[milbalance] MACHINE columns: lo hi realms claimed% founded ended seceded shattered warBegan captured urbanSU ruralSU blockRan% bind%
[transHeap] step=24 cap=1024 peakN=0 pushes=0 (0.0MB backing)

=== window 0->4000  realms=0  claimed=0.0%  settled=0
    FLOWS in-window   founded=0 ended=0 seceded=0 shattered=0
    FLOWS per realm   founded=0.0000 ended=0.0000 seceded=0.0000 shattered=0.0000   (meanRealms=1)
    WAR in-window     began=0 ended=0 captured=0 sacked=0
    WAR per realm     began=0.0000 captured=0.0000
    MASS  urban=0su rural=0su urbanShare=0.00%
    ARMING  blockRan=0.0%  bind=0.0%  [CORE_LOCAL=0 LAND_KNOW=1]
    !! ARMING FAILED: the urban-core block executed for NO settlement. This arm measured nothing about CORE_LOCAL, whatever else it printed.
    MACHINE 0 4000 0 0.000 0 0 0 0 0 0 0 0 0.00 0.00
    [55s]
[peopleSim] AGRICULTURE INVENTED at (333,81) (69.8E 29.2N) — the basin farms; a city will rise when its market gathers one (score 7.79)
[peopleSim] AGRICULTURE INVENTED at (277,80) (27.7E 30.0N) — the basin farms; a city will rise when its market gathers one (score 6.74)
[peopleSim] AGRICULTURE INVENTED at (298,76) (43.5E 33.0N) — the basin farms; a city will rise when its market gathers one (score 6.51)

=== window 4000->8000  realms=0  claimed=0.0%  settled=0
    FLOWS in-window   founded=0 ended=0 seceded=0 shattered=0
    FLOWS per realm   founded=0.0000 ended=0.0000 seceded=0.0000 shattered=0.0000   (meanRealms=1)
    WAR in-window     began=0 ended=0 captured=0 sacked=0
    WAR per realm     began=0.0000 captured=0.0000
    MASS  urban=0su rural=0su urbanShare=0.00%
    ARMING  blockRan=0.0%  bind=0.0%  [CORE_LOCAL=0 LAND_KNOW=1]
    !! ARMING FAILED: the urban-core block executed for NO settlement. This arm measured nothing about CORE_LOCAL, whatever else it printed.
    MACHINE 4000 8000 0 0.000 0 0 0 0 0 0 0 0 0.00 0.00
    [109s]

=== window 8000->12000  realms=0  claimed=0.0%  settled=0
    FLOWS in-window   founded=0 ended=0 seceded=0 shattered=0
    FLOWS per realm   founded=0.0000 ended=0.0000 seceded=0.0000 shattered=0.0000   (meanRealms=1)
    WAR in-window     began=0 ended=0 captured=0 sacked=0
    WAR per realm     began=0.0000 captured=0.0000
    MASS  urban=0su rural=0su urbanShare=0.00%
    ARMING  blockRan=0.0%  bind=0.0%  [CORE_LOCAL=0 LAND_KNOW=1]
    !! ARMING FAILED: the urban-core block executed for NO settlement. This arm measured nothing about CORE_LOCAL, whatever else it printed.
    MACHINE 8000 12000 0 0.000 0 0 0 0 0 0 0 0 0.00 0.00
    [156s]

=== window 12000->16000  realms=0  claimed=0.0%  settled=0
    FLOWS in-window   founded=0 ended=0 seceded=0 shattered=0
    FLOWS per realm   founded=0.0000 ended=0.0000 seceded=0.0000 shattered=0.0000   (meanRealms=1)
    WAR in-window     began=0 ended=0 captured=0 sacked=0
    WAR per realm     began=0.0000 captured=0.0000
    MASS  urban=0su rural=0su urbanShare=0.00%
    ARMING  blockRan=0.0%  bind=0.0%  [CORE_LOCAL=0 LAND_KNOW=1]
    !! ARMING FAILED: the urban-core block executed for NO settlement. This arm measured nothing about CORE_LOCAL, whatever else it printed.
    MACHINE 12000 16000 0 0.000 0 0 0 0 0 0 0 0 0.00 0.00
    [201s]
[peopleSim] AGRICULTURE INVENTED at (387,72) (110.3E 36.0N) — the basin farms; a city will rise when its market gathers one (score 3.54)
[peopleSim] AGRICULTURE INVENTED at (230,99) (-7.5E 15.8N) — the basin farms; a city will rise when its market gathers one (score 3.07)

=== window 16000->20000  realms=0  claimed=0.0%  settled=0
    FLOWS in-window   founded=0 ended=0 seceded=0 shattered=0
    FLOWS per realm   founded=0.0000 ended=0.0000 seceded=0.0000 shattered=0.0000   (meanRealms=1)
    WAR in-window     began=0 ended=0 captured=0 sacked=0
    WAR per realm     began=0.0000 captured=0.0000
    MASS  urban=0su rural=0su urbanShare=0.00%
    ARMING  blockRan=0.0%  bind=0.0%  [CORE_LOCAL=0 LAND_KNOW=1]
    !! ARMING FAILED: the urban-core block executed for NO settlement. This arm measured nothing about CORE_LOCAL, whatever else it printed.
    MACHINE 16000 20000 0 0.000 0 0 0 0 0 0 0 0 0.00 0.00
    [250s]
[transHeap] step=21192 cap=2048 peakN=1635 pushes=25690 (0.0MB backing)
[transHeap] step=21696 cap=65536 peakN=62312 pushes=174291 (0.5MB backing)
[peopleSim] AGRICULTURE INVENTED at (140,140) (-75.0E -15.0N) — the basin farms; a city will rise when its market gathers one (score 1.05)
[peopleSim] hearth candidate at (278,142) (28.5E -16.5N) stood down — the farming package arrived before it was invented

=== window 20000->24000  realms=6  claimed=0.5%  settled=131
    FLOWS in-window   founded=11 ended=0 seceded=0 shattered=0
    FLOWS per realm   founded=3.6667 ended=0.0000 seceded=0.0000 shattered=0.0000   (meanRealms=3)
    WAR in-window     began=3 ended=0 captured=0 sacked=0
    WAR per realm     began=1.0000 captured=0.0000
    MASS  urban=1193su rural=107068su urbanShare=1.10%
    ARMING  blockRan=73.3%  bind=0.0%  [CORE_LOCAL=0 LAND_KNOW=1]
    MACHINE 20000 24000 6 0.501 11 0 0 0 3 0 1193 107068 73.28 0.00
    [360s]
[peopleSim] hearth candidate at (247,40) (5.2E 60.0N) stood down — the farming package arrived before it was invented

=== window 24000->28000  realms=231  claimed=8.1%  settled=485
    FLOWS in-window   founded=42 ended=41 seceded=128 shattered=9
    FLOWS per realm   founded=0.3544 ended=0.3460 seceded=1.0802 shattered=0.0759   (meanRealms=119)
    WAR in-window     began=2248 ended=2092 captured=0 sacked=5
    WAR per realm     began=18.9705 captured=0.0000
    MASS  urban=5785su rural=231322su urbanShare=2.44%
    ARMING  blockRan=83.3%  bind=0.0%  [CORE_LOCAL=0 LAND_KNOW=1]
    MACHINE 24000 28000 231 8.097 42 41 128 9 2248 0 5785 231322 83.30 0.00
    [718s]
[peopleSim] AGRICULTURE INVENTED at (115,99) (-93.8E 15.8N) — the basin farms; a city will rise when its market gathers one (score 1.97)

=== window 28000->32000  realms=553  claimed=19.1%  settled=833
    FLOWS in-window   founded=80 ended=162 seceded=202 shattered=16
    FLOWS per realm   founded=0.2041 ended=0.4133 seceded=0.5153 shattered=0.0408   (meanRealms=392)
    WAR in-window     began=7206 ended=6846 captured=0 sacked=18
    WAR per realm     began=18.3827 captured=0.0000
    MASS  urban=14385su rural=348542su urbanShare=3.96%
    ARMING  blockRan=83.7%  bind=0.0%  [CORE_LOCAL=0 LAND_KNOW=1]
    MACHINE 28000 32000 553 19.106 80 162 202 16 7206 0 14385 348542 83.67 0.00
    [1516s]

=== window 32000->36000  realms=803  claimed=33.1%  settled=1124
    FLOWS in-window   founded=73 ended=168 seceded=220 shattered=12
    FLOWS per realm   founded=0.1077 ended=0.2478 seceded=0.3245 shattered=0.0177   (meanRealms=678)
    WAR in-window     began=9855 ended=9502 captured=0 sacked=12
    WAR per realm     began=14.5354 captured=0.0000
    MASS  urban=19583su rural=438153su urbanShare=4.28%
    ARMING  blockRan=84.9%  bind=0.0%  [CORE_LOCAL=0 LAND_KNOW=1]
    MACHINE 32000 36000 803 33.058 73 168 220 12 9855 0 19583 438153 84.88 0.00
    [2835s]
[peopleSim] hearth candidate at (25,41) (-161.3E 59.3N) stood down — the farming package arrived before it was invented
