[harness] tree 6f0282c
[SIM_TUNE] {"DAWN_LIVE":1,"STATE_RECORDS":1,"LAND_KNOW":1,"PEER_SEATS":1,"FOUND_DRIFT":1,"ABSORB_ORG_ERA":1,"TRIBUTE_UP":0.33,"ENGULF":8,"FEAR_REACH":1,"WAR_FINISH":1,"SMALL_WAR":8,"RELIEF_REACH":1,"EXCH_WAVE":3,"TECH_USE":1,"VASSAL_LEVY":0.5,"DISSOLVE_CORE":1,"SETT_STRIDE":3,"TRADE_STRIDE":5,"POP_FIELD_WORKERS":0,"MINING_RATE":4.9999999}
[peopleSim] hearth pin Nile picked at tile (277,80) (27.7E 30.0N) — maturity deferred to the stagger law
[peopleSim] hearth pin Mesopotamia picked at tile (298,76) (43.5E 33.0N) — maturity deferred to the stagger law
[peopleSim] hearth pin Indus picked at tile (333,81) (69.8E 29.2N) — maturity deferred to the stagger law
[peopleSim] hearth pin Yellow River picked at tile (387,72) (110.3E 36.0N) — maturity deferred to the stagger law
[peopleSim] hearth candidate at (277,80) (27.7E 30.0N) score 6.74 pkg=wheat(suit 0.94) — ARMED: ~962y of peopled-basin time from maturity
[peopleSim] hearth candidate at (298,76) (43.5E 33.0N) score 6.51 pkg=wheat(suit 1.00) — ARMED: ~903y of peopled-basin time from maturity
[peopleSim] hearth candidate at (333,81) (69.8E 29.2N) score 7.79 pkg=wheat(suit 1.00) — ARMED: ~900y of peopled-basin time from maturity
[peopleSim] hearth candidate at (387,72) (110.3E 36.0N) score 3.54 pkg=millet(suit 0.54) — ARMED: ~2754y of peopled-basin time from maturity
[peopleSim] hearth candidate at (230,99) (-7.5E 15.8N) score 3.07 pkg=sorghum(suit 0.65) — ARMED: ~3077y of peopled-basin time from maturity
[peopleSim] hearth candidate at (115,99) (-93.8E 15.8N) score 1.97 pkg=maize(suit 0.86) — ARMED: ~5245y of peopled-basin time from maturity
[peopleSim] hearth candidate at (140,140) (-75.0E -15.0N) score 1.05 pkg=tubers(suit 0.75) — ARMED: ~3996y of peopled-basin time from maturity
[peopleSim] hearth candidate at (278,142) (28.5E -16.5N) score 0.81 pkg=tubers(suit 0.39) — ARMED: ~7649y of peopled-basin time from maturity
[peopleSim] hearth candidate at (247,40) (5.2E 60.0N) score 0.50 — ARMED: ~13000y of peopled-basin time from maturity
[peopleSim] hearth candidate at (25,41) (-161.3E 59.3N) score 0.50 — ARMED: ~13000y of peopled-basin time from maturity
[milbalance] W=960 seed=8817 steps=40000 every=4000
[milbalance] MACHINE columns: lo hi realms claimed% founded ended seceded shattered warBegan captured urbanSU ruralSU blockRan% bind%
[transHeap] step=24 cap=1024 peakN=0 pushes=0 (0.0MB backing)

=== window 0->4000  realms=0  claimed=0.0%  settled=0
    FLOWS in-window   founded=0 ended=0 seceded=0 shattered=0
    FLOWS per realm   founded=0.0000 ended=0.0000 seceded=0.0000 shattered=0.0000   (meanRealms=1)
    WAR in-window     began=0 ended=0 captured=0 sacked=0
    WAR per realm     began=0.0000 captured=0.0000
    MASS  urban=0su rural=0su urbanShare=0.00%
    ARMING  blockRan=0.0%  bind=0.0%  [CORE_LOCAL=0 LAND_KNOW=1]
    !! ARMING FAILED: the urban-core block executed for NO settlement. This arm measured nothing about CORE_LOCAL, whatever else it printed.
    MACHINE 0 4000 0 0.000 0 0 0 0 0 0 0 0 0.00 0.00
    [49s]
[peopleSim] AGRICULTURE INVENTED at (333,81) (69.8E 29.2N) — the basin farms; a city will rise when its market gathers one (score 7.79)
[peopleSim] AGRICULTURE INVENTED at (277,80) (27.7E 30.0N) — the basin farms; a city will rise when its market gathers one (score 6.74)
[peopleSim] AGRICULTURE INVENTED at (298,76) (43.5E 33.0N) — the basin farms; a city will rise when its market gathers one (score 6.51)

=== window 4000->8000  realms=0  claimed=0.0%  settled=0
    FLOWS in-window   founded=0 ended=0 seceded=0 shattered=0
    FLOWS per realm   founded=0.0000 ended=0.0000 seceded=0.0000 shattered=0.0000   (meanRealms=1)
    WAR in-window     began=0 ended=0 captured=0 sacked=0
    WAR per realm     began=0.0000 captured=0.0000
    MASS  urban=0su rural=0su urbanShare=0.00%
    ARMING  blockRan=0.0%  bind=0.0%  [CORE_LOCAL=0 LAND_KNOW=1]
    !! ARMING FAILED: the urban-core block executed for NO settlement. This arm measured nothing about CORE_LOCAL, whatever else it printed.
    MACHINE 4000 8000 0 0.000 0 0 0 0 0 0 0 0 0.00 0.00
    [106s]

=== window 8000->12000  realms=0  claimed=0.0%  settled=0
    FLOWS in-window   founded=0 ended=0 seceded=0 shattered=0
    FLOWS per realm   founded=0.0000 ended=0.0000 seceded=0.0000 shattered=0.0000   (meanRealms=1)
    WAR in-window     began=0 ended=0 captured=0 sacked=0
    WAR per realm     began=0.0000 captured=0.0000
    MASS  urban=0su rural=0su urbanShare=0.00%
    ARMING  blockRan=0.0%  bind=0.0%  [CORE_LOCAL=0 LAND_KNOW=1]
    !! ARMING FAILED: the urban-core block executed for NO settlement. This arm measured nothing about CORE_LOCAL, whatever else it printed.
    MACHINE 8000 12000 0 0.000 0 0 0 0 0 0 0 0 0.00 0.00
    [154s]

=== window 12000->16000  realms=0  claimed=0.0%  settled=0
    FLOWS in-window   founded=0 ended=0 seceded=0 shattered=0
    FLOWS per realm   founded=0.0000 ended=0.0000 seceded=0.0000 shattered=0.0000   (meanRealms=1)
    WAR in-window     began=0 ended=0 captured=0 sacked=0
    WAR per realm     began=0.0000 captured=0.0000
    MASS  urban=0su rural=0su urbanShare=0.00%
    ARMING  blockRan=0.0%  bind=0.0%  [CORE_LOCAL=0 LAND_KNOW=1]
    !! ARMING FAILED: the urban-core block executed for NO settlement. This arm measured nothing about CORE_LOCAL, whatever else it printed.
    MACHINE 12000 16000 0 0.000 0 0 0 0 0 0 0 0 0.00 0.00
    [200s]
[peopleSim] AGRICULTURE INVENTED at (387,72) (110.3E 36.0N) — the basin farms; a city will rise when its market gathers one (score 3.54)
[peopleSim] AGRICULTURE INVENTED at (230,99) (-7.5E 15.8N) — the basin farms; a city will rise when its market gathers one (score 3.07)

=== window 16000->20000  realms=0  claimed=0.0%  settled=0
    FLOWS in-window   founded=0 ended=0 seceded=0 shattered=0
    FLOWS per realm   founded=0.0000 ended=0.0000 seceded=0.0000 shattered=0.0000   (meanRealms=1)
    WAR in-window     began=0 ended=0 captured=0 sacked=0
    WAR per realm     began=0.0000 captured=0.0000
    MASS  urban=0su rural=0su urbanShare=0.00%
    ARMING  blockRan=0.0%  bind=0.0%  [CORE_LOCAL=0 LAND_KNOW=1]
    !! ARMING FAILED: the urban-core block executed for NO settlement. This arm measured nothing about CORE_LOCAL, whatever else it printed.
    MACHINE 16000 20000 0 0.000 0 0 0 0 0 0 0 0 0.00 0.00
    [248s]
[transHeap] step=21192 cap=2048 peakN=1635 pushes=25690 (0.0MB backing)
[transHeap] step=21696 cap=65536 peakN=62312 pushes=174283 (0.5MB backing)
[peopleSim] AGRICULTURE INVENTED at (140,140) (-75.0E -15.0N) — the basin farms; a city will rise when its market gathers one (score 1.05)
[peopleSim] hearth candidate at (278,142) (28.5E -16.5N) stood down — the farming package arrived before it was invented

=== window 20000->24000  realms=6  claimed=0.4%  settled=130
    FLOWS in-window   founded=11 ended=0 seceded=0 shattered=0
    FLOWS per realm   founded=3.6667 ended=0.0000 seceded=0.0000 shattered=0.0000   (meanRealms=3)
    WAR in-window     began=3 ended=1 captured=0 sacked=0
    WAR per realm     began=1.0000 captured=0.0000
    MASS  urban=1192su rural=103567su urbanShare=1.14%
    ARMING  blockRan=74.6%  bind=0.0%  [CORE_LOCAL=0 LAND_KNOW=1]
    MACHINE 20000 24000 6 0.439 11 0 0 0 3 0 1192 103567 74.62 0.00
    [356s]
[peopleSim] hearth candidate at (247,40) (5.2E 60.0N) stood down — the farming package arrived before it was invented

=== window 24000->28000  realms=214  claimed=9.1%  settled=462
    FLOWS in-window   founded=35 ended=43 seceded=99 shattered=9
    FLOWS per realm   founded=0.3182 ended=0.3909 seceded=0.9000 shattered=0.0818   (meanRealms=110)
    WAR in-window     began=2076 ended=1860 captured=0 sacked=9
    WAR per realm     began=18.8727 captured=0.0000
    MASS  urban=5506su rural=229607su urbanShare=2.34%
    ARMING  blockRan=80.5%  bind=0.0%  [CORE_LOCAL=0 LAND_KNOW=1]
    MACHINE 24000 28000 214 9.052 35 43 99 9 2076 0 5506 229607 80.52 0.00
    [723s]
[peopleSim] AGRICULTURE INVENTED at (115,99) (-93.8E 15.8N) — the basin farms; a city will rise when its market gathers one (score 1.97)

=== window 28000->32000  realms=537  claimed=21.0%  settled=855
    FLOWS in-window   founded=79 ended=150 seceded=179 shattered=10
    FLOWS per realm   founded=0.2104 ended=0.3995 seceded=0.4767 shattered=0.0266   (meanRealms=376)
    WAR in-window     began=7161 ended=6704 captured=0 sacked=17
    WAR per realm     began=19.0706 captured=0.0000
    MASS  urban=14301su rural=353700su urbanShare=3.89%
    ARMING  blockRan=83.5%  bind=0.0%  [CORE_LOCAL=0 LAND_KNOW=1]
    MACHINE 28000 32000 537 21.004 79 150 179 10 7161 0 14301 353700 83.51 0.00
    [1523s]
[peopleSim] hearth candidate at (25,41) (-161.3E 59.3N) stood down — the farming package arrived before it was invented

=== window 32000->36000  realms=761  claimed=31.2%  settled=1147
    FLOWS in-window   founded=88 ended=244 seceded=242 shattered=18
    FLOWS per realm   founded=0.1356 ended=0.3760 seceded=0.3729 shattered=0.0277   (meanRealms=649)
    WAR in-window     began=7849 ended=7335 captured=0 sacked=14
    WAR per realm     began=12.0940 captured=0.0000
    MASS  urban=23951su rural=448887su urbanShare=5.07%
    ARMING  blockRan=82.6%  bind=0.0%  [CORE_LOCAL=0 LAND_KNOW=1]
    MACHINE 32000 36000 761 31.207 88 244 242 18 7849 0 23951 448887 82.56 0.00
    [2924s]

=== window 36000->40000  realms=897  claimed=42.9%  settled=1338
    FLOWS in-window   founded=63 ended=259 seceded=297 shattered=14
    FLOWS per realm   founded=0.0760 ended=0.3124 seceded=0.3583 shattered=0.0169   (meanRealms=829)
    WAR in-window     began=9942 ended=9279 captured=0 sacked=11
    WAR per realm     began=11.9928 captured=0.0000
    MASS  urban=31106su rural=487763su urbanShare=5.99%
    ARMING  blockRan=81.4%  bind=0.0%  [CORE_LOCAL=0 LAND_KNOW=1]
    MACHINE 36000 40000 897 42.851 63 259 297 14 9942 0 31106 487763 81.39 0.00
    [5301s]
