[harness] tree f31ae66
[SIM_TUNE] {"DAWN_LIVE":1,"STATE_RECORDS":1,"LAND_KNOW":1,"PEER_SEATS":1,"FOUND_DRIFT":1,"ABSORB_ORG_ERA":1,"TRIBUTE_UP":0.33,"ENGULF":8,"FEAR_REACH":1,"WAR_FINISH":1,"SMALL_WAR":8,"RELIEF_REACH":1,"EXCH_WAVE":3,"TECH_USE":1,"VASSAL_LEVY":0.5,"DISSOLVE_CORE":1,"SETT_STRIDE":3,"TRADE_STRIDE":5,"POP_FIELD_WORKERS":0,"CORE_LOCAL":1,"MINING_RATE":4.9999999}
[peopleSim] hearth pin Nile picked at tile (277,80) (27.7E 30.0N) — maturity deferred to the stagger law
[peopleSim] hearth pin Mesopotamia picked at tile (298,76) (43.5E 33.0N) — maturity deferred to the stagger law
[peopleSim] hearth pin Indus picked at tile (333,81) (69.8E 29.2N) — maturity deferred to the stagger law
[peopleSim] hearth pin Yellow River picked at tile (387,72) (110.3E 36.0N) — maturity deferred to the stagger law
[peopleSim] hearth candidate at (277,80) (27.7E 30.0N) score 6.74 pkg=wheat(suit 0.94) — ARMED: ~962y of peopled-basin time from maturity
[peopleSim] hearth candidate at (298,76) (43.5E 33.0N) score 6.51 pkg=wheat(suit 1.00) — ARMED: ~903y of peopled-basin time from maturity
[peopleSim] hearth candidate at (333,81) (69.8E 29.2N) score 7.79 pkg=wheat(suit 1.00) — ARMED: ~900y of peopled-basin time from maturity
[peopleSim] hearth candidate at (387,72) (110.3E 36.0N) score 3.54 pkg=millet(suit 0.54) — ARMED: ~2754y of peopled-basin time from maturity
[peopleSim] hearth candidate at (230,99) (-7.5E 15.8N) score 3.07 pkg=sorghum(suit 0.65) — ARMED: ~3077y of peopled-basin time from maturity
[peopleSim] hearth candidate at (115,99) (-93.8E 15.8N) score 1.97 pkg=maize(suit 0.86) — ARMED: ~5245y of peopled-basin time from maturity
[peopleSim] hearth candidate at (140,140) (-75.0E -15.0N) score 1.05 pkg=tubers(suit 0.75) — ARMED: ~3996y of peopled-basin time from maturity
[peopleSim] hearth candidate at (278,142) (28.5E -16.5N) score 0.81 pkg=tubers(suit 0.39) — ARMED: ~7649y of peopled-basin time from maturity
[peopleSim] hearth candidate at (247,40) (5.2E 60.0N) score 0.50 — ARMED: ~13000y of peopled-basin time from maturity
[peopleSim] hearth candidate at (25,41) (-161.3E 59.3N) score 0.50 — ARMED: ~13000y of peopled-basin time from maturity
[milbalance] W=960 seed=8817 steps=40000 every=4000
[milbalance] MACHINE columns: lo hi realms claimed% founded ended seceded shattered warBegan captured urbanSU ruralSU blockRan% bind% diskBound%
[transHeap] step=24 cap=1024 peakN=0 pushes=0 (0.0MB backing)

=== window 0->4000  realms=0  claimed=0.0%  settled=0
    FLOWS in-window   founded=0 ended=0 seceded=0 shattered=0
    FLOWS per realm   founded=0.0000 ended=0.0000 seceded=0.0000 shattered=0.0000   (meanRealms=1)
    WAR in-window     began=0 ended=0 captured=0 sacked=0
    WAR per realm     began=0.0000 captured=0.0000
    CORES p10=0.0 p50=0.0 p90=0.0 max=0.0su  |  MODE 0su held by 0/0 (0.0%)  <- the pin
    URBSHARE/sett p50=0.000 p90=0.000 max=0.000  |  >=0.30 (graveyard saturated): 0/0 (0.0%)
    MASS  urban=0su rural=0su urbanShare=0.00%
    ARMING  blockRan=0.0%  bind=0.0%  diskBound=0.0%  [CORE_LOCAL=1 LAND_KNOW=1]
    !! ARMING FAILED: the urban-core block executed for NO settlement. This arm measured nothing about CORE_LOCAL, whatever else it printed.
    MACHINE 0 4000 0 0.000 0 0 0 0 0 0 0 0 0.00 0.00 0.00
    [51s]
[peopleSim] AGRICULTURE INVENTED at (333,81) (69.8E 29.2N) — the basin farms; a city will rise when its market gathers one (score 7.79)
[peopleSim] AGRICULTURE INVENTED at (277,80) (27.7E 30.0N) — the basin farms; a city will rise when its market gathers one (score 6.74)
[peopleSim] AGRICULTURE INVENTED at (298,76) (43.5E 33.0N) — the basin farms; a city will rise when its market gathers one (score 6.51)

=== window 4000->8000  realms=0  claimed=0.0%  settled=0
    FLOWS in-window   founded=0 ended=0 seceded=0 shattered=0
    FLOWS per realm   founded=0.0000 ended=0.0000 seceded=0.0000 shattered=0.0000   (meanRealms=1)
    WAR in-window     began=0 ended=0 captured=0 sacked=0
    WAR per realm     began=0.0000 captured=0.0000
    CORES p10=0.0 p50=0.0 p90=0.0 max=0.0su  |  MODE 0su held by 0/0 (0.0%)  <- the pin
    URBSHARE/sett p50=0.000 p90=0.000 max=0.000  |  >=0.30 (graveyard saturated): 0/0 (0.0%)
    MASS  urban=0su rural=0su urbanShare=0.00%
    ARMING  blockRan=0.0%  bind=0.0%  diskBound=0.0%  [CORE_LOCAL=1 LAND_KNOW=1]
    !! ARMING FAILED: the urban-core block executed for NO settlement. This arm measured nothing about CORE_LOCAL, whatever else it printed.
    MACHINE 4000 8000 0 0.000 0 0 0 0 0 0 0 0 0.00 0.00 0.00
    [99s]

=== window 8000->12000  realms=0  claimed=0.0%  settled=0
    FLOWS in-window   founded=0 ended=0 seceded=0 shattered=0
    FLOWS per realm   founded=0.0000 ended=0.0000 seceded=0.0000 shattered=0.0000   (meanRealms=1)
    WAR in-window     began=0 ended=0 captured=0 sacked=0
    WAR per realm     began=0.0000 captured=0.0000
    CORES p10=0.0 p50=0.0 p90=0.0 max=0.0su  |  MODE 0su held by 0/0 (0.0%)  <- the pin
    URBSHARE/sett p50=0.000 p90=0.000 max=0.000  |  >=0.30 (graveyard saturated): 0/0 (0.0%)
    MASS  urban=0su rural=0su urbanShare=0.00%
    ARMING  blockRan=0.0%  bind=0.0%  diskBound=0.0%  [CORE_LOCAL=1 LAND_KNOW=1]
    !! ARMING FAILED: the urban-core block executed for NO settlement. This arm measured nothing about CORE_LOCAL, whatever else it printed.
    MACHINE 8000 12000 0 0.000 0 0 0 0 0 0 0 0 0.00 0.00 0.00
    [151s]

=== window 12000->16000  realms=0  claimed=0.0%  settled=0
    FLOWS in-window   founded=0 ended=0 seceded=0 shattered=0
    FLOWS per realm   founded=0.0000 ended=0.0000 seceded=0.0000 shattered=0.0000   (meanRealms=1)
    WAR in-window     began=0 ended=0 captured=0 sacked=0
    WAR per realm     began=0.0000 captured=0.0000
    CORES p10=0.0 p50=0.0 p90=0.0 max=0.0su  |  MODE 0su held by 0/0 (0.0%)  <- the pin
    URBSHARE/sett p50=0.000 p90=0.000 max=0.000  |  >=0.30 (graveyard saturated): 0/0 (0.0%)
    MASS  urban=0su rural=0su urbanShare=0.00%
    ARMING  blockRan=0.0%  bind=0.0%  diskBound=0.0%  [CORE_LOCAL=1 LAND_KNOW=1]
    !! ARMING FAILED: the urban-core block executed for NO settlement. This arm measured nothing about CORE_LOCAL, whatever else it printed.
    MACHINE 12000 16000 0 0.000 0 0 0 0 0 0 0 0 0.00 0.00 0.00
    [214s]
[peopleSim] AGRICULTURE INVENTED at (387,72) (110.3E 36.0N) — the basin farms; a city will rise when its market gathers one (score 3.54)
[peopleSim] AGRICULTURE INVENTED at (230,99) (-7.5E 15.8N) — the basin farms; a city will rise when its market gathers one (score 3.07)

=== window 16000->20000  realms=0  claimed=0.0%  settled=0
    FLOWS in-window   founded=0 ended=0 seceded=0 shattered=0
    FLOWS per realm   founded=0.0000 ended=0.0000 seceded=0.0000 shattered=0.0000   (meanRealms=1)
    WAR in-window     began=0 ended=0 captured=0 sacked=0
    WAR per realm     began=0.0000 captured=0.0000
    CORES p10=0.0 p50=0.0 p90=0.0 max=0.0su  |  MODE 0su held by 0/0 (0.0%)  <- the pin
    URBSHARE/sett p50=0.000 p90=0.000 max=0.000  |  >=0.30 (graveyard saturated): 0/0 (0.0%)
    MASS  urban=0su rural=0su urbanShare=0.00%
    ARMING  blockRan=0.0%  bind=0.0%  diskBound=0.0%  [CORE_LOCAL=1 LAND_KNOW=1]
    !! ARMING FAILED: the urban-core block executed for NO settlement. This arm measured nothing about CORE_LOCAL, whatever else it printed.
    MACHINE 16000 20000 0 0.000 0 0 0 0 0 0 0 0 0.00 0.00 0.00
    [267s]
[transHeap] step=21192 cap=2048 peakN=1635 pushes=25690 (0.0MB backing)
[transHeap] step=21696 cap=65536 peakN=56915 pushes=193089 (0.5MB backing)
[peopleSim] hearth candidate at (247,40) (5.2E 60.0N) stood down — the farming package arrived before it was invented
[peopleSim] AGRICULTURE INVENTED at (140,140) (-75.0E -15.0N) — the basin farms; a city will rise when its market gathers one (score 1.05)
[peopleSim] hearth candidate at (278,142) (28.5E -16.5N) stood down — the farming package arrived before it was invented
[transHeap] step=23712 cap=131072 peakN=77362 pushes=201560 (1.0MB backing)

=== window 20000->24000  realms=15  claimed=2.3%  settled=140
    FLOWS in-window   founded=12 ended=5 seceded=1 shattered=3
    FLOWS per realm   founded=1.6000 ended=0.6667 seceded=0.1333 shattered=0.4000   (meanRealms=8)
    WAR in-window     began=19 ended=3 captured=0 sacked=2
    WAR per realm     began=2.5333 captured=0.0000
    CORES p10=1.5 p50=12.0 p90=145.0 max=452.0su  |  MODE 12.00su held by 60/138 (43.5%)  <- the pin
    URBSHARE/sett p50=0.100 p90=0.515 max=1.000  |  >=0.30 (graveyard saturated): 20/140 (14.3%)
    MASS  urban=5830su rural=103655su urbanShare=5.32%
    ARMING  blockRan=76.4%  bind=29.3%  diskBound=6.4%  [CORE_LOCAL=1 LAND_KNOW=1]
    MACHINE 20000 24000 15 2.259 12 5 1 3 19 0 5830 103655 76.43 29.29 6.43
    [389s]

=== window 24000->28000  realms=286  claimed=10.7%  settled=520
    FLOWS in-window   founded=40 ended=70 seceded=140 shattered=22
    FLOWS per realm   founded=0.2658 ended=0.4651 seceded=0.9302 shattered=0.1462   (meanRealms=151)
    WAR in-window     began=2834 ended=2577 captured=0 sacked=16
    WAR per realm     began=18.8306 captured=0.0000
    CORES p10=2.8 p50=12.0 p90=82.3 max=696.5su  |  MODE 12.00su held by 233/518 (45.0%)  <- the pin
    URBSHARE/sett p50=0.092 p90=0.477 max=1.000  |  >=0.30 (graveyard saturated): 80/520 (15.4%)
    MASS  urban=17419su rural=219635su urbanShare=7.35%
    ARMING  blockRan=86.7%  bind=33.3%  diskBound=6.3%  [CORE_LOCAL=1 LAND_KNOW=1]
    MACHINE 24000 28000 286 10.704 40 70 140 22 2834 0 17419 219635 86.73 33.27 6.35
    [823s]
[peopleSim] hearth candidate at (115,99) (-93.8E 15.8N) stood down — the farming package arrived before it was invented

=== window 28000->32000  realms=592  claimed=22.0%  settled=862
    FLOWS in-window   founded=82 ended=215 seceded=278 shattered=30
    FLOWS per realm   founded=0.1868 ended=0.4897 seceded=0.6333 shattered=0.0683   (meanRealms=439)
    WAR in-window     began=8336 ended=7845 captured=0 sacked=28
    WAR per realm     began=18.9886 captured=0.0000
    CORES p10=2.3 p50=12.0 p90=119.5 max=767.7su  |  MODE 12.00su held by 362/860 (42.1%)  <- the pin
    URBSHARE/sett p50=0.093 p90=0.422 max=1.007  |  >=0.30 (graveyard saturated): 125/862 (14.5%)
    MASS  urban=40585su rural=313764su urbanShare=11.45%
    ARMING  blockRan=83.5%  bind=34.0%  diskBound=3.4%  [CORE_LOCAL=1 LAND_KNOW=1]
    MACHINE 28000 32000 592 21.974 82 215 278 30 8336 0 40585 313764 83.53 33.99 3.36
    [1798s]

=== window 32000->36000  realms=790  claimed=34.3%  settled=1106
    FLOWS in-window   founded=70 ended=239 seceded=259 shattered=25
    FLOWS per realm   founded=0.1013 ended=0.3459 seceded=0.3748 shattered=0.0362   (meanRealms=691)
    WAR in-window     began=7486 ended=7063 captured=0 sacked=10
    WAR per realm     began=10.8336 captured=0.0000
    CORES p10=5.1 p50=12.0 p90=149.2 max=1055.5su  |  MODE 12.00su held by 386/1096 (35.2%)  <- the pin
    URBSHARE/sett p50=0.100 p90=0.497 max=1.010  |  >=0.30 (graveyard saturated): 191/1106 (17.3%)
    MASS  urban=60480su rural=357701su urbanShare=14.46%
    ARMING  blockRan=85.0%  bind=41.3%  diskBound=6.8%  [CORE_LOCAL=1 LAND_KNOW=1]
    MACHINE 32000 36000 790 34.346 70 239 259 25 7486 0 60480 357701 84.99 41.32 6.78
    [3436s]

=== window 36000->40000  realms=857  claimed=44.9%  settled=1196
    FLOWS in-window   founded=69 ended=345 seceded=336 shattered=32
    FLOWS per realm   founded=0.0838 ended=0.4189 seceded=0.4080 shattered=0.0389   (meanRealms=824)
    WAR in-window     began=10938 ended=10580 captured=0 sacked=10
    WAR per realm     began=13.2823 captured=0.0000
    CORES p10=8.5 p50=14.6 p90=217.6 max=1091.9su  |  MODE 12.00su held by 416/1195 (34.8%)  <- the pin
    URBSHARE/sett p50=0.100 p90=0.605 max=1.000  |  >=0.30 (graveyard saturated): 276/1196 (23.1%)
    MASS  urban=83628su rural=322390su urbanShare=20.60%
    ARMING  blockRan=87.1%  bind=42.5%  diskBound=9.3%  [CORE_LOCAL=1 LAND_KNOW=1]
    MACHINE 36000 40000 857 44.885 69 345 336 32 10938 0 83628 322390 87.12 42.47 9.28
    [6412s]
