[harness] tree 2e2b17d
[SIM_TUNE] {"DAWN_LIVE":1,"STATE_RECORDS":1,"LAND_KNOW":1,"PEER_SEATS":1,"FOUND_DRIFT":1,"ABSORB_ORG_ERA":1,"TRIBUTE_UP":0.33,"ENGULF":8,"FEAR_REACH":1,"WAR_FINISH":1,"SMALL_WAR":8,"RELIEF_REACH":1,"EXCH_WAVE":3,"TECH_USE":1,"VASSAL_LEVY":0.5,"DISSOLVE_CORE":1,"SETT_STRIDE":3,"TRADE_STRIDE":5,"POP_FIELD_WORKERS":0,"CORE_LOCAL":1,"AGGLOM_LOCAL":1,"STAMP_RETIRE":1,"URBAN_LABOR":1,"MINING_RATE":5.0000001}
[peopleSim] hearth pin Nile picked at tile (277,80) (27.7E 30.0N) — maturity deferred to the stagger law
[peopleSim] hearth pin Mesopotamia picked at tile (298,76) (43.5E 33.0N) — maturity deferred to the stagger law
[peopleSim] hearth pin Indus picked at tile (333,81) (69.8E 29.2N) — maturity deferred to the stagger law
[peopleSim] hearth pin Yellow River picked at tile (387,72) (110.3E 36.0N) — maturity deferred to the stagger law
[peopleSim] hearth candidate at (277,80) (27.7E 30.0N) score 6.74 pkg=wheat(suit 0.94) — ARMED: ~962y of peopled-basin time from maturity
[peopleSim] hearth candidate at (298,76) (43.5E 33.0N) score 6.51 pkg=wheat(suit 1.00) — ARMED: ~903y of peopled-basin time from maturity
[peopleSim] hearth candidate at (333,81) (69.8E 29.2N) score 7.79 pkg=wheat(suit 1.00) — ARMED: ~900y of peopled-basin time from maturity
[peopleSim] hearth candidate at (387,72) (110.3E 36.0N) score 3.54 pkg=millet(suit 0.54) — ARMED: ~2754y of peopled-basin time from maturity
[peopleSim] hearth candidate at (230,99) (-7.5E 15.8N) score 3.07 pkg=sorghum(suit 0.65) — ARMED: ~3077y of peopled-basin time from maturity
[peopleSim] hearth candidate at (115,99) (-93.8E 15.8N) score 1.97 pkg=maize(suit 0.86) — ARMED: ~5245y of peopled-basin time from maturity
[peopleSim] hearth candidate at (140,140) (-75.0E -15.0N) score 1.05 pkg=tubers(suit 0.75) — ARMED: ~3996y of peopled-basin time from maturity
[peopleSim] hearth candidate at (278,142) (28.5E -16.5N) score 0.81 pkg=tubers(suit 0.39) — ARMED: ~7649y of peopled-basin time from maturity
[peopleSim] hearth candidate at (247,40) (5.2E 60.0N) score 0.50 — ARMED: ~13000y of peopled-basin time from maturity
[peopleSim] hearth candidate at (25,41) (-161.3E 59.3N) score 0.50 — ARMED: ~13000y of peopled-basin time from maturity
[milbalance] W=960 seed=8817 steps=40000 every=4000
[milbalance] MACHINE columns: lo hi realms claimed% founded ended seceded shattered warBegan captured urbanSU ruralSU blockRan% bind% diskBound%
[transHeap] step=24 cap=1024 peakN=0 pushes=0 (0.0MB backing)

=== window 0->4000  realms=0  claimed=0.0%  settled=0
    FLOWS in-window   founded=0 ended=0 seceded=0 shattered=0
    FLOWS per realm   founded=0.0000 ended=0.0000 seceded=0.0000 shattered=0.0000   (meanRealms=1)
    WAR in-window     began=0 ended=0 captured=0 sacked=0
    WAR per realm     began=0.0000 captured=0.0000
    CORES p10=0.0 p50=0.0 p90=0.0 max=0.0su  |  MODE 0su held by 0/0 (0.0%)  <- the pin
    URBSHARE/sett p50=0.000 p90=0.000 max=0.000  |  >=0.30 (graveyard saturated): 0/0 (0.0%)
    MASS  urban=0su rural=0su urbanShare=0.00%
    ARMING  blockRan=0.0%  bind=0.0%  diskBound=0.0%  [CORE_LOCAL=1 LAND_KNOW=1]
    !! ARMING FAILED: the urban-core block executed for NO settlement. This arm measured nothing about CORE_LOCAL, whatever else it printed.
    MACHINE 0 4000 0 0.000 0 0 0 0 0 0 0 0 0.00 0.00 0.00
    [30s]
[peopleSim] AGRICULTURE INVENTED at (333,81) (69.8E 29.2N) — the basin farms; a city will rise when its market gathers one (score 7.79)
[peopleSim] AGRICULTURE INVENTED at (277,80) (27.7E 30.0N) — the basin farms; a city will rise when its market gathers one (score 6.74)
[peopleSim] AGRICULTURE INVENTED at (298,76) (43.5E 33.0N) — the basin farms; a city will rise when its market gathers one (score 6.51)

=== window 4000->8000  realms=0  claimed=0.0%  settled=0
    FLOWS in-window   founded=0 ended=0 seceded=0 shattered=0
    FLOWS per realm   founded=0.0000 ended=0.0000 seceded=0.0000 shattered=0.0000   (meanRealms=1)
    WAR in-window     began=0 ended=0 captured=0 sacked=0
    WAR per realm     began=0.0000 captured=0.0000
    CORES p10=0.0 p50=0.0 p90=0.0 max=0.0su  |  MODE 0su held by 0/0 (0.0%)  <- the pin
    URBSHARE/sett p50=0.000 p90=0.000 max=0.000  |  >=0.30 (graveyard saturated): 0/0 (0.0%)
    MASS  urban=0su rural=0su urbanShare=0.00%
    ARMING  blockRan=0.0%  bind=0.0%  diskBound=0.0%  [CORE_LOCAL=1 LAND_KNOW=1]
    !! ARMING FAILED: the urban-core block executed for NO settlement. This arm measured nothing about CORE_LOCAL, whatever else it printed.
    MACHINE 4000 8000 0 0.000 0 0 0 0 0 0 0 0 0.00 0.00 0.00
    [58s]

=== window 8000->12000  realms=0  claimed=0.0%  settled=0
    FLOWS in-window   founded=0 ended=0 seceded=0 shattered=0
    FLOWS per realm   founded=0.0000 ended=0.0000 seceded=0.0000 shattered=0.0000   (meanRealms=1)
    WAR in-window     began=0 ended=0 captured=0 sacked=0
    WAR per realm     began=0.0000 captured=0.0000
    CORES p10=0.0 p50=0.0 p90=0.0 max=0.0su  |  MODE 0su held by 0/0 (0.0%)  <- the pin
    URBSHARE/sett p50=0.000 p90=0.000 max=0.000  |  >=0.30 (graveyard saturated): 0/0 (0.0%)
    MASS  urban=0su rural=0su urbanShare=0.00%
    ARMING  blockRan=0.0%  bind=0.0%  diskBound=0.0%  [CORE_LOCAL=1 LAND_KNOW=1]
    !! ARMING FAILED: the urban-core block executed for NO settlement. This arm measured nothing about CORE_LOCAL, whatever else it printed.
    MACHINE 8000 12000 0 0.000 0 0 0 0 0 0 0 0 0.00 0.00 0.00
    [87s]

=== window 12000->16000  realms=0  claimed=0.0%  settled=0
    FLOWS in-window   founded=0 ended=0 seceded=0 shattered=0
    FLOWS per realm   founded=0.0000 ended=0.0000 seceded=0.0000 shattered=0.0000   (meanRealms=1)
    WAR in-window     began=0 ended=0 captured=0 sacked=0
    WAR per realm     began=0.0000 captured=0.0000
    CORES p10=0.0 p50=0.0 p90=0.0 max=0.0su  |  MODE 0su held by 0/0 (0.0%)  <- the pin
    URBSHARE/sett p50=0.000 p90=0.000 max=0.000  |  >=0.30 (graveyard saturated): 0/0 (0.0%)
    MASS  urban=0su rural=0su urbanShare=0.00%
    ARMING  blockRan=0.0%  bind=0.0%  diskBound=0.0%  [CORE_LOCAL=1 LAND_KNOW=1]
    !! ARMING FAILED: the urban-core block executed for NO settlement. This arm measured nothing about CORE_LOCAL, whatever else it printed.
    MACHINE 12000 16000 0 0.000 0 0 0 0 0 0 0 0 0.00 0.00 0.00
    [114s]
[peopleSim] AGRICULTURE INVENTED at (387,72) (110.3E 36.0N) — the basin farms; a city will rise when its market gathers one (score 3.54)
[peopleSim] AGRICULTURE INVENTED at (230,99) (-7.5E 15.8N) — the basin farms; a city will rise when its market gathers one (score 3.07)

=== window 16000->20000  realms=0  claimed=0.0%  settled=0
    FLOWS in-window   founded=0 ended=0 seceded=0 shattered=0
    FLOWS per realm   founded=0.0000 ended=0.0000 seceded=0.0000 shattered=0.0000   (meanRealms=1)
    WAR in-window     began=0 ended=0 captured=0 sacked=0
    WAR per realm     began=0.0000 captured=0.0000
    CORES p10=0.0 p50=0.0 p90=0.0 max=0.0su  |  MODE 0su held by 0/0 (0.0%)  <- the pin
    URBSHARE/sett p50=0.000 p90=0.000 max=0.000  |  >=0.30 (graveyard saturated): 0/0 (0.0%)
    MASS  urban=0su rural=0su urbanShare=0.00%
    ARMING  blockRan=0.0%  bind=0.0%  diskBound=0.0%  [CORE_LOCAL=1 LAND_KNOW=1]
    !! ARMING FAILED: the urban-core block executed for NO settlement. This arm measured nothing about CORE_LOCAL, whatever else it printed.
    MACHINE 16000 20000 0 0.000 0 0 0 0 0 0 0 0 0.00 0.00 0.00
    [143s]
[transHeap] step=21192 cap=2048 peakN=1641 pushes=25687 (0.0MB backing)
[peopleSim] hearth candidate at (278,142) (28.5E -16.5N) stood down — the farming package arrived before it was invented
[peopleSim] hearth candidate at (247,40) (5.2E 60.0N) stood down — the farming package arrived before it was invented
[peopleSim] AGRICULTURE INVENTED at (140,140) (-75.0E -15.0N) — the basin farms; a city will rise when its market gathers one (score 1.05)
[transHeap] step=23712 cap=65536 peakN=39363 pushes=137684 (0.5MB backing)

=== window 20000->24000  realms=18  claimed=1.5%  settled=111
    FLOWS in-window   founded=10 ended=1 seceded=0 shattered=0
    FLOWS per realm   founded=1.1111 ended=0.1111 seceded=0.0000 shattered=0.0000   (meanRealms=9)
    WAR in-window     began=15 ended=7 captured=0 sacked=1
    WAR per realm     began=1.6667 captured=0.0000
    CORES p10=1.5 p50=8.0 p90=127.5 max=597.4su  |  MODE 8.00su held by 37/107 (34.6%)  <- the pin
    URBSHARE/sett p50=0.080 p90=0.313 max=1.000  |  >=0.30 (graveyard saturated): 13/111 (11.7%)
    MASS  urban=4359su rural=79632su urbanShare=5.19%
    ARMING  blockRan=74.8%  bind=38.7%  diskBound=24.3%  [CORE_LOCAL=1 LAND_KNOW=1]
    MACHINE 20000 24000 18 1.531 10 1 0 0 15 0 4359 79632 74.77 38.74 24.32
    [218s]
[peopleSim] hearth candidate at (115,99) (-93.8E 15.8N) stood down — the farming package arrived before it was invented

=== window 24000->28000  realms=212  claimed=8.8%  settled=361
    FLOWS in-window   founded=47 ended=74 seceded=77 shattered=13
    FLOWS per realm   founded=0.4087 ended=0.6435 seceded=0.6696 shattered=0.1130   (meanRealms=115)
    WAR in-window     began=1929 ended=1694 captured=0 sacked=15
    WAR per realm     began=16.7739 captured=0.0000
    CORES p10=8.0 p50=8.6 p90=78.7 max=388.0su  |  MODE 8.00su held by 142/359 (39.6%)  <- the pin
    URBSHARE/sett p50=0.068 p90=0.247 max=1.000  |  >=0.30 (graveyard saturated): 21/361 (5.8%)
    MASS  urban=11115su rural=170784su urbanShare=6.11%
    ARMING  blockRan=92.2%  bind=46.5%  diskBound=27.1%  [CORE_LOCAL=1 LAND_KNOW=1]
    MACHINE 24000 28000 212 8.766 47 74 77 13 1929 0 11115 170784 92.24 46.54 27.15
    [444s]

=== window 28000->32000  realms=482  claimed=21.4%  settled=680
    FLOWS in-window   founded=88 ended=345 seceded=133 shattered=32
    FLOWS per realm   founded=0.2536 ended=0.9942 seceded=0.3833 shattered=0.0922   (meanRealms=347)
    WAR in-window     began=9096 ended=8730 captured=0 sacked=52
    WAR per realm     began=26.2133 captured=0.0000
    CORES p10=5.5 p50=8.0 p90=74.6 max=445.8su  |  MODE 8.00su held by 259/676 (38.3%)  <- the pin
    URBSHARE/sett p50=0.063 p90=0.286 max=1.007  |  >=0.30 (graveyard saturated): 62/680 (9.1%)
    MASS  urban=19584su rural=246383su urbanShare=7.36%
    ARMING  blockRan=89.6%  bind=43.5%  diskBound=24.6%  [CORE_LOCAL=1 LAND_KNOW=1]
    MACHINE 28000 32000 482 21.375 88 345 133 32 9096 0 19584 246383 89.56 43.53 24.56
    [921s]

=== window 32000->36000  realms=590  claimed=32.1%  settled=815
    FLOWS in-window   founded=87 ended=558 seceded=271 shattered=31
    FLOWS per realm   founded=0.1623 ended=1.0410 seceded=0.5056 shattered=0.0578   (meanRealms=536)
    WAR in-window     began=9903 ended=9390 captured=0 sacked=31
    WAR per realm     began=18.4757 captured=0.0000
    CORES p10=8.0 p50=14.1 p90=91.3 max=639.2su  |  MODE 8.00su held by 268/812 (33.0%)  <- the pin
    URBSHARE/sett p50=0.084 p90=0.388 max=1.008  |  >=0.30 (graveyard saturated): 111/815 (13.6%)
    MASS  urban=29207su rural=267206su urbanShare=9.85%
    ARMING  blockRan=91.3%  bind=47.9%  diskBound=25.4%  [CORE_LOCAL=1 LAND_KNOW=1]
    MACHINE 32000 36000 590 32.111 87 558 271 31 9903 0 29207 267206 91.29 47.85 25.40
    [1748s]
[peopleSim] hearth candidate at (25,41) (-161.3E 59.3N) stood down — the farming package arrived before it was invented

=== window 36000->40000  realms=635  claimed=49.5%  settled=880
    FLOWS in-window   founded=65 ended=490 seceded=296 shattered=17
    FLOWS per realm   founded=0.1061 ended=0.8000 seceded=0.4833 shattered=0.0278   (meanRealms=613)
    WAR in-window     began=11013 ended=10779 captured=0 sacked=27
    WAR per realm     began=17.9804 captured=0.0000
    CORES p10=3.5 p50=16.9 p90=103.9 max=819.3su  |  MODE 8.00su held by 242/880 (27.5%)  <- the pin
    URBSHARE/sett p50=0.100 p90=0.465 max=1.000  |  >=0.30 (graveyard saturated): 142/880 (16.1%)
    MASS  urban=35566su rural=262945su urbanShare=11.91%
    ARMING  blockRan=87.5%  bind=48.3%  diskBound=25.8%  [CORE_LOCAL=1 LAND_KNOW=1]
    MACHINE 36000 40000 635 49.516 65 490 296 17 11013 0 35566 262945 87.50 48.30 25.80
    [2948s]
