[harness] tree 2e2b17d
[SIM_TUNE] {"DAWN_LIVE":1,"STATE_RECORDS":1,"LAND_KNOW":1,"PEER_SEATS":1,"FOUND_DRIFT":1,"ABSORB_ORG_ERA":1,"TRIBUTE_UP":0.33,"ENGULF":8,"FEAR_REACH":1,"WAR_FINISH":1,"SMALL_WAR":8,"RELIEF_REACH":1,"EXCH_WAVE":3,"TECH_USE":1,"VASSAL_LEVY":0.5,"DISSOLVE_CORE":1,"SETT_STRIDE":3,"TRADE_STRIDE":5,"POP_FIELD_WORKERS":0,"CORE_LOCAL":1,"AGGLOM_LOCAL":1,"STAMP_RETIRE":1,"URBAN_LABOR":1}
[peopleSim] hearth pin Nile picked at tile (277,80) (27.7E 30.0N) — maturity deferred to the stagger law
[peopleSim] hearth pin Mesopotamia picked at tile (298,76) (43.5E 33.0N) — maturity deferred to the stagger law
[peopleSim] hearth pin Indus picked at tile (333,81) (69.8E 29.2N) — maturity deferred to the stagger law
[peopleSim] hearth pin Yellow River picked at tile (387,72) (110.3E 36.0N) — maturity deferred to the stagger law
[peopleSim] hearth candidate at (277,80) (27.7E 30.0N) score 6.74 pkg=wheat(suit 0.94) — ARMED: ~962y of peopled-basin time from maturity
[peopleSim] hearth candidate at (298,76) (43.5E 33.0N) score 6.51 pkg=wheat(suit 1.00) — ARMED: ~903y of peopled-basin time from maturity
[peopleSim] hearth candidate at (333,81) (69.8E 29.2N) score 7.79 pkg=wheat(suit 1.00) — ARMED: ~900y of peopled-basin time from maturity
[peopleSim] hearth candidate at (387,72) (110.3E 36.0N) score 3.54 pkg=millet(suit 0.54) — ARMED: ~2754y of peopled-basin time from maturity
[peopleSim] hearth candidate at (230,99) (-7.5E 15.8N) score 3.07 pkg=sorghum(suit 0.65) — ARMED: ~3077y of peopled-basin time from maturity
[peopleSim] hearth candidate at (115,99) (-93.8E 15.8N) score 1.97 pkg=maize(suit 0.86) — ARMED: ~5245y of peopled-basin time from maturity
[peopleSim] hearth candidate at (140,140) (-75.0E -15.0N) score 1.05 pkg=tubers(suit 0.75) — ARMED: ~3996y of peopled-basin time from maturity
[peopleSim] hearth candidate at (278,142) (28.5E -16.5N) score 0.81 pkg=tubers(suit 0.39) — ARMED: ~7649y of peopled-basin time from maturity
[peopleSim] hearth candidate at (247,40) (5.2E 60.0N) score 0.50 — ARMED: ~13000y of peopled-basin time from maturity
[peopleSim] hearth candidate at (25,41) (-161.3E 59.3N) score 0.50 — ARMED: ~13000y of peopled-basin time from maturity
[milbalance] W=960 seed=8817 steps=40000 every=4000
[milbalance] MACHINE columns: lo hi realms claimed% founded ended seceded shattered warBegan captured urbanSU ruralSU blockRan% bind% diskBound%
[transHeap] step=24 cap=1024 peakN=0 pushes=0 (0.0MB backing)

=== window 0->4000  realms=0  claimed=0.0%  settled=0
    FLOWS in-window   founded=0 ended=0 seceded=0 shattered=0
    FLOWS per realm   founded=0.0000 ended=0.0000 seceded=0.0000 shattered=0.0000   (meanRealms=1)
    WAR in-window     began=0 ended=0 captured=0 sacked=0
    WAR per realm     began=0.0000 captured=0.0000
    CORES p10=0.0 p50=0.0 p90=0.0 max=0.0su  |  MODE 0su held by 0/0 (0.0%)  <- the pin
    URBSHARE/sett p50=0.000 p90=0.000 max=0.000  |  >=0.30 (graveyard saturated): 0/0 (0.0%)
    MASS  urban=0su rural=0su urbanShare=0.00%
    ARMING  blockRan=0.0%  bind=0.0%  diskBound=0.0%  [CORE_LOCAL=1 LAND_KNOW=1]
    !! ARMING FAILED: the urban-core block executed for NO settlement. This arm measured nothing about CORE_LOCAL, whatever else it printed.
    MACHINE 0 4000 0 0.000 0 0 0 0 0 0 0 0 0.00 0.00 0.00
    [31s]
[peopleSim] AGRICULTURE INVENTED at (333,81) (69.8E 29.2N) — the basin farms; a city will rise when its market gathers one (score 7.79)
[peopleSim] AGRICULTURE INVENTED at (277,80) (27.7E 30.0N) — the basin farms; a city will rise when its market gathers one (score 6.74)
[peopleSim] AGRICULTURE INVENTED at (298,76) (43.5E 33.0N) — the basin farms; a city will rise when its market gathers one (score 6.51)

=== window 4000->8000  realms=0  claimed=0.0%  settled=0
    FLOWS in-window   founded=0 ended=0 seceded=0 shattered=0
    FLOWS per realm   founded=0.0000 ended=0.0000 seceded=0.0000 shattered=0.0000   (meanRealms=1)
    WAR in-window     began=0 ended=0 captured=0 sacked=0
    WAR per realm     began=0.0000 captured=0.0000
    CORES p10=0.0 p50=0.0 p90=0.0 max=0.0su  |  MODE 0su held by 0/0 (0.0%)  <- the pin
    URBSHARE/sett p50=0.000 p90=0.000 max=0.000  |  >=0.30 (graveyard saturated): 0/0 (0.0%)
    MASS  urban=0su rural=0su urbanShare=0.00%
    ARMING  blockRan=0.0%  bind=0.0%  diskBound=0.0%  [CORE_LOCAL=1 LAND_KNOW=1]
    !! ARMING FAILED: the urban-core block executed for NO settlement. This arm measured nothing about CORE_LOCAL, whatever else it printed.
    MACHINE 4000 8000 0 0.000 0 0 0 0 0 0 0 0 0.00 0.00 0.00
    [59s]

=== window 8000->12000  realms=0  claimed=0.0%  settled=0
    FLOWS in-window   founded=0 ended=0 seceded=0 shattered=0
    FLOWS per realm   founded=0.0000 ended=0.0000 seceded=0.0000 shattered=0.0000   (meanRealms=1)
    WAR in-window     began=0 ended=0 captured=0 sacked=0
    WAR per realm     began=0.0000 captured=0.0000
    CORES p10=0.0 p50=0.0 p90=0.0 max=0.0su  |  MODE 0su held by 0/0 (0.0%)  <- the pin
    URBSHARE/sett p50=0.000 p90=0.000 max=0.000  |  >=0.30 (graveyard saturated): 0/0 (0.0%)
    MASS  urban=0su rural=0su urbanShare=0.00%
    ARMING  blockRan=0.0%  bind=0.0%  diskBound=0.0%  [CORE_LOCAL=1 LAND_KNOW=1]
    !! ARMING FAILED: the urban-core block executed for NO settlement. This arm measured nothing about CORE_LOCAL, whatever else it printed.
    MACHINE 8000 12000 0 0.000 0 0 0 0 0 0 0 0 0.00 0.00 0.00
    [87s]

=== window 12000->16000  realms=0  claimed=0.0%  settled=0
    FLOWS in-window   founded=0 ended=0 seceded=0 shattered=0
    FLOWS per realm   founded=0.0000 ended=0.0000 seceded=0.0000 shattered=0.0000   (meanRealms=1)
    WAR in-window     began=0 ended=0 captured=0 sacked=0
    WAR per realm     began=0.0000 captured=0.0000
    CORES p10=0.0 p50=0.0 p90=0.0 max=0.0su  |  MODE 0su held by 0/0 (0.0%)  <- the pin
    URBSHARE/sett p50=0.000 p90=0.000 max=0.000  |  >=0.30 (graveyard saturated): 0/0 (0.0%)
    MASS  urban=0su rural=0su urbanShare=0.00%
    ARMING  blockRan=0.0%  bind=0.0%  diskBound=0.0%  [CORE_LOCAL=1 LAND_KNOW=1]
    !! ARMING FAILED: the urban-core block executed for NO settlement. This arm measured nothing about CORE_LOCAL, whatever else it printed.
    MACHINE 12000 16000 0 0.000 0 0 0 0 0 0 0 0 0.00 0.00 0.00
    [114s]
[peopleSim] AGRICULTURE INVENTED at (387,72) (110.3E 36.0N) — the basin farms; a city will rise when its market gathers one (score 3.54)
[peopleSim] AGRICULTURE INVENTED at (230,99) (-7.5E 15.8N) — the basin farms; a city will rise when its market gathers one (score 3.07)

=== window 16000->20000  realms=0  claimed=0.0%  settled=0
    FLOWS in-window   founded=0 ended=0 seceded=0 shattered=0
    FLOWS per realm   founded=0.0000 ended=0.0000 seceded=0.0000 shattered=0.0000   (meanRealms=1)
    WAR in-window     began=0 ended=0 captured=0 sacked=0
    WAR per realm     began=0.0000 captured=0.0000
    CORES p10=0.0 p50=0.0 p90=0.0 max=0.0su  |  MODE 0su held by 0/0 (0.0%)  <- the pin
    URBSHARE/sett p50=0.000 p90=0.000 max=0.000  |  >=0.30 (graveyard saturated): 0/0 (0.0%)
    MASS  urban=0su rural=0su urbanShare=0.00%
    ARMING  blockRan=0.0%  bind=0.0%  diskBound=0.0%  [CORE_LOCAL=1 LAND_KNOW=1]
    !! ARMING FAILED: the urban-core block executed for NO settlement. This arm measured nothing about CORE_LOCAL, whatever else it printed.
    MACHINE 16000 20000 0 0.000 0 0 0 0 0 0 0 0 0.00 0.00 0.00
    [142s]
[transHeap] step=21192 cap=2048 peakN=1641 pushes=25687 (0.0MB backing)
[peopleSim] hearth candidate at (278,142) (28.5E -16.5N) stood down — the farming package arrived before it was invented
[peopleSim] hearth candidate at (247,40) (5.2E 60.0N) stood down — the farming package arrived before it was invented
[peopleSim] AGRICULTURE INVENTED at (140,140) (-75.0E -15.0N) — the basin farms; a city will rise when its market gathers one (score 1.05)
[transHeap] step=23712 cap=65536 peakN=39056 pushes=137251 (0.5MB backing)

=== window 20000->24000  realms=19  claimed=1.3%  settled=134
    FLOWS in-window   founded=6 ended=1 seceded=0 shattered=0
    FLOWS per realm   founded=0.6316 ended=0.1053 seceded=0.0000 shattered=0.0000   (meanRealms=10)
    WAR in-window     began=15 ended=4 captured=0 sacked=0
    WAR per realm     began=1.5789 captured=0.0000
    CORES p10=1.6 p50=8.0 p90=104.6 max=636.9su  |  MODE 8.00su held by 52/130 (40.0%)  <- the pin
    URBSHARE/sett p50=0.070 p90=0.243 max=1.000  |  >=0.30 (graveyard saturated): 11/134 (8.2%)
    MASS  urban=4843su rural=83677su urbanShare=5.47%
    ARMING  blockRan=79.1%  bind=36.6%  diskBound=20.1%  [CORE_LOCAL=1 LAND_KNOW=1]
    MACHINE 20000 24000 19 1.283 6 1 0 0 15 0 4843 83677 79.10 36.57 20.15
    [216s]

=== window 24000->28000  realms=202  claimed=8.3%  settled=353
    FLOWS in-window   founded=33 ended=98 seceded=77 shattered=18
    FLOWS per realm   founded=0.2986 ended=0.8869 seceded=0.6968 shattered=0.1629   (meanRealms=111)
    WAR in-window     began=1352 ended=1051 captured=0 sacked=10
    WAR per realm     began=12.2353 captured=0.0000
    CORES p10=3.0 p50=8.0 p90=73.3 max=670.7su  |  MODE 8.00su held by 136/350 (38.9%)  <- the pin
    URBSHARE/sett p50=0.060 p90=0.272 max=1.001  |  >=0.30 (graveyard saturated): 33/353 (9.3%)
    MASS  urban=10151su rural=164068su urbanShare=5.83%
    ARMING  blockRan=90.1%  bind=41.6%  diskBound=25.8%  [CORE_LOCAL=1 LAND_KNOW=1]
    MACHINE 24000 28000 202 8.332 33 98 77 18 1352 0 10151 164068 90.08 41.64 25.78
    [437s]
[peopleSim] AGRICULTURE INVENTED at (115,99) (-93.8E 15.8N) — the basin farms; a city will rise when its market gathers one (score 1.97)

=== window 28000->32000  realms=454  claimed=17.7%  settled=645
    FLOWS in-window   founded=85 ended=294 seceded=168 shattered=18
    FLOWS per realm   founded=0.2591 ended=0.8963 seceded=0.5122 shattered=0.0549   (meanRealms=328)
    WAR in-window     began=8332 ended=7916 captured=0 sacked=47
    WAR per realm     began=25.4024 captured=0.0000
    CORES p10=2.7 p50=8.0 p90=73.1 max=455.6su  |  MODE 8.00su held by 257/640 (40.2%)  <- the pin
    URBSHARE/sett p50=0.071 p90=0.279 max=1.010  |  >=0.30 (graveyard saturated): 60/645 (9.3%)
    MASS  urban=18236su rural=241441su urbanShare=7.02%
    ARMING  blockRan=87.9%  bind=42.9%  diskBound=22.2%  [CORE_LOCAL=1 LAND_KNOW=1]
    MACHINE 28000 32000 454 17.697 85 294 168 18 8332 0 18236 241441 87.91 42.95 22.17
    [868s]
