[harness] tree a632135
[SIM_TUNE] {"DAWN_LIVE":1,"STATE_RECORDS":1,"LAND_KNOW":1,"PEER_SEATS":1,"FOUND_DRIFT":1,"ABSORB_ORG_ERA":1,"TRIBUTE_UP":0.33,"ENGULF":8,"FEAR_REACH":1,"WAR_FINISH":1,"SMALL_WAR":8,"RELIEF_REACH":1,"EXCH_WAVE":3,"TECH_USE":1,"VASSAL_LEVY":0.5,"SETT_STRIDE":3,"TRADE_STRIDE":5,"POP_FIELD_WORKERS":0,"CORE_LOCAL":1,"AGGLOM_LOCAL":1,"URBAN_LABOR":1,"STAMP_RETIRE":1,"DISSOLVE_CORE":1,"URBAN_AGGLOM":0.52}
[peopleSim] hearth pin Nile picked at tile (277,80) (27.7E 30.0N) — maturity deferred to the stagger law
[peopleSim] hearth pin Mesopotamia picked at tile (298,76) (43.5E 33.0N) — maturity deferred to the stagger law
[peopleSim] hearth pin Indus picked at tile (333,81) (69.8E 29.2N) — maturity deferred to the stagger law
[peopleSim] hearth pin Yellow River picked at tile (387,72) (110.3E 36.0N) — maturity deferred to the stagger law
[peopleSim] hearth candidate at (277,80) (27.7E 30.0N) score 6.74 pkg=wheat(suit 0.94) — ARMED: ~962y of peopled-basin time from maturity
[peopleSim] hearth candidate at (298,76) (43.5E 33.0N) score 6.51 pkg=wheat(suit 1.00) — ARMED: ~903y of peopled-basin time from maturity
[peopleSim] hearth candidate at (333,81) (69.8E 29.2N) score 7.79 pkg=wheat(suit 1.00) — ARMED: ~900y of peopled-basin time from maturity
[peopleSim] hearth candidate at (387,72) (110.3E 36.0N) score 3.54 pkg=millet(suit 0.54) — ARMED: ~2754y of peopled-basin time from maturity
[peopleSim] hearth candidate at (230,99) (-7.5E 15.8N) score 3.07 pkg=sorghum(suit 0.65) — ARMED: ~3077y of peopled-basin time from maturity
[peopleSim] hearth candidate at (115,99) (-93.8E 15.8N) score 1.97 pkg=maize(suit 0.86) — ARMED: ~5245y of peopled-basin time from maturity
[peopleSim] hearth candidate at (140,140) (-75.0E -15.0N) score 1.05 pkg=tubers(suit 0.75) — ARMED: ~3996y of peopled-basin time from maturity
[peopleSim] hearth candidate at (278,142) (28.5E -16.5N) score 0.81 pkg=tubers(suit 0.39) — ARMED: ~7649y of peopled-basin time from maturity
[peopleSim] hearth candidate at (247,40) (5.2E 60.0N) score 0.50 — ARMED: ~13000y of peopled-basin time from maturity
[peopleSim] hearth candidate at (25,41) (-161.3E 59.3N) score 0.50 — ARMED: ~13000y of peopled-basin time from maturity
[milbalance] W=960 seed=8817 steps=40000 every=4000
[milbalance] MACHINE columns: lo hi realms claimed% founded ended seceded shattered warBegan captured urbanSU ruralSU blockRan% bind% diskBound%
[transHeap] step=24 cap=1024 peakN=0 pushes=0 (0.0MB backing)

=== window 0->4000  realms=0  claimed=0.0%  settled=0
    FLOWS in-window   founded=0 ended=0 seceded=0 shattered=0
    FLOWS per realm   founded=0.0000 ended=0.0000 seceded=0.0000 shattered=0.0000   (meanRealms=1)
    WAR in-window     began=0 ended=0 captured=0 sacked=0
    WAR per realm     began=0.0000 captured=0.0000
    CORES p10=0.0 p50=0.0 p90=0.0 max=0.0su  |  MODE 0su held by 0/0 (0.0%)  <- the pin
    URBSHARE/sett p50=0.000 p90=0.000 max=0.000  |  >=0.30 (graveyard saturated): 0/0 (0.0%)
    MASS  urban=0su rural=0su urbanShare=0.00%
    ARMING  blockRan=0.0%  bind=0.0%  diskBound=0.0%  [CORE_LOCAL=1 LAND_KNOW=1]
    !! ARMING FAILED: the urban-core block executed for NO settlement. This arm measured nothing about CORE_LOCAL, whatever else it printed.
    MACHINE 0 4000 0 0.000 0 0 0 0 0 0 0 0 0.00 0.00 0.00
    [48s]
[peopleSim] AGRICULTURE INVENTED at (333,81) (69.8E 29.2N) — the basin farms; a city will rise when its market gathers one (score 7.79)
[peopleSim] AGRICULTURE INVENTED at (277,80) (27.7E 30.0N) — the basin farms; a city will rise when its market gathers one (score 6.74)
[peopleSim] AGRICULTURE INVENTED at (298,76) (43.5E 33.0N) — the basin farms; a city will rise when its market gathers one (score 6.51)

=== window 4000->8000  realms=0  claimed=0.0%  settled=0
    FLOWS in-window   founded=0 ended=0 seceded=0 shattered=0
    FLOWS per realm   founded=0.0000 ended=0.0000 seceded=0.0000 shattered=0.0000   (meanRealms=1)
    WAR in-window     began=0 ended=0 captured=0 sacked=0
    WAR per realm     began=0.0000 captured=0.0000
    CORES p10=0.0 p50=0.0 p90=0.0 max=0.0su  |  MODE 0su held by 0/0 (0.0%)  <- the pin
    URBSHARE/sett p50=0.000 p90=0.000 max=0.000  |  >=0.30 (graveyard saturated): 0/0 (0.0%)
    MASS  urban=0su rural=0su urbanShare=0.00%
    ARMING  blockRan=0.0%  bind=0.0%  diskBound=0.0%  [CORE_LOCAL=1 LAND_KNOW=1]
    !! ARMING FAILED: the urban-core block executed for NO settlement. This arm measured nothing about CORE_LOCAL, whatever else it printed.
    MACHINE 4000 8000 0 0.000 0 0 0 0 0 0 0 0 0.00 0.00 0.00
    [93s]

=== window 8000->12000  realms=0  claimed=0.0%  settled=0
    FLOWS in-window   founded=0 ended=0 seceded=0 shattered=0
    FLOWS per realm   founded=0.0000 ended=0.0000 seceded=0.0000 shattered=0.0000   (meanRealms=1)
    WAR in-window     began=0 ended=0 captured=0 sacked=0
    WAR per realm     began=0.0000 captured=0.0000
    CORES p10=0.0 p50=0.0 p90=0.0 max=0.0su  |  MODE 0su held by 0/0 (0.0%)  <- the pin
    URBSHARE/sett p50=0.000 p90=0.000 max=0.000  |  >=0.30 (graveyard saturated): 0/0 (0.0%)
    MASS  urban=0su rural=0su urbanShare=0.00%
    ARMING  blockRan=0.0%  bind=0.0%  diskBound=0.0%  [CORE_LOCAL=1 LAND_KNOW=1]
    !! ARMING FAILED: the urban-core block executed for NO settlement. This arm measured nothing about CORE_LOCAL, whatever else it printed.
    MACHINE 8000 12000 0 0.000 0 0 0 0 0 0 0 0 0.00 0.00 0.00
    [137s]

=== window 12000->16000  realms=0  claimed=0.0%  settled=0
    FLOWS in-window   founded=0 ended=0 seceded=0 shattered=0
    FLOWS per realm   founded=0.0000 ended=0.0000 seceded=0.0000 shattered=0.0000   (meanRealms=1)
    WAR in-window     began=0 ended=0 captured=0 sacked=0
    WAR per realm     began=0.0000 captured=0.0000
    CORES p10=0.0 p50=0.0 p90=0.0 max=0.0su  |  MODE 0su held by 0/0 (0.0%)  <- the pin
    URBSHARE/sett p50=0.000 p90=0.000 max=0.000  |  >=0.30 (graveyard saturated): 0/0 (0.0%)
    MASS  urban=0su rural=0su urbanShare=0.00%
    ARMING  blockRan=0.0%  bind=0.0%  diskBound=0.0%  [CORE_LOCAL=1 LAND_KNOW=1]
    !! ARMING FAILED: the urban-core block executed for NO settlement. This arm measured nothing about CORE_LOCAL, whatever else it printed.
    MACHINE 12000 16000 0 0.000 0 0 0 0 0 0 0 0 0.00 0.00 0.00
    [181s]
[peopleSim] AGRICULTURE INVENTED at (387,72) (110.3E 36.0N) — the basin farms; a city will rise when its market gathers one (score 3.54)
[peopleSim] AGRICULTURE INVENTED at (230,99) (-7.5E 15.8N) — the basin farms; a city will rise when its market gathers one (score 3.07)

=== window 16000->20000  realms=0  claimed=0.0%  settled=0
    FLOWS in-window   founded=0 ended=0 seceded=0 shattered=0
    FLOWS per realm   founded=0.0000 ended=0.0000 seceded=0.0000 shattered=0.0000   (meanRealms=1)
    WAR in-window     began=0 ended=0 captured=0 sacked=0
    WAR per realm     began=0.0000 captured=0.0000
    CORES p10=0.0 p50=0.0 p90=0.0 max=0.0su  |  MODE 0su held by 0/0 (0.0%)  <- the pin
    URBSHARE/sett p50=0.000 p90=0.000 max=0.000  |  >=0.30 (graveyard saturated): 0/0 (0.0%)
    MASS  urban=0su rural=0su urbanShare=0.00%
    ARMING  blockRan=0.0%  bind=0.0%  diskBound=0.0%  [CORE_LOCAL=1 LAND_KNOW=1]
    !! ARMING FAILED: the urban-core block executed for NO settlement. This arm measured nothing about CORE_LOCAL, whatever else it printed.
    MACHINE 16000 20000 0 0.000 0 0 0 0 0 0 0 0 0.00 0.00 0.00
    [226s]
[transHeap] step=21192 cap=2048 peakN=1635 pushes=25688 (0.0MB backing)
[transHeap] step=21696 cap=65536 peakN=39314 pushes=137738 (0.5MB backing)
[peopleSim] hearth candidate at (247,40) (5.2E 60.0N) stood down — the farming package arrived before it was invented
[peopleSim] AGRICULTURE INVENTED at (140,140) (-75.0E -15.0N) — the basin farms; a city will rise when its market gathers one (score 1.05)
[peopleSim] hearth candidate at (278,142) (28.5E -16.5N) stood down — the farming package arrived before it was invented

=== window 20000->24000  realms=19  claimed=2.4%  settled=102
    FLOWS in-window   founded=14 ended=0 seceded=1 shattered=0
    FLOWS per realm   founded=1.4737 ended=0.0000 seceded=0.1053 shattered=0.0000   (meanRealms=10)
    WAR in-window     began=15 ended=3 captured=0 sacked=1
    WAR per realm     began=1.5789 captured=0.0000
    CORES p10=1.9 p50=8.0 p90=218.8 max=336.0su  |  MODE 8.00su held by 39/94 (41.5%)  <- the pin
    URBSHARE/sett p50=0.080 p90=0.255 max=1.000  |  >=0.30 (graveyard saturated): 10/102 (9.8%)
    MASS  urban=5646su rural=96611su urbanShare=5.52%
    ARMING  blockRan=82.4%  bind=39.2%  diskBound=26.5%  [CORE_LOCAL=1 LAND_KNOW=1]
    MACHINE 20000 24000 19 2.432 14 0 1 0 15 0 5646 96611 82.35 39.22 26.47
    [328s]

=== window 24000->28000  realms=287  claimed=12.4%  settled=490
    FLOWS in-window   founded=46 ended=95 seceded=98 shattered=29
    FLOWS per realm   founded=0.3007 ended=0.6209 seceded=0.6405 shattered=0.1895   (meanRealms=153)
    WAR in-window     began=3047 ended=2782 captured=0 sacked=14
    WAR per realm     began=19.9150 captured=0.0000
    CORES p10=2.7 p50=8.0 p90=89.0 max=631.3su  |  MODE 8.00su held by 222/485 (45.8%)  <- the pin
    URBSHARE/sett p50=0.087 p90=0.249 max=1.000  |  >=0.30 (graveyard saturated): 34/490 (6.9%)
    MASS  urban=16877su rural=193996su urbanShare=8.00%
    ARMING  blockRan=86.7%  bind=40.0%  diskBound=18.6%  [CORE_LOCAL=1 LAND_KNOW=1]
    MACHINE 24000 28000 287 12.356 46 95 98 29 3047 0 16877 193996 86.73 40.00 18.57
    [685s]
[peopleSim] hearth candidate at (115,99) (-93.8E 15.8N) stood down — the farming package arrived before it was invented
