[harness] tree cb46d47
[SIM_TUNE] {"DAWN_LIVE":1,"STATE_RECORDS":1,"LAND_KNOW":1,"PEER_SEATS":1,"FOUND_DRIFT":1,"ABSORB_ORG_ERA":1,"TRIBUTE_UP":0.33,"ENGULF":8,"FEAR_REACH":1,"WAR_FINISH":1,"SMALL_WAR":8,"RELIEF_REACH":1,"EXCH_WAVE":3,"TECH_USE":1,"VASSAL_LEVY":0.5,"DISSOLVE_CORE":1,"SETT_STRIDE":3,"TRADE_STRIDE":5,"CORE_LOCAL":1}
[peopleSim] hearth pin Nile picked at tile (277,80) (27.7E 30.0N) — maturity deferred to the stagger law
[peopleSim] hearth pin Mesopotamia picked at tile (298,76) (43.5E 33.0N) — maturity deferred to the stagger law
[peopleSim] hearth pin Indus picked at tile (333,81) (69.8E 29.2N) — maturity deferred to the stagger law
[peopleSim] hearth pin Yellow River picked at tile (387,72) (110.3E 36.0N) — maturity deferred to the stagger law
[peopleSim] hearth candidate at (277,80) (27.7E 30.0N) score 6.74 pkg=wheat(suit 0.94) — ARMED: ~962y of peopled-basin time from maturity
[peopleSim] hearth candidate at (298,76) (43.5E 33.0N) score 6.51 pkg=wheat(suit 1.00) — ARMED: ~903y of peopled-basin time from maturity
[peopleSim] hearth candidate at (333,81) (69.8E 29.2N) score 7.79 pkg=wheat(suit 1.00) — ARMED: ~900y of peopled-basin time from maturity
[peopleSim] hearth candidate at (387,72) (110.3E 36.0N) score 3.54 pkg=millet(suit 0.54) — ARMED: ~2754y of peopled-basin time from maturity
[peopleSim] hearth candidate at (230,99) (-7.5E 15.8N) score 3.07 pkg=sorghum(suit 0.65) — ARMED: ~3077y of peopled-basin time from maturity
[peopleSim] hearth candidate at (115,99) (-93.8E 15.8N) score 1.97 pkg=maize(suit 0.86) — ARMED: ~5245y of peopled-basin time from maturity
[peopleSim] hearth candidate at (140,140) (-75.0E -15.0N) score 1.05 pkg=tubers(suit 0.75) — ARMED: ~3996y of peopled-basin time from maturity
[peopleSim] hearth candidate at (278,142) (28.5E -16.5N) score 0.81 pkg=tubers(suit 0.39) — ARMED: ~7649y of peopled-basin time from maturity
[peopleSim] hearth candidate at (247,40) (5.2E 60.0N) score 0.50 — ARMED: ~13000y of peopled-basin time from maturity
[peopleSim] hearth candidate at (25,41) (-161.3E 59.3N) score 0.50 — ARMED: ~13000y of peopled-basin time from maturity
[popField] worker pool engaged: 4 bands
[transHeap] step=24 cap=1024 peakN=0 pushes=0 (0.0MB backing)

=== step 4000  realms=0 (0 vassal)  claimed=0.0%  flows: founded=0 ended=0 seceded=0 shattered=0
    size km2: P10=0k  MED=0k  P90=0k  MAX=0k  | top1share=0%  max/med=0.0  gini=0.00  lnσ=0.00 (real maps ≈2.0-2.6)
    histogram  <50k:0  50-200k:0  200k-1M:0  1-5M:0  >5M:0
    SMALL (<100k km2): 0 of 0 (0%) — real maps: modern 47%, 1500CE-Europe ~80%
    [28s]
[peopleSim] AGRICULTURE INVENTED at (333,81) (69.8E 29.2N) — the basin farms; a city will rise when its market gathers one (score 7.79)
[peopleSim] AGRICULTURE INVENTED at (277,80) (27.7E 30.0N) — the basin farms; a city will rise when its market gathers one (score 6.74)
[peopleSim] AGRICULTURE INVENTED at (298,76) (43.5E 33.0N) — the basin farms; a city will rise when its market gathers one (score 6.51)

=== step 8000  realms=0 (0 vassal)  claimed=0.0%  flows: founded=0 ended=0 seceded=0 shattered=0
    size km2: P10=0k  MED=0k  P90=0k  MAX=0k  | top1share=0%  max/med=0.0  gini=0.00  lnσ=0.00 (real maps ≈2.0-2.6)
    histogram  <50k:0  50-200k:0  200k-1M:0  1-5M:0  >5M:0
    SMALL (<100k km2): 0 of 0 (0%) — real maps: modern 47%, 1500CE-Europe ~80%
    [54s]

=== step 12000  realms=0 (0 vassal)  claimed=0.0%  flows: founded=0 ended=0 seceded=0 shattered=0
    size km2: P10=0k  MED=0k  P90=0k  MAX=0k  | top1share=0%  max/med=0.0  gini=0.00  lnσ=0.00 (real maps ≈2.0-2.6)
    histogram  <50k:0  50-200k:0  200k-1M:0  1-5M:0  >5M:0
    SMALL (<100k km2): 0 of 0 (0%) — real maps: modern 47%, 1500CE-Europe ~80%
    [80s]

=== step 16000  realms=0 (0 vassal)  claimed=0.0%  flows: founded=0 ended=0 seceded=0 shattered=0
    size km2: P10=0k  MED=0k  P90=0k  MAX=0k  | top1share=0%  max/med=0.0  gini=0.00  lnσ=0.00 (real maps ≈2.0-2.6)
    histogram  <50k:0  50-200k:0  200k-1M:0  1-5M:0  >5M:0
    SMALL (<100k km2): 0 of 0 (0%) — real maps: modern 47%, 1500CE-Europe ~80%
    [106s]
[peopleSim] AGRICULTURE INVENTED at (387,72) (110.3E 36.0N) — the basin farms; a city will rise when its market gathers one (score 3.54)
[peopleSim] AGRICULTURE INVENTED at (230,99) (-7.5E 15.8N) — the basin farms; a city will rise when its market gathers one (score 3.07)

=== step 20000  realms=0 (0 vassal)  claimed=0.0%  flows: founded=0 ended=0 seceded=0 shattered=0
    size km2: P10=0k  MED=0k  P90=0k  MAX=0k  | top1share=0%  max/med=0.0  gini=0.00  lnσ=0.00 (real maps ≈2.0-2.6)
    histogram  <50k:0  50-200k:0  200k-1M:0  1-5M:0  >5M:0
    SMALL (<100k km2): 0 of 0 (0%) — real maps: modern 47%, 1500CE-Europe ~80%
    [133s]
[transHeap] step=21192 cap=2048 peakN=1635 pushes=25690 (0.0MB backing)
[transHeap] step=21696 cap=65536 peakN=56914 pushes=193089 (0.5MB backing)
[peopleSim] hearth candidate at (247,40) (5.2E 60.0N) stood down — the farming package arrived before it was invented
[peopleSim] AGRICULTURE INVENTED at (140,140) (-75.0E -15.0N) — the basin farms; a city will rise when its market gathers one (score 1.05)
[peopleSim] hearth candidate at (278,142) (28.5E -16.5N) stood down — the farming package arrived before it was invented

=== step 24000  realms=15 (4 vassal)  claimed=2.3%  flows: founded=12 ended=3 seceded=0 shattered=2
    size km2: P10=11k  MED=92k  P90=733k  MAX=1000k  | top1share=29%  max/med=10.9  gini=0.60  lnσ=1.54 (real maps ≈2.0-2.6)
    histogram  <50k:6  50-200k:3  200k-1M:5  1-5M:1  >5M:0
    SMALL (<100k km2): 8 of 15 (53%) — real maps: modern 47%, 1500CE-Europe ~80%
      tiny #52 "Jediinmemtyopa" 4k km2 mem=1 age=263 org=0.37
      tiny #197 "Ngàịtlàlǐ" 11k km2 mem=1 age=113 org=0.35
      tiny #21 "Pizibayaa" 23k km2 mem=1 age=263 org=0.37
      tiny #62 "Pọ̄ịtrọ́ịkòlěā" 27k km2 mem=1 age=563 org=0.31
      tiny #11 "Zyoyaghata" 42k km2 mem=2 age=263 org=0.37
      tiny #155 "Damfapuyaa" 42k km2 mem=2 age=413 org=0.36
      tiny #13 "Fevvon" 76k km2 mem=1 age=263 org=0.37
      tiny #128 "Pismosumom" 92k km2 mem=1 age=1013 org=0.40
    [191s]
[transHeap] step=26736 cap=131072 peakN=73543 pushes=204074 (1.0MB backing)

=== step 28000  realms=323 (125 vassal)  claimed=11.4%  flows: founded=55 ended=73 seceded=165 shattered=9
    size km2: P10=15k  MED=34k  P90=76k  MAX=1183k  | top1share=7%  max/med=34.4  gini=0.46  lnσ=0.79 (real maps ≈2.0-2.6)
    histogram  <50k:232  50-200k:84  200k-1M:6  1-5M:1  >5M:0
    SMALL (<100k km2): 303 of 323 (94%) — real maps: modern 47%, 1500CE-Europe ~80%
      tiny #724 "Áppoẹqoo" 4k km2 mem=1 age=352 org=0.44
      tiny #494 "Eewebidy" 4k km2 mem=1 age=1713 org=0.50
      tiny #148 "Amosospupakyu" 4k km2 mem=1 age=64 org=0.58
      tiny #229 "Dodaya" 4k km2 mem=1 age=813 org=0.50
      tiny #124 "Fị̀ptàịlěā" 4k km2 mem=1 age=5013 org=0.50
      tiny #599 "Ghidintfiuntsye" 4k km2 mem=1 age=813 org=0.39
      tiny #777 "Kyoomugykyu" 4k km2 mem=1 age=64 org=0.49
      tiny #684 "Dyogyo" 4k km2 mem=1 age=813 org=0.50
    [406s]
[peopleSim] hearth candidate at (115,99) (-93.8E 15.8N) stood down — the farming package arrived before it was invented
