[harness] tree cb46d47
[SIM_TUNE] {"DAWN_LIVE":1,"STATE_RECORDS":1,"LAND_KNOW":1,"PEER_SEATS":1,"FOUND_DRIFT":1,"ABSORB_ORG_ERA":1,"TRIBUTE_UP":0.33,"ENGULF":8,"FEAR_REACH":1,"WAR_FINISH":1,"SMALL_WAR":8,"RELIEF_REACH":1,"EXCH_WAVE":3,"TECH_USE":1,"VASSAL_LEVY":0.5,"DISSOLVE_CORE":1,"SETT_STRIDE":3,"TRADE_STRIDE":5}
[peopleSim] hearth pin Nile picked at tile (277,80) (27.7E 30.0N) — maturity deferred to the stagger law
[peopleSim] hearth pin Mesopotamia picked at tile (298,76) (43.5E 33.0N) — maturity deferred to the stagger law
[peopleSim] hearth pin Indus picked at tile (333,81) (69.8E 29.2N) — maturity deferred to the stagger law
[peopleSim] hearth pin Yellow River picked at tile (387,72) (110.3E 36.0N) — maturity deferred to the stagger law
[peopleSim] hearth candidate at (277,80) (27.7E 30.0N) score 6.74 pkg=wheat(suit 0.94) — ARMED: ~962y of peopled-basin time from maturity
[peopleSim] hearth candidate at (298,76) (43.5E 33.0N) score 6.51 pkg=wheat(suit 1.00) — ARMED: ~903y of peopled-basin time from maturity
[peopleSim] hearth candidate at (333,81) (69.8E 29.2N) score 7.79 pkg=wheat(suit 1.00) — ARMED: ~900y of peopled-basin time from maturity
[peopleSim] hearth candidate at (387,72) (110.3E 36.0N) score 3.54 pkg=millet(suit 0.54) — ARMED: ~2754y of peopled-basin time from maturity
[peopleSim] hearth candidate at (230,99) (-7.5E 15.8N) score 3.07 pkg=sorghum(suit 0.65) — ARMED: ~3077y of peopled-basin time from maturity
[peopleSim] hearth candidate at (115,99) (-93.8E 15.8N) score 1.97 pkg=maize(suit 0.86) — ARMED: ~5245y of peopled-basin time from maturity
[peopleSim] hearth candidate at (140,140) (-75.0E -15.0N) score 1.05 pkg=tubers(suit 0.75) — ARMED: ~3996y of peopled-basin time from maturity
[peopleSim] hearth candidate at (278,142) (28.5E -16.5N) score 0.81 pkg=tubers(suit 0.39) — ARMED: ~7649y of peopled-basin time from maturity
[peopleSim] hearth candidate at (247,40) (5.2E 60.0N) score 0.50 — ARMED: ~13000y of peopled-basin time from maturity
[peopleSim] hearth candidate at (25,41) (-161.3E 59.3N) score 0.50 — ARMED: ~13000y of peopled-basin time from maturity
[popField] worker pool engaged: 4 bands
[transHeap] step=24 cap=1024 peakN=0 pushes=0 (0.0MB backing)

=== step 4000  realms=0 (0 vassal)  claimed=0.0%  flows: founded=0 ended=0 seceded=0 shattered=0
    size km2: P10=0k  MED=0k  P90=0k  MAX=0k  | top1share=0%  max/med=0.0  gini=0.00  lnσ=0.00 (real maps ≈2.0-2.6)
    histogram  <50k:0  50-200k:0  200k-1M:0  1-5M:0  >5M:0
    SMALL (<100k km2): 0 of 0 (0%) — real maps: modern 47%, 1500CE-Europe ~80%
    [29s]
[peopleSim] AGRICULTURE INVENTED at (333,81) (69.8E 29.2N) — the basin farms; a city will rise when its market gathers one (score 7.79)
[peopleSim] AGRICULTURE INVENTED at (277,80) (27.7E 30.0N) — the basin farms; a city will rise when its market gathers one (score 6.74)
[peopleSim] AGRICULTURE INVENTED at (298,76) (43.5E 33.0N) — the basin farms; a city will rise when its market gathers one (score 6.51)

=== step 8000  realms=0 (0 vassal)  claimed=0.0%  flows: founded=0 ended=0 seceded=0 shattered=0
    size km2: P10=0k  MED=0k  P90=0k  MAX=0k  | top1share=0%  max/med=0.0  gini=0.00  lnσ=0.00 (real maps ≈2.0-2.6)
    histogram  <50k:0  50-200k:0  200k-1M:0  1-5M:0  >5M:0
    SMALL (<100k km2): 0 of 0 (0%) — real maps: modern 47%, 1500CE-Europe ~80%
    [55s]

=== step 12000  realms=0 (0 vassal)  claimed=0.0%  flows: founded=0 ended=0 seceded=0 shattered=0
    size km2: P10=0k  MED=0k  P90=0k  MAX=0k  | top1share=0%  max/med=0.0  gini=0.00  lnσ=0.00 (real maps ≈2.0-2.6)
    histogram  <50k:0  50-200k:0  200k-1M:0  1-5M:0  >5M:0
    SMALL (<100k km2): 0 of 0 (0%) — real maps: modern 47%, 1500CE-Europe ~80%
    [82s]

=== step 16000  realms=0 (0 vassal)  claimed=0.0%  flows: founded=0 ended=0 seceded=0 shattered=0
    size km2: P10=0k  MED=0k  P90=0k  MAX=0k  | top1share=0%  max/med=0.0  gini=0.00  lnσ=0.00 (real maps ≈2.0-2.6)
    histogram  <50k:0  50-200k:0  200k-1M:0  1-5M:0  >5M:0
    SMALL (<100k km2): 0 of 0 (0%) — real maps: modern 47%, 1500CE-Europe ~80%
    [108s]
[peopleSim] AGRICULTURE INVENTED at (387,72) (110.3E 36.0N) — the basin farms; a city will rise when its market gathers one (score 3.54)
[peopleSim] AGRICULTURE INVENTED at (230,99) (-7.5E 15.8N) — the basin farms; a city will rise when its market gathers one (score 3.07)

=== step 20000  realms=0 (0 vassal)  claimed=0.0%  flows: founded=0 ended=0 seceded=0 shattered=0
    size km2: P10=0k  MED=0k  P90=0k  MAX=0k  | top1share=0%  max/med=0.0  gini=0.00  lnσ=0.00 (real maps ≈2.0-2.6)
    histogram  <50k:0  50-200k:0  200k-1M:0  1-5M:0  >5M:0
    SMALL (<100k km2): 0 of 0 (0%) — real maps: modern 47%, 1500CE-Europe ~80%
    [135s]
[transHeap] step=21192 cap=2048 peakN=1635 pushes=25690 (0.0MB backing)
[transHeap] step=21696 cap=65536 peakN=62312 pushes=174257 (0.5MB backing)
[peopleSim] AGRICULTURE INVENTED at (140,140) (-75.0E -15.0N) — the basin farms; a city will rise when its market gathers one (score 1.05)
[peopleSim] hearth candidate at (278,142) (28.5E -16.5N) stood down — the farming package arrived before it was invented

=== step 24000  realms=5 (1 vassal)  claimed=0.5%  flows: founded=11 ended=0 seceded=0 shattered=0
    size km2: P10=53k  MED=76k  P90=263k  MAX=263k  | top1share=38%  max/med=3.5  gini=0.33  lnσ=0.66 (real maps ≈2.0-2.6)
    histogram  <50k:0  50-200k:3  200k-1M:2  1-5M:0  >5M:0
    SMALL (<100k km2): 3 of 5 (60%) — real maps: modern 47%, 1500CE-Europe ~80%
      tiny #15 "Dylobfuyaa" 53k km2 mem=3 age=263 org=0.37
      tiny #144 "Tayok'oyaa" 73k km2 mem=2 age=413 org=0.36
      tiny #5 "Zyibayamphibtaya" 76k km2 mem=3 age=563 org=0.37
      tiny #149 "Amosidoikydu" 237k km2 mem=12 age=413 org=0.37
      tiny #3 "Pephamdoya" 263k km2 mem=6 age=563 org=0.38
    [191s]
[peopleSim] hearth candidate at (247,40) (5.2E 60.0N) stood down — the farming package arrived before it was invented
[transHeap] step=25728 cap=131072 peakN=69549 pushes=200921 (1.0MB backing)

=== step 28000  realms=232 (82 vassal)  claimed=7.5%  flows: founded=51 ended=52 seceded=98 shattered=15
    size km2: P10=11k  MED=31k  P90=80k  MAX=618k  | top1share=6%  max/med=20.3  gini=0.45  lnσ=0.84 (real maps ≈2.0-2.6)
    histogram  <50k:171  50-200k:56  200k-1M:5  1-5M:0  >5M:0
    SMALL (<100k km2): 217 of 232 (94%) — real maps: modern 47%, 1500CE-Europe ~80%
      tiny #643 "Ityiiztyopa" 4k km2 mem=1 age=640 org=0.44
      tiny #646 "Edizityopa" 4k km2 mem=1 age=640 org=0.44
      tiny #710 "Zezeejiimsiityop" 4k km2 mem=1 age=663 org=0.43
      tiny #575 "Zedyimityo" 4k km2 mem=1 age=1113 org=0.46
      tiny #83 "Phiupyath" 4k km2 mem=1 age=3513 org=0.49
      tiny #595 "Neghinphee" 4k km2 mem=1 age=64 org=0.39
      tiny #736 "Žebenepunnea" 4k km2 mem=1 age=513 org=0.37
      tiny #582 "Faphutbuytay" 4k km2 mem=1 age=1504 org=0.37
    [368s]
[peopleSim] AGRICULTURE INVENTED at (115,99) (-93.8E 15.8N) — the basin farms; a city will rise when its market gathers one (score 1.97)

=== step 32000  realms=541 (235 vassal)  claimed=19.5%  flows: founded=144 ended=206 seceded=295 shattered=21
    size km2: P10=15k  MED=34k  P90=92k  MAX=1665k  | top1share=6%  max/med=48.4  gini=0.44  lnσ=0.77 (real maps ≈2.0-2.6)
    histogram  <50k:377  50-200k:152  200k-1M:11  1-5M:1  >5M:0
    SMALL (<100k km2): 495 of 541 (91%) — real maps: modern 47%, 1500CE-Europe ~80%
      tiny #1608 "Fizaikhuisazusi" 4k km2 mem=1 age=13 org=0.55
      tiny #1456 "Fippusaňifa" 4k km2 mem=1 age=608 org=0.56
      tiny #782 "Kyiukokyopea" 4k km2 mem=1 age=3163 org=0.52
      tiny #1062 "Zuzyuszyuta" 4k km2 mem=1 age=2336 org=0.55
      tiny #710 "Zezeejiimsiityop" 4k km2 mem=1 age=4663 org=0.58
      tiny #129 "Tyimzadyityopa" 4k km2 mem=1 age=6913 org=0.57
      tiny #29 "Wityim" 4k km2 mem=2 age=7663 org=0.60
      tiny #197 "Dapfaphut'eb" 4k km2 mem=1 age=7513 org=0.58
    [781s]
