[harness] tree 21ae886
[SIM_TUNE] {"DAWN_LIVE":1,"STATE_RECORDS":1,"LAND_KNOW":1,"PEER_SEATS":1,"FOUND_DRIFT":1,"ABSORB_ORG_ERA":1,"TRIBUTE_UP":0.33,"ENGULF":8,"FEAR_REACH":1,"WAR_FINISH":1,"SMALL_WAR":8,"RELIEF_REACH":1,"EXCH_WAVE":3,"TECH_USE":1,"VASSAL_LEVY":0.5,"DISSOLVE_CORE":1,"SETT_STRIDE":3,"TRADE_STRIDE":5}
Earth (Sim): using real NCEP/NCAR precipitation + air temperature
[peopleSim] hearth pin Nile picked at tile (138,41) (27.0E 28.5N) — maturity deferred to the stagger law
[peopleSim] hearth pin Mesopotamia picked at tile (149,38) (43.5E 33.0N) — maturity deferred to the stagger law
[peopleSim] hearth pin Indus picked at tile (166,41) (69.0E 28.5N) — maturity deferred to the stagger law
[peopleSim] hearth pin Yellow River picked at tile (197,38) (115.5E 33.0N) — maturity deferred to the stagger law
[peopleSim] hearth candidate at (138,41) (27.0E 28.5N) score 7.22 pkg=wheat(suit 0.98) — ARMED: ~920y of peopled-basin time from maturity
[peopleSim] hearth candidate at (149,38) (43.5E 33.0N) score 6.30 pkg=wheat(suit 0.99) — ARMED: ~906y of peopled-basin time from maturity
[peopleSim] hearth candidate at (166,41) (69.0E 28.5N) score 5.81 pkg=wheat(suit 0.82) — ARMED: ~1093y of peopled-basin time from maturity
[peopleSim] hearth candidate at (197,38) (115.5E 33.0N) score 6.45 pkg=rice(suit 1.04) — ARMED: ~2412y of peopled-basin time from maturity
[peopleSim] hearth candidate at (52,35) (-102.0E 37.5N) score 4.47 pkg=maize(suit 0.87) — ARMED: ~5163y of peopled-basin time from maturity
[peopleSim] hearth candidate at (112,50) (-12.0E 15.0N) score 3.39 pkg=sorghum(suit 0.64) — ARMED: ~3149y of peopled-basin time from maturity
[peopleSim] hearth candidate at (137,74) (25.5E -21.0N) score 1.69 pkg=tubers(suit 0.86) — ARMED: ~3487y of peopled-basin time from maturity
[peopleSim] hearth candidate at (72,71) (-72.0E -16.5N) score 1.34 pkg=tubers(suit 0.70) — ARMED: ~4270y of peopled-basin time from maturity
[peopleSim] hearth candidate at (124,21) (6.0E 58.5N) score 0.50 — ARMED: ~13000y of peopled-basin time from maturity
[peopleSim] hearth candidate at (185,59) (97.5E 1.5N) score 0.50 — ARMED: ~13000y of peopled-basin time from maturity

=== CONSOLIDATION PIPELINE  480x240 (tw=240)  seed 8817  OBSERVED + arm  30000 steps ===
  storm bar CITY_STORM_RATIO=1.6 · integrate bar = 67th-pct of capitals (ABSORB_ORG_ERA=1)

[popField] worker pool engaged: 4 bands
[transHeap] step=24 cap=1024 peakN=0 pushes=0 (0.0MB backing)
step   3000  states 0 (singl 0%) · bonds 0 · org pack p50/p67(bar)/p90 0.00/0.00/0.00 (spread p90−p50 0.000)
   flows/3k  submit 0/0 · integrate 0/0 (orgBelowMin 0 beyondDirectRule 0) · capture 0 · storm PASSED 0 lifts 0 grinding 0
   storms n 0 · adv p50/p90/max 0.00/0.00/0.00 vs bar 1.6 · tooWeak 0% · med att 0.0 vs def: relief 0.0 + assist 0.0 + garrison 0.0 ×walls 0.00

step   6000  states 0 (singl 0%) · bonds 0 · org pack p50/p67(bar)/p90 0.00/0.00/0.00 (spread p90−p50 0.000)
   flows/3k  submit 0/0 · integrate 0/0 (orgBelowMin 0 beyondDirectRule 0) · capture 0 · storm PASSED 0 lifts 0 grinding 0
   storms n 0 · adv p50/p90/max 0.00/0.00/0.00 vs bar 1.6 · tooWeak 0% · med att 0.0 vs def: relief 0.0 + assist 0.0 + garrison 0.0 ×walls 0.00

[peopleSim] AGRICULTURE INVENTED at (138,41) (27.0E 28.5N) — the basin farms; a city will rise when its market gathers one (score 7.22)
[peopleSim] AGRICULTURE INVENTED at (149,38) (43.5E 33.0N) — the basin farms; a city will rise when its market gathers one (score 6.30)
[peopleSim] AGRICULTURE INVENTED at (166,41) (69.0E 28.5N) — the basin farms; a city will rise when its market gathers one (score 5.81)
step   9000  states 0 (singl 0%) · bonds 0 · org pack p50/p67(bar)/p90 0.00/0.00/0.00 (spread p90−p50 0.000)
   flows/3k  submit 0/0 · integrate 0/0 (orgBelowMin 0 beyondDirectRule 0) · capture 0 · storm PASSED 0 lifts 0 grinding 0
   storms n 0 · adv p50/p90/max 0.00/0.00/0.00 vs bar 1.6 · tooWeak 0% · med att 0.0 vs def: relief 0.0 + assist 0.0 + garrison 0.0 ×walls 0.00

step  12000  states 0 (singl 0%) · bonds 0 · org pack p50/p67(bar)/p90 0.00/0.00/0.00 (spread p90−p50 0.000)
   flows/3k  submit 0/0 · integrate 0/0 (orgBelowMin 0 beyondDirectRule 0) · capture 0 · storm PASSED 0 lifts 0 grinding 0
   storms n 0 · adv p50/p90/max 0.00/0.00/0.00 vs bar 1.6 · tooWeak 0% · med att 0.0 vs def: relief 0.0 + assist 0.0 + garrison 0.0 ×walls 0.00

step  15000  states 0 (singl 0%) · bonds 0 · org pack p50/p67(bar)/p90 0.00/0.00/0.00 (spread p90−p50 0.000)
   flows/3k  submit 0/0 · integrate 0/0 (orgBelowMin 0 beyondDirectRule 0) · capture 0 · storm PASSED 0 lifts 0 grinding 0
   storms n 0 · adv p50/p90/max 0.00/0.00/0.00 vs bar 1.6 · tooWeak 0% · med att 0.0 vs def: relief 0.0 + assist 0.0 + garrison 0.0 ×walls 0.00

[peopleSim] AGRICULTURE INVENTED at (197,38) (115.5E 33.0N) — the basin farms; a city will rise when its market gathers one (score 6.45)
step  18000  states 10 (singl 30%) · bonds 0 · org pack p50/p67(bar)/p90 0.49/0.49/0.56 (spread p90−p50 0.071)
   flows/3k  submit 0/68 · integrate 0/0 (orgBelowMin 0 beyondDirectRule 0) · capture 3 · storm PASSED 1 lifts 10 grinding 4
   storms n 75 · adv p50/p90/max 0.12/17.66/28.72 vs bar 1.6 · tooWeak 77% · med att 17.8 vs def: relief 22.5 + assist 0.0 + garrison 106.7 ×walls 1.00

[peopleSim] hearth candidate at (124,21) (6.0E 58.5N) stood down — the farming package arrived before it was invented
[peopleSim] AGRICULTURE INVENTED at (112,50) (-12.0E 15.0N) — the basin farms; a city will rise when its market gathers one (score 3.39)
[peopleSim] AGRICULTURE INVENTED at (137,74) (25.5E -21.0N) — the basin farms; a city will rise when its market gathers one (score 1.69)
step  21000  states 44 (singl 61%) · bonds 8 · org pack p50/p67(bar)/p90 0.61/0.64/0.65 (spread p90−p50 0.044)
   flows/3k  submit 5/398 · integrate 1/30 (orgBelowMin 22 beyondDirectRule 0) · capture 0 · storm PASSED 9 lifts 19 grinding 12
   storms n 315 · adv p50/p90/max 0.19/3.33/61.94 vs bar 1.6 · tooWeak 83% · med att 10.4 vs def: relief 5.1 + assist 0.0 + garrison 46.6 ×walls 1.00

[transHeap] step=22704 cap=2048 peakN=1111 pushes=7231 (0.0MB backing)
[peopleSim] hearth candidate at (72,71) (-72.0E -16.5N) stood down — the farming package arrived before it was invented
[peopleSim] hearth candidate at (185,59) (97.5E 1.5N) stood down — the farming package arrived before it was invented
step  24000  states 127 (singl 67%) · bonds 41 · org pack p50/p67(bar)/p90 0.69/0.74/0.74 (spread p90−p50 0.044)
   flows/3k  submit 17/1274 · integrate 7/418 (orgBelowMin 253 beyondDirectRule 26) · capture 5 · storm PASSED 28 lifts 43 grinding 24
   storms n 1253 · adv p50/p90/max 0.15/2.26/86.02 vs bar 1.6 · tooWeak 87% · med att 7.9 vs def: relief 3.4 + assist 0.0 + garrison 42.1 ×walls 1.00

step  27000  states 204 (singl 68%) · bonds 72 · org pack p50/p67(bar)/p90 0.76/0.76/0.76 (spread p90−p50 0.000)
   flows/3k  submit 34/2746 · integrate 12/1164 (orgBelowMin 643 beyondDirectRule 105) · capture 12 · storm PASSED 17 lifts 71 grinding 62
   storms n 2573 · adv p50/p90/max 0.10/1.24/84.13 vs bar 1.6 · tooWeak 92% · med att 3.0 vs def: relief 0.1 + assist 0.0 + garrison 27.3 ×walls 1.00

[peopleSim] hearth candidate at (52,35) (-102.0E 37.5N) stood down — the farming package arrived before it was invented
[transHeap] step=27240 cap=4096 peakN=2096 pushes=9930 (0.0MB backing)
