[harness] tree c8698d2
[SIM_TUNE] {"DAWN_LIVE":1,"STATE_RECORDS":1,"LAND_KNOW":1,"PEER_SEATS":1,"FOUND_DRIFT":1,"ABSORB_ORG_ERA":1,"TRIBUTE_UP":0.33,"ENGULF":8,"FEAR_REACH":1,"WAR_FINISH":1,"SMALL_WAR":8,"RELIEF_REACH":1,"EXCH_WAVE":3,"TECH_USE":1,"VASSAL_LEVY":0.5,"DISSOLVE_CORE":1,"SETT_STRIDE":3,"TRADE_STRIDE":5}
Earth (Sim): using real NCEP/NCAR precipitation + air temperature
[peopleSim] hearth pin Nile picked at tile (138,41) (27.0E 28.5N) — maturity deferred to the stagger law
[peopleSim] hearth pin Mesopotamia picked at tile (149,38) (43.5E 33.0N) — maturity deferred to the stagger law
[peopleSim] hearth pin Indus picked at tile (166,41) (69.0E 28.5N) — maturity deferred to the stagger law
[peopleSim] hearth pin Yellow River picked at tile (197,38) (115.5E 33.0N) — maturity deferred to the stagger law
[peopleSim] hearth candidate at (138,41) (27.0E 28.5N) score 7.22 pkg=wheat(suit 0.98) — ARMED: ~920y of peopled-basin time from maturity
[peopleSim] hearth candidate at (149,38) (43.5E 33.0N) score 6.30 pkg=wheat(suit 0.99) — ARMED: ~906y of peopled-basin time from maturity
[peopleSim] hearth candidate at (166,41) (69.0E 28.5N) score 5.81 pkg=wheat(suit 0.82) — ARMED: ~1093y of peopled-basin time from maturity
[peopleSim] hearth candidate at (197,38) (115.5E 33.0N) score 6.45 pkg=rice(suit 1.04) — ARMED: ~2412y of peopled-basin time from maturity
[peopleSim] hearth candidate at (52,35) (-102.0E 37.5N) score 4.47 pkg=maize(suit 0.87) — ARMED: ~5163y of peopled-basin time from maturity
[peopleSim] hearth candidate at (112,50) (-12.0E 15.0N) score 3.39 pkg=sorghum(suit 0.64) — ARMED: ~3149y of peopled-basin time from maturity
[peopleSim] hearth candidate at (137,74) (25.5E -21.0N) score 1.69 pkg=tubers(suit 0.86) — ARMED: ~3487y of peopled-basin time from maturity
[peopleSim] hearth candidate at (72,71) (-72.0E -16.5N) score 1.34 pkg=tubers(suit 0.70) — ARMED: ~4270y of peopled-basin time from maturity
[peopleSim] hearth candidate at (124,21) (6.0E 58.5N) score 0.50 — ARMED: ~13000y of peopled-basin time from maturity
[peopleSim] hearth candidate at (185,59) (97.5E 1.5N) score 0.50 — ARMED: ~13000y of peopled-basin time from maturity

=== ERA SKEW  480x240 (tw=240)  seed 8817  OBSERVED + arm  30000 steps ===
  gates: galleys nav 0.58 (era1) · iron_working met 0.70 (era2) · crop_rotation agr 0.72 (era2)

[popField] worker pool engaged: 4 bands
[transHeap] step=24 cap=1024 peakN=0 pushes=0 (0.0MB backing)
step   3000  n 0 · era p90/max Stone Age / Stone Age
   tracks p50|p90|max  org 0.00|0.00|0.00  con 0.00|0.00|0.00  met 0.00|0.00|0.00  nav 0.00|0.00|0.00  agr 0.00|0.00|0.00  mob 0.00|0.00|0.00
   dearness p50/p90  staple 0.00/0.00 · metal 0.00/0.00 · materials 0.00/0.00   (need = 1 + II·max(0, p − 1): p ≤ 1 ⇒ the engine idles)
   throttles p50/p90  sciMul 0.00/0.00 · needAgri 0.00/0.00 · needMetal 0.00/0.00 · needSea 0.00/0.00 · fleet 0.00 · hegF 0.00/0.00

step   6000  n 0 · era p90/max Stone Age / Stone Age
   tracks p50|p90|max  org 0.00|0.00|0.00  con 0.00|0.00|0.00  met 0.00|0.00|0.00  nav 0.00|0.00|0.00  agr 0.00|0.00|0.00  mob 0.00|0.00|0.00
   dearness p50/p90  staple 0.00/0.00 · metal 0.00/0.00 · materials 0.00/0.00   (need = 1 + II·max(0, p − 1): p ≤ 1 ⇒ the engine idles)
   throttles p50/p90  sciMul 0.00/0.00 · needAgri 0.00/0.00 · needMetal 0.00/0.00 · needSea 0.00/0.00 · fleet 0.00 · hegF 0.00/0.00

[peopleSim] AGRICULTURE INVENTED at (138,41) (27.0E 28.5N) — the basin farms; a city will rise when its market gathers one (score 7.22)
[peopleSim] AGRICULTURE INVENTED at (149,38) (43.5E 33.0N) — the basin farms; a city will rise when its market gathers one (score 6.30)
[peopleSim] AGRICULTURE INVENTED at (166,41) (69.0E 28.5N) — the basin farms; a city will rise when its market gathers one (score 5.81)
step   9000  n 0 · era p90/max Stone Age / Stone Age
   tracks p50|p90|max  org 0.00|0.00|0.00  con 0.00|0.00|0.00  met 0.00|0.00|0.00  nav 0.00|0.00|0.00  agr 0.00|0.00|0.00  mob 0.00|0.00|0.00
   dearness p50/p90  staple 0.00/0.00 · metal 0.00/0.00 · materials 0.00/0.00   (need = 1 + II·max(0, p − 1): p ≤ 1 ⇒ the engine idles)
   throttles p50/p90  sciMul 0.00/0.00 · needAgri 0.00/0.00 · needMetal 0.00/0.00 · needSea 0.00/0.00 · fleet 0.00 · hegF 0.00/0.00

step  12000  n 0 · era p90/max Stone Age / Stone Age
   tracks p50|p90|max  org 0.00|0.00|0.00  con 0.00|0.00|0.00  met 0.00|0.00|0.00  nav 0.00|0.00|0.00  agr 0.00|0.00|0.00  mob 0.00|0.00|0.00
   dearness p50/p90  staple 0.00/0.00 · metal 0.00/0.00 · materials 0.00/0.00   (need = 1 + II·max(0, p − 1): p ≤ 1 ⇒ the engine idles)
   throttles p50/p90  sciMul 0.00/0.00 · needAgri 0.00/0.00 · needMetal 0.00/0.00 · needSea 0.00/0.00 · fleet 0.00 · hegF 0.00/0.00

step  15000  n 8 · era p90/max Stone Age / Stone Age
   tracks p50|p90|max  org 0.32|0.36|0.36  con 0.32|0.34|0.34  met 0.13|0.15|0.15  nav 0.15|0.16|0.16  agr 0.55|0.56|0.56  mob 0.14|0.16|0.16
   dearness p50/p90  staple 1.23/4.00 · metal 1.48/3.56 · materials 1.57/2.90   (need = 1 + II·max(0, p − 1): p ≤ 1 ⇒ the engine idles)
   throttles p50/p90  sciMul 2.60/2.93 · needAgri 1.06/1.75 · needMetal 1.12/1.64 · needSea 1.14/1.75 · fleet 1.00 · hegF 0.00/0.00
   met frontier: Fùlpū m0.15 cap0.90 need1.64 sci2.85 · Ňěňní m0.14 cap0.90 need1.52 sci2.93 · Kèňtọ̄ị m0.13 cap0.90 need1.12 sci2.60

[peopleSim] AGRICULTURE INVENTED at (197,38) (115.5E 33.0N) — the basin farms; a city will rise when its market gathers one (score 6.45)
step  18000  n 28 · era p90/max Stone Age / Stone Age
   tracks p50|p90|max  org 0.53|0.57|0.58  con 0.50|0.54|0.54  met 0.21|0.25|0.26  nav 0.19|0.25|0.25  agr 0.59|0.60|0.61  mob 0.21|0.26|0.27
   dearness p50/p90  staple 1.25/4.00 · metal 1.17/4.00 · materials 1.67/4.00   (need = 1 + II·max(0, p − 1): p ≤ 1 ⇒ the engine idles)
   throttles p50/p90  sciMul 3.26/3.51 · needAgri 1.06/1.75 · needMetal 1.04/1.75 · needSea 1.22/1.75 · fleet 1.00 · hegF 0.00/0.00
   met frontier: Tufngoze m0.26 cap1.00 need1.41 sci3.57 · Nawaxexi m0.26 cap1.00 need1.57 sci3.47 · Pomponsom m0.25 cap1.00 need1.00 sci3.24

[peopleSim] hearth candidate at (124,21) (6.0E 58.5N) stood down — the farming package arrived before it was invented
