[harness] tree 057eab9
[SIM_TUNE] {"DAWN_LIVE":1,"STATE_RECORDS":1,"LAND_KNOW":1,"PEER_SEATS":1,"FOUND_DRIFT":1,"ABSORB_ORG_ERA":1,"TRIBUTE_UP":0.33,"ENGULF":8,"FEAR_REACH":1,"WAR_FINISH":1,"SMALL_WAR":8,"RELIEF_REACH":1,"EXCH_WAVE":3,"TECH_USE":1,"VASSAL_LEVY":0.5,"DISSOLVE_CORE":1,"SETT_STRIDE":3,"TRADE_STRIDE":5,"CAGE_FILL":1}
Earth (Sim): using real NCEP/NCAR precipitation + air temperature
[peopleSim] hearth pin Nile picked at tile (138,41) (27.0E 28.5N) — maturity deferred to the stagger law
[peopleSim] hearth pin Mesopotamia picked at tile (149,38) (43.5E 33.0N) — maturity deferred to the stagger law
[peopleSim] hearth pin Indus picked at tile (166,41) (69.0E 28.5N) — maturity deferred to the stagger law
[peopleSim] hearth pin Yellow River picked at tile (197,38) (115.5E 33.0N) — maturity deferred to the stagger law
[peopleSim] hearth candidate at (138,41) (27.0E 28.5N) score 7.22 pkg=wheat(suit 0.98) — ARMED: ~920y of peopled-basin time from maturity
[peopleSim] hearth candidate at (149,38) (43.5E 33.0N) score 6.30 pkg=wheat(suit 0.99) — ARMED: ~906y of peopled-basin time from maturity
[peopleSim] hearth candidate at (166,41) (69.0E 28.5N) score 5.81 pkg=wheat(suit 0.82) — ARMED: ~1093y of peopled-basin time from maturity
[peopleSim] hearth candidate at (197,38) (115.5E 33.0N) score 6.45 pkg=rice(suit 1.04) — ARMED: ~2412y of peopled-basin time from maturity
[peopleSim] hearth candidate at (52,35) (-102.0E 37.5N) score 4.47 pkg=maize(suit 0.87) — ARMED: ~5163y of peopled-basin time from maturity
[peopleSim] hearth candidate at (112,50) (-12.0E 15.0N) score 3.39 pkg=sorghum(suit 0.64) — ARMED: ~3149y of peopled-basin time from maturity
[peopleSim] hearth candidate at (137,74) (25.5E -21.0N) score 1.69 pkg=tubers(suit 0.86) — ARMED: ~3487y of peopled-basin time from maturity
[peopleSim] hearth candidate at (72,71) (-72.0E -16.5N) score 1.34 pkg=tubers(suit 0.70) — ARMED: ~4270y of peopled-basin time from maturity
[peopleSim] hearth candidate at (124,21) (6.0E 58.5N) score 0.50 — ARMED: ~13000y of peopled-basin time from maturity
[peopleSim] hearth candidate at (185,59) (97.5E 1.5N) score 0.50 — ARMED: ~13000y of peopled-basin time from maturity
[popField] worker pool engaged: 4 bands
[transHeap] step=24 cap=1024 peakN=0 pushes=0 (0.0MB backing)
[peopleSim] AGRICULTURE INVENTED at (138,41) (27.0E 28.5N) — the basin farms; a city will rise when its market gathers one (score 7.22)
[peopleSim] AGRICULTURE INVENTED at (149,38) (43.5E 33.0N) — the basin farms; a city will rise when its market gathers one (score 6.30)
[peopleSim] AGRICULTURE INVENTED at (166,41) (69.0E 28.5N) — the basin farms; a city will rise when its market gathers one (score 5.81)
[peopleSim] AGRICULTURE INVENTED at (197,38) (115.5E 33.0N) — the basin farms; a city will rise when its market gathers one (score 6.45)
[peopleSim] AGRICULTURE INVENTED at (112,50) (-12.0E 15.0N) — the basin farms; a city will rise when its market gathers one (score 3.39)
[peopleSim] AGRICULTURE INVENTED at (137,74) (25.5E -21.0N) — the basin farms; a city will rise when its market gathers one (score 1.69)
[peopleSim] hearth candidate at (124,21) (6.0E 58.5N) stood down — the farming package arrived before it was invented
[peopleSim] hearth candidate at (72,71) (-72.0E -16.5N) stood down — the farming package arrived before it was invented
[transHeap] step=22200 cap=2048 peakN=1317 pushes=9531 (0.0MB backing)
[peopleSim] hearth candidate at (52,35) (-102.0E 37.5N) stood down — the farming package arrived before it was invented
[peopleSim] hearth candidate at (185,59) (97.5E 1.5N) stood down — the farming package arrived before it was invented
[transHeap] step=27744 cap=4096 peakN=2157 pushes=9924 (0.0MB backing)

=== GENESIS CHRONOLOGY  480x240 (tw=240)  seed 8817  OBSERVED + arm  34000 steps ===
  milestone                    step  disp(−5250)   YD(−9700)      real
  farming (agr .15)            8250      3187 BC     7637 BC   9000 BC
  pottery (con .18)            8250      3187 BC     7637 BC   6900 BC
  tallies/towns (org .28)     19750       312 BC     4762 BC   3700 BC
  writing/states (org .35)    20500       125 BC     4575 BC   3200 BC
  bronze (met .35)            20000       250 BC     4700 BC   3200 BC
  sailing (nav .30)           19000       500 BC     4950 BC   5500 BC
  galleys (nav .58)           28750      1938 AD     2512 BC   1500 BC
  iron (met .70)                  —            —           —   1200 BC
  first CITY                  19750       312 BC     4762 BC   3200 BC
  first STATE                 20500       125 BC     4575 BC   3100 BC

  SPANS  t0→farming 8250 ticks (2063y)  farming→writing 12250 ticks (3063y)  — real: ~700-2000y and ~5800y (ratio ~3-8)
  sim ratio 1.48 — the Neolithic-stretch target is the farming→writing span reaching ~4-6x t0→farming
