[harness] tree e167a17
[SIM_TUNE] {"DAWN_LIVE":1,"STATE_RECORDS":1,"LAND_KNOW":1,"PEER_SEATS":1,"FOUND_DRIFT":1,"ABSORB_ORG_ERA":1,"TRIBUTE_UP":0.33,"ENGULF":8,"FEAR_REACH":1,"WAR_FINISH":1,"SMALL_WAR":8,"RELIEF_REACH":1,"EXCH_WAVE":3,"TECH_USE":1,"VASSAL_LEVY":0.5,"DISSOLVE_CORE":1,"SETT_STRIDE":3,"TRADE_STRIDE":5,"CAGE_FILL":1}
Earth (Sim): using real NCEP/NCAR precipitation + air temperature
[peopleSim] hearth pin Nile picked at tile (138,41) (27.0E 28.5N) — maturity deferred to the stagger law
[peopleSim] hearth pin Mesopotamia picked at tile (150,38) (45.0E 33.0N) — maturity deferred to the stagger law
[peopleSim] hearth pin Indus picked at tile (166,41) (69.0E 28.5N) — maturity deferred to the stagger law
[peopleSim] hearth pin Yellow River picked at tile (197,38) (115.5E 33.0N) — maturity deferred to the stagger law
[peopleSim] hearth candidate at (138,41) (27.0E 28.5N) score 7.42 pkg=wheat(suit 0.98) — ARMED: ~920y of peopled-basin time from maturity
[peopleSim] hearth candidate at (150,38) (45.0E 33.0N) score 6.42 pkg=wheat(suit 1.00) — ARMED: ~900y of peopled-basin time from maturity
[peopleSim] hearth candidate at (166,41) (69.0E 28.5N) score 5.74 pkg=wheat(suit 0.82) — ARMED: ~1102y of peopled-basin time from maturity
[peopleSim] hearth candidate at (197,38) (115.5E 33.0N) score 6.42 pkg=rice(suit 1.03) — ARMED: ~2422y of peopled-basin time from maturity
[peopleSim] hearth candidate at (52,35) (-102.0E 37.5N) score 4.48 pkg=maize(suit 0.87) — ARMED: ~5171y of peopled-basin time from maturity
[peopleSim] hearth candidate at (113,49) (-10.5E 16.5N) score 3.40 pkg=sorghum(suit 0.61) — ARMED: ~3272y of peopled-basin time from maturity
[peopleSim] hearth candidate at (139,74) (28.5E -21.0N) score 1.62 pkg=tubers(suit 0.85) — ARMED: ~3515y of peopled-basin time from maturity
[peopleSim] hearth candidate at (72,71) (-72.0E -16.5N) score 1.34 pkg=tubers(suit 0.70) — ARMED: ~4270y of peopled-basin time from maturity
[peopleSim] hearth candidate at (124,21) (6.0E 58.5N) score 0.50 — ARMED: ~13000y of peopled-basin time from maturity
[peopleSim] hearth candidate at (210,62) (135.0E -3.0N) score 0.50 — ARMED: ~13000y of peopled-basin time from maturity
[popField] worker pool engaged: 4 bands
[transHeap] step=24 cap=1024 peakN=0 pushes=0 (0.0MB backing)
[peopleSim] AGRICULTURE INVENTED at (138,41) (27.0E 28.5N) — the basin farms; a city will rise when its market gathers one (score 7.42)
[peopleSim] AGRICULTURE INVENTED at (150,38) (45.0E 33.0N) — the basin farms; a city will rise when its market gathers one (score 6.42)
[peopleSim] AGRICULTURE INVENTED at (166,41) (69.0E 28.5N) — the basin farms; a city will rise when its market gathers one (score 5.74)
[peopleSim] AGRICULTURE INVENTED at (197,38) (115.5E 33.0N) — the basin farms; a city will rise when its market gathers one (score 6.42)
[peopleSim] AGRICULTURE INVENTED at (113,49) (-10.5E 16.5N) — the basin farms; a city will rise when its market gathers one (score 3.40)
[peopleSim] AGRICULTURE INVENTED at (139,74) (28.5E -21.0N) — the basin farms; a city will rise when its market gathers one (score 1.62)
[peopleSim] AGRICULTURE INVENTED at (72,71) (-72.0E -16.5N) — the basin farms; a city will rise when its market gathers one (score 1.34)
[peopleSim] hearth candidate at (124,21) (6.0E 58.5N) stood down — the farming package arrived before it was invented
[transHeap] step=25224 cap=2048 peakN=1063 pushes=6910 (0.0MB backing)
[peopleSim] AGRICULTURE INVENTED at (52,35) (-102.0E 37.5N) — the basin farms; a city will rise when its market gathers one (score 4.48)
[peopleSim] hearth candidate at (210,62) (135.0E -3.0N) stood down — the farming package arrived before it was invented
[transHeap] step=31272 cap=4096 peakN=2067 pushes=9739 (0.0MB backing)

=== GENESIS CHRONOLOGY  480x240 (tw=240)  seed 4242  OBSERVED + arm  36000 steps ===
  milestone                    step  disp(−5250)   YD(−9700)      real
  farming (agr .15)            8250      3187 BC     7637 BC   9000 BC
  pottery (con .18)            8250      3187 BC     7637 BC   6900 BC
  tallies/towns (org .28)     22750       438 AD     4012 BC   3700 BC
  writing/states (org .35)    23500       625 AD     3825 BC   3200 BC
  bronze (met .35)            20750        62 BC     4512 BC   3200 BC
  sailing (nav .30)           19500       375 BC     4825 BC   5500 BC
  galleys (nav .58)           29250      2063 AD     2387 BC   1500 BC
  iron (met .70)                  —            —           —   1200 BC
  first CITY                  22750       438 AD     4012 BC   3200 BC
  first STATE                 23750       688 AD     3762 BC   3100 BC

  SPANS  t0→farming 8250 ticks (2063y)  farming→writing 15250 ticks (3813y)  — real: ~700-2000y and ~5800y (ratio ~3-8)
  sim ratio 1.85 — the Neolithic-stretch target is the farming→writing span reaching ~4-6x t0→farming
