[harness] tree e167a17
[SIM_TUNE] {"DAWN_LIVE":1,"STATE_RECORDS":1,"LAND_KNOW":1,"PEER_SEATS":1,"FOUND_DRIFT":1,"ABSORB_ORG_ERA":1,"TRIBUTE_UP":0.33,"ENGULF":8,"FEAR_REACH":1,"WAR_FINISH":1,"SMALL_WAR":8,"RELIEF_REACH":1,"EXCH_WAVE":3,"TECH_USE":1,"VASSAL_LEVY":0.5,"DISSOLVE_CORE":1,"SETT_STRIDE":3,"TRADE_STRIDE":5,"CAGE_FILL":1}
Earth (Sim): using real NCEP/NCAR precipitation + air temperature
[peopleSim] hearth pin Nile picked at tile (138,41) (27.0E 28.5N) — maturity deferred to the stagger law
[peopleSim] hearth pin Mesopotamia picked at tile (148,36) (42.0E 36.0N) — maturity deferred to the stagger law
[peopleSim] hearth pin Indus picked at tile (167,41) (70.5E 28.5N) — maturity deferred to the stagger law
[peopleSim] hearth pin Yellow River picked at tile (196,39) (114.0E 31.5N) — maturity deferred to the stagger law
[peopleSim] hearth candidate at (138,41) (27.0E 28.5N) score 7.28 pkg=wheat(suit 0.98) — ARMED: ~920y of peopled-basin time from maturity
[peopleSim] hearth candidate at (148,36) (42.0E 36.0N) score 5.50 pkg=wheat(suit 0.91) — ARMED: ~988y of peopled-basin time from maturity
[peopleSim] hearth candidate at (167,41) (70.5E 28.5N) score 5.89 pkg=wheat(suit 0.83) — ARMED: ~1086y of peopled-basin time from maturity
[peopleSim] hearth candidate at (196,39) (114.0E 31.5N) score 6.07 pkg=rice(suit 1.05) — ARMED: ~2388y of peopled-basin time from maturity
[peopleSim] hearth candidate at (52,35) (-102.0E 37.5N) score 4.48 pkg=maize(suit 0.87) — ARMED: ~5163y of peopled-basin time from maturity
[peopleSim] hearth candidate at (113,49) (-10.5E 16.5N) score 3.40 pkg=sorghum(suit 0.61) — ARMED: ~3266y of peopled-basin time from maturity
[peopleSim] hearth candidate at (137,74) (25.5E -21.0N) score 1.71 pkg=tubers(suit 0.87) — ARMED: ~3456y of peopled-basin time from maturity
[peopleSim] hearth candidate at (72,71) (-72.0E -16.5N) score 1.34 pkg=tubers(suit 0.70) — ARMED: ~4269y of peopled-basin time from maturity
[peopleSim] hearth candidate at (124,21) (6.0E 58.5N) score 0.50 — ARMED: ~13000y of peopled-basin time from maturity
[peopleSim] hearth candidate at (188,62) (102.0E -3.0N) score 0.50 — ARMED: ~13000y of peopled-basin time from maturity
[popField] worker pool engaged: 4 bands
[transHeap] step=24 cap=1024 peakN=0 pushes=0 (0.0MB backing)
[peopleSim] AGRICULTURE INVENTED at (138,41) (27.0E 28.5N) — the basin farms; a city will rise when its market gathers one (score 7.28)
[peopleSim] AGRICULTURE INVENTED at (148,36) (42.0E 36.0N) — the basin farms; a city will rise when its market gathers one (score 5.50)
[peopleSim] AGRICULTURE INVENTED at (167,41) (70.5E 28.5N) — the basin farms; a city will rise when its market gathers one (score 5.89)
[peopleSim] AGRICULTURE INVENTED at (196,39) (114.0E 31.5N) — the basin farms; a city will rise when its market gathers one (score 6.07)
[peopleSim] AGRICULTURE INVENTED at (137,74) (25.5E -21.0N) — the basin farms; a city will rise when its market gathers one (score 1.71)
[peopleSim] AGRICULTURE INVENTED at (113,49) (-10.5E 16.5N) — the basin farms; a city will rise when its market gathers one (score 3.40)
[peopleSim] AGRICULTURE INVENTED at (72,71) (-72.0E -16.5N) — the basin farms; a city will rise when its market gathers one (score 1.34)
[peopleSim] AGRICULTURE INVENTED at (52,35) (-102.0E 37.5N) — the basin farms; a city will rise when its market gathers one (score 4.48)
[peopleSim] hearth candidate at (124,21) (6.0E 58.5N) stood down — the farming package arrived before it was invented
[peopleSim] hearth candidate at (188,62) (102.0E -3.0N) stood down — the farming package arrived before it was invented
[transHeap] step=29760 cap=2048 peakN=1077 pushes=9980 (0.0MB backing)
[transHeap] step=33792 cap=4096 peakN=2214 pushes=9941 (0.0MB backing)

=== GENESIS CHRONOLOGY  480x240 (tw=240)  seed 777  OBSERVED + arm  36000 steps ===
  milestone                    step  disp(−5250)   YD(−9700)      real
  farming (agr .15)            8250      3187 BC     7637 BC   9000 BC
  pottery (con .18)            8250      3187 BC     7637 BC   6900 BC
  tallies/towns (org .28)     25000      1000 AD     3450 BC   3700 BC
  writing/states (org .35)    27000      1500 AD     2950 BC   3200 BC
  bronze (met .35)            20750        62 BC     4512 BC   3200 BC
  sailing (nav .30)           19250       437 BC     4887 BC   5500 BC
  galleys (nav .58)           28750      1938 AD     2512 BC   1500 BC
  iron (met .70)                  —            —           —   1200 BC
  first CITY                  25000      1000 AD     3450 BC   3200 BC
  first STATE                 27250      1563 AD     2887 BC   3100 BC

  SPANS  t0→farming 8250 ticks (2063y)  farming→writing 18750 ticks (4688y)  — real: ~700-2000y and ~5800y (ratio ~3-8)
  sim ratio 2.27 — the Neolithic-stretch target is the farming→writing span reaching ~4-6x t0→farming
