[harness] tree 0bce640
[SIM_TUNE] {"CAGE_FILL":1}
[stylized] seed 777 · 480x240 · 21000 steps
[peopleSim] hearth pin Nile picked at tile (138,40) (27.0E 30.0N) — maturity deferred to the stagger law
[peopleSim] hearth pin Mesopotamia picked at tile (149,38) (43.5E 33.0N) — maturity deferred to the stagger law
[peopleSim] hearth pin Indus picked at tile (167,41) (70.5E 28.5N) — maturity deferred to the stagger law
[peopleSim] hearth pin Yellow River picked at tile (197,38) (115.5E 33.0N) — maturity deferred to the stagger law
[peopleSim] hearth Takomputpam at (138,40) (27.0E 30.0N) score 7.01 pkg=wheat(suit 1.00) — matured 900y into prehistory (wave age 5100y)
[peopleSim] hearth Sudiiti at (149,38) (43.5E 33.0N) score 6.23 pkg=wheat(suit 1.00) — matured 900y into prehistory (wave age 5100y)
[peopleSim] hearth Dwamtíxip at (167,41) (70.5E 28.5N) score 6.46 pkg=wheat(suit 0.98) — matured 917y into prehistory (wave age 5083y)
[peopleSim] hearth Ēfǐudìu at (197,38) (115.5E 33.0N) score 6.15 pkg=rice(suit 0.96) — matured 2610y into prehistory (wave age 3390y)
[peopleSim] hearth candidate at (53,40) (-100.5E 30.0N) score 2.26 pkg=maize(suit 0.55) — ARMED: ~2224y of peopled-basin time from maturity
[peopleSim] hearth Tasayyo at (139,73) (28.5E -19.5N) score 1.23 pkg=tubers(suit 0.76) — matured 3969y into prehistory (wave age 2031y)
[peopleSim] hearth candidate at (69,66) (-76.5E -9.0N) score 0.64 pkg=tubers(suit 0.46) — ARMED: ~531y of peopled-basin time from maturity
[peopleSim] hearth candidate at (119,56) (-1.5E 6.0N) score 0.50 pkg=tubers(suit 0.21) — ARMED: ~8541y of peopled-basin time from maturity
[peopleSim] hearth candidate at (31,23) (-133.5E 55.5N) score 0.50 pkg=maize(suit 0.16) — ARMED: ~22276y of peopled-basin time from maturity
[peopleSim] hearth candidate at (117,23) (-4.5E 55.5N) score 0.50 pkg=wheat(suit 0.10) — ARMED: ~7000y of peopled-basin time from maturity
[popField] worker pool engaged: 4 bands
[transHeap] step=24 cap=1024 peakN=958 pushes=5782 (0.0MB backing)
[peopleSim] AGRICULTURE INVENTED at (69,66) (-76.5E -9.0N) — the basin farms; a city will rise when its market gathers one (score 0.64)
[peopleSim] AGRICULTURE INVENTED at (53,40) (-100.5E 30.0N) — the basin farms; a city will rise when its market gathers one (score 2.26)
[stylized] simulated in 86s

  ok    Zipf rank-size slope: n/a   (only 9 cities > 10k urban core — register real, slope unfittable)
  ok    largest empire's share of claimed land: 21%   (13 polities on 1107 tiles)
  ok    empire area tail (largest/median): 3.2
        (realm AREA, unscored: largest 3568k km² · median 1123k km² · reference: Bronze hegemon ~0.5-1M, Rome ~5M, Han ~6.5M)
        (empire mortality, unscored: back-half top-3 union 5 realms · 81 secessions — deep check: node tools/probe_empires.mjs)
  ok    polity lifespans: n/a   (4 fallen polities — record live, sample too small to score)
  ok    wars per 1000 steps per polity: 0.12   (1.5/1k across 13 realms)
  ok    wars amid succession crises: 4/32   (human causes visible)
        (0 across state-faith lines)
  ok    tech diffusion gradient: n/a   (no cradle origins resolvable (28 root cultures — origins died; dawn demonstrably ran))
  ok    urbanization vs development: 4.5%   (agrarian era: a minority in cities (2-25%))
  ok    population ~ development (monotone): 0.99   (log-pop vs leading agriculture)
  ok    growth accelerates with development: n/a   (pre-industrial run: modern agriculture never discovered — the accelerating chapter is absent)
  ok    price gates: n/a   (baseline not locked long enough)
  ok    trade intensity vs transport: 1.1   (flow×1000/wealth; median nav+mob 0.63 → band 0.05-150)
  ok    war deadliness tail (largest/median): 7.0   (11 wars reckoned; top3mean/med 5.5)
        (greatest war's share of all war dead: 27% across 11 wars — count-sensitive, unscored)
  ok    culture count ~ area^k, k<1: 0.29   (diversity grows with territory, sublinearly (k<1))
  ok    clustering: n/a   (too few settlements)
  ok    fish share of food supply: 0.0%   (0% of population lives majority-fish [soft bar ≤40% Tier-B])
  FAIL  civilization alive: 18 settlements, pop 8454
  ok    wealth finite: 125062
  ok    polities exist: 13
        (registries: 31 cultures · 8 faiths · 76 dynasties · 3516 persons · 1684 events)

[stylized] 1 HARD failure(s), 0 soft warning(s)
