[harness] tree bac92b1
[SIM_TUNE] {"CAGE_FILL":1}
[stylized] seed 777 · 480x240 · 24000 steps
[peopleSim] hearth pin Nile picked at tile (138,40) (27.0E 30.0N) — maturity deferred to the stagger law
[peopleSim] hearth pin Mesopotamia picked at tile (149,38) (43.5E 33.0N) — maturity deferred to the stagger law
[peopleSim] hearth pin Indus picked at tile (167,41) (70.5E 28.5N) — maturity deferred to the stagger law
[peopleSim] hearth pin Yellow River picked at tile (197,38) (115.5E 33.0N) — maturity deferred to the stagger law
[peopleSim] hearth Takomputpam at (138,40) (27.0E 30.0N) score 7.01 pkg=wheat(suit 1.00) — matured 900y into prehistory (wave age 5100y)
[peopleSim] hearth Sudiiti at (149,38) (43.5E 33.0N) score 6.23 pkg=wheat(suit 1.00) — matured 900y into prehistory (wave age 5100y)
[peopleSim] hearth Dwamtíxip at (167,41) (70.5E 28.5N) score 6.46 pkg=wheat(suit 0.98) — matured 917y into prehistory (wave age 5083y)
[peopleSim] hearth Ēfǐudìu at (197,38) (115.5E 33.0N) score 6.15 pkg=rice(suit 0.96) — matured 2610y into prehistory (wave age 3390y)
[peopleSim] hearth candidate at (53,40) (-100.5E 30.0N) score 2.26 pkg=maize(suit 0.55) — ARMED: ~2224y of peopled-basin time from maturity
[peopleSim] hearth Tasayyo at (139,73) (28.5E -19.5N) score 1.23 pkg=tubers(suit 0.76) — matured 3969y into prehistory (wave age 2031y)
[peopleSim] hearth candidate at (69,66) (-76.5E -9.0N) score 0.64 pkg=tubers(suit 0.46) — ARMED: ~531y of peopled-basin time from maturity
[peopleSim] hearth candidate at (119,56) (-1.5E 6.0N) score 0.50 pkg=tubers(suit 0.21) — ARMED: ~8541y of peopled-basin time from maturity
[peopleSim] hearth candidate at (31,23) (-133.5E 55.5N) score 0.50 pkg=maize(suit 0.16) — ARMED: ~22276y of peopled-basin time from maturity
[peopleSim] hearth candidate at (117,23) (-4.5E 55.5N) score 0.50 pkg=wheat(suit 0.10) — ARMED: ~7000y of peopled-basin time from maturity
[popField] worker pool engaged: 4 bands
[transHeap] step=24 cap=1024 peakN=958 pushes=5782 (0.0MB backing)
[peopleSim] AGRICULTURE INVENTED at (69,66) (-76.5E -9.0N) — the basin farms; a city will rise when its market gathers one (score 0.64)
[peopleSim] AGRICULTURE INVENTED at (53,40) (-100.5E 30.0N) — the basin farms; a city will rise when its market gathers one (score 2.26)
[transHeap] step=23712 cap=2048 peakN=1145 pushes=5993 (0.0MB backing)
[stylized] simulated in 127s

  ok    Zipf rank-size slope: n/a   (only 12 cities > 10k urban core — register real, slope unfittable)
  ok    largest empire's share of claimed land: 24%   (13 polities on 1620 tiles)
  ok    empire area tail (largest/median): 4.4
        (realm AREA, unscored: largest 6091k km² · median 1384k km² · reference: Bronze hegemon ~0.5-1M, Rome ~5M, Han ~6.5M)
        (empire mortality, unscored: back-half top-3 union 5 realms · 121 secessions — deep check: node tools/probe_empires.mjs)
  ok    state lifespan median (incl. living, censored): 6500 steps (~1625y)   (17 fallen + 503 living)
        (fallen-only median 1837 steps ~459y; 1/17 fallen within 100 steps — the revolt-churn mode, mechanism item)
  ok    lifespan heavy tail incl. living (max/median): 13.1   (oldest living 24000 steps)
  ok    wars per 1000 steps per polity: 0.21   (3.3/1k across 16 realms)
  ok    wars amid succession crises: 4/79   (human causes visible)
        (0 across state-faith lines)
  warn  tech ~ cradle-distance correlation: 0.42   (knowledge should not lead OUTWARD (earned-span re-baseline 2026-07))
  ok    urbanization vs development: 4.9%   (agrarian era: a minority in cities (2-25%))
  ok    population ~ development (monotone): 0.99   (log-pop vs leading agriculture)
  ok    growth accelerates with development: n/a   (pre-industrial run: modern agriculture never discovered — the accelerating chapter is absent)
  ok    price level bounded: 1.34   (people-weighted raw M/T÷baseline (sim-clamped mean 0.99, 0 components pegged at cap))
  ok    market integration narrows prices (Δ): n/a   (no component-drop window in the sampled span (Pearson -0.53, unscored))
  ok    trade intensity vs transport: 1.0   (flow×1000/wealth; median nav+mob 0.74 → band 0.05-150)
  ok    war deadliness tail (largest/median): 15.0   (26 wars reckoned; top3mean/med 13.1)
        (greatest war's share of all war dead: 17% across 26 wars — count-sensitive, unscored)
  ok    culture count ~ area^k, k<1: 0.29   (diversity grows with territory, sublinearly (k<1))
  ok    clustering: n/a   (too few settlements)
  ok    fish share of food supply: 0.0%   (0% of population lives majority-fish [soft bar ≤40% Tier-B])
  ok    civilization alive: 24 settlements, pop 12724
  ok    wealth finite: 250462
  ok    polities exist: 16
        (registries: 36 cultures · 10 faiths · 129 dynasties · 4673 persons · 2756 events)

[stylized] all hard gates passed · 1 soft warning(s) (budget 2)
