[harness] tree 364a454
[SIM_TUNE] {"SEED_EXCLUSIVE":1}
Earth (Sim): using real NCEP/NCAR precipitation + air temperature
[peopleSim] hearth pin Nile picked at tile (138,41) (27.0E 28.5N) — maturity deferred to the stagger law
[peopleSim] hearth pin Mesopotamia picked at tile (149,38) (43.5E 33.0N) — maturity deferred to the stagger law
[peopleSim] hearth pin Indus picked at tile (166,41) (69.0E 28.5N) — maturity deferred to the stagger law
[peopleSim] hearth pin Yellow River picked at tile (197,38) (115.5E 33.0N) — maturity deferred to the stagger law
[peopleSim] hearth Ňěňní at (138,41) (27.0E 28.5N) score 7.22 pkg=wheat(suit 0.98) — matured 920y into prehistory (wave age 5080y)
[peopleSim] hearth Pephamdo at (149,38) (43.5E 33.0N) score 6.30 pkg=wheat(suit 0.99) — matured 906y into prehistory (wave age 5094y)
[peopleSim] hearth Pomponsom at (166,41) (69.0E 28.5N) score 5.81 pkg=wheat(suit 0.82) — matured 1093y into prehistory (wave age 4907y)
[peopleSim] hearth Fevvon at (197,38) (115.5E 33.0N) score 6.45 pkg=rice(suit 1.04) — matured 2412y into prehistory (wave age 3588y)
[peopleSim] hearth Nawaxexi at (52,35) (-102.0E 37.5N) score 4.47 pkg=maize(suit 0.87) — matured 5163y into prehistory (wave age 837y)
[peopleSim] hearth Sasfesu at (112,50) (-12.0E 15.0N) score 3.39 pkg=sorghum(suit 0.64) — matured 3149y into prehistory (wave age 2851y)
[peopleSim] hearth Wityim at (137,74) (25.5E -21.0N) score 1.69 pkg=tubers(suit 0.86) — matured 3487y into prehistory (wave age 2513y)
[peopleSim] hearth Ninuvy at (72,71) (-72.0E -16.5N) score 1.34 pkg=tubers(suit 0.70) — matured 4270y into prehistory (wave age 1730y)
[peopleSim] hearth Bofvu at (124,21) (6.0E 58.5N) score 0.50 pkg=wheat(suit 0.19) — matured 4837y into prehistory (wave age 1163y)
[peopleSim] hearth candidate at (185,59) (97.5E 1.5N) score 0.50 pkg=rice(suit 0.16) — ARMED: ~9481y of peopled-basin time from maturity
[popField] worker pool engaged: 4 bands
[transHeap] step=24 cap=2048 peakN=1299 pushes=9434 (0.0MB backing)
[peopleSim] hearth candidate at (185,59) (97.5E 1.5N) stood down — the farming package arrived before it was invented
[transHeap] step=28752 cap=4096 peakN=2081 pushes=10268 (0.0MB backing)

=== WHERE IS CIVILIZATION  480x240 (tw=240)  seed 8817  30000 steps ===
  63 settled · 31 realms

  ── 1. THE ATLAS (urban people by region, and per Mkm² of its land) ──
  region             cities   urban ppl   per Mkm²   largest realms cap/tile*  pop/Mkm²  fill
  E Europe/Russia         3        326k        79k      166k      2    109816    918886  0.54
  Indus/NW India          3         91k        41k       46k      3     17153    367759  1.08
  N China                 3         85k        34k       38k      0     54789    776384  0.70
  Anatolia/Levant         2         57k        27k       35k      0     48175    293124  0.54
  Mesopotamia             1         35k        26k       35k      0     35576    148130  0.80
  Egypt/Nile              2         63k        25k       54k      1     64552    280651  0.51
  Ethiopia/E Africa       2         69k        17k       54k      1     23019    218802  0.85
  W Europe                2         19k        12k       12k      1     60892    452719  0.63
  Greece/Italy            1         12k        10k       12k      0     60979    467042  0.53
  W Sahel                 1         20k         5k       20k      1     22478    252549  0.84
  Mesoamerica             1          7k         5k        7k      1     18084    165275  0.51
  Andes                   1         10k         3k       10k      1      6782    152856  0.95
  SE Asia                 2          9k         3k        7k      1     11733    166013  0.92
  (*cap/tile = the capacity-WEIGHTED mean per tile — the land the region's people actually
   stand on, so a rich thin ribbon is not buried in the desert beside it. High cap+pop with no
   cities ⇒ a FORMATION defect; low weighted cap ⇒ the land itself is under-fed.)

  ── 2. THE URBAN LADDER (city cores, real people) ──
  ≤15k (the minting floor)     28  ████████████████████████████
  15-30k                       15  ███████████████
  30-60k                        9  █████████
  60-120k                       4  ████
  120-300k                      6  ██████
  >300k                         1  █
  urban core p50/p90/max: 20k / 146k / 800k

  ── 3. THE GRAIN SHED (market hauls, great-circle km) ──
  hauls 150 · km p50 1461 · p90 2879 · max 5137
  (history: overland grain ~20-100 km; riverine/coastal to ~1,500 km — Egypt→Rome)
  importers 38 · top-3 take 40% of all landed grain · top-10 72%
  (a handful of importers taking most of the grain = the owner's "shipped globally to few points")
