[harness] tree e4c8685
[SIM_TUNE] {"DAWN_LIVE":1,"STATE_RECORDS":1,"LAND_KNOW":1,"PEER_SEATS":1,"FOUND_DRIFT":1,"ABSORB_ORG_ERA":1,"TRIBUTE_UP":0.33,"ENGULF":8,"FEAR_REACH":1,"WAR_FINISH":1,"SMALL_WAR":8,"RELIEF_REACH":1,"EXCH_WAVE":3,"TECH_USE":1,"VASSAL_LEVY":0.5,"DISSOLVE_CORE":1,"SETT_STRIDE":3,"TRADE_STRIDE":5,"SEAT_ADMIN":1}
[peopleSim] hearth pin Nile picked at tile (138,40) (27.0E 30.0N) — maturity deferred to the stagger law
[peopleSim] hearth pin Mesopotamia picked at tile (149,38) (43.5E 33.0N) — maturity deferred to the stagger law
[peopleSim] hearth pin Indus picked at tile (167,41) (70.5E 28.5N) — maturity deferred to the stagger law
[peopleSim] hearth pin Yellow River picked at tile (196,38) (114.0E 33.0N) — maturity deferred to the stagger law
[peopleSim] hearth candidate at (138,40) (27.0E 30.0N) score 6.39 pkg=wheat(suit 0.92) — ARMED: ~974y of peopled-basin time from maturity
[peopleSim] hearth candidate at (149,38) (43.5E 33.0N) score 4.32 pkg=wheat(suit 0.69) — ARMED: ~1311y of peopled-basin time from maturity
[peopleSim] hearth candidate at (167,41) (70.5E 28.5N) score 6.34 pkg=wheat(suit 0.98) — ARMED: ~922y of peopled-basin time from maturity
[peopleSim] hearth candidate at (196,38) (114.0E 33.0N) score 4.11 pkg=rice(suit 0.81) — ARMED: ~3106y of peopled-basin time from maturity
[peopleSim] hearth candidate at (58,38) (-93.0E 33.0N) score 5.34 pkg=maize(suit 0.87) — ARMED: ~5148y of peopled-basin time from maturity
[peopleSim] hearth candidate at (111,53) (-13.5E 10.5N) score 1.76 pkg=sorghum(suit 0.64) — ARMED: ~3133y of peopled-basin time from maturity
[peopleSim] hearth candidate at (140,73) (30.0E -19.5N) score 1.32 pkg=tubers(suit 0.93) — ARMED: ~3243y of peopled-basin time from maturity
[peopleSim] hearth candidate at (77,72) (-64.5E -18.0N) score 0.87 pkg=tubers(suit 0.57) — ARMED: ~5283y of peopled-basin time from maturity
[peopleSim] hearth candidate at (31,23) (-133.5E 55.5N) score 0.50 — ARMED: ~13000y of peopled-basin time from maturity
[peopleSim] hearth candidate at (117,23) (-4.5E 55.5N) score 0.50 — ARMED: ~13000y of peopled-basin time from maturity

=== THE ABSORPTION BAR  480x240 (tw=240)  seed 8817  24000 steps ===
    ABSORB_ORG_ERA=1  ABSORB_ORG_MIN=0.48   (bar = the era's 0.67 quantile)
[popField] worker pool engaged: 4 bands
[transHeap] step=24 cap=1024 peakN=0 pushes=0 (0.0MB backing)
[peopleSim] AGRICULTURE INVENTED at (138,40) (27.0E 30.0N) — the basin farms; a city will rise when its market gathers one (score 6.39)
[peopleSim] AGRICULTURE INVENTED at (167,41) (70.5E 28.5N) — the basin farms; a city will rise when its market gathers one (score 6.34)
[peopleSim] AGRICULTURE INVENTED at (149,38) (43.5E 33.0N) — the basin farms; a city will rise when its market gathers one (score 4.32)
[transHeap] step=17664 cap=2048 peakN=1064 pushes=5784 (0.0MB backing)
[peopleSim] AGRICULTURE INVENTED at (196,38) (114.0E 33.0N) — the basin farms; a city will rise when its market gathers one (score 4.11)
[peopleSim] AGRICULTURE INVENTED at (140,73) (30.0E -19.5N) — the basin farms; a city will rise when its market gathers one (score 1.32)
[peopleSim] AGRICULTURE INVENTED at (111,53) (-13.5E 10.5N) — the basin farms; a city will rise when its market gathers one (score 1.76)
[peopleSim] hearth candidate at (117,23) (-4.5E 55.5N) stood down — the farming package arrived before it was invented
[peopleSim] hearth candidate at (58,38) (-93.0E 33.0N) stood down — the farming package arrived before it was invented
[peopleSim] hearth candidate at (31,23) (-133.5E 55.5N) stood down — the farming package arrived before it was invented
[peopleSim] hearth candidate at (77,72) (-64.5E -18.0N) stood down — the farming package arrived before it was invented

-- the court org distribution, and the bar it is ranked against ----------
   step  courts | org p33   p50   p67   p90   max |  BAR  | bonds  suzerain under bar
   16000      4 |     0.40  0.40  0.40  0.40  0.40 | 0.40  |     0      0 (0%)
   18000     14 |     0.46  0.46  0.46  0.49  0.49 | 0.46  |     2      1 (50%)
   20000     60 |     0.42  0.46  0.49  0.56  0.58 | 0.49  |    10      4 (40%)
   22000    113 |     0.56  0.61  0.64  0.64  0.69 | 0.64  |    31     21 (68%)
   24000    218 |     0.59  0.65  0.69  0.69  0.69 | 0.69  |    59     34 (58%)

-- the integrate funnel, per window (the sim's own tally) ----------------
   step   CAND  PASSED  pass% | orgBelow  beyondRule  noHeadroom  hazard  identity  seatTier
   18000      8       0    0.0% |       4       0       4       0       0       0
   20000     52       0    0.0% |      27       6      15       1       0       2
   22000    247       2    0.8% |     120      44      30      11       0       2
   24000    536       9    1.7% |     253      59      62      48       9       8

-- bloc vs TERRITORY: is the biggest "nation" a state or a suzerainty? ---
   step  states  singl%  biggest bloc: realms   bloc km2   the ROOT's OWN km2   converted
   16000      5     20%                     1      0.31M              0.31M        100%
   18000     15     60%                     1      0.37M              0.37M        100%
   20000     60     60%                     2      0.63M              0.35M         56%
   22000    113     63%                     4      1.02M              0.62M         61%
   24000    210     59%                     2      1.22M              0.94M         77%

