[harness] tree 7df3d8f
[SIM_TUNE] {"DAWN_LIVE":1,"STATE_RECORDS":1,"LAND_KNOW":1,"PEER_SEATS":1,"FOUND_DRIFT":1,"TRIBUTE_UP":0.33,"ENGULF":8,"FEAR_REACH":1,"WAR_FINISH":1,"SMALL_WAR":8,"RELIEF_REACH":1,"EXCH_WAVE":3,"TECH_USE":1,"VASSAL_LEVY":0.5,"DISSOLVE_CORE":1,"SETT_STRIDE":3,"TRADE_STRIDE":5,"ABSORB_ORG_ERA":1}
[peopleSim] hearth pin Nile picked at tile (276,83) (27.0E 27.8N) — maturity deferred to the stagger law
[peopleSim] hearth pin Mesopotamia picked at tile (298,76) (43.5E 33.0N) — maturity deferred to the stagger law
[peopleSim] hearth pin Indus picked at tile (333,82) (69.8E 28.5N) — maturity deferred to the stagger law
[peopleSim] hearth pin Yellow River picked at tile (387,72) (110.3E 36.0N) — maturity deferred to the stagger law
[peopleSim] hearth candidate at (276,83) (27.0E 27.8N) score 7.28 pkg=wheat(suit 1.00) — ARMED: ~903y of peopled-basin time from maturity
[peopleSim] hearth candidate at (298,76) (43.5E 33.0N) score 5.01 pkg=wheat(suit 0.77) — ARMED: ~1173y of peopled-basin time from maturity
[peopleSim] hearth candidate at (333,82) (69.8E 28.5N) score 6.69 pkg=wheat(suit 0.86) — ARMED: ~1041y of peopled-basin time from maturity
[peopleSim] hearth candidate at (387,72) (110.3E 36.0N) score 3.60 pkg=millet(suit 0.55) — ARMED: ~2710y of peopled-basin time from maturity
[peopleSim] hearth candidate at (230,99) (-7.5E 15.8N) score 3.29 pkg=sorghum(suit 0.70) — ARMED: ~2870y of peopled-basin time from maturity
[peopleSim] hearth candidate at (115,99) (-93.8E 15.8N) score 1.62 pkg=maize(suit 0.71) — ARMED: ~6381y of peopled-basin time from maturity
[peopleSim] hearth candidate at (140,140) (-75.0E -15.0N) score 1.24 pkg=tubers(suit 0.89) — ARMED: ~3390y of peopled-basin time from maturity
[peopleSim] hearth candidate at (278,142) (28.5E -16.5N) score 0.89 pkg=tubers(suit 0.43) — ARMED: ~6987y of peopled-basin time from maturity
[peopleSim] hearth candidate at (247,40) (5.2E 60.0N) score 0.50 — ARMED: ~13000y of peopled-basin time from maturity
[peopleSim] hearth candidate at (25,41) (-161.3E 59.3N) score 0.50 — ARMED: ~13000y of peopled-basin time from maturity

=== THE ABSORPTION BAR  960x480 (tw=480)  seed 8817  30000 steps ===
    ABSORB_ORG_ERA=1  ABSORB_ORG_MIN=0.48   (bar = the era's 0.67 quantile)
[popField] worker pool engaged: 4 bands
[transHeap] step=24 cap=1024 peakN=0 pushes=0 (0.0MB backing)
[peopleSim] AGRICULTURE INVENTED at (276,83) (27.0E 27.8N) — the basin farms; a city will rise when its market gathers one (score 7.28)
[peopleSim] AGRICULTURE INVENTED at (333,82) (69.8E 28.5N) — the basin farms; a city will rise when its market gathers one (score 6.69)
[peopleSim] AGRICULTURE INVENTED at (298,76) (43.5E 33.0N) — the basin farms; a city will rise when its market gathers one (score 5.01)
[transHeap] step=14640 cap=2048 peakN=2029 pushes=28506 (0.0MB backing)
[transHeap] step=15648 cap=4096 peakN=2812 pushes=29575 (0.0MB backing)
[peopleSim] hearth candidate at (387,72) (110.3E 36.0N) stood down — the farming package arrived before it was invented
[peopleSim] hearth candidate at (278,142) (28.5E -16.5N) stood down — the farming package arrived before it was invented
[transHeap] step=18168 cap=65536 peakN=38494 pushes=135597 (0.5MB backing)
[peopleSim] AGRICULTURE INVENTED at (230,99) (-7.5E 15.8N) — the basin farms; a city will rise when its market gathers one (score 3.29)
[peopleSim] AGRICULTURE INVENTED at (140,140) (-75.0E -15.0N) — the basin farms; a city will rise when its market gathers one (score 1.24)
[transHeap] step=21696 cap=131072 peakN=72011 pushes=220149 (1.0MB backing)
[peopleSim] hearth candidate at (247,40) (5.2E 60.0N) stood down — the farming package arrived before it was invented
[peopleSim] hearth candidate at (115,99) (-93.8E 15.8N) stood down — the farming package arrived before it was invented

-- the court org distribution, and the bar it is ranked against ----------
   step  courts | org p33   p50   p67   p90   max |  BAR  | bonds  suzerain under bar
   17000      9 |     0.40  0.40  0.41  0.41  0.41 | 0.41  |     0      0 (0%)
   18000     18 |     0.41  0.41  0.41  0.42  0.42 | 0.41  |     8      7 (88%)
   19000     61 |     0.41  0.41  0.41  0.42  0.42 | 0.41  |    14     13 (93%)
   20000    122 |     0.41  0.42  0.42  0.43  0.46 | 0.42  |    31     23 (74%)
   21000    137 |     0.42  0.42  0.43  0.46  0.46 | 0.43  |    42     32 (76%)
   22000    184 |     0.42  0.43  0.46  0.46  0.49 | 0.46  |    62     50 (81%)
   23000    223 |     0.43  0.46  0.46  0.49  0.56 | 0.46  |    86     56 (65%)
   24000    303 |     0.42  0.46  0.49  0.50  0.57 | 0.49  |   116     71 (61%)
   25000    387 |     0.42  0.46  0.49  0.57  0.58 | 0.49  |   147     71 (48%)
   26000    492 |     0.46  0.48  0.50  0.58  0.62 | 0.50  |   161     85 (53%)
   27000    560 |     0.46  0.50  0.57  0.60  0.65 | 0.57  |   205    120 (59%)
   28000    695 |     0.49  0.56  0.58  0.62  0.65 | 0.58  |   236    149 (63%)
   29000    787 |     0.51  0.58  0.60  0.65  0.69 | 0.60  |   250    174 (70%)
   30000    873 |     0.58  0.60  0.65  0.65  0.69 | 0.65  |   311    220 (71%)

-- the integrate funnel, per window (the sim's own tally) ----------------
   step   CAND  PASSED  pass% | orgBelow  beyondRule  noHeadroom  hazard  identity  seatTier
   18000     17       0    0.0% |      16       0       0       1       0       0
   19000     78       3    3.8% |      69       0       0       5       0       0
   20000    169       4    2.4% |     132      22       0       8       1       0
   21000    241       5    2.1% |     184      41       0      11       0       0
   22000    377       2    0.5% |     294      74       0       7       0       0
   23000    526      10    1.9% |     405      66       0      40       4       0
   24000    633      16    2.5% |     385      73       0     124       5       1
   25000    912      29    3.2% |     461     179       0     193      15       1
   26000   1074      33    3.1% |     544     182       0     223      26       3
   27000   1152      40    3.5% |     590     175       0     263      18       1
   28000   1550      37    2.4% |     860     251       0     232      23      44
   29000   1719      28    1.6% |    1080     229       0     284      35       3
   30000   1757      30    1.7% |    1183     212       0     260      26       5

-- bloc vs TERRITORY: is the biggest "nation" a state or a suzerainty? ---
   step  states  singl%  biggest bloc: realms   bloc km2   the ROOT's OWN km2   converted
   17000     11     73%                     1      0.19M              0.19M        100%
   18000     20     65%                     7      1.02M              0.65M         64%
   19000     61     72%                    12      0.47M              0.00M          1%
   20000    123     76%                     3      0.25M              0.07M         29%
   21000    138     74%                    17      0.48M              0.03M          6%
   22000    186     75%                     8      0.54M              0.36M         67%
   23000    226     72%                    11      0.90M              0.34M         37%
   24000    326     75%                    21      0.59M              0.09M         15%
   25000    392     71%                    26      1.10M              0.31M         28%
   26000    496     74%                    33      1.53M              0.23M         15%
   27000    564     71%                    39      1.65M              0.20M         12%
   28000    706     74%                    40      1.56M              0.24M         15%
   29000    784     73%                     8      1.29M              1.05M         82%
   30000    896     73%                    13      1.57M              1.20M         77%

