[harness] tree 7cf7fb0
[SIM_TUNE] {"DAWN_LIVE":1,"STATE_RECORDS":1,"LAND_KNOW":1,"PEER_SEATS":1,"FOUND_DRIFT":1,"ABSORB_ORG_ERA":1,"TRIBUTE_UP":0.33,"ENGULF":8,"FEAR_REACH":1,"WAR_FINISH":1,"SMALL_WAR":8,"RELIEF_REACH":1,"EXCH_WAVE":3,"TECH_USE":1,"VASSAL_LEVY":0.5,"DISSOLVE_CORE":1,"SETT_STRIDE":3,"TRADE_STRIDE":5}
[peopleSim] hearth pin Nile picked at tile (138,40) (27.0E 30.0N) — maturity deferred to the stagger law
[peopleSim] hearth pin Mesopotamia picked at tile (149,38) (43.5E 33.0N) — maturity deferred to the stagger law
[peopleSim] hearth pin Indus picked at tile (167,41) (70.5E 28.5N) — maturity deferred to the stagger law
[peopleSim] hearth pin Yellow River picked at tile (196,38) (114.0E 33.0N) — maturity deferred to the stagger law
[peopleSim] hearth candidate at (138,40) (27.0E 30.0N) score 6.39 pkg=wheat(suit 0.92) — ARMED: ~974y of peopled-basin time from maturity
[peopleSim] hearth candidate at (149,38) (43.5E 33.0N) score 4.32 pkg=wheat(suit 0.69) — ARMED: ~1311y of peopled-basin time from maturity
[peopleSim] hearth candidate at (167,41) (70.5E 28.5N) score 6.34 pkg=wheat(suit 0.98) — ARMED: ~922y of peopled-basin time from maturity
[peopleSim] hearth candidate at (196,38) (114.0E 33.0N) score 4.11 pkg=rice(suit 0.81) — ARMED: ~3106y of peopled-basin time from maturity
[peopleSim] hearth candidate at (58,38) (-93.0E 33.0N) score 5.34 pkg=maize(suit 0.87) — ARMED: ~5148y of peopled-basin time from maturity
[peopleSim] hearth candidate at (111,53) (-13.5E 10.5N) score 1.76 pkg=sorghum(suit 0.64) — ARMED: ~3133y of peopled-basin time from maturity
[peopleSim] hearth candidate at (140,73) (30.0E -19.5N) score 1.32 pkg=tubers(suit 0.93) — ARMED: ~3243y of peopled-basin time from maturity
[peopleSim] hearth candidate at (77,72) (-64.5E -18.0N) score 0.87 pkg=tubers(suit 0.57) — ARMED: ~5283y of peopled-basin time from maturity
[peopleSim] hearth candidate at (31,23) (-133.5E 55.5N) score 0.50 — ARMED: ~13000y of peopled-basin time from maturity
[peopleSim] hearth candidate at (117,23) (-4.5E 55.5N) score 0.50 — ARMED: ~13000y of peopled-basin time from maturity
[popField] worker pool engaged: 4 bands
[transHeap] step=24 cap=1024 peakN=0 pushes=0 (0.0MB backing)
[peopleSim] AGRICULTURE INVENTED at (138,40) (27.0E 30.0N) — the basin farms; a city will rise when its market gathers one (score 6.39)
[peopleSim] AGRICULTURE INVENTED at (167,41) (70.5E 28.5N) — the basin farms; a city will rise when its market gathers one (score 6.34)
[peopleSim] AGRICULTURE INVENTED at (149,38) (43.5E 33.0N) — the basin farms; a city will rise when its market gathers one (score 4.32)
[peopleSim] AGRICULTURE INVENTED at (196,38) (114.0E 33.0N) — the basin farms; a city will rise when its market gathers one (score 4.11)
[peopleSim] AGRICULTURE INVENTED at (140,73) (30.0E -19.5N) — the basin farms; a city will rise when its market gathers one (score 1.32)
[peopleSim] AGRICULTURE INVENTED at (111,53) (-13.5E 10.5N) — the basin farms; a city will rise when its market gathers one (score 1.76)
[peopleSim] hearth candidate at (117,23) (-4.5E 55.5N) stood down — the farming package arrived before it was invented
[peopleSim] hearth candidate at (58,38) (-93.0E 33.0N) stood down — the farming package arrived before it was invented
[transHeap] step=20688 cap=2048 peakN=1060 pushes=8158 (0.0MB backing)
[peopleSim] hearth candidate at (31,23) (-133.5E 55.5N) stood down — the farming package arrived before it was invented
[peopleSim] hearth candidate at (77,72) (-64.5E -18.0N) stood down — the farming package arrived before it was invented

=== THE CAPACITY LEDGER  480x240 (tw=240)  seed 8817  step 24000 ===
  76 realms with a stamped ledger · 293 provinced members

-- the ratio, by realm size ------------------------------------------------
  class      n     load p50     cap p50    load/cap p50/p90    covered-share p50   would pass headroom
  1 member     3      123.1        4.3       28.6/6659.7             100%          0 of 3
  2-4         45       21.2        9.0        1.5/35.5              50%         20 of 45
  5-9         21      187.0       22.0       10.3/25.6              25%          0 of 21
  10+          7      442.5       20.0       22.2/80.1              11%          0 of 7

-- WHERE the load lives: the per-member factor split -----------------------
   load = DIST x SIZExREC x LANG / COERCE      (design: a province at reach costs ~1; DIST ceilings at 25)
   factor      p10      p50      p90      max
   DIST        0.00    24.28    24.99    25.00
   SIZExREC    0.00     1.01     1.98     2.83
   LANG        1.00     1.34     1.39     1.40
   COERCE      0.42     1.06     2.28     2.50
   = load      0.00    31.22    92.23   805.87
   members with DIST pinned at the ceiling (~25): 144 of 293 (49%)

-- WHERE the capacity comes from -------------------------------------------
   term                    p50      p90
   peace (post-hyst.)     14.4     43.9
   war/fiscal throttle    0.92     1.00
   momentum                0.0      0.3
   delegated seats        0.01     0.07
   final capacity         13.6     37.9

-- the 8 most over-loaded multi-member realms ------------------------------
   mem   load     cap   ratio   covered   holdReach   name
     5   763.9     7.7   99.3x     0/5         9.1   Fípǐkúlǐā
    10   392.8     4.9   80.1x     0/10        8.2   Súnfǐulǐ
    15   589.2    10.1   58.2x     1/15        7.7   Kyombabüdyöa
     5   284.8     5.8   49.2x     1/5         9.0   Lụ̄ňārụ́
     8   291.2    11.4   25.6x     1/8         6.7   Yayiyayaph
    10   576.0    25.4   22.7x     1/10        9.2   P'otephamdtaya
     8   441.6    19.8   22.3x     1/8         4.4   Damp'altaya
    10   442.5    20.0   22.2x     1/10       10.1   Pesrazathtaya

