[harness] tree 7cf7fb0
[SIM_TUNE] {"DAWN_LIVE":1,"STATE_RECORDS":1,"LAND_KNOW":1,"PEER_SEATS":1,"FOUND_DRIFT":1,"ABSORB_ORG_ERA":1,"TRIBUTE_UP":0.33,"ENGULF":8,"FEAR_REACH":1,"WAR_FINISH":1,"SMALL_WAR":8,"RELIEF_REACH":1,"EXCH_WAVE":3,"TECH_USE":1,"VASSAL_LEVY":0.5,"DISSOLVE_CORE":1,"SETT_STRIDE":3,"TRADE_STRIDE":5}
[peopleSim] hearth pin Nile picked at tile (276,83) (27.0E 27.8N) — maturity deferred to the stagger law
[peopleSim] hearth pin Mesopotamia picked at tile (298,76) (43.5E 33.0N) — maturity deferred to the stagger law
[peopleSim] hearth pin Indus picked at tile (333,82) (69.8E 28.5N) — maturity deferred to the stagger law
[peopleSim] hearth pin Yellow River picked at tile (387,72) (110.3E 36.0N) — maturity deferred to the stagger law
[peopleSim] hearth candidate at (276,83) (27.0E 27.8N) score 7.28 pkg=wheat(suit 1.00) — ARMED: ~903y of peopled-basin time from maturity
[peopleSim] hearth candidate at (298,76) (43.5E 33.0N) score 5.01 pkg=wheat(suit 0.77) — ARMED: ~1173y of peopled-basin time from maturity
[peopleSim] hearth candidate at (333,82) (69.8E 28.5N) score 6.69 pkg=wheat(suit 0.86) — ARMED: ~1041y of peopled-basin time from maturity
[peopleSim] hearth candidate at (387,72) (110.3E 36.0N) score 3.60 pkg=millet(suit 0.55) — ARMED: ~2710y of peopled-basin time from maturity
[peopleSim] hearth candidate at (230,99) (-7.5E 15.8N) score 3.29 pkg=sorghum(suit 0.70) — ARMED: ~2870y of peopled-basin time from maturity
[peopleSim] hearth candidate at (115,99) (-93.8E 15.8N) score 1.62 pkg=maize(suit 0.71) — ARMED: ~6381y of peopled-basin time from maturity
[peopleSim] hearth candidate at (140,140) (-75.0E -15.0N) score 1.24 pkg=tubers(suit 0.89) — ARMED: ~3390y of peopled-basin time from maturity
[peopleSim] hearth candidate at (278,142) (28.5E -16.5N) score 0.89 pkg=tubers(suit 0.43) — ARMED: ~6987y of peopled-basin time from maturity
[peopleSim] hearth candidate at (247,40) (5.2E 60.0N) score 0.50 — ARMED: ~13000y of peopled-basin time from maturity
[peopleSim] hearth candidate at (25,41) (-161.3E 59.3N) score 0.50 — ARMED: ~13000y of peopled-basin time from maturity
[popField] worker pool engaged: 4 bands
[transHeap] step=24 cap=1024 peakN=0 pushes=0 (0.0MB backing)
[peopleSim] AGRICULTURE INVENTED at (276,83) (27.0E 27.8N) — the basin farms; a city will rise when its market gathers one (score 7.28)
[peopleSim] AGRICULTURE INVENTED at (333,82) (69.8E 28.5N) — the basin farms; a city will rise when its market gathers one (score 6.69)
[peopleSim] AGRICULTURE INVENTED at (298,76) (43.5E 33.0N) — the basin farms; a city will rise when its market gathers one (score 5.01)
[transHeap] step=14640 cap=2048 peakN=2029 pushes=28506 (0.0MB backing)
[transHeap] step=15648 cap=4096 peakN=2812 pushes=29575 (0.0MB backing)
[peopleSim] hearth candidate at (387,72) (110.3E 36.0N) stood down — the farming package arrived before it was invented
[peopleSim] hearth candidate at (278,142) (28.5E -16.5N) stood down — the farming package arrived before it was invented
[transHeap] step=18168 cap=65536 peakN=38494 pushes=135597 (0.5MB backing)
[peopleSim] AGRICULTURE INVENTED at (230,99) (-7.5E 15.8N) — the basin farms; a city will rise when its market gathers one (score 3.29)
[peopleSim] AGRICULTURE INVENTED at (140,140) (-75.0E -15.0N) — the basin farms; a city will rise when its market gathers one (score 1.24)
[transHeap] step=21696 cap=131072 peakN=72011 pushes=220149 (1.0MB backing)
[peopleSim] hearth candidate at (247,40) (5.2E 60.0N) stood down — the farming package arrived before it was invented
[peopleSim] hearth candidate at (115,99) (-93.8E 15.8N) stood down — the farming package arrived before it was invented

=== THE CAPACITY LEDGER  960x480 (tw=480)  seed 8817  step 30000 ===
  245 realms with a stamped ledger · 522 provinced members

-- the ratio, by realm size ------------------------------------------------
  class      n     load p50     cap p50    load/cap p50/p90    covered-share p50   would pass headroom
  1 member     6        0.1       18.6        0.0/3.5             100%          5 of 6
  2-4        233        0.7       14.3        0.1/7.8             100%        171 of 233
  5-9          6      365.6       46.0       11.0/24.8              60%          2 of 6

-- WHERE the load lives: the per-member factor split -----------------------
   load = DIST x SIZExREC x LANG / COERCE      (design: a province at reach costs ~1; DIST ceilings at 25)
   factor      p10      p50      p90      max
   DIST        0.06     0.60    24.93    24.99
   SIZExREC    1.01     1.60     2.09     3.63
   LANG        1.00     1.16     1.36     1.38
   COERCE      0.30     1.01     2.20     2.50
   = load      0.05     0.93   115.93   407.28
   members with DIST pinned at the ceiling (~25): 64 of 522 (12%)

-- WHERE the capacity comes from -------------------------------------------
   term                    p50      p90
   peace (post-hyst.)     15.1     32.2
   war/fiscal throttle    0.93     1.00
   momentum                0.0      0.3
   delegated seats        0.01     0.07
   final capacity         14.5     35.7

-- the 8 most over-loaded multi-member realms ------------------------------
   mem   load     cap   ratio   covered   holdReach   name
     9   886.5    35.7   24.8x     1/9        20.0   Nokyopa
     5   214.2    17.4   12.3x     3/5        11.3   Timpemmityopa
     7   507.4    46.0   11.0x     4/7        21.3   Tidyupy
     5   365.6    58.6    6.2x     2/5        21.0   Zṳfdyi̤z
     6     1.3    28.0    0.0x     5/6         7.8   Siwwarafia
     6     0.9    55.5    0.0x     6/6        10.8   Paljupphü

