[harness] tree 067099e
[SIM_TUNE] {"DAWN_LIVE":1,"STATE_RECORDS":1,"LAND_KNOW":1,"PEER_SEATS":1,"FOUND_DRIFT":1,"ABSORB_ORG_ERA":1,"TRIBUTE_UP":0.33,"ENGULF":8,"FEAR_REACH":1,"WAR_FINISH":1,"SMALL_WAR":8,"RELIEF_REACH":1,"EXCH_WAVE":3,"TECH_USE":1,"VASSAL_LEVY":0.5,"DISSOLVE_CORE":1,"SETT_STRIDE":3,"TRADE_STRIDE":5}
[peopleSim] hearth pin Nile picked at tile (138,40) (27.0E 30.0N) — maturity deferred to the stagger law
[peopleSim] hearth pin Mesopotamia picked at tile (149,38) (43.5E 33.0N) — maturity deferred to the stagger law
[peopleSim] hearth pin Indus picked at tile (167,41) (70.5E 28.5N) — maturity deferred to the stagger law
[peopleSim] hearth pin Yellow River picked at tile (196,38) (114.0E 33.0N) — maturity deferred to the stagger law
[peopleSim] hearth candidate at (138,40) (27.0E 30.0N) score 6.39 pkg=wheat(suit 0.92) — ARMED: ~974y of peopled-basin time from maturity
[peopleSim] hearth candidate at (149,38) (43.5E 33.0N) score 4.32 pkg=wheat(suit 0.69) — ARMED: ~1311y of peopled-basin time from maturity
[peopleSim] hearth candidate at (167,41) (70.5E 28.5N) score 6.34 pkg=wheat(suit 0.98) — ARMED: ~922y of peopled-basin time from maturity
[peopleSim] hearth candidate at (196,38) (114.0E 33.0N) score 4.11 pkg=rice(suit 0.81) — ARMED: ~3106y of peopled-basin time from maturity
[peopleSim] hearth candidate at (58,38) (-93.0E 33.0N) score 5.34 pkg=maize(suit 0.87) — ARMED: ~5148y of peopled-basin time from maturity
[peopleSim] hearth candidate at (111,53) (-13.5E 10.5N) score 1.76 pkg=sorghum(suit 0.64) — ARMED: ~3133y of peopled-basin time from maturity
[peopleSim] hearth candidate at (140,73) (30.0E -19.5N) score 1.32 pkg=tubers(suit 0.93) — ARMED: ~3243y of peopled-basin time from maturity
[peopleSim] hearth candidate at (77,72) (-64.5E -18.0N) score 0.87 pkg=tubers(suit 0.57) — ARMED: ~5283y of peopled-basin time from maturity
[peopleSim] hearth candidate at (31,23) (-133.5E 55.5N) score 0.50 — ARMED: ~13000y of peopled-basin time from maturity
[peopleSim] hearth candidate at (117,23) (-4.5E 55.5N) score 0.50 — ARMED: ~13000y of peopled-basin time from maturity

=== SEAT_BONUS_CAP — a ceiling, or a ceiling nothing reaches?  480x240 (tw=240)  seed 8817 ===
   step  realms | members p50/p90/max | seat-eligible p90/max | seatRaw p50/p90/max |  cap  | AT THE CAP | withheld share of capacity
[popField] worker pool engaged: 4 bands
[transHeap] step=24 cap=1024 peakN=0 pushes=0 (0.0MB backing)
[peopleSim] AGRICULTURE INVENTED at (138,40) (27.0E 30.0N) — the basin farms; a city will rise when its market gathers one (score 6.39)
[peopleSim] AGRICULTURE INVENTED at (167,41) (70.5E 28.5N) — the basin farms; a city will rise when its market gathers one (score 6.34)
[peopleSim] AGRICULTURE INVENTED at (149,38) (43.5E 33.0N) — the basin farms; a city will rise when its market gathers one (score 4.32)
   16000      3 |  12/ 13/  13 |        12/  12 |   0.10/ 0.10/  0.10 |  13.7 |    0 of 3     | -
   18000      6 |   5/ 44/  44 |        43/  43 |   0.11/ 0.24/  0.24 |  14.7 |    0 of 6     | -
[peopleSim] AGRICULTURE INVENTED at (196,38) (114.0E 33.0N) — the basin farms; a city will rise when its market gathers one (score 4.11)
[peopleSim] AGRICULTURE INVENTED at (140,73) (30.0E -19.5N) — the basin farms; a city will rise when its market gathers one (score 1.32)
[peopleSim] AGRICULTURE INVENTED at (111,53) (-13.5E 10.5N) — the basin farms; a city will rise when its market gathers one (score 1.76)
[peopleSim] hearth candidate at (117,23) (-4.5E 55.5N) stood down — the farming package arrived before it was invented
   20000     25 |   2/ 13/  27 |        12/  26 |   0.01/ 0.07/  0.39 |  14.3 |    0 of 25    | -
[peopleSim] hearth candidate at (58,38) (-93.0E 33.0N) stood down — the farming package arrived before it was invented
[transHeap] step=20688 cap=2048 peakN=1060 pushes=8158 (0.0MB backing)
[peopleSim] hearth candidate at (31,23) (-133.5E 55.5N) stood down — the farming package arrived before it was invented
[peopleSim] hearth candidate at (77,72) (-64.5E -18.0N) stood down — the farming package arrived before it was invented
   22000     41 |   3/  7/  11 |         6/  10 |   0.01/ 0.03/  0.11 |  14.9 |    0 of 41    | -
   24000     76 |   3/  9/  17 |         8/  15 |   0.01/ 0.07/  0.26 |  17.2 |    0 of 76    | -

  at step 24000:  76 realms
    AT the cap (seatRaw > ceiling):      0  (0.0%)
    within HALF the cap (raw >= 0.5x):   0  (0.0%)
    biggest seatRaw in the world:        0.26  against a ceiling of 17.2

  the 8 realms with the most delegated seats:
     members  seat-eligible  seatRaw  seatUsed  capacity  load  name
           2              1     0.26      0.26       7.2   0.0  Īňpìlǐā
           5              4     0.26      0.26      56.6  627.3  Srofulp'ap
           3              2     0.24      0.24      25.0   4.4  Zyip'alughatay
           5              4     0.17      0.17       7.7  763.9  Fípǐkúlǐā
           2              1     0.12      0.12       1.0   0.0  Čuvupmeptoa
           2              1     0.10      0.10      10.9  481.7  Srofulp'abtay
          11              9     0.09      0.09      25.4  576.0  P'otephamdtaya
           6              5     0.07      0.07       8.2  129.9  Tayyanfap

