[harness] tree 944027e
[SIM_TUNE] {"DAWN_LIVE":1,"STATE_RECORDS":1,"LAND_KNOW":1,"PEER_SEATS":1,"FOUND_DRIFT":1,"ABSORB_ORG_ERA":1,"TRIBUTE_UP":0.33,"ENGULF":8,"FEAR_REACH":1,"WAR_FINISH":1,"SMALL_WAR":8,"RELIEF_REACH":1,"EXCH_WAVE":3,"TECH_USE":1,"VASSAL_LEVY":0.5,"DISSOLVE_CORE":1,"SETT_STRIDE":3,"TRADE_STRIDE":5}
[peopleSim] hearth pin Nile picked at tile (138,40) (27.0E 30.0N) — maturity deferred to the stagger law
[peopleSim] hearth pin Mesopotamia picked at tile (149,38) (43.5E 33.0N) — maturity deferred to the stagger law
[peopleSim] hearth pin Indus picked at tile (167,41) (70.5E 28.5N) — maturity deferred to the stagger law
[peopleSim] hearth pin Yellow River picked at tile (196,38) (114.0E 33.0N) — maturity deferred to the stagger law
[peopleSim] hearth candidate at (138,40) (27.0E 30.0N) score 6.39 pkg=wheat(suit 0.92) — ARMED: ~974y of peopled-basin time from maturity
[peopleSim] hearth candidate at (149,38) (43.5E 33.0N) score 4.32 pkg=wheat(suit 0.69) — ARMED: ~1311y of peopled-basin time from maturity
[peopleSim] hearth candidate at (167,41) (70.5E 28.5N) score 6.34 pkg=wheat(suit 0.98) — ARMED: ~922y of peopled-basin time from maturity
[peopleSim] hearth candidate at (196,38) (114.0E 33.0N) score 4.11 pkg=rice(suit 0.81) — ARMED: ~3106y of peopled-basin time from maturity
[peopleSim] hearth candidate at (58,38) (-93.0E 33.0N) score 5.34 pkg=maize(suit 0.87) — ARMED: ~5148y of peopled-basin time from maturity
[peopleSim] hearth candidate at (111,53) (-13.5E 10.5N) score 1.76 pkg=sorghum(suit 0.64) — ARMED: ~3133y of peopled-basin time from maturity
[peopleSim] hearth candidate at (140,73) (30.0E -19.5N) score 1.32 pkg=tubers(suit 0.93) — ARMED: ~3243y of peopled-basin time from maturity
[peopleSim] hearth candidate at (77,72) (-64.5E -18.0N) score 0.87 pkg=tubers(suit 0.57) — ARMED: ~5283y of peopled-basin time from maturity
[peopleSim] hearth candidate at (31,23) (-133.5E 55.5N) score 0.50 — ARMED: ~13000y of peopled-basin time from maturity
[peopleSim] hearth candidate at (117,23) (-4.5E 55.5N) score 0.50 — ARMED: ~13000y of peopled-basin time from maturity
[popField] worker pool engaged: 4 bands
[transHeap] step=24 cap=1024 peakN=0 pushes=0 (0.0MB backing)
[peopleSim] AGRICULTURE INVENTED at (138,40) (27.0E 30.0N) — the basin farms; a city will rise when its market gathers one (score 6.39)
[peopleSim] AGRICULTURE INVENTED at (167,41) (70.5E 28.5N) — the basin farms; a city will rise when its market gathers one (score 6.34)
[peopleSim] AGRICULTURE INVENTED at (149,38) (43.5E 33.0N) — the basin farms; a city will rise when its market gathers one (score 4.32)
[peopleSim] AGRICULTURE INVENTED at (196,38) (114.0E 33.0N) — the basin farms; a city will rise when its market gathers one (score 4.11)
[peopleSim] AGRICULTURE INVENTED at (140,73) (30.0E -19.5N) — the basin farms; a city will rise when its market gathers one (score 1.32)
[peopleSim] AGRICULTURE INVENTED at (111,53) (-13.5E 10.5N) — the basin farms; a city will rise when its market gathers one (score 1.76)
[peopleSim] hearth candidate at (117,23) (-4.5E 55.5N) stood down — the farming package arrived before it was invented
[peopleSim] hearth candidate at (58,38) (-93.0E 33.0N) stood down — the farming package arrived before it was invented
[transHeap] step=20688 cap=2048 peakN=1060 pushes=8158 (0.0MB backing)
[peopleSim] hearth candidate at (31,23) (-133.5E 55.5N) stood down — the farming package arrived before it was invented
[peopleSim] hearth candidate at (77,72) (-64.5E -18.0N) stood down — the farming package arrived before it was invented

=== THE SPECKS  480x240 (tw=240)  seed 8817  step 24000 ===

  living realms with territory: 129
    SINGLETONS (one city):            65  (50%)   median 92k km2
    ENCLAVES (>=90% ringed by one realm, no coast, no wilderness):  0  (0%)
       of which vassal OF its encloser  0  <- already one bloc; the atlas paints these as the same nation
       of which vassal of someone ELSE  0  <- a distant power's client inside a rival's body
       of which INDEPENDENT             0  <- the foreign specks on the screen
    singleton AND independent enclave:  0

  AT BLOC LEVEL — what the atlas paints (98 painted nations):
    blocs >=90% ringed by ONE other bloc:        30  (31% of painted nations)
       of those, STRICT holes (no coast, no wild): 0
       of those, inside a BIGGER bloc:             20   <- "a micro nation inside a larger nation"
       their size p50 108k km2 · realms-per-speck p50 1

       AGAINST THE GATE THAT KEEPS THEM FREE — submit's SUBMIT_RATIO = 5.0x
       (conquest.js: the encloser's BLOC power must be >= 5x the speck's before
        resistance counts as hopeless; CONQUEST_CASCADE lowers it with a live
        conquest streak, floored at parity, but a peaceful hegemon pays the full 5x)
       encloser/speck POWER ratio   p10 1.1x   p50 4.9x   p90 360.7x
       ALREADY past 5x (the bar is not what holds these): 9 of 20
       under 5x (the bar IS what holds these):            11 of 20

       the 12 most lopsided:
         speck km2   realms   bloc around it    AREAx   POWERx  vs 5x   speck
                46k       1             0.38M       8x      6.5x   PAST   Zinibogfaxa  in  Befaxfaxa
                77k       1             0.55M       7x    360.7x   PAST   Fóu'ụ̀kú  in  Vyabozbogfaxa
                92k       1             0.55M       6x     16.7x   PAST   Pičmeptoa  in  Vyabozbogfaxa
               123k       1             0.66M       5x      6.5x   PAST   T'oyu  in  Thambghattay
               123k       1             0.66M       5x     22.0x   PAST   Pụ̄lụ́xōlǐ  in  Thambghattay
                77k       1             0.35M       5x      4.9x  under   Xụ̀ffílǐ  in  Fadfaxa
               123k       1             0.49M       4x      3.7x  under   Kyafzyeghagh  in  Fabijudu
               138k       1             0.49M       4x      5.6x   PAST   Jikunpudu  in  Fabijudu
                92k       1             0.28M       3x      3.8x  under   That'akghattay  in  P'otephamdtaya
                92k       1             0.26M       3x      1.4x  under   Mugha  in  Srofulp'abtay
                92k       1             0.23M       3x      2.7x  under   Nyaxyipovfaxa  in  Dekaggavovfax
               108k       1             0.26M       2x      2.3x  under   Zyoybotholay  in  Srofulp'abtay

  submit funnel (whole run, the sim's own tally) — 2869 candidates, 81 passed (2.8%)
     resistanceNotHopeless              860  (30%)
     hazardRoll(waiting)                837  (29%)
     alreadyADependency                 593  (21%)
     noLiveSeat                         228  (8%)
     coalitionBrake(deterrence)         116  (4%)
     identityBrake(foreignCourt)         82  (3%)
     outOfProjectionReach                72  (3%)

  integrate funnel (whole run, the sim's own tally) — 933 candidates, 25 passed (2.7%)
     orgBelowMin                        446  (48%)
     hazardRoll(waiting)                187  (20%)
     beyondDirectRule                   149  (16%)
     notAVassalBond                      91  (10%)
     coalitionBrake(deterrence)          15  (2%)
     identityBrake(foreignCourt)         15  (2%)
     seatAboveTierCap                     5  (1%)

