[harness] tree c9ca3bb
[SIM_TUNE] {"DAWN_LIVE":1,"STATE_RECORDS":1,"LAND_KNOW":1,"PEER_SEATS":1,"FOUND_DRIFT":1,"ABSORB_ORG_ERA":1,"TRIBUTE_UP":0.33,"ENGULF":8,"FEAR_REACH":1,"WAR_FINISH":1,"SMALL_WAR":8,"RELIEF_REACH":1,"EXCH_WAVE":3,"TECH_USE":1,"VASSAL_LEVY":0.5,"DISSOLVE_CORE":1,"SETT_STRIDE":3,"TRADE_STRIDE":5,"COURT_SPHERE":1}
[peopleSim] hearth pin Nile picked at tile (276,83) (27.0E 27.8N) — maturity deferred to the stagger law
[peopleSim] hearth pin Mesopotamia picked at tile (298,76) (43.5E 33.0N) — maturity deferred to the stagger law
[peopleSim] hearth pin Indus picked at tile (333,82) (69.8E 28.5N) — maturity deferred to the stagger law
[peopleSim] hearth pin Yellow River picked at tile (387,72) (110.3E 36.0N) — maturity deferred to the stagger law
[peopleSim] hearth candidate at (276,83) (27.0E 27.8N) score 7.28 pkg=wheat(suit 1.00) — ARMED: ~903y of peopled-basin time from maturity
[peopleSim] hearth candidate at (298,76) (43.5E 33.0N) score 5.01 pkg=wheat(suit 0.77) — ARMED: ~1173y of peopled-basin time from maturity
[peopleSim] hearth candidate at (333,82) (69.8E 28.5N) score 6.69 pkg=wheat(suit 0.86) — ARMED: ~1041y of peopled-basin time from maturity
[peopleSim] hearth candidate at (387,72) (110.3E 36.0N) score 3.60 pkg=millet(suit 0.55) — ARMED: ~2710y of peopled-basin time from maturity
[peopleSim] hearth candidate at (230,99) (-7.5E 15.8N) score 3.29 pkg=sorghum(suit 0.70) — ARMED: ~2870y of peopled-basin time from maturity
[peopleSim] hearth candidate at (115,99) (-93.8E 15.8N) score 1.62 pkg=maize(suit 0.71) — ARMED: ~6381y of peopled-basin time from maturity
[peopleSim] hearth candidate at (140,140) (-75.0E -15.0N) score 1.24 pkg=tubers(suit 0.89) — ARMED: ~3390y of peopled-basin time from maturity
[peopleSim] hearth candidate at (278,142) (28.5E -16.5N) score 0.89 pkg=tubers(suit 0.43) — ARMED: ~6987y of peopled-basin time from maturity
[peopleSim] hearth candidate at (247,40) (5.2E 60.0N) score 0.50 — ARMED: ~13000y of peopled-basin time from maturity
[peopleSim] hearth candidate at (25,41) (-161.3E 59.3N) score 0.50 — ARMED: ~13000y of peopled-basin time from maturity
[popField] worker pool engaged: 4 bands
[transHeap] step=24 cap=1024 peakN=0 pushes=0 (0.0MB backing)
[peopleSim] AGRICULTURE INVENTED at (276,83) (27.0E 27.8N) — the basin farms; a city will rise when its market gathers one (score 7.28)
[peopleSim] AGRICULTURE INVENTED at (333,82) (69.8E 28.5N) — the basin farms; a city will rise when its market gathers one (score 6.69)
[peopleSim] AGRICULTURE INVENTED at (298,76) (43.5E 33.0N) — the basin farms; a city will rise when its market gathers one (score 5.01)
[transHeap] step=14640 cap=2048 peakN=2032 pushes=28550 (0.0MB backing)
[transHeap] step=15648 cap=4096 peakN=2802 pushes=29525 (0.0MB backing)
[peopleSim] hearth candidate at (387,72) (110.3E 36.0N) stood down — the farming package arrived before it was invented
[transHeap] step=16152 cap=16384 peakN=12083 pushes=51138 (0.1MB backing)
[transHeap] step=17664 cap=65536 peakN=58939 pushes=151240 (0.5MB backing)
[transHeap] step=19176 cap=131072 peakN=72437 pushes=238613 (1.0MB backing)
[peopleSim] AGRICULTURE INVENTED at (230,99) (-7.5E 15.8N) — the basin farms; a city will rise when its market gathers one (score 3.29)
[peopleSim] AGRICULTURE INVENTED at (140,140) (-75.0E -15.0N) — the basin farms; a city will rise when its market gathers one (score 1.24)
[peopleSim] hearth candidate at (278,142) (28.5E -16.5N) stood down — the farming package arrived before it was invented
[peopleSim] hearth candidate at (247,40) (5.2E 60.0N) stood down — the farming package arrived before it was invented
[peopleSim] hearth candidate at (115,99) (-93.8E 15.8N) stood down — the farming package arrived before it was invented

=== WHERE ARE THE CITIES  960x480 (tw=480)  seed 8817 ===

-- A. the register by REGION (cities = tier>=2; "free" = stateless) -------
   region        history(bronze) |     14     16     18     20     22     24     26     28     30
                                 | Bronze Bronze Bronze Classi Classi Classi Mediev Mediev Mediev
   Mesopotamia             20-30 |      -      -  10/ 8  13/ 1  16/ 1  14/ 0  18/ 0  18/ 0  18/ 0
   Egypt/Nile               5-10 |   9/ 9  41/41  44/ 5  63/ 0  54/ 0  62/ 0  65/ 0  56/ 0  64/ 0
   Indus+India   ~5 (Indus only) |      -  10/10  13/13  16/ 0  49/12  64/ 1  83/ 2  88/ 0  89/ 0
   China               a handful |      -      -   1/ 1   6/ 6  12/12  18/18  45/45  62/49  89/ 1
   Levant/Anat               ~10 |   4/ 4   6/ 6   7/ 2  30/ 9  31/ 0  34/ 1  34/ 0  33/ 0  30/ 0
   Mediterran.       ~5 (Aegean) |   2/ 2   2/ 2   2/ 1  23/ 8  23/ 0  45/ 6  52/ 2  60/ 0  78/ 0
   EUROPE temp             **0** |      -   2/ 2   4/ 4  16/ 3  20/ 0  39/ 4  63/ 3  94/ 2  97/ 0
   SAHEL                   **0** |      -      -      -  15/ 5  46/ 3  71/ 0 105/ 2 126/ 0 138/ 0
   Steppe                  **0** |      -   1/ 1   3/ 3   4/ 0  14/ 5  21/ 4  30/10  47/13  58/ 7
   SE Asia                 **0** |      -      -      -      -      -      -      -   3/ 0   7/ 0
   Americas                **0** |      -      -      -      -      -      -  13/11  40/ 7  89/ 3
   Afr. south              **0** |      -   1/ 1   1/ 1  14/14  28/25  66/39 121/31 166/ 9 201/ 2
   elsewhere                     |      -   5/ 5   7/ 7  17/ 6  77/38 105/29 129/ 9 169/ 7 188/ 2
   (each cell: cities / of which stateless)

-- B. is a new city born INTO a nation, or outside every one? -------------
   step    era          new cities   born INTO a nation   born OUTSIDE   outside share
   14000  Bronze               16                    0             16           100%
   16000  Bronze               60                    0             60           100%
   18000  Bronze               51                   22             29            57%
   20000  Classical           157                  109             48            31%
   22000  Classical           225                  144             81            36%
   24000  Classical           283                  220             63            22%
   26000  Medieval            362                  277             85            23%
   28000  Medieval            368                  304             64            17%
   30000  Medieval            406                  390             16             4%
   (history inverts this: the FIRST city of a cradle precedes its state — Uruk,
    Harappa — but after that generation cities are planted BY states inside their
    own ground: Alexandria, Antioch, Chang'an, every colonia and commandery seat.
    So the spontaneous share should FALL across the eras, not hold.)

