[harness] tree 1d69eeb
[SIM_TUNE] {"DAWN_LIVE":1,"STATE_RECORDS":1,"LAND_KNOW":1,"PEER_SEATS":1,"FOUND_DRIFT":1,"ABSORB_ORG_ERA":1,"TRIBUTE_UP":0.33,"ENGULF":8,"FEAR_REACH":1,"WAR_FINISH":1,"SMALL_WAR":8,"RELIEF_REACH":1,"EXCH_WAVE":3,"TECH_USE":1,"VASSAL_LEVY":0.5,"DISSOLVE_CORE":1,"SETT_STRIDE":3,"TRADE_STRIDE":5}
[peopleSim] hearth pin Nile picked at tile (276,83) (27.0E 27.8N) — maturity deferred to the stagger law
[peopleSim] hearth pin Mesopotamia picked at tile (298,76) (43.5E 33.0N) — maturity deferred to the stagger law
[peopleSim] hearth pin Indus picked at tile (333,82) (69.8E 28.5N) — maturity deferred to the stagger law
[peopleSim] hearth pin Yellow River picked at tile (387,72) (110.3E 36.0N) — maturity deferred to the stagger law
[peopleSim] hearth candidate at (276,83) (27.0E 27.8N) score 7.28 pkg=wheat(suit 1.00) — ARMED: ~903y of peopled-basin time from maturity
[peopleSim] hearth candidate at (298,76) (43.5E 33.0N) score 5.01 pkg=wheat(suit 0.77) — ARMED: ~1173y of peopled-basin time from maturity
[peopleSim] hearth candidate at (333,82) (69.8E 28.5N) score 6.69 pkg=wheat(suit 0.86) — ARMED: ~1041y of peopled-basin time from maturity
[peopleSim] hearth candidate at (387,72) (110.3E 36.0N) score 3.60 pkg=millet(suit 0.55) — ARMED: ~2710y of peopled-basin time from maturity
[peopleSim] hearth candidate at (230,99) (-7.5E 15.8N) score 3.29 pkg=sorghum(suit 0.70) — ARMED: ~2870y of peopled-basin time from maturity
[peopleSim] hearth candidate at (115,99) (-93.8E 15.8N) score 1.62 pkg=maize(suit 0.71) — ARMED: ~6381y of peopled-basin time from maturity
[peopleSim] hearth candidate at (140,140) (-75.0E -15.0N) score 1.24 pkg=tubers(suit 0.89) — ARMED: ~3390y of peopled-basin time from maturity
[peopleSim] hearth candidate at (278,142) (28.5E -16.5N) score 0.89 pkg=tubers(suit 0.43) — ARMED: ~6987y of peopled-basin time from maturity
[peopleSim] hearth candidate at (247,40) (5.2E 60.0N) score 0.50 — ARMED: ~13000y of peopled-basin time from maturity
[peopleSim] hearth candidate at (25,41) (-161.3E 59.3N) score 0.50 — ARMED: ~13000y of peopled-basin time from maturity
[popField] worker pool engaged: 4 bands
[transHeap] step=24 cap=1024 peakN=0 pushes=0 (0.0MB backing)
[peopleSim] AGRICULTURE INVENTED at (276,83) (27.0E 27.8N) — the basin farms; a city will rise when its market gathers one (score 7.28)
[peopleSim] AGRICULTURE INVENTED at (333,82) (69.8E 28.5N) — the basin farms; a city will rise when its market gathers one (score 6.69)
[peopleSim] AGRICULTURE INVENTED at (298,76) (43.5E 33.0N) — the basin farms; a city will rise when its market gathers one (score 5.01)
[transHeap] step=14640 cap=2048 peakN=2029 pushes=28506 (0.0MB backing)
[transHeap] step=15648 cap=4096 peakN=2812 pushes=29575 (0.0MB backing)
[peopleSim] hearth candidate at (387,72) (110.3E 36.0N) stood down — the farming package arrived before it was invented
[peopleSim] hearth candidate at (278,142) (28.5E -16.5N) stood down — the farming package arrived before it was invented
[transHeap] step=18168 cap=65536 peakN=38494 pushes=135597 (0.5MB backing)
[peopleSim] AGRICULTURE INVENTED at (230,99) (-7.5E 15.8N) — the basin farms; a city will rise when its market gathers one (score 3.29)
[peopleSim] AGRICULTURE INVENTED at (140,140) (-75.0E -15.0N) — the basin farms; a city will rise when its market gathers one (score 1.24)
[transHeap] step=21696 cap=131072 peakN=72011 pushes=220149 (1.0MB backing)
[peopleSim] hearth candidate at (247,40) (5.2E 60.0N) stood down — the farming package arrived before it was invented
[peopleSim] hearth candidate at (115,99) (-93.8E 15.8N) stood down — the farming package arrived before it was invented

=== WHERE ARE THE CITIES  960x480 (tw=480)  seed 8817 ===

-- A. the register by REGION (cities = tier>=2; "free" = stateless) -------
   region        history(bronze) |     14     16     18     20     22     24     26     28     30
                                 | Bronze Bronze Bronze Classi Classi Classi Mediev Mediev Mediev
   Mesopotamia             20-30 |      -      -  14/14  11/ 1  14/ 0  14/ 0  15/ 0  14/ 0  16/ 0
   Egypt/Nile               5-10 |   9/ 9  43/43  49/ 7  55/ 0  55/ 0  61/ 0  55/ 0  63/ 0  48/ 0
   Indus+India   ~5 (Indus only) |      -  10/10  14/14  30/10  52/17  71/11  86/ 1  90/ 0  94/ 0
   China               a handful |      -      -   1/ 1   1/ 1  10/10  31/31  51/45  64/ 4  84/ 0
   Levant/Anat               ~10 |   4/ 4   6/ 6  26/12  29/ 1  31/ 0  35/ 0  35/ 0  30/ 0  31/ 0
   Mediterran.       ~5 (Aegean) |   2/ 2   2/ 2   7/ 3  22/ 6  33/ 2  35/ 0  44/ 0  63/ 4  70/ 0
   EUROPE temp             **0** |      -   2/ 2   9/ 9  15/ 6  20/ 0  38/ 3  58/ 0 101/ 1 103/ 0
   SAHEL                   **0** |      -      -      -  11/ 9  36/12  61/ 7  84/ 1 125/ 0 138/ 0
   Steppe                  **0** |      -   1/ 1   3/ 3   9/ 4  15/10  23/10  51/20  49/ 8  60/ 1
   SE Asia                 **0** |      -      -      -      -      -      -   3/ 0   7/ 0   9/ 0
   Americas                **0** |      -      -      -      -      -   3/ 3  20/ 9  67/ 2 178/ 3
   Afr. south              **0** |      -   1/ 1   9/ 9  20/20  39/39  93/53 160/24 202/ 0 218/ 0
   elsewhere                     |      -   5/ 5   9/ 7  53/43  81/34  97/ 9 126/ 3 161/ 5 192/ 2
   (each cell: cities / of which stateless)

-- B. is a new city born INTO a nation, or outside every one? -------------
   step    era          new cities   born INTO a nation   born OUTSIDE   outside share
   14000  Bronze               16                    0             16           100%
   16000  Bronze               62                    0             62           100%
   18000  Bronze              100                   40             60            60%
   20000  Classical           167                   75             92            55%
   22000  Classical           196                  108             88            45%
   24000  Classical           275                  188             87            32%
   26000  Medieval            373                  294             79            21%
   28000  Medieval            434                  414             20             5%
   30000  Medieval            435                  425             10             2%
   (history inverts this: the FIRST city of a cradle precedes its state — Uruk,
    Harappa — but after that generation cities are planted BY states inside their
    own ground: Alexandria, Antioch, Chang'an, every colonia and commandery seat.
    So the spontaneous share should FALL across the eras, not hold.)

