[harness] tree aeeb9a0d
[SIM_TUNE] {"DAWN_LIVE":1,"STATE_RECORDS":1,"LAND_KNOW":1,"PEER_SEATS":1,"FOUND_DRIFT":1,"ABSORB_ORG_ERA":1,"WAR_FINISH":1,"SETT_STRIDE":3,"TRADE_STRIDE":5,"CORE_LOCAL":1,"MARKET_PULL":0,"PRICE_GROSS":0,"HAUL_PAID":0,"URBAN_LABOR":0}
[peopleSim] hearth pin Nile picked at tile (277,80) (27.7E 30.0N) — maturity deferred to the stagger law
[peopleSim] hearth pin Mesopotamia picked at tile (298,76) (43.5E 33.0N) — maturity deferred to the stagger law
[peopleSim] hearth pin Indus picked at tile (333,81) (69.8E 29.2N) — maturity deferred to the stagger law
[peopleSim] hearth pin Yellow River picked at tile (387,72) (110.3E 36.0N) — maturity deferred to the stagger law
[peopleSim] hearth candidate at (277,80) (27.7E 30.0N) score 6.74 pkg=wheat(suit 0.94) — ARMED: ~962y of peopled-basin time from maturity
[peopleSim] hearth candidate at (298,76) (43.5E 33.0N) score 6.51 pkg=wheat(suit 1.00) — ARMED: ~903y of peopled-basin time from maturity
[peopleSim] hearth candidate at (333,81) (69.8E 29.2N) score 7.79 pkg=wheat(suit 1.00) — ARMED: ~900y of peopled-basin time from maturity
[peopleSim] hearth candidate at (387,72) (110.3E 36.0N) score 3.54 pkg=millet(suit 0.54) — ARMED: ~2754y of peopled-basin time from maturity
[peopleSim] hearth candidate at (230,99) (-7.5E 15.8N) score 3.07 pkg=sorghum(suit 0.65) — ARMED: ~3077y of peopled-basin time from maturity
[peopleSim] hearth candidate at (115,99) (-93.8E 15.8N) score 1.97 pkg=maize(suit 0.86) — ARMED: ~5245y of peopled-basin time from maturity
[peopleSim] hearth candidate at (140,140) (-75.0E -15.0N) score 1.05 pkg=tubers(suit 0.75) — ARMED: ~3996y of peopled-basin time from maturity
[peopleSim] hearth candidate at (278,142) (28.5E -16.5N) score 0.81 pkg=tubers(suit 0.39) — ARMED: ~7649y of peopled-basin time from maturity
[peopleSim] hearth candidate at (247,40) (5.2E 60.0N) score 0.50 — ARMED: ~13000y of peopled-basin time from maturity
[peopleSim] hearth candidate at (25,41) (-161.3E 59.3N) score 0.50 — ARMED: ~13000y of peopled-basin time from maturity
[fooddiag-arm] label=ratchet W=960 seed=8817 steps=28000 SIM_TUNE=DAWN_LIVE=1,STATE_RECORDS=1,LAND_KNOW=1,PEER_SEATS=1,FOUND_DRIFT=1,ABSORB_ORG_ERA=1,WAR_FINISH=1,SETT_STRIDE=3,TRADE_STRIDE=5,CORE_LOCAL=1,MARKET_PULL=0,PRICE_GROSS=0,HAUL_PAID=0,URBAN_LABOR=0
[popField] worker pool engaged: 4 bands
[transHeap] step=24 cap=1024 peakN=0 pushes=0 (0.0MB backing)
[peopleSim] AGRICULTURE INVENTED at (333,81) (69.8E 29.2N) — the basin farms; a city will rise when its market gathers one (score 7.79)
[peopleSim] AGRICULTURE INVENTED at (277,80) (27.7E 30.0N) — the basin farms; a city will rise when its market gathers one (score 6.74)
[peopleSim] AGRICULTURE INVENTED at (298,76) (43.5E 33.0N) — the basin farms; a city will rise when its market gathers one (score 6.51)

=== [ratchet] window 8000->12000  realms=0  settled=0  claimed=0.0%
    urbanShare=0.00%  maxCore=0.0su  mode=0su (0/0)
    crossBorderFarm=0.0% (0/0 farmed tiles)
    CRASH_RISK heap=38MB terrHeap n=0 cap=4096 transPeakN=0 transCap=1024
    MARKET_PULL=0 PRICE_GROSS=0 HAUL_PAID=0 URBAN_LABOR=0 CORE_LOCAL=1
    MACHINE 8000 12000 0 0.000 0 0 0 0 0 0 0 0 0.00 0.00 0.00

=== [ratchet] window 12000->16000  realms=0  settled=0  claimed=0.0%
    urbanShare=0.00%  maxCore=0.0su  mode=0su (0/0)
    crossBorderFarm=0.0% (0/0 farmed tiles)
    CRASH_RISK heap=58MB terrHeap n=0 cap=4096 transPeakN=0 transCap=1024
    MARKET_PULL=0 PRICE_GROSS=0 HAUL_PAID=0 URBAN_LABOR=0 CORE_LOCAL=1
    MACHINE 12000 16000 0 0.000 0 0 0 0 0 0 0 0 0.00 0.00 0.00
[peopleSim] AGRICULTURE INVENTED at (387,72) (110.3E 36.0N) — the basin farms; a city will rise when its market gathers one (score 3.54)
[peopleSim] AGRICULTURE INVENTED at (230,99) (-7.5E 15.8N) — the basin farms; a city will rise when its market gathers one (score 3.07)

=== [ratchet] window 16000->20000  realms=0  settled=0  claimed=0.0%
    urbanShare=0.00%  maxCore=0.0su  mode=0su (0/0)
    crossBorderFarm=0.0% (0/0 farmed tiles)
    CRASH_RISK heap=52MB terrHeap n=0 cap=4096 transPeakN=0 transCap=1024
    MARKET_PULL=0 PRICE_GROSS=0 HAUL_PAID=0 URBAN_LABOR=0 CORE_LOCAL=1
    MACHINE 16000 20000 0 0.000 0 0 0 0 0 0 0 0 0.00 0.00 0.00
[transHeap] step=21192 cap=2048 peakN=1635 pushes=25690 (0.0MB backing)
[transHeap] step=21696 cap=65536 peakN=56903 pushes=193037 (0.5MB backing)
[peopleSim] hearth candidate at (278,142) (28.5E -16.5N) stood down — the farming package arrived before it was invented
[peopleSim] AGRICULTURE INVENTED at (140,140) (-75.0E -15.0N) — the basin farms; a city will rise when its market gathers one (score 1.05)
[peopleSim] hearth candidate at (247,40) (5.2E 60.0N) stood down — the farming package arrived before it was invented

=== [ratchet] window 20000->24000  realms=8  settled=118  claimed=2.1%
    urbanShare=4.36%  maxCore=1082.2su  mode=12.00su (53/115)
    crossBorderFarm=0.9% (38/4192 farmed tiles)
    CRASH_RISK heap=104MB terrHeap n=0 cap=4096 transPeakN=64931 transCap=65536
    MARKET_PULL=0 PRICE_GROSS=0 HAUL_PAID=0 URBAN_LABOR=0 CORE_LOCAL=1
    MACHINE 20000 24000 8 2.122 6 0 1 0 6 0 4324 94882 75.42 23.73 5.08
[transHeap] step=24720 cap=131072 peakN=68636 pushes=185828 (1.0MB backing)

=== [ratchet] window 24000->28000  realms=251  settled=482  claimed=10.6%
    urbanShare=6.62%  maxCore=532.7su  mode=12.00su (219/479)
    crossBorderFarm=3.5% (471/13369 farmed tiles)
    CRASH_RISK heap=443MB terrHeap n=0 cap=4096 transPeakN=69263 transCap=131072
    MARKET_PULL=0 PRICE_GROSS=0 HAUL_PAID=0 URBAN_LABOR=0 CORE_LOCAL=1
    MACHINE 24000 28000 251 10.648 26 57 137 13 2408 0 15262 215239 82.99 30.08 6.43
[fooddiag-arm] done in 187s
