[harness] tree 5a6031b
[SIM_TUNE] {"DAWN_LIVE":1,"STATE_RECORDS":1,"LAND_KNOW":1,"PEER_SEATS":1,"FOUND_DRIFT":1,"ABSORB_ORG_ERA":1,"TRIBUTE_UP":0.33,"ENGULF":8,"FEAR_REACH":1,"WAR_FINISH":1,"SMALL_WAR":8,"RELIEF_REACH":1,"EXCH_WAVE":3,"TECH_USE":1,"VASSAL_LEVY":0.5,"DISSOLVE_CORE":1,"SETT_STRIDE":3,"TRADE_STRIDE":5}
[peopleSim] hearth pin Nile picked at tile (138,40) (27.0E 30.0N) — maturity deferred to the stagger law
[peopleSim] hearth pin Mesopotamia picked at tile (149,38) (43.5E 33.0N) — maturity deferred to the stagger law
[peopleSim] hearth pin Indus picked at tile (167,41) (70.5E 28.5N) — maturity deferred to the stagger law
[peopleSim] hearth pin Yellow River picked at tile (196,38) (114.0E 33.0N) — maturity deferred to the stagger law
[peopleSim] hearth candidate at (138,40) (27.0E 30.0N) score 6.39 pkg=wheat(suit 0.92) — ARMED: ~974y of peopled-basin time from maturity
[peopleSim] hearth candidate at (149,38) (43.5E 33.0N) score 4.32 pkg=wheat(suit 0.69) — ARMED: ~1311y of peopled-basin time from maturity
[peopleSim] hearth candidate at (167,41) (70.5E 28.5N) score 6.34 pkg=wheat(suit 0.98) — ARMED: ~922y of peopled-basin time from maturity
[peopleSim] hearth candidate at (196,38) (114.0E 33.0N) score 4.11 pkg=rice(suit 0.81) — ARMED: ~3106y of peopled-basin time from maturity
[peopleSim] hearth candidate at (58,38) (-93.0E 33.0N) score 5.34 pkg=maize(suit 0.87) — ARMED: ~5148y of peopled-basin time from maturity
[peopleSim] hearth candidate at (111,53) (-13.5E 10.5N) score 1.76 pkg=sorghum(suit 0.64) — ARMED: ~3133y of peopled-basin time from maturity
[peopleSim] hearth candidate at (140,73) (30.0E -19.5N) score 1.32 pkg=tubers(suit 0.93) — ARMED: ~3243y of peopled-basin time from maturity
[peopleSim] hearth candidate at (77,72) (-64.5E -18.0N) score 0.87 pkg=tubers(suit 0.57) — ARMED: ~5283y of peopled-basin time from maturity
[peopleSim] hearth candidate at (31,23) (-133.5E 55.5N) score 0.50 — ARMED: ~13000y of peopled-basin time from maturity
[peopleSim] hearth candidate at (117,23) (-4.5E 55.5N) score 0.50 — ARMED: ~13000y of peopled-basin time from maturity

=== ANCHOR MELT DECOMPOSITION  480x240 (tw=240)  seed 8817  bar 200  box lon 24..36 lat 20..33 ===
[popField] worker pool engaged: 4 bands
[transHeap] step=24 cap=1024 peakN=0 pushes=0 (0.0MB backing)
[peopleSim] AGRICULTURE INVENTED at (167,41) (70.5E 28.5N) — the basin farms; a city will rise when its market gathers one (score 6.34)
[peopleSim] AGRICULTURE INVENTED at (138,40) (27.0E 30.0N) — the basin farms; a city will rise when its market gathers one (score 6.39)
[peopleSim] AGRICULTURE INVENTED at (149,38) (43.5E 33.0N) — the basin farms; a city will rise when its market gathers one (score 4.32)

  ✝ ANCHOR DIED: Fōntà (id 59) — withered @ 17836 — final trajectory:
     step   people  urban   fedM  supply/coreNeed   terr work   dis  fam hvst siege  cid  army
    15900    1309    696   0.32      0.0/2.8         6    0  0.08  0  1.00  0     59     7
    16000    1312    752   0.22      0.0/3.0         5    0  0.08  0  1.00  0     59    10
    16100    1289    700   0.16      0.0/2.8         5    0  0.08  0  1.00  0     59    13
    16200    1235    711   0.12      0.0/2.9         6    0  0.12  0  1.00  1     59    21
    16300    1152    115   0.08      0.0/0.5         0    0  0.12  0  1.00  1     59    26
    16400     900     90   0.06      0.0/0.4         0    0  0.12  0  1.00  0     59    20
    16500     690     69   0.04      0.0/0.3         0    0  0.16  0  1.00  0     59    16
    16600     534     53   0.03      0.0/0.2         0    0  0.16  0  1.00  0     59    13
    16700     399     40   0.02      0.0/0.2         0    0  0.16  0  1.00  0     59    10
    16800     295     29   0.02      0.0/0.1         0    0  0.19  1  0.35  0     59     8
    16900     215     22   0.01      0.0/0.1         0    0  0.19  1  0.35  0     59     7
    17000       8      8   0.01      0.0/0.0         2    0  0.19  1  0.35  0     59     5
    17100       9      9   0.01      0.0/0.0         2    0  0.21  1  0.35  0     59     1
    17200       7      1   0.00      0.0/0.0         0    0  0.21  1  0.35  0     59     1
    17300       6      1   0.00      0.0/0.0         0    0  0.21  1  0.35  0     59     1
    17400       4      0   0.00      0.0/0.0         0    0  0.23  0  0.35  0     59     1
    17500       3      0   0.00      0.0/0.0         0    0  0.23  0  0.35  0     59     1
    17600       3      0   0.00      0.0/0.0         0    0  0.23  0  0.35  0     59     0
    17700       2      0   0.00      0.0/0.0         0    0  0.25  0  0.35  0     59     0
    17800       2      0   0.00      0.0/0.0         0    0  0.25  0  0.35  0     59     0

  ✝ ANCHOR DIED: Èňlà (id 110) — abandoned @ 18010 — final trajectory:
     step   people  urban   fedM  supply/coreNeed   terr work   dis  fam hvst siege  cid  army
    16300    1787    743   0.57      0.0/3.0         8    0  0.04  0  1.00  1    110     0
    16400    1841    884   0.41      0.0/3.6         8    0  0.04  0  1.00  1    110    23
    16500    1970    748   0.29      0.0/3.1         8    0  0.09  0  1.00  1    110    35
    16600    1934    801   0.21      0.0/3.3         8    0  0.09  0  1.00  1    110    47
    16700    1885    802   0.15      0.0/3.4         8    0  0.09  0  1.00  1    110    59
    16800    2093    813   0.11      0.0/3.4        17    0  0.13  1  0.35  0    110    61
    16900    5532    669   0.11      0.6/3.0        22   18  0.13  1  0.35  0    110    72
    17000    5581    454   0.11      0.0/2.1        21   18  0.13  1  0.35  1    110    77
    17100    5565    749   0.08      0.0/3.8        21   18  0.18  1  0.35  1    110   189
    17200    5622    763   0.05      0.0/3.8        23   17  0.18  1  0.35  1    110   179
    17300      14     14   0.08      0.0/0.5         3    0  0.18  1  0.35  0    110   141
    17400      13     13   0.06      0.0/0.1         3    0  0.20  0  0.35  0    110    16
    17500       8      1   0.04      0.0/0.0         0    0  0.20  0  0.35  0    110     1
    17600       6      1   0.03      0.0/0.0         0    0  0.20  0  0.35  0     89     0
    17700       4      0   0.02      0.0/0.0         0    0  0.23  0  0.35  0     89     0
    17800       3      0   0.02      0.0/0.0         0    0  0.23  0  0.35  0     89     0
    17900       2      0   0.01      0.0/0.0         0    0  0.23  0  0.35  0     89     0
    18000       2      0   0.01      0.0/0.0         0    0  0.25  0  0.35  0     89     0
[peopleSim] AGRICULTURE INVENTED at (196,38) (114.0E 33.0N) — the basin farms; a city will rise when its market gathers one (score 4.11)
[peopleSim] hearth candidate at (140,73) (30.0E -19.5N) stood down — the farming package arrived before it was invented
[peopleSim] hearth candidate at (58,38) (-93.0E 33.0N) stood down — the farming package arrived before it was invented

  ✝ ANCHOR DIED: Fọ̄ịkfé (id 50) — abandoned @ 19942 — final trajectory:
     step   people  urban   fedM  supply/coreNeed   terr work   dis  fam hvst siege  cid  army
    18000     251     25   0.01      0.0/0.1         0    0  0.27  0  0.35  0     59     4
    18100     192     19   0.01      0.0/0.1         0    0  0.27  0  0.35  0     59     3
    18200     145     15   0.01      0.0/0.1         0    0  0.27  0  0.35  0     59     2
    18300     112     11   0.00      0.0/0.0         0    0  0.29  0  0.35  0     59     1
    18400      86      9   0.00      0.0/0.0         0    0  0.29  0  0.35  0     59     1
    18500      65      6   0.00      0.0/0.0         0    0  0.29  0  0.35  0     59     0
    18600      50      5   0.00      0.0/0.0         0    0  0.30  0  0.35  0     59     0
    18700      39      4   0.00      0.0/0.0         0    0  0.30  0  0.35  0     59     0
    18800      27      3   0.00      0.0/0.0         0    0  0.30  0  0.35  0     59     0
    18900      21      2   0.00      0.0/0.0         0    0  0.32  1  0.35  0     59     0
    19000      17      2   0.00      0.0/0.0         0    0  0.32  1  0.35  0     59     0
    19100      13      1   0.00      0.0/0.0         0    0  0.32  1  0.35  0     59     0
    19200      10      1   0.00      0.0/0.0         0    0  0.33  1  0.35  0     59     0
    19300       8      1   0.00      0.0/0.0         0    0  0.33  1  0.35  0     59     0
    19400       6      1   0.00      0.0/0.0         0    0  0.33  1  0.35  0     59     0
    19500       5      0   0.00      0.0/0.0         0    0  0.35  1  0.35  0     59     0
    19600       4      0   0.00      0.0/0.0         0    0  0.35  1  0.35  0     59     0
    19700       3      0   0.00      0.0/0.0         0    0  0.35  1  0.35  0     59     0
    19800       2      0   0.00      0.0/0.0         0    0  0.36  1  0.35  0     59     0
    19900       2      0   0.00      0.0/0.0         0    0  0.36  1  0.35  0     59     0

  ✝ ANCHOR DIED: Kyumu (id 321) — abandoned @ 19961 — final trajectory:
     step   people  urban   fedM  supply/coreNeed   terr work   dis  fam hvst siege  cid  army
    19100    2795    676   0.30      0.7/2.7        14    9  0.05  1  0.35  0    173     2
    19200    1479    628   0.22      0.0/2.7        11    0  0.11  1  0.35  1    173    56
    19300      44     44   0.16      0.0/0.3         1    0  0.11  1  0.35  1    173    53
    19400      43     43   0.11      0.0/0.2         1    0  0.11  1  0.35  0    173    14
    19500      34      3   0.08      0.0/0.1         0    0  0.14  1  0.35  0    173    11
    19600      26      3   0.06      0.0/0.0         0    0  0.14  1  0.35  0    173     8
    19700      19      2   0.04      0.0/0.0         0    0  0.14  1  0.35  0    173     6
    19800      14      1   0.03      0.0/0.0         0    0  0.18  1  0.35  0    173     5
    19900       3      0   0.02      0.0/0.0         0    0  0.18  1  0.35  0    173     1

  ✝ ANCHOR DIED: Tommodumomoi (id 114) — abandoned @ 20161 — final trajectory:
     step   people  urban   fedM  supply/coreNeed   terr work   dis  fam hvst siege  cid  army
    18200       4      0   0.00      0.0/0.0         0    0  0.24  0  0.35  0    114     0
    18300    2156    550   0.02      1.7/2.2         9    9  0.28  0  0.35  0    114     0
    18400    2205    549   0.28      2.3/2.3         9    9  0.28  0  0.35  0    114    32
    18500    1899    190   0.29      0.0/0.9         0    0  0.28  0  0.35  0    114    30
    18600    1488    149   0.21      0.0/0.7         0    0  0.32  0  0.35  0    114    20
    18700    1157    116   0.15      0.0/0.6         0    0  0.32  0  0.35  0    114    13
    18800     900     90   0.11      0.0/0.4         0    0  0.32  0  0.35  0    114     9
    18900     611     61   0.08      0.0/0.3         0    0  0.35  1  0.35  0    114     7
    19000     367     37   0.05      0.0/0.2         0    0  0.35  1  0.35  0    114     5
    19100     226     23   0.04      0.0/0.1         0    0  0.35  1  0.35  0    114     3
    19200     174     17   0.03      0.0/0.1         0    0  0.37  1  0.35  0    114     2
    19300     135     13   0.02      0.0/0.1         0    0  0.37  1  0.35  0    114     1
    19400     104     10   0.01      0.0/0.1         0    0  0.37  1  0.35  0    114     1
    19500      80      8   0.01      0.0/0.0         0    0  0.39  1  0.35  0    114     1
    19600      61      6   0.01      0.0/0.0         0    0  0.39  1  0.35  0    114     0
    19700      47      5   0.01      0.0/0.0         0    0  0.39  1  0.35  0    114     0
    19800      36      4   0.00      0.0/0.0         0    0  0.40  1  0.35  0    114     0
    19900      27      3   0.00      0.0/0.0         0    0  0.40  1  0.35  0    114     0
    20000      21      2   0.00      0.0/0.0         0    0  0.40  1  0.35  0    114     0
    20100      16      2   0.00      0.0/0.0         0    0  0.42  0  0.35  0    114     0

  ✝ ANCHOR DIED: Sismogyoma (id 147) — abandoned @ 20288 — final trajectory:
     step   people  urban   fedM  supply/coreNeed   terr work   dis  fam hvst siege  cid  army
    18300     564     56   0.15      0.0/0.3         0    0  0.27  0  0.35  0    147    10
    18400     416     45   0.11      0.0/0.2         0    0  0.27  0  0.35  1     29     1
    18500     307     31   0.08      0.0/0.1         0    0  0.27  0  0.35  1     29     1
    18600     225     22   0.05      0.0/0.1         0    0  0.30  0  0.35  1     29     1
    18700     170     17   0.04      0.0/0.1         0    0  0.30  0  0.35  0     29     0
    18800     126     13   0.03      0.0/0.1         0    0  0.30  0  0.35  0     29     0
    18900      97     10   0.02      0.0/0.0         0    0  0.32  1  0.35  0     29     0
    19000      65      7   0.01      0.0/0.0         0    0  0.32  1  0.35  0     29     0
    19100      50      5   0.01      0.0/0.0         0    0  0.32  1  0.35  0     29     0
    19200      39      4   0.01      0.0/0.0         0    0  0.34  1  0.35  0     29     0
    19300      30      3   0.01      0.0/0.0         0    0  0.34  1  0.35  0     29     0
    19400      23      2   0.00      0.0/0.0         0    0  0.34  1  0.35  0     29     0
    19500      18      2   0.00      0.0/0.0         0    0  0.36  1  0.35  0     29     0
    19600      11      1   0.00      0.0/0.0         0    0  0.36  1  0.35  0     29     0
    19700       9      1   0.00      0.0/0.0         0    0  0.36  1  0.35  0     29     0
    19800       7      1   0.00      0.0/0.0         0    0  0.38  1  0.35  0     29     0
    19900       5      1   0.00      0.0/0.0         0    0  0.38  1  0.35  0     29     0
    20000       4      0   0.00      0.0/0.0         0    0  0.38  1  0.35  0     29     0
    20100       3      0   0.00      0.0/0.0         0    0  0.40  0  0.35  0     29     0
    20200       2      0   0.00      0.0/0.0         0    0  0.40  0  0.35  0     29     0

  ✝ ANCHOR DIED: Rimobuimmiu (id 324) — abandoned @ 20305 — final trajectory:
     step   people  urban   fedM  supply/coreNeed   terr work   dis  fam hvst siege  cid  army
    18900     312    312   0.61      0.7/1.2         5    5  0.05  1  0.35  0     30     0
    19000     269    270   0.47      0.0/1.0         5    5  0.05  1  0.35  1     30     4
    19100     201    201   0.34      0.0/0.8         4    4  0.05  1  0.35  1     30     6
    19200    2506    628   0.24      0.0/2.6        14   11  0.11  1  0.35  1     30     8
    19300    2985    560   0.17      0.0/2.4        17   17  0.11  1  0.35  1     30    34
    19400    2841    542   0.15      0.7/2.3        17   17  0.11  1  0.35  0     30    41
    19500    2782    543   0.20      0.7/2.3        19   17  0.17  1  0.35  0     30    38
    19600    3023    558   0.23      0.7/2.4        17   14  0.17  1  0.35  0     30    33
    19700    3022    572   0.24      0.7/2.4        17   14  0.17  1  0.35  0     30    38
    19800    3104    589   0.26      0.8/2.5        19   19  0.22  1  0.35  0     30    42
    19900      20     20   0.19      0.0/0.3         4    0  0.22  1  0.35  1     30    70
    20000      19     19   0.14      0.0/0.3         4    0  0.22  1  0.35  1     30    56
    20100      17     17   0.10      0.0/0.2         3    0  0.25  0  0.35  1     30    45
    20200      14      1   0.07      0.0/0.1         0    0  0.25  0  0.35  0     30    36
    20300       9      1   0.05      0.0/0.0         0    0  0.25  0  0.35  0     30     6
[peopleSim] hearth candidate at (117,23) (-4.5E 55.5N) stood down — the farming package arrived before it was invented

  ✝ ANCHOR DIED: Hìuthị̌ (id 178) — abandoned @ 20471 — final trajectory:
     step   people  urban   fedM  supply/coreNeed   terr work   dis  fam hvst siege  cid  army
    19200    3280    803   0.00      0.0/3.2         9    8  0.25  1  0.35  1    178     0
    19300      21     21   0.00      0.0/0.3         4    0  0.25  1  0.35  1    178    86
    19400      23     23   0.00      0.0/0.1         4    0  0.25  1  0.35  0    178     7
    19500      20      2   0.00      0.0/0.0         0    0  0.27  1  0.35  0    178     6
    19600      15      2   0.00      0.0/0.0         0    0  0.27  1  0.35  0    178     5
    19700      10      1   0.00      0.0/0.0         0    0  0.27  1  0.35  0    178     1
    19800       8      1   0.00      0.0/0.0         0    0  0.29  1  0.35  0    178     1
    19900       6      1   0.00      0.0/0.0         0    0  0.29  1  0.35  0    178     1
    20000       5      0   0.00      0.0/0.0         0    0  0.29  1  0.35  0    178     1
    20100       4      0   0.00      0.0/0.0         0    0  0.31  0  0.35  0    178     1
    20200       3      0   0.00      0.0/0.0         0    0  0.31  0  0.35  0    178     0
    20300       2      0   0.00      0.0/0.0         0    0  0.31  0  0.35  0    178     0
    20400       2      0   0.00      0.0/0.0         0    0  0.33  0  0.35  0    178     0

  ✝ ANCHOR DIED: Sommosoe (id 139) — abandoned @ 20593 — final trajectory:
     step   people  urban   fedM  supply/coreNeed   terr work   dis  fam hvst siege  cid  army
    18600     586    579   0.01      0.0/2.2         3    3  0.28  0  0.35  1     44     0
    18700     557    557   0.01      0.0/2.2         3    3  0.28  0  0.35  1     44     9
    18800     439     44   0.01      0.0/0.2         0    0  0.28  0  0.35  0     44     6
    18900     330     33   0.01      0.0/0.1         0    0  0.30  1  0.35  0     44     4
    19000     269     27   0.00      0.0/0.1         0    0  0.30  1  0.35  1     44     3
    19100     510    510   0.00      0.0/2.0         3    3  0.30  1  0.35  1     44     5
    19200     440     44   0.02      0.0/0.2         0    0  0.33  1  0.35  0     44     6
    19300     331     33   0.01      0.0/0.1         0    0  0.33  1  0.35  0     44     4
    19400     244     24   0.01      0.0/0.1         0    0  0.33  1  0.35  0     44     3
    19500     189     19   0.01      0.0/0.1         0    0  0.35  1  0.35  0     44     2
    19600     146     15   0.00      0.0/0.1         0    0  0.35  1  0.35  0     44     1
    19700     110     11   0.00      0.0/0.0         0    0  0.35  1  0.35  0     44     1
    19800      81      8   0.00      0.0/0.0         0    0  0.37  1  0.35  0     44     1
    19900      58      6   0.00      0.0/0.0         0    0  0.37  1  0.35  0     44     0
    20000      45      5   0.00      0.0/0.0         0    0  0.37  1  0.35  0     44     0
    20100      35      4   0.00      0.0/0.0         0    0  0.39  0  0.35  0     44     0
    20200      27      3   0.00      0.0/0.0         0    0  0.39  0  0.35  0     44     0
    20300      21      2   0.00      0.0/0.0         0    0  0.39  0  0.35  0     44     0
    20400      17      2   0.00      0.0/0.0         0    0  0.41  0  0.35  1     44     0
    20500    2428    649   0.00      0.0/2.6        11   11  0.41  0  0.35  1     30     0

  ✝ ANCHOR DIED: Sopopa (id 173) — abandoned @ 20575 — final trajectory:
     step   people  urban   fedM  supply/coreNeed   terr work   dis  fam hvst siege  cid  army
    18600    2699    534   0.19      1.4/2.4        19   11  0.30  0  1.00  0    173    64
    18700    2773    568   0.30      1.4/2.5        19   11  0.30  0  1.00  0    173    48
    18800    2184    586   0.35      1.1/2.5        15    9  0.30  0  1.00  0    173    40
    18900     675    625   0.33      0.0/2.5         4    0  0.33  1  0.35  0    173    21
    19000     651    651   0.23      0.0/2.6         4    0  0.33  1  0.35  0      1    17
    19100     679    655   0.17      0.0/2.6         9    0  0.33  1  0.35  1      1    23
    19200     105    105   0.12      0.0/0.5         4    0  0.36  1  0.35  1      1    25
    19300     106     11   0.09      0.0/0.1         0    0  0.36  1  0.35  0      1    20
    19400      77      8   0.06      0.0/0.1         0    0  0.36  1  0.35  0      1    15
    19500      55      6   0.04      0.0/0.1         0    0  0.38  1  0.35  0      1    10
    19600      34      3   0.03      0.0/0.0         0    0  0.38  1  0.35  0      1     3
    19700      26      3   0.02      0.0/0.0         0    0  0.38  1  0.35  0      1     2
    19800      20      2   0.02      0.0/0.0         0    0  0.39  1  0.35  0      1     1
    19900      15      1   0.01      0.0/0.0         0    0  0.39  1  0.35  0      1     0
    20000      11      1   0.01      0.0/0.0         0    0  0.39  1  0.35  0      1     0
    20100       8      1   0.01      0.0/0.0         0    0  0.41  0  0.35  0      1     0
    20200       5      0   0.00      0.0/0.0         0    0  0.41  0  0.35  0      1     0
    20300       4      0   0.00      0.0/0.0         0    0  0.41  0  0.35  0      1     0
    20400       3      0   0.00      0.0/0.0         0    0  0.43  0  0.35  0      1     0
    20500       2      0   0.00      0.0/0.0         0    0  0.43  0  0.35  0      1     0
[transHeap] step=20688 cap=2048 peakN=1286 pushes=9798 (0.0MB backing)
[peopleSim] hearth candidate at (111,53) (-13.5E 10.5N) stood down — the farming package arrived before it was invented
[peopleSim] hearth candidate at (31,23) (-133.5E 55.5N) stood down — the farming package arrived before it was invented

  ✝ ANCHOR DIED: Īmpíü (id 409) — abandoned @ 21368 — final trajectory:
     step   people  urban   fedM  supply/coreNeed   terr work   dis  fam hvst siege  cid  army
    19400    5155     91   0.63      2.6/0.7        13   13  0.04  0  1.00  0    417    91
    19500    5117    582   0.73      2.3/2.7        12   11  0.10  0  1.00  0    417    73
    19600    4733    473   0.75      0.0/2.2         0    0  0.10  0  1.00  0    417    58
    19700    3830    383   0.53      0.0/1.9         0    0  0.10  0  1.00  0    417    37
    19800    2927    298   0.38      0.0/1.4         0    0  0.14  0  1.00  0    417    24
    19900     467     47   0.28      0.0/0.3         0    0  0.14  0  1.00  0    417    15
    20000     103     10   0.20      0.0/0.1         0    0  0.14  0  1.00  0    417    11
    20100      47      5   0.14      0.0/0.0         0    0  0.18  0  1.00  0    417     8
    20200      33      3   0.10      0.0/0.0         0    0  0.18  0  1.00  0    417     4
    20300      26      3   0.07      0.0/0.0         0    0  0.18  0  1.00  0    417     3
    20400      20      2   0.05      0.0/0.0         0    0  0.20  0  1.00  0    417     2
    20500      15      2   0.04      0.0/0.0         0    0  0.20  0  1.00  0    417     1
    20600      12      1   0.03      0.0/0.0         0    0  0.20  0  1.00  0    417     1
    20700       9      1   0.02      0.0/0.0         0    0  0.23  0  1.00  0    417     1
    20800       7      1   0.01      0.0/0.0         0    0  0.23  0  1.00  0    417     0
    20900       5      1   0.01      0.0/0.0         0    0  0.23  0  1.00  0    417     0
    21000       4      0   0.01      0.0/0.0         0    0  0.26  0  1.00  0    417     0
    21100       3      0   0.00      0.0/0.0         0    0  0.26  0  1.00  0    417     0
    21200       2      0   0.00      0.0/0.0         0    0  0.26  0  1.00  0    417     0
    21300       2      0   0.00      0.0/0.0         0    0  0.28  0  1.00  0    417     0
[peopleSim] hearth candidate at (77,72) (-64.5E -18.0N) stood down — the farming package arrived before it was invented

  ✝ ANCHOR DIED: Láị (id 109) — abandoned @ 21422 — final trajectory:
     step   people  urban   fedM  supply/coreNeed   terr work   dis  fam hvst siege  cid  army
    19500     998    100   0.03      0.0/0.5         0    0  0.39  1  0.35  0    109    15
    19600     713     71   0.02      0.0/0.4         0    0  0.39  1  0.35  0    109     6
    19700     563     56   0.02      0.0/0.3         0    0  0.39  1  0.35  0    109     3
    19800     427     43   0.01      0.0/0.2         0    0  0.40  1  0.35  0    109     2
    19900     286     29   0.01      0.0/0.2         0    0  0.40  1  0.35  0    109     1
    20000     164     16   0.01      0.0/0.1         0    0  0.40  1  0.35  0    109     1
    20100     103     10   0.00      0.0/0.1         0    0  0.41  0  0.35  0    109     0
    20200      65      7   0.00      0.0/0.0         0    0  0.41  0  0.35  0    109     0
    20300      50      5   0.00      0.0/0.0         0    0  0.41  0  0.35  0    323     0
    20400      38      4   0.00      0.0/0.0         0    0  0.42  0  0.35  0    323     0
    20500      29      3   0.00      0.0/0.0         0    0  0.42  0  0.35  0    323     0
    20600      22      2   0.00      0.0/0.0         0    0  0.42  0  0.35  0    323     0
    20700      16      2   0.00      0.0/0.0         0    0  0.43  0  0.35  0    323     0
    20800      12      1   0.00      0.0/0.0         0    0  0.43  0  0.35  0    323     0
    20900       8      1   0.00      0.0/0.0         0    0  0.43  0  0.35  0    323     0
    21000       6      1   0.00      0.0/0.0         0    0  0.44  0  0.35  0    323     0
    21100       4      0   0.00      0.0/0.0         0    0  0.44  0  0.35  0    323     0
    21200       3      0   0.00      0.0/0.0         0    0  0.44  0  0.35  0    323     0
    21300       2      0   0.00      0.0/0.0         0    0  0.45  0  0.35  0    323     0
    21400       2      0   0.00      0.0/0.0         0    0  0.45  0  0.35  0    323     0

  ✝ ANCHOR DIED: Bummopuikyu (id 659) — abandoned @ 22081 — final trajectory:
     step   people  urban   fedM  supply/coreNeed   terr work   dis  fam hvst siege  cid  army
    20600    2834    810   0.98      0.4/3.3        14   12  0.00  0  1.00  0     44     0
    20700    2986    790   0.70      0.0/3.3        14   12  0.07  0  1.00  1     44    47
    20800      77     77   0.50      0.0/0.5         2    0  0.07  0  1.00  1     44    91
    20900      74      7   0.36      0.0/0.1         0    0  0.07  0  1.00  1     44    27
    21000      69      7   0.26      0.0/0.1         0    0  0.11  0  1.00  1     44    20
    21100    2709    720   0.18      0.0/3.0        14   12  0.11  0  1.00  1    416     0
    21200      25     25   0.13      0.0/0.2         2    0  0.11  0  1.00  1    416    17
    21300      24     24   0.09      0.0/0.1         2    0  0.15  0  1.00  1    416    13
    21400      18      2   0.07      0.0/0.1         0    0  0.15  0  1.00  0    416    10
    21500      13      1   0.05      0.0/0.0         0    0  0.15  0  1.00  0    416     8
    21600       9      1   0.03      0.0/0.0         0    0  0.18  0  1.00  0    416     6
    21700       5      1   0.02      0.0/0.0         0    0  0.18  1  0.35  0    416     2
    21800       4      0   0.02      0.0/0.0         0    0  0.18  1  0.35  0    416     1
    21900       3      0   0.01      0.0/0.0         0    0  0.22  1  0.35  0    416     1
    22000       2      0   0.01      0.0/0.0         0    0  0.22  1  0.35  0    416     0

  ✝ ANCHOR DIED: Sogyoepa (id 30) — abandoned @ 22517 — final trajectory:
     step   people  urban   fedM  supply/coreNeed   terr work   dis  fam hvst siege  cid  army
    20600     929    593   0.21      0.4/2.5        14    4  0.56  0  0.35  0     30    29
    20700     925    528   0.20      0.4/2.3        14    4  0.57  0  0.35  0     30    28
    20800    1141    437   0.20      0.5/1.9        13    9  0.57  0  0.35  0     30    26
    20900    3879    444   0.26      2.5/1.9        24   20  0.57  0  0.35  0     30    15
    21000    3773    552   0.47      2.5/2.6        24   20  0.59  0  0.35  0     30    27
    21100      88     88   0.40      0.0/0.5         4    0  0.59  0  0.35  0     30    39
    21200     255    255   0.31      0.4/1.1         8    4  0.59  0  0.35  0     30    32
    21300     250    250   0.32      0.4/1.0         8    4  0.59  0  0.35  0     30     2
    21400      90     90   0.25      0.0/0.4         6    0  0.59  0  0.35  0     30     3
    21500      76      8   0.18      0.0/0.1         0    0  0.59  0  0.35  0     30     4
    21600      53      5   0.13      0.0/0.1         0    0  0.59  0  0.35  0     30     3
    21700      38      4   0.09      0.0/0.1         0    0  0.59  1  0.35  0     30     2
    21800      26      3   0.07      0.0/0.1         0    0  0.59  1  0.35  0     30     1
    21900      17      2   0.05      0.0/0.0         0    0  0.59  1  0.35  0     30     1
    22000      12      1   0.03      0.0/0.0         0    0  0.59  1  0.35  0     30     1
    22100       7      1   0.02      0.0/0.0         0    0  0.59  1  0.35  0     30     0
    22200       4      0   0.02      0.0/0.0         0    0  0.59  0  0.35  0     30     0
    22300       3      0   0.01      0.0/0.0         0    0  0.59  0  0.35  0     30     0
    22400       2      0   0.01      0.0/0.0         0    0  0.59  0  0.35  0     30     0
    22500       2      0   0.01      0.0/0.0         0    0  0.59  0  0.35  0     30     0

  ✝ ANCHOR DIED: Xụ̀ftà (id 416) — abandoned @ 22915 — final trajectory:
     step   people  urban   fedM  supply/coreNeed   terr work   dis  fam hvst siege  cid  army
    21000    4084    748   0.29      1.4/3.5        22   13  0.26  0  1.00  0    416    92
    21100    4164    766   0.32      1.4/3.5        24   17  0.26  0  1.00  0    416    47
    21200    4016    727   0.34      1.5/3.2        24   23  0.26  0  1.00  0    416    39
    21300    3868    698   0.38      1.5/3.2        24   23  0.30  0  1.00  0    416    53
    21400    3747    669   0.41      1.5/3.2        24   23  0.30  0  1.00  0    416    56
    21500    4568    679   0.44      1.9/3.2        28   23  0.30  0  1.00  0    416    46
    21600    4375    638   0.49      1.9/3.0        27   25  0.34  0  1.00  0    416    37
    21700    4126    595   0.54      1.8/2.7        27   25  0.34  0  1.00  0    416    29
    21800    3954    572   0.57      1.6/2.6        25   12  0.34  0  1.00  0    416    23
    21900      39     39   0.58      0.0/0.3         5    2  0.36  0  1.00  0    416    30
    22000      35     35   0.41      0.0/0.2         5    2  0.36  0  1.00  0    416    14
    22100      27      3   0.30      0.0/0.1         0    0  0.36  0  1.00  0    416    11
    22200      19      2   0.21      0.0/0.1         0    0  0.37  0  1.00  0    416     5
    22300      13      1   0.15      0.0/0.0         0    0  0.37  0  1.00  0    416     4
    22400       9      1   0.11      0.0/0.0         0    0  0.37  0  1.00  0    416     3
    22500       6      1   0.08      0.0/0.0         0    0  0.39  0  1.00  0    416     2
    22600       4      0   0.06      0.0/0.0         0    0  0.39  0  1.00  0    416     2
    22700       3      0   0.04      0.0/0.0         0    0  0.39  0  1.00  0    416     1
    22800       2      0   0.03      0.0/0.0         0    0  0.41  0  1.00  0    416     0
    22900       2      0   0.02      0.0/0.0         0    0  0.41  0  1.00  0    416     0

  ✝ ANCHOR DIED: Mumu (id 614) — abandoned @ 23398 — final trajectory:
     step   people  urban   fedM  supply/coreNeed   terr work   dis  fam hvst siege  cid  army
    21400     793     79   0.11      0.0/0.4         0    0  0.19  0  1.00  1     30     0
    21500     625     63   0.08      0.0/0.3         0    0  0.19  0  1.00  1     30     0
    21600     513     51   0.06      0.0/0.3         0    0  0.23  0  1.00  0     30     0
    21700     444     44   0.04      0.0/0.2         0    0  0.23  1  0.35  0     30     0
    21800     338     34   0.03      0.0/0.2         0    0  0.23  1  0.35  0     30     0
    21900     242     24   0.02      0.0/0.1         0    0  0.26  1  0.35  0     30     0
    22000     166     17   0.02      0.0/0.1         0    0  0.26  1  0.35  0     30     0
    22100     121     12   0.01      0.0/0.1         0    0  0.26  1  0.35  0     30     0
    22200      86      9   0.01      0.0/0.1         0    0  0.29  0  0.35  0     30     0
    22300      61      6   0.01      0.0/0.0         0    0  0.29  0  0.35  0     30     0
    22400      41      4   0.00      0.0/0.0         0    0  0.29  0  0.35  0     30     0
    22500      31      3   0.00      0.0/0.0         0    0  0.32  0  0.35  0     30     0
    22600      22      2   0.00      0.0/0.0         0    0  0.32  0  0.35  0     30     0
    22700      17      2   0.00      0.0/0.0         0    0  0.32  0  0.35  0     30     0
    22800      12      1   0.00      0.0/0.0         0    0  0.34  0  0.35  0     30     0
    22900       9      1   0.00      0.0/0.0         0    0  0.34  0  0.35  0     30     0
    23000       6      1   0.00      0.0/0.0         0    0  0.34  0  0.35  0     30     0
    23100       4      0   0.00      0.0/0.0         0    0  0.36  0  0.35  0     30     0
    23200       3      0   0.00      0.0/0.0         0    0  0.36  0  0.35  0     30     0
    23300       2      0   0.00      0.0/0.0         0    0  0.36  0  0.35  0     30     0

  ✝ ANCHOR DIED: Muimonukyu (id 710) — withered @ 24043 — final trajectory:
     step   people  urban   fedM  supply/coreNeed   terr work   dis  fam hvst siege  cid  army
    22500    1986    679   0.07      2.0/2.7         9    8  0.25  0  0.35  0    710     0
    22600    2055    693   0.16      0.0/2.9         9    8  0.25  0  0.35  1    710    28
    22700     733    733   0.11      0.0/2.9         6    0  0.25  0  0.35  1    710    32
    22800       7      7   0.08      0.0/0.1         1    0  0.28  0  0.35  1    710    29
    22900      12      1   0.06      0.0/0.0         0    0  0.28  0  0.35  0    710     5
    23000      10      1   0.04      0.0/0.0         0    0  0.28  0  0.35  0    710     1
    23100       9      1   0.03      0.0/0.0         0    0  0.30  0  0.35  0    710     1
    23200       9      1   0.02      0.0/0.0         0    0  0.30  0  0.35  0    710     1
    23300       8      1   0.02      0.0/0.0         0    0  0.30  0  0.35  0    710     1
    23400       8      1   0.01      0.0/0.0         0    0  0.33  0  0.35  0    710     0
    23500       8      1   0.01      0.0/0.0         0    0  0.33  0  0.35  0    710     0
    23600       7      1   0.01      0.0/0.0         0    0  0.33  0  0.35  0    710     0
    23700       7      1   0.00      0.0/0.0         0    0  0.35  0  0.35  0    710     0
    23800       7      1   0.00      0.0/0.0         0    0  0.35  0  0.35  0    710     0
    23900       7      1   0.00      0.0/0.0         0    0  0.35  0  0.35  0    710     0
    24000       5      1   0.00      0.0/0.0         0    0  0.37  0  0.35  0    710     0

  ✝ ANCHOR DIED: Tusmobimgyi (id 1040) — abandoned @ 24312 — final trajectory:
     step   people  urban   fedM  supply/coreNeed   terr work   dis  fam hvst siege  cid  army
    22800    1213    633   0.19      1.3/2.5         4    3  0.14  0  1.00  0    805     0
    22900    1148    115   0.19      0.0/0.5         0    0  0.14  0  1.00  1    836    19
    23000    1148    115   0.13      0.0/0.5         0    0  0.14  0  1.00  1    836    15
    23100    2106    628   0.12      1.1/2.5         7    7  0.20  0  1.00  0    836    11
    23200    1931    193   0.20      0.0/0.8         0    0  0.20  0  1.00  0    836    11
    23300    1374    137   0.15      0.0/0.6         0    0  0.20  0  1.00  0    836     6
    23400    1070    107   0.11      0.0/0.5         0    0  0.24  0  1.00  0    836     4
    23500     831     83   0.07      0.0/0.4         0    0  0.24  0  1.00  0    836     3
    23600     647     65   0.05      0.0/0.3         0    0  0.24  0  1.00  0    836     2
    23700      11     11   0.04      0.0/0.1         1    0  0.27  0  1.00  0    836     2
    23800      10      1   0.03      0.0/0.0         0    0  0.27  0  1.00  0    836     2
    23900       7      1   0.02      0.0/0.0         0    0  0.27  0  1.00  0    836     1
    24000       5      1   0.01      0.0/0.0         0    0  0.29  0  1.00  1    836     1
    24100       4      0   0.01      0.0/0.0         0    0  0.29  0  1.00  1    836     0
    24200       2      0   0.01      0.0/0.0         0    0  0.29  0  1.00  1    836     0
    24300       2      0   0.01      0.0/0.0         0    0  0.32  0  1.00  0    836     0

  ✝ ANCHOR DIED: Tugyumupa (id 1066) — abandoned @ 24625 — final trajectory:
     step   people  urban   fedM  supply/coreNeed   terr work   dis  fam hvst siege  cid  army
    23400    1616    479   0.04      0.0/1.9         8    7  0.17  0  1.00  1   1066     0
    23500    1067    443   0.03      0.0/1.9         6    4  0.17  0  1.00  1   1066    39
    23600     599    107   0.16      1.2/0.6         6    4  0.17  0  1.00  0   1066    39
    23700     971    379   0.12      0.0/1.6         8    8  0.21  0  1.00  1   1066    29
    23800     611     61   0.09      0.0/0.3         0    0  0.21  0  1.00  1   1066    25
    23900     467     47   0.06      0.0/0.2         0    0  0.21  0  1.00  0   1066    16
    24000     342     34   0.04      0.0/0.2         0    0  0.24  0  1.00  0   1066    10
    24100     239     24   0.03      0.0/0.1         0    0  0.24  0  1.00  0   1066     6
    24200      45     45   0.02      0.0/0.2         2    0  0.24  0  1.00  0   1066     1
    24300      44     44   0.02      0.0/0.2         2    0  0.27  0  1.00  0   1066     1
    24400       3      3   0.01      0.0/0.0         2    0  0.27  0  1.00  0   1066     1
    24500       3      0   0.01      0.0/0.0         0    0  0.27  0  1.00  0   1066     1
    24600       2      0   0.01      0.0/0.0         0    0  0.30  0  1.00  0   1066     0
[transHeap] step=24720 cap=4096 peakN=2101 pushes=9725 (0.0MB backing)

=== DECOMPOSITION — each DEAD anchor's final 2000 steps ===
       name              id   people        terr       fedM   sup/need  fam%   hvst   dis  siege
  ✝  Fōntà          59    1309→2         6→0      0.06   0.00    30%   0.64  0.17    10%  withered @ 17836
  ✝  Èňlà          110    1787→2         8→0      0.13   0.01    33%   0.53  0.16    44%  abandoned @ 18010
  ✝  Fọ̄ịkfé       50     251→2         0→0      0.00   0.00    55%   0.35  0.32     0%  abandoned @ 19942
  ✝  Kyumu           321    2795→3        14→0      0.11   0.03   100%   0.35  0.13    22%  abandoned @ 19961
  ✝  Tommodumomoi    114       4→16        0→0      0.07   0.09    60%   0.35  0.35     0%  abandoned @ 20161
  ✝  Sismogyoma      147     564→2         0→0      0.03   0.00    60%   0.35  0.34    15%  abandoned @ 20288
  ✝  Rimobuimmiu     324     312→9         5→0      0.23   0.14    80%   0.35  0.16    47%  abandoned @ 20305
  ✝  Hìuthị̌       178    3280→2         9→0      0.00   0.00    69%   0.35  0.29    15%  abandoned @ 20471
  ✝  Sommosoe        139     586→2428      3→11     0.01   0.00    60%   0.35  0.35    30%  abandoned @ 20593
  ✝  Sopopa          173    2699→2        19→0      0.10   0.08    60%   0.45  0.37    10%  abandoned @ 20575
  ✝  Īmpíü         409    5155→2        13→0      0.20   0.14     0%   1.00  0.18     0%  abandoned @ 21368
  ✝  Láị           109     998→2         0→0      0.01   0.00    30%   0.35  0.42     0%  abandoned @ 21422
  ✝  Bummopuikyu     659    2834→2        14→0      0.23   0.01    27%   0.83  0.13    47%  abandoned @ 22081
  ✝  Sogyoepa         30     929→2        14→0      0.16   0.18    25%   0.35  0.59     0%  abandoned @ 22517
  ✝  Xụ̀ftà        416    4084→2        22→0      0.29   0.24     0%   1.00  0.34     0%  abandoned @ 22915
  ✝  Mumu            614     793→2         0→0      0.02   0.00    25%   0.45  0.29    10%  abandoned @ 23398
  ✝  Muimonukyu      710    1986→5         9→0      0.04   0.05     0%   0.35  0.31    19%  withered @ 24043
  ✝  Tusmobimgyi    1040    1213→2         4→0      0.08   0.06     0%   1.00  0.23    31%  abandoned @ 24312
  ✝  Tugyumupa      1066    1616→2         8→0      0.05   0.15     0%   1.00  0.23    31%  abandoned @ 24625

=== CONTROL — every SURVIVING anchor's final 2000 steps (the contrast is the conviction) ===
       name              id   people        terr       fedM   sup/need  fam%   hvst   dis  siege
     Ňěňní           1    1412→1572     14→15     0.11   0.13     0%   0.35  0.65    52%  
     Upa             510       4→721       0→4      0.18   0.25     0%   0.35  0.44    24%  
     Umopa           809    1917→1101     10→6      0.24   0.29     0%   0.35  0.36    48%  
     Peyamfap       1203    2417→2186      9→16     0.14   0.17     0%   1.00  0.19    67%  
     Líụňākò    1390    2071→2224      9→16     0.20   0.10     0%   1.00  0.16    75%  

  READ IT THIS WAY: a term convicts only where it separates the dead from the
  survivors. fedM low on both = background; terr collapsing only on the dead =
  competition; fam%/hvst worse on the dead = the shock channel; dis equal = fuel,
  not trigger. sup/need is the INSTANT core solvency (capped at 2).

