[harness] tree cc36fa6
[SIM_TUNE] {"DAWN_LIVE":1,"STATE_RECORDS":1,"LAND_KNOW":1,"PEER_SEATS":1,"FOUND_DRIFT":1,"ABSORB_ORG_ERA":1,"TRIBUTE_UP":0.33,"ENGULF":8,"FEAR_REACH":1,"WAR_FINISH":1,"SMALL_WAR":8,"RELIEF_REACH":1,"EXCH_WAVE":3,"TECH_USE":1,"VASSAL_LEVY":0.5,"DISSOLVE_CORE":1,"SETT_STRIDE":3,"TRADE_STRIDE":5,"CITY_HOLD":1,"CATCH_GRACE":600}
[peopleSim] hearth pin Nile picked at tile (138,40) (27.0E 30.0N) — maturity deferred to the stagger law
[peopleSim] hearth pin Mesopotamia picked at tile (149,38) (43.5E 33.0N) — maturity deferred to the stagger law
[peopleSim] hearth pin Indus picked at tile (167,41) (70.5E 28.5N) — maturity deferred to the stagger law
[peopleSim] hearth pin Yellow River picked at tile (196,38) (114.0E 33.0N) — maturity deferred to the stagger law
[peopleSim] hearth candidate at (138,40) (27.0E 30.0N) score 6.39 pkg=wheat(suit 0.92) — ARMED: ~974y of peopled-basin time from maturity
[peopleSim] hearth candidate at (149,38) (43.5E 33.0N) score 4.32 pkg=wheat(suit 0.69) — ARMED: ~1311y of peopled-basin time from maturity
[peopleSim] hearth candidate at (167,41) (70.5E 28.5N) score 6.34 pkg=wheat(suit 0.98) — ARMED: ~922y of peopled-basin time from maturity
[peopleSim] hearth candidate at (196,38) (114.0E 33.0N) score 4.11 pkg=rice(suit 0.81) — ARMED: ~3106y of peopled-basin time from maturity
[peopleSim] hearth candidate at (58,38) (-93.0E 33.0N) score 5.34 pkg=maize(suit 0.87) — ARMED: ~5148y of peopled-basin time from maturity
[peopleSim] hearth candidate at (111,53) (-13.5E 10.5N) score 1.76 pkg=sorghum(suit 0.64) — ARMED: ~3133y of peopled-basin time from maturity
[peopleSim] hearth candidate at (140,73) (30.0E -19.5N) score 1.32 pkg=tubers(suit 0.93) — ARMED: ~3243y of peopled-basin time from maturity
[peopleSim] hearth candidate at (77,72) (-64.5E -18.0N) score 0.87 pkg=tubers(suit 0.57) — ARMED: ~5283y of peopled-basin time from maturity
[peopleSim] hearth candidate at (31,23) (-133.5E 55.5N) score 0.50 — ARMED: ~13000y of peopled-basin time from maturity
[peopleSim] hearth candidate at (117,23) (-4.5E 55.5N) score 0.50 — ARMED: ~13000y of peopled-basin time from maturity

=== ANCHOR MELT DECOMPOSITION  480x240 (tw=240)  seed 8817  bar 200  box lon 24..36 lat 20..33 ===
[popField] worker pool engaged: 4 bands
[transHeap] step=24 cap=1024 peakN=0 pushes=0 (0.0MB backing)
[peopleSim] AGRICULTURE INVENTED at (167,41) (70.5E 28.5N) — the basin farms; a city will rise when its market gathers one (score 6.34)
[peopleSim] AGRICULTURE INVENTED at (138,40) (27.0E 30.0N) — the basin farms; a city will rise when its market gathers one (score 6.39)
[peopleSim] AGRICULTURE INVENTED at (149,38) (43.5E 33.0N) — the basin farms; a city will rise when its market gathers one (score 4.32)

  ✝ ANCHOR DIED: Xóutrọ̌ị (id 59) — withered @ 18130 — final trajectory:
     step   people  urban   fedM  supply/coreNeed   terr work   dis  fam hvst siege  cid  army
    16200    1015    102   0.12      0.0/0.4         0    0  0.11  0  1.00  0     59     4
    16300     775     77   0.08      0.0/0.3         0    0  0.11  0  1.00  0     59     3
    16400     575     58   0.06      0.0/0.2         0    0  0.11  0  1.00  0     59     2
    16500     428     43   0.04      0.0/0.2         0    0  0.14  0  1.00  0     59     2
    16600      54     54   0.03      0.0/0.2         9    0  0.14  0  1.00  0     59     2
    16700      53     53   0.02      0.0/0.2         9    0  0.14  0  1.00  0     59     2
    16800      41      4   0.02      0.0/0.0         0    0  0.17  1  0.35  0     59     1
    16900      32      3   0.01      0.0/0.0         0    0  0.17  1  0.35  0     59     1
    17000      25      3   0.01      0.0/0.0         0    0  0.17  1  0.35  0     59     1
    17100      20      2   0.01      0.0/0.0         0    0  0.19  1  0.35  0     59     1
    17200      15      2   0.00      0.0/0.0         0    0  0.19  1  0.35  0     59     1
    17300      12      1   0.00      0.0/0.0         0    0  0.19  1  0.35  0     59     0
    17400       9      1   0.00      0.0/0.0         0    0  0.22  0  0.35  0     59     0
    17500       7      1   0.00      0.0/0.0         0    0  0.22  0  0.35  0     59     0
    17600       6      1   0.00      0.0/0.0         0    0  0.22  0  0.35  0     59     0
    17700       4      0   0.00      0.0/0.0         0    0  0.24  0  0.35  0     59     0
    17800       3      0   0.00      0.0/0.0         0    0  0.24  0  0.35  0     59     0
    17900       3      0   0.00      0.0/0.0         0    0  0.24  0  0.35  0     59     0
    18000       2      0   0.00      0.0/0.0         0    0  0.26  0  0.35  0     59     0
    18100       2      0   0.00      0.0/0.0         0    0  0.26  0  0.35  0     59     0

  ✝ ANCHOR DIED: Ǎịmràrọ̀ (id 109) — abandoned @ 18289 — final trajectory:
     step   people  urban   fedM  supply/coreNeed   terr work   dis  fam hvst siege  cid  army
    17000    3365    883   0.09      0.5/3.6         9    9  0.07  1  0.35  0    109     0
    17100    3159    723   0.11      0.6/2.9         9    9  0.12  1  0.35  0    109     5
    17200      39     39   0.12      0.0/0.2         9    0  0.12  1  0.35  0    109     9
    17300       5      5   0.08      0.0/0.0         2    0  0.12  1  0.35  0    109     7
    17400       6      6   0.06      0.0/0.0         2    0  0.15  0  0.35  0    109     3
    17500       5      0   0.04      0.0/0.0         0    0  0.15  0  0.35  0    169     0
    17600       5      0   0.03      0.0/0.0         0    0  0.15  0  0.35  0     60     0
    17700       5      0   0.02      0.0/0.0         0    0  0.18  0  0.35  0     60     0
    17800    1740    857   0.04      0.0/3.5         6    4  0.18  0  0.35  1     60    21
    17900    3210    231   0.03      0.0/1.1        25   13  0.18  0  0.35  1     60    41
    18000    3116    115   0.02      0.0/0.6        16   11  0.22  0  0.35  1     60    48
    18100    3137    719   0.01      0.0/3.1        16   11  0.22  0  0.35  1      1    50
    18200      35     35   0.01      0.0/0.1         9    0  0.22  0  0.35  1      1     0
[peopleSim] AGRICULTURE INVENTED at (196,38) (114.0E 33.0N) — the basin farms; a city will rise when its market gathers one (score 4.11)

  ✝ ANCHOR DIED: Lāffí (id 106) — abandoned @ 18605 — final trajectory:
     step   people  urban   fedM  supply/coreNeed   terr work   dis  fam hvst siege  cid  army
    16700    7194    205   0.25      3.0/1.4        27   27  0.09  0  1.00  0    106   122
    16800    2803    695   0.30      1.0/3.3        12    8  0.14  1  0.35  0    106   111
    16900    3479    107   0.29      0.3/0.9        13    9  0.14  1  0.35  0    106    94
    17000     271    151   0.32      0.0/0.8         2    0  0.14  1  0.35  0    106    44
    17100     345    345   0.23      0.0/1.2         2    0  0.17  1  0.35  0    106     2
    17200     270     27   0.17      0.0/0.2         0    0  0.17  1  0.35  0    106     1
    17300     192     19   0.12      0.0/0.2         0    0  0.17  1  0.35  0    106     1
    17400     135     13   0.09      0.0/0.1         0    0  0.19  0  0.35  0    106     0
    17500     101     10   0.07      0.0/0.1         0    0  0.19  0  0.35  0    106     0
    17600      68      7   0.05      0.0/0.1         0    0  0.19  0  0.35  0    106     0
    17700      48      5   0.04      0.0/0.1         0    0  0.21  0  0.35  0    106     0
    17800      28      3   0.03      0.0/0.1         0    0  0.21  0  0.35  0    106     0
    17900      19      2   0.02      0.0/0.0         0    0  0.21  0  0.35  0    106     0
    18000      13      1   0.02      0.0/0.0         0    0  0.24  0  0.35  0     45     0
    18100       9      1   0.01      0.0/0.0         0    0  0.24  0  0.35  0     45     0
    18200       6      1   0.01      0.0/0.0         0    0  0.24  0  0.35  0     45     0
    18300       4      0   0.01      0.0/0.0         0    0  0.25  0  0.35  0     45     0
    18400       3      0   0.00      0.0/0.0         0    0  0.25  0  0.35  0     45     0
    18500       2      0   0.00      0.0/0.0         0    0  0.25  0  0.35  0     45     0
    18600       2      0   0.00      0.0/0.0         0    0  0.27  0  0.35  0     45     0
[peopleSim] AGRICULTURE INVENTED at (140,73) (30.0E -19.5N) — the basin farms; a city will rise when its market gathers one (score 1.32)
[peopleSim] AGRICULTURE INVENTED at (111,53) (-13.5E 10.5N) — the basin farms; a city will rise when its market gathers one (score 1.76)

  ✝ ANCHOR DIED: Nomomoim (id 161) — abandoned @ 20017 — final trajectory:
     step   people  urban   fedM  supply/coreNeed   terr work   dis  fam hvst siege  cid  army
    18300     520    520   0.01      0.5/2.0         3    3  0.21  0  1.00  0    126     0
    18400     515    515   0.04      0.0/2.0         3    3  0.21  0  1.00  1    126     7
    18500     449    449   0.03      0.0/1.8         3    3  0.21  0  1.00  1    126    15
    18600     463     46   0.03      0.0/0.3         0    0  0.25  0  1.00  0    126    18
    18700     394     39   0.02      0.0/0.2         0    0  0.25  0  1.00  0    126     4
    18800      42     42   0.02      0.0/0.2         6    0  0.25  0  1.00  0    126     3
    18900      42      4   0.01      0.0/0.0         0    0  0.28  1  0.35  0    126     3
    19000      41      4   0.01      0.0/0.0         0    0  0.28  1  0.35  0    126     2
    19100      40      4   0.01      0.0/0.0         0    0  0.28  1  0.35  0    126     2
    19200      39      4   0.00      0.0/0.0         0    0  0.30  1  0.35  0    126     1
    19300      31      3   0.00      0.0/0.0         0    0  0.30  1  0.35  0    126     0
    19400      31      3   0.00      0.0/0.0         0    0  0.30  1  0.35  0    126     0
    19500      31      3   0.00      0.0/0.0         0    0  0.33  1  0.35  0    126     0
    19600      32      3   0.00      0.0/0.0         0    0  0.33  1  0.35  0    126     0
    19700      32      3   0.00      0.0/0.0         0    0  0.33  1  0.35  0    126     0
    19800      33      3   0.00      0.0/0.0         0    0  0.35  1  0.35  0    126     0
    19900      28      3   0.00      0.0/0.0         0    0  0.35  1  0.35  0    289     0
    20000      28      3   0.00      0.0/0.0         0    0  0.35  1  0.35  0    289     0
[peopleSim] hearth candidate at (58,38) (-93.0E 33.0N) stood down — the farming package arrived before it was invented

  ✝ ANCHOR DIED: Ěstù (id 110) — abandoned @ 20785 — final trajectory:
     step   people  urban   fedM  supply/coreNeed   terr work   dis  fam hvst siege  cid  army
    18800      16      2   0.01      0.0/0.0         0    0  0.26  0  0.35  0     60     0
    18900      13      1   0.01      0.0/0.0         0    0  0.27  1  0.35  0     60     0
    19000       8      1   0.00      0.0/0.0         0    0  0.27  1  0.35  0     60     0
    19100       6      1   0.00      0.0/0.0         0    0  0.27  1  0.35  0     60     0
    19200       5      0   0.00      0.0/0.0         0    0  0.29  1  0.35  0     60     0
    19300     871    871   0.00      0.1/3.4         7    4  0.29  1  0.35  0     60     0
    19400     621    621   0.01      0.1/2.5         7    4  0.29  1  0.35  0     60    15
    19500     415    415   0.01      0.0/1.6         3    0  0.31  1  0.35  0     60    23
    19600     386     39   0.01      0.0/0.2         0    0  0.31  1  0.35  0    110    21
    19700     285     29   0.01      0.0/0.2         0    0  0.31  1  0.35  0    110    17
    19800    4149    909   0.00      0.0/3.7         9    9  0.34  1  0.35  1    110    11
    19900      15     15   0.00      0.0/0.3         2    0  0.34  1  0.35  1    110    81
    20000      15     15   0.00      0.0/0.1         2    0  0.34  1  0.35  0    110     2
    20100      12      1   0.00      0.0/0.0         0    0  0.36  0  0.35  0    110     2
    20200       9      1   0.00      0.0/0.0         0    0  0.36  0  0.35  0    110     1
    20300       7      1   0.00      0.0/0.0         0    0  0.36  0  0.35  0    110     1
    20400       5      0   0.00      0.0/0.0         0    0  0.37  0  0.35  0    110     0
    20500       4      0   0.00      0.0/0.0         0    0  0.37  0  0.35  0    110     0
    20600       3      0   0.00      0.0/0.0         0    0  0.37  0  0.35  0    110     0
    20700       2      0   0.00      0.0/0.0         0    0  0.39  0  0.35  0    110     0

  ✝ ANCHOR DIED: Kyimmomoibom (id 126) — abandoned @ 20731 — final trajectory:
     step   people  urban   fedM  supply/coreNeed   terr work   dis  fam hvst siege  cid  army
    18800      18     18   0.03      0.0/0.1         4    0  0.30  0  0.35  0    175     1
    18900     677    557   0.02      0.0/2.2         5    0  0.33  1  0.35  0    175     1
    19000     675    536   0.02      0.0/2.2         5    0  0.33  1  0.35  0    175     8
    19100     508     51   0.01      0.0/0.3         0    0  0.33  1  0.35  0    175     6
    19200     381     38   0.01      0.0/0.2         0    0  0.36  1  0.35  0    175     3
    19300     268    268   0.01      0.0/1.0         5    0  0.36  1  0.35  0    175     1
    19400     288    288   0.00      0.0/1.1         5    0  0.36  1  0.35  0    175     4
    19500     229     23   0.00      0.0/0.2         0    0  0.38  1  0.35  0    175     7
    19600     149     15   0.00      0.0/0.1         0    0  0.38  1  0.35  0    175     4
    19700      99     10   0.00      0.0/0.1         0    0  0.38  1  0.35  0    175     2
    19800      54      5   0.00      0.0/0.1         0    0  0.40  1  0.35  0    175     1
    19900      33      3   0.00      0.0/0.0         0    0  0.40  1  0.35  0    175     0
    20000      24      2   0.00      0.0/0.0         0    0  0.40  1  0.35  0    175     0
    20100      17      2   0.00      0.0/0.0         0    0  0.41  0  0.35  0    175     0
    20200      12      1   0.00      0.0/0.0         0    0  0.41  0  0.35  0    175     0
    20300       8      1   0.00      0.0/0.0         0    0  0.41  0  0.35  0    175     0
    20400       6      1   0.00      0.0/0.0         0    0  0.43  0  0.35  0    175     0
    20500       4      0   0.00      0.0/0.0         0    0  0.43  0  0.35  0    175     0
    20600       2      0   0.00      0.0/0.0         0    0  0.43  0  0.35  0    175     0
    20700       2      0   0.00      0.0/0.0         0    0  0.44  0  0.35  0    175     0
[peopleSim] hearth candidate at (31,23) (-133.5E 55.5N) stood down — the farming package arrived before it was invented
[transHeap] step=21192 cap=2048 peakN=1234 pushes=9820 (0.0MB backing)

  ✝ ANCHOR DIED: Gyamomumom (id 108) — abandoned @ 21116 — final trajectory:
     step   people  urban   fedM  supply/coreNeed   terr work   dis  fam hvst siege  cid  army
    19200    3622    449   0.11      1.2/1.9        25   22  0.38  1  0.35  0    209     5
    19300    3588    376   0.15      0.0/1.7        25   23  0.38  1  0.35  1    209    28
    19400    3827    372   0.11      0.0/1.8        25   23  0.38  1  0.35  1    209    54
    19500    3272    398   0.08      0.0/2.3        23   19  0.42  1  0.35  1    209   136
    19600    1931    422   0.06      0.0/2.4        14    3  0.42  1  0.35  1    197   149
    19700    2208     97   0.04      0.0/0.8        14    3  0.42  1  0.35  1    197    18
    19800     363    277   0.03      0.0/1.3         7    2  0.44  1  0.35  1    197    14
    19900     320     32   0.03      0.0/0.3         0    0  0.44  1  0.35  0    197     0
    20000     205     20   0.02      0.0/0.2         0    0  0.44  1  0.35  0    197     0
    20100     127     13   0.02      0.0/0.2         0    0  0.45  0  0.35  1    197     0
    20200      52      5   0.01      0.0/0.1         0    0  0.45  0  0.35  1    175     0
    20300      36      4   0.01      0.0/0.1         0    0  0.45  0  0.35  1    175     0
    20400      25      2   0.01      0.0/0.1         0    0  0.46  0  0.35  0    175     0
    20500      17      2   0.00      0.0/0.0         0    0  0.46  0  0.35  0    175     0
    20600      11      1   0.00      0.0/0.0         0    0  0.46  0  0.35  0    175     0
    20700       8      1   0.00      0.0/0.0         0    0  0.47  0  0.35  0    175     0
    20800       5      1   0.00      0.0/0.0         0    0  0.47  0  0.35  0    175     0
    20900       3      0   0.00      0.0/0.0         0    0  0.47  0  0.35  0    175     0
    21000       2      0   0.00      0.0/0.0         0    0  0.48  0  0.35  0    175     0
    21100       2      0   0.00      0.0/0.0         0    0  0.48  0  0.35  0    175     0
[peopleSim] hearth candidate at (77,72) (-64.5E -18.0N) stood down — the farming package arrived before it was invented

  ✝ ANCHOR DIED: Súrpì (id 234) — abandoned @ 21502 — final trajectory:
     step   people  urban   fedM  supply/coreNeed   terr work   dis  fam hvst siege  cid  army
    19600     558    558   0.01      0.1/2.2         3    3  0.23  1  0.35  0     60     1
    19700     529    529   0.02      0.1/2.1         3    3  0.23  1  0.35  0    234     3
    19800     417     42   0.02      0.0/0.2         0    0  0.26  1  0.35  0    234     5
    19900    3709    933   0.01      0.0/3.9        11   10  0.26  1  0.35  1    234     4
    20000    3710    916   0.01      0.0/4.0        11   10  0.26  1  0.35  1    234    75
    20100      29     29   0.01      0.0/0.2         5    0  0.28  0  0.35  0    234     6
    20200       4      4   0.01      0.0/0.0         1    0  0.28  0  0.35  0    234     5
    20300       5      5   0.00      0.0/0.0         1    0  0.28  0  0.35  0    234     2
    20400       4      4   0.00      0.0/0.0         1    0  0.30  0  0.35  0    422     2
    20500    1759    802   0.05      1.0/3.2        10    4  0.30  0  0.35  0    464     1
    20600    6527    513   0.14      3.0/2.1        23   17  0.30  0  0.35  0    464    21
    20700    6703    797   0.39      3.6/3.5        23   17  0.34  0  0.35  0    464    21
    20800      13     13   0.38      0.0/0.1         1    0  0.34  0  0.35  0    234     8
    20900      12      1   0.27      0.0/0.0         0    0  0.34  0  0.35  0    234     2
    21000       8      1   0.19      0.0/0.0         0    0  0.36  0  0.35  0    234     1
    21100       6      1   0.14      0.0/0.0         0    0  0.36  0  0.35  0    234     1
    21200       4      0   0.10      0.0/0.0         0    0  0.36  0  0.35  0    234     1
    21300       3      0   0.07      0.0/0.0         0    0  0.38  0  0.35  0    234     0
    21400       2      0   0.05      0.0/0.0         0    0  0.38  0  0.35  0    234     0
    21500       2      0   0.04      0.0/0.0         0    0  0.38  0  0.35  0    234     0
[peopleSim] hearth candidate at (117,23) (-4.5E 55.5N) stood down — the farming package arrived before it was invented

  ✝ ANCHOR DIED: Emomumom (id 175) — abandoned @ 22028 — final trajectory:
     step   people  urban   fedM  supply/coreNeed   terr work   dis  fam hvst siege  cid  army
    20100    1451    145   0.13      0.1/0.8         0    0  0.41  0  0.35  0    289    22
    20200     987     99   0.11      0.0/0.5         0    0  0.41  0  0.35  0    289     5
    20300     760     76   0.08      0.0/0.4         0    0  0.41  0  0.35  0    289     4
    20400     582     58   0.06      0.0/0.3         0    0  0.43  0  0.35  0    289     2
    20500     339    339   0.12      0.7/1.4         4    4  0.43  0  0.35  0    289     1
    20600     322     32   0.25      0.0/0.2         0    0  0.43  0  0.35  0    289     2
    20700     212     21   0.18      0.0/0.1         0    0  0.45  0  0.35  0    289     1
    20800     139     14   0.13      0.0/0.1         0    0  0.45  0  0.35  0    289     1
    20900      76      8   0.09      0.0/0.1         0    0  0.45  0  0.35  0    289     0
    21000      51      5   0.07      0.0/0.1         0    0  0.46  0  0.35  0    289     0
    21100      37      4   0.05      0.0/0.1         0    0  0.46  0  0.35  0    289     0
    21200      26      3   0.03      0.0/0.0         0    0  0.46  0  0.35  0    289     0
    21300      19      2   0.02      0.0/0.0         0    0  0.47  0  0.35  0    289     0
    21400      13      1   0.02      0.0/0.0         0    0  0.47  0  0.35  0    289     0
    21500       9      1   0.01      0.0/0.0         0    0  0.47  0  0.35  0    289     0
    21600       6      1   0.01      0.0/0.0         0    0  0.48  0  0.35  0    289     0
    21700       4      0   0.01      0.0/0.0         0    0  0.48  1  0.35  0    289     0
    21800       3      0   0.00      0.0/0.0         0    0  0.48  1  0.35  0    289     0
    21900       2      0   0.00      0.0/0.0         0    0  0.49  1  0.35  0    289     0
    22000       2      0   0.00      0.0/0.0         0    0  0.49  1  0.35  0    289     0

  ✝ ANCHOR DIED: Fọ̄ịkfé (id 50) — abandoned @ 22220 — final trajectory:
     step   people  urban   fedM  supply/coreNeed   terr work   dis  fam hvst siege  cid  army
    20300    5151    845   0.25      2.5/3.5         9    9  0.41  0  0.35  0     50     4
    20400    1429   1003   0.23      0.5/4.3         2    2  0.42  0  0.35  0     50     8
    20500      73     73   0.18      0.0/0.4        12    0  0.42  0  0.35  0     50     9
    20600     836    836   0.13      0.3/3.4         7    6  0.42  0  0.35  0      2     8
    20700     799    799   0.12      0.4/3.2         7    6  0.44  0  0.35  0      2    10
    20800    1231    845   0.14      0.7/3.4        23   15  0.44  0  0.35  0      2    18
    20900    1971    152   0.17      0.5/0.8        26    9  0.44  0  0.35  0      2    28
    21000    2003     97   0.36      0.5/0.6        26    9  0.45  0  0.35  0      2    19
    21100     129    129   0.32      0.0/0.7         4    0  0.45  0  0.35  0      2    13
    21200      58     58   0.24      0.0/0.3         5    4  0.45  0  0.35  0      2    12
    21300      45     45   0.20      0.0/0.3         5    4  0.47  0  0.35  0      2    10
    21400      35      3   0.15      0.0/0.1         0    0  0.47  0  0.35  0      2     5
    21500      25      3   0.11      0.0/0.1         0    0  0.47  0  0.35  0      2     3
    21600      17      2   0.08      0.0/0.0         0    0  0.48  0  0.35  0      2     2
    21700      11      1   0.05      0.0/0.0         0    0  0.48  1  0.35  0      2     1
    21800       7      1   0.04      0.0/0.0         0    0  0.48  1  0.35  0      2     0
    21900       5      0   0.03      0.0/0.0         0    0  0.49  1  0.35  0      2     0
    22000       3      0   0.02      0.0/0.0         0    0  0.49  1  0.35  0      2     0
    22100       2      0   0.01      0.0/0.0         0    0  0.49  1  0.35  0      2     0
    22200       2      0   0.01      0.0/0.0         0    0  0.50  0  0.35  0      2     0

  ✝ ANCHOR DIED: Pụ̌myǎ (id 399) — abandoned @ 22465 — final trajectory:
     step   people  urban   fedM  supply/coreNeed   terr work   dis  fam hvst siege  cid  army
    20600     286    286   0.05      0.0/1.1         2    0  0.12  0  1.00  1    399     0
    20700     229    229   0.04      0.0/0.9         2    0  0.16  0  1.00  1    399     1
    20800     207     21   0.03      0.0/0.1         0    0  0.16  0  1.00  0    399     2
    20900     182     18   0.02      0.0/0.1         0    0  0.16  0  1.00  0    399     2
    21000     155     16   0.01      0.0/0.1         0    0  0.19  0  1.00  0    399     2
    21100      13     13   0.01      0.0/0.0         1    0  0.19  0  1.00  0    399     1
    21200      12     12   0.01      0.0/0.0         1    0  0.19  0  1.00  0    399     1
    21300      11     11   0.01      0.0/0.0         1    0  0.22  0  1.00  1    399     1
    21400      16     16   0.00      0.0/0.1         1    0  0.22  0  1.00  1    399     1
    21500      16     16   0.00      0.0/0.1         1    0  0.22  0  1.00  1    399     1
    21600      16     16   0.00      0.0/0.1         1    0  0.25  0  1.00  1    399     1
    21700      16     16   0.00      0.0/0.1         1    0  0.25  1  0.35  0    399     1
    21800      16     16   0.00      0.0/0.1         1    0  0.25  1  0.35  1    399     1
    21900      15     15   0.00      0.0/0.1         1    0  0.28  1  0.35  1    399     1
    22000      16     16   0.00      0.0/0.1         1    0  0.28  1  0.35  1     50     1
    22100    3543    623   0.01      0.5/2.6        17   12  0.28  1  0.35  0      1     1
    22200    3407    341   0.05      0.0/1.4         0    0  0.31  0  0.35  0      1     3
    22300    2758    276   0.04      0.0/1.3         0    0  0.31  0  0.35  0      1     2
    22400    2157    216   0.03      0.0/1.0         0    0  0.31  0  0.35  0      1     0

  ✝ ANCHOR DIED: Botholayghat (id 311) — abandoned @ 22642 — final trajectory:
     step   people  urban   fedM  supply/coreNeed   terr work   dis  fam hvst siege  cid  army
    20700    3501    671   0.01      0.0/3.2        10   10  0.25  0  0.35  1    425    56
    20800     699    684   0.02      0.3/3.0         2    1  0.25  0  0.35  0    425    45
    20900     682    682   0.03      0.2/2.9         1    1  0.25  0  0.35  0    425    39
    21000     679    660   0.05      0.3/2.8         1    1  0.28  0  0.35  0    425    35
    21100     485     49   0.04      0.0/0.4         0    0  0.28  0  0.35  0    425    20
    21200     362     36   0.03      0.0/0.3         0    0  0.28  0  0.35  0    425    13
    21300     248     25   0.02      0.0/0.2         0    0  0.30  0  0.35  0    425     8
    21400     169     17   0.02      0.0/0.2         0    0  0.30  0  0.35  0    425     4
    21500      97     10   0.01      0.0/0.1         0    0  0.30  0  0.35  0    425     3
    21600      62      6   0.01      0.0/0.1         0    0  0.31  0  0.35  0    425     2
    21700      44      4   0.01      0.0/0.1         0    0  0.31  1  0.35  0    425     1
    21800      30      3   0.00      0.0/0.1         0    0  0.31  1  0.35  0    425     1
    21900      21      2   0.00      0.0/0.0         0    0  0.33  1  0.35  0    425     1
    22000      14      1   0.00      0.0/0.0         0    0  0.33  1  0.35  0    425     0
    22100      10      1   0.00      0.0/0.0         0    0  0.33  1  0.35  0    425     0
    22200       7      1   0.00      0.0/0.0         0    0  0.35  0  0.35  0    425     0
    22300       5      0   0.00      0.0/0.0         0    0  0.35  0  0.35  0    425     0
    22400       3      0   0.00      0.0/0.0         0    0  0.35  0  0.35  0    425     0
    22500       2      0   0.00      0.0/0.0         0    0  0.37  0  0.35  0    425     0
    22600       2      0   0.00      0.0/0.0         0    0  0.37  0  0.35  0    425     0

  ✝ ANCHOR DIED: Pakhaphyum (id 427) — abandoned @ 22736 — final trajectory:
     step   people  urban   fedM  supply/coreNeed   terr work   dis  fam hvst siege  cid  army
    21100    1661    568   0.09      0.7/2.3         8    5  0.14  0  1.00  0    427     0
    21200     941     96   0.14      0.0/0.4         0    0  0.14  0  1.00  0    427     2
    21300     461     46   0.10      0.0/0.2         0    0  0.18  0  1.00  1    427     2
    21400    3021    586   0.07      0.0/2.6        10    9  0.18  0  1.00  1    427    55
    21500    2721    272   0.05      0.0/1.4         0    0  0.18  0  1.00  1    427    47
    21600    1043    613   0.04      0.0/1.1         5    4  0.21  0  1.00  1    427    32
    21700     993    583   0.03      0.0/2.5         5    4  0.21  1  0.35  1    427    38
    21800     998    590   0.02      0.0/2.5         6    5  0.21  1  0.35  1    427    26
    21900      15     15   0.01      0.0/0.2         2    0  0.24  1  0.35  1    427    44
    22000      17     17   0.01      0.0/0.1         2    0  0.24  1  0.35  1    427     2
    22100      13      1   0.01      0.0/0.0         0    0  0.24  1  0.35  1    427     0
    22200       9      1   0.00      0.0/0.0         0    0  0.26  0  0.35  0    427     0
    22300       7      1   0.00      0.0/0.0         0    0  0.26  0  0.35  0    427     0
    22400       5      0   0.00      0.0/0.0         0    0  0.26  0  0.35  0    427     0
    22500       3      0   0.00      0.0/0.0         0    0  0.28  0  0.35  0    427     0
    22600       2      0   0.00      0.0/0.0         0    0  0.28  0  0.35  0    427     0
    22700       2      0   0.00      0.0/0.0         0    0  0.28  0  0.35  0    427     0

  ✝ ANCHOR DIED: Hǔptù (id 257) — abandoned @ 23305 — final trajectory:
     step   people  urban   fedM  supply/coreNeed   terr work   dis  fam hvst siege  cid  army
    21400     934     93   0.02      0.0/0.8         0    0  0.36  0  0.35  0    422    38
    21500     714     71   0.01      0.0/0.6         0    0  0.36  0  0.35  0    422    27
    21600     539     54   0.01      0.0/0.5         0    0  0.38  0  0.35  0    422    19
    21700     394     39   0.01      0.0/0.4         0    0  0.38  1  0.35  0    422    12
    21800     284     28   0.00      0.0/0.3         0    0  0.38  1  0.35  0    422     7
    21900     243     24   0.00      0.0/0.3         0    0  0.40  1  0.35  0    422     4
    22000     206     21   0.00      0.0/0.2         0    0  0.40  1  0.35  0    422     2
    22100     141     14   0.00      0.0/0.2         0    0  0.40  1  0.35  0    422     1
    22200      95      9   0.00      0.0/0.1         0    0  0.41  0  0.35  0    422     1
    22300      56      6   0.00      0.0/0.1         0    0  0.41  0  0.35  0    422     0
    22400      49      5   0.00      0.0/0.1         0    0  0.41  0  0.35  0     60     0
    22500      34      3   0.05      0.0/0.1         0    0  0.41  0  0.35  0     60     0
    22600      23      2   0.08      0.0/0.0         0    0  0.41  0  0.35  0     60     0
    22700      16      2   0.06      0.0/0.0         0    0  0.41  0  0.35  0     60     0
    22800      11      1   0.04      0.0/0.0         0    0  0.42  0  0.35  0     60     0
    22900       7      1   0.03      0.0/0.0         0    0  0.42  0  0.35  0     60     0
    23000       4      0   0.02      0.0/0.0         0    0  0.42  0  0.35  0     60     0
    23100       3      0   0.02      0.0/0.0         0    0  0.44  0  0.35  0     60     0
    23200       2      0   0.01      0.0/0.0         0    0  0.44  0  0.35  0     60     0
    23300       2      0   0.01      0.0/0.0         0    0  0.44  0  0.35  0     60     0

  ✝ ANCHOR DIED: Sópfá (id 1043) — abandoned @ 23329 — final trajectory:
     step   people  urban   fedM  supply/coreNeed   terr work   dis  fam hvst siege  cid  army
    22800     659    659   0.54      0.1/2.5         2    2  0.02  0  1.00  0     50     0
    22900     751     75   0.39      0.0/0.3         0    0  0.02  0  1.00  0   1043     7
    23000     727     73   0.28      0.0/0.3         0    0  0.02  0  1.00  0   1043     6
    23100     706     71   0.20      0.0/0.3         0    0  0.07  0  1.00  0   1043     4
    23200     688     69   0.14      0.0/0.3         0    0  0.07  0  1.00  0   1043     3
    23300     659     66   0.10      0.0/0.3         0    0  0.07  0  1.00  0   1043     2

  ✝ ANCHOR DIED: Sogyoepa (id 30) — abandoned @ 23526 — final trajectory:
     step   people  urban   fedM  supply/coreNeed   terr work   dis  fam hvst siege  cid  army
    21600     136    136   0.01      0.0/0.5         4    4  0.58  0  0.35  1     30    10
    21700     123    123   0.00      0.0/0.5         4    4  0.58  1  0.35  1     30     8
    21800     107    107   0.00      0.0/0.4         4    4  0.58  1  0.35  1     30     8
    21900     103    103   0.00      0.0/0.4         4    4  0.58  1  0.35  1     30     6
    22000     103    103   0.00      0.0/0.4         4    4  0.58  1  0.35  1     30     6
    22100      99     99   0.00      0.0/0.4         4    4  0.58  1  0.35  1    175     5
    22200      89      9   0.00      0.0/0.1         0    0  0.58  0  0.35  1    175     5
    22300      49      5   0.00      0.0/0.0         0    0  0.58  0  0.35  0    175     3
    22400      38      4   0.00      0.0/0.0         0    0  0.58  0  0.35  0    175     2
    22500      29      3   0.00      0.0/0.0         0    0  0.58  0  0.35  0    175     1
    22600      23      2   0.00      0.0/0.0         0    0  0.58  0  0.35  0    175     1
    22700      14      1   0.00      0.0/0.0         0    0  0.58  0  0.35  0    175     0
    22800      11      1   0.00      0.0/0.0         0    0  0.58  0  0.35  0    175     0
    22900      10      1   0.00      0.0/0.0         0    0  0.58  0  0.35  0    175     0
    23000       7      1   0.00      0.0/0.0         0    0  0.58  0  0.35  0    175     0
    23100       6      1   0.00      0.0/0.0         0    0  0.59  0  0.35  0    175     0
    23200       4      0   0.00      0.0/0.0         0    0  0.59  0  0.35  0    175     0
    23300       3      0   0.00      0.0/0.0         0    0  0.59  0  0.35  0    175     0
    23400       2      0   0.00      0.0/0.0         0    0  0.59  0  0.35  0    175     0
    23500       2      0   0.00      0.0/0.0         0    0  0.59  0  0.35  0    175     0

  ✝ ANCHOR DIED: Muimotugyumu (id 984) — abandoned @ 23544 — final trajectory:
     step   people  urban   fedM  supply/coreNeed   terr work   dis  fam hvst siege  cid  army
    22900    3532    696   0.14      1.8/2.8        12   12  0.03  0  1.00  0   1127     0
    23000    3235    669   0.27      1.8/3.0        12   12  0.03  0  1.00  0   1127    85
    23100    1297    612   0.31      0.9/2.8         8    5  0.08  0  1.00  0   1127    92
    23200    1125    577   0.23      0.0/2.3         8    5  0.08  0  1.00  1    450     0
    23300    1409    181   0.16      0.0/1.0         8    5  0.08  0  1.00  1    450    18
    23400       6      6   0.12      0.0/0.1         1    0  0.12  0  1.00  1    450    29
    23500       3      0   0.08      0.0/0.1         0    0  0.12  0  1.00  0   1118    21

  ✝ ANCHOR DIED: Rītlà (id 1010) — abandoned @ 23597 — final trajectory:
     step   people  urban   fedM  supply/coreNeed   terr work   dis  fam hvst siege  cid  army
    22900    1585    799   0.23      0.1/3.2         8    4  0.03  0  1.00  0   1043     0
    23000    1634    796   0.18      0.1/3.2         8    4  0.03  0  1.00  0   1043     3
    23100    4068    759   0.16      0.4/3.1        14   11  0.06  0  1.00  0   1043     6
    23200      20     20   0.16      0.0/0.1         3    0  0.06  0  1.00  0   1043     8
    23300      20     20   0.11      0.0/0.1         3    0  0.06  0  1.00  0   1010     7
    23400      16      2   0.08      0.0/0.0         0    0  0.07  0  1.00  0   1010     5
    23500       5      0   0.06      0.0/0.0         0    0  0.07  0  1.00  0   1010     4

  ✝ ANCHOR DIED: Fùlpū (id 2) — abandoned @ 23617 — final trajectory:
     step   people  urban   fedM  supply/coreNeed   terr work   dis  fam hvst siege  cid  army
    21700      82      8   0.00      0.0/0.1         0    0  0.48  1  0.35  0     45     0
    21800      51      6   0.00      0.0/0.0         0    0  0.48  1  0.35  1    427     0
    21900     421    421   0.00      0.0/1.6         1    1  0.49  1  0.35  1    427     0
    22000     515    515   0.00      0.0/2.0         1    1  0.49  1  0.35  1    427     0
    22100      60     60   0.00      0.0/0.2         2    0  0.49  1  0.35  0    427     2
    22200      66     66   0.00      0.0/0.2         1    0  0.50  0  0.35  0    427     2
    22300      65     65   0.00      0.0/0.2         1    0  0.50  0  0.35  0    427     2
    22400      53      5   0.00      0.0/0.0         0    0  0.50  0  0.35  0    427     2
    22500      41      4   0.00      0.0/0.0         0    0  0.51  0  0.35  0    427     1
    22600      31      3   0.00      0.0/0.0         0    0  0.51  0  0.35  0    427     1
    22700      24      2   0.00      0.0/0.0         0    0  0.51  0  0.35  0    427     1
    22800      18      2   0.00      0.0/0.0         0    0  0.52  0  0.35  0    427     1
    22900     942    795   0.00      0.0/3.1         6    0  0.52  0  0.35  0    427     0
    23000     920    642   0.00      0.0/2.5         6    0  0.52  0  0.35  0    427     7
    23100     633    619   0.00      0.0/2.4         6    0  0.53  0  0.35  0    427    11
    23200     591     59   0.00      0.0/0.3         0    0  0.53  0  0.35  0    427    13
    23300     438     44   0.00      0.0/0.2         0    0  0.53  0  0.35  0    427     9
    23400     313     31   0.00      0.0/0.1         0    0  0.54  0  0.35  0    427     6
    23500      99     99   0.00      0.0/0.4        11    0  0.54  0  0.35  0    427     4
    23600      94     94   0.00      0.0/0.4        11    0  0.54  0  0.35  0    427     4

  ✝ ANCHOR DIED: Lāffí (id 1012) — abandoned @ 23663 — final trajectory:
     step   people  urban   fedM  supply/coreNeed   terr work   dis  fam hvst siege  cid  army
    22800    1425    754   0.33      0.1/3.0         6    4  0.04  0  1.00  0     50     0
    22900    1457    146   0.26      0.1/0.6         0    0  0.04  0  1.00  0   1012     8
    23000    1457    146   0.19      0.0/0.6         0    0  0.04  0  1.00  0   1012     6
    23100     941    731   0.14      0.1/2.9         3    3  0.06  0  1.00  0   1012     5
    23200     931     93   0.12      0.0/0.4         0    0  0.06  0  1.00  0   1012     9
    23300     722     72   0.08      0.0/0.3         0    0  0.06  0  1.00  0   1012     7
    23400      12     12   0.06      0.0/0.1         1    0  0.11  0  1.00  0   1012     6
    23500       9      1   0.04      0.0/0.0         0    0  0.11  0  1.00  0   1012     3
    23600       3      0   0.03      0.0/0.0         0    0  0.11  0  1.00  0   1012     2

  ✝ ANCHOR DIED: Ňěňní (id 1) — abandoned @ 23761 — final trajectory:
     step   people  urban   fedM  supply/coreNeed   terr work   dis  fam hvst siege  cid  army
    21800      22     22   0.00      0.0/0.1         5    0  0.55  1  0.35  0      1     1
    21900      23     23   0.00      0.0/0.1         5    0  0.55  1  0.35  0      1     1
    22000      24     24   0.00      0.0/0.1         5    0  0.55  1  0.35  1      1     1
    22100    2683    509   0.00      0.0/2.1        17   14  0.55  1  0.35  1      1     1
    22200      40     40   0.00      0.0/0.2         9    0  0.55  0  0.35  1      1     2
    22300      40     40   0.00      0.0/0.2         9    0  0.55  0  0.35  1      1     3
    22400      46     46   0.00      0.0/0.2         6    0  0.55  0  0.35  0    375     0
    22500      37     37   0.00      0.0/0.2         1    0  0.55  0  0.35  0    375     0
    22600      37     37   0.00      0.0/0.2         1    0  0.55  0  0.35  0    373     0
    22700      18     18   0.00      0.0/0.1         4    0  0.55  0  0.35  0    373     0
    22800      64     64   0.00      0.0/0.2        10    0  0.55  0  0.35  0    373     0
    22900     527    527   0.00      0.0/2.0        12    0  0.55  0  0.35  0    373     0
    23000     555    451   0.00      0.0/1.8        12    0  0.55  0  0.35  0    373     0
    23100     120    120   0.00      0.0/0.5         9    0  0.55  0  0.35  0    373     2
    23200      20     20   0.00      0.0/0.1         7    0  0.55  0  0.35  0    373     0
    23300      20     20   0.00      0.0/0.1         7    0  0.55  0  0.35  0      1     0
    23400      16     16   0.00      0.0/0.1         4    0  0.56  0  0.35  0      1     0
    23500    1031    406   0.00      0.0/1.6         9    3  0.56  0  0.35  1      1     0
    23600    1144    358   0.00      0.0/1.5         9    3  0.56  0  0.35  1      1     0
    23700      79     79   0.00      0.0/0.3        11    0  0.57  0  0.35  1      1     1

  ✝ ANCHOR DIED: Rāịptù (id 668) — abandoned @ 23761 — final trajectory:
     step   people  urban   fedM  supply/coreNeed   terr work   dis  fam hvst siege  cid  army
    21800    4014    665   0.22      0.0/3.1        20   19  0.07  1  0.35  1     50   102
    21900    3246    676   0.16      0.0/3.3        19   10  0.12  1  0.35  1     50   134
    22000    3266    661   0.11      0.0/3.3        19   10  0.12  1  0.35  1     50   173
    22100      24     24   0.08      0.0/0.5         1    0  0.12  1  0.35  1     50   145
    22200      20     20   0.06      0.0/0.4         1    0  0.16  0  0.35  0     50   116
    22300      17     17   0.04      0.0/0.4         1    0  0.16  0  0.35  0     50    93
    22400      12      1   0.03      0.0/0.2         0    0  0.16  0  0.35  0     50    74
    22500    1574    840   0.04      0.7/3.5         5    3  0.20  0  0.35  0     50    58
    22600    1555    712   0.09      0.8/2.9         5    3  0.20  0  0.35  0    668    22
    22700       5      5   0.09      0.0/0.1         1    0  0.20  0  0.35  0    668    18
    22800    3037    754   0.14      2.0/3.1         8    7  0.24  0  0.35  0    520    14
    22900    2714    271   0.11      0.0/1.2         0    0  0.24  0  0.35  1    520    16
    23000    2114    211   0.08      0.0/0.9         0    0  0.24  0  0.35  1    520     0
    23100       2      2   0.06      0.0/0.0         1    0  0.27  0  0.35  1    520     0
    23200       3      0   0.04      0.0/0.0         0    0  0.27  0  0.35  0   1158     0
    23300       2      0   0.03      0.0/0.0         0    0  0.27  0  0.35  0   1158     0
    23400    3500    690   0.11      1.4/2.8        13   12  0.31  0  0.35  0   1010     0
    23500    3345    645   0.23      1.4/2.7        18   13  0.31  0  0.35  0   1010     3
    23600    3101    630   0.30      1.4/2.7        18   13  0.31  0  0.35  0   1010    17
    23700      17     17   0.26      0.0/0.1         3    2  0.34  0  0.35  0   1010     3

  ✝ ANCHOR DIED: Zomyabil (id 422) — abandoned @ 23950 — final trajectory:
     step   people  urban   fedM  supply/coreNeed   terr work   dis  fam hvst siege  cid  army
    22000      85      8   0.03      0.0/0.0         0    0  0.26  1  0.35  0    442     4
    22100      55      5   0.02      0.0/0.0         0    0  0.26  1  0.35  1    442     0
    22200      20     20   0.02      0.0/0.1         1    0  0.29  0  0.35  1    442     0
    22300      21     21   0.01      0.0/0.1         1    0  0.29  0  0.35  1    442     0
    22400    1684    726   0.01      0.0/2.9         4    3  0.29  0  0.35  1    442    22
    22500    1699    170   0.01      0.0/0.7         0    0  0.31  0  0.35  1    442    21
    22600    1323    132   0.00      0.0/0.6         0    0  0.31  0  0.35  0    442    13
    22700    1033    103   0.00      0.0/0.4         0    0  0.31  0  0.35  0    442     9
    22800     811     81   0.00      0.0/0.3         0    0  0.34  0  0.35  0    442     6
    22900      26     26   0.00      0.0/0.1         2    0  0.34  0  0.35  0    442     4
    23000      22     22   0.00      0.0/0.1         2    0  0.34  0  0.35  0    442     3
    23100      19      2   0.00      0.0/0.0         0    0  0.35  0  0.35  0    442     3
    23200      14      1   0.00      0.0/0.0         0    0  0.35  0  0.35  0    442     2
    23300      11      1   0.00      0.0/0.0         0    0  0.35  0  0.35  0    442     1
    23400       8      1   0.00      0.0/0.0         0    0  0.37  0  0.35  0    442     1
    23500       6      1   0.00      0.0/0.0         0    0  0.37  0  0.35  0    442     1
    23600       4      0   0.00      0.0/0.0         0    0  0.37  0  0.35  0    442     0
    23700       3      0   0.00      0.0/0.0         0    0  0.39  0  0.35  0    442     0
    23800       2      0   0.00      0.0/0.0         0    0  0.39  0  0.35  0    442     0
    23900       2      0   0.00      0.0/0.0         0    0  0.39  0  0.35  0    442     0

  ✝ ANCHOR DIED: Mumositui (id 450) — abandoned @ 23905 — final trajectory:
     step   people  urban   fedM  supply/coreNeed   terr work   dis  fam hvst siege  cid  army
    22000    3943     37   0.37      1.2/0.6        24   23  0.30  1  0.35  0    450   144
    22100    2381    234   0.49      0.8/1.5        19   19  0.30  1  0.35  0    450   133
    22200    3033    323   0.50      2.2/1.7        21   19  0.35  0  0.35  0    450    72
    22300    3151     36   0.64      2.1/0.5        21   19  0.35  0  0.35  0    450    74
    22400    3975    260   0.74      2.9/1.3        24   23  0.35  0  0.35  0    450    16
    22500    1540    338   0.80      1.3/1.6        18   17  0.38  0  0.35  0    450     7
    22600    1619    384   0.79      1.3/1.8        18   17  0.38  0  0.35  0    450    13
    22700    1352    107   0.76      1.4/0.7        13    9  0.38  0  0.35  0    450    15
    22800    1279    250   0.83      1.2/1.2        11   11  0.41  0  0.35  0    450    13
    22900    1332    351   0.71      0.0/1.5        11   11  0.41  0  0.35  1    450    13
    23000    1325     99   0.51      0.0/0.7        11   11  0.41  0  0.35  1    450    42
    23100    1282    290   0.36      0.0/1.3        11   11  0.44  0  0.35  1    450    34
    23200    1254    149   0.47      1.2/0.7         9    9  0.44  0  0.35  0    450    20
    23300    1156    319   0.59      1.1/1.4         9    9  0.44  0  0.35  0    450    36
    23400    1309    365   0.61      1.1/1.6         9    9  0.46  0  0.35  0    450    40
    23500    1284    380   0.63      1.1/1.7         9    9  0.46  0  0.35  0    450    40
    23600    1235    355   0.55      0.0/1.5         9    9  0.46  0  0.35  1    450     7
    23700    1105    292   0.39      0.0/1.2        10   10  0.48  0  0.35  1    450     7
    23800      10     10   0.28      0.0/0.1         2    0  0.48  0  0.35  0    450     6
    23900       9      9   0.20      0.0/0.1         2    0  0.48  0  0.35  0    450     3

  ✝ ANCHOR DIED: Fị̀ptù (id 520) — abandoned @ 23905 — final trajectory:
     step   people  urban   fedM  supply/coreNeed   terr work   dis  fam hvst siege  cid  army
    22000     144     14   0.01      0.0/0.1         0    0  0.21  1  0.35  0    464     0
    22100     107     11   0.00      0.0/0.0         0    0  0.21  1  0.35  0     50     0
    22200    5585    685   0.04      3.9/2.8        24   18  0.25  0  0.35  0     50     0
    22300    5610    700   0.23      2.0/3.1        24   18  0.25  0  0.35  0     50     9
    22400    2910    287   0.28      1.1/1.7        14   13  0.25  0  0.35  0     50    18
    22500    4739     90   0.48      1.5/0.8        22   21  0.29  0  0.35  0     50    19
    22600    4088    633   0.56      1.5/3.0        22   21  0.29  0  0.35  0     50    15
    22700    1142    626   0.44      0.3/2.8         8    4  0.29  0  0.35  0    520    20
    22800     976     98   0.34      0.0/0.7         0    0  0.32  0  0.35  0    520    22
    22900     745     74   0.25      0.0/0.6         0    0  0.32  0  0.35  0    520    17
    23000     560     56   0.17      0.0/0.4         0    0  0.32  0  0.35  0    520     0
    23100     402     40   0.13      0.0/0.3         0    0  0.34  0  0.35  0    520     0
    23200     275     27   0.09      0.0/0.3         0    0  0.34  0  0.35  0    520     0
    23300     144     14   0.06      0.0/0.2         0    0  0.34  0  0.35  0    520     0
    23400       8      8   0.05      0.0/0.0         1    0  0.37  0  0.35  0    520     0
    23500       7      1   0.03      0.0/0.0         0    0  0.37  0  0.35  0    845     0
    23600       5      1   0.02      0.0/0.0         0    0  0.37  0  0.35  0    845     0
    23700       4      0   0.02      0.0/0.0         0    0  0.39  0  0.35  0   1158     0
    23800     996    651   0.04      0.8/2.6         3    3  0.39  0  0.35  0    647     0
    23900     971    625   0.13      0.9/2.5         3    3  0.39  0  0.35  0    647     3

  ✝ ANCHOR DIED: Ōuysụ̀ị (id 1035) — abandoned @ 24260 — final trajectory:
     step   people  urban   fedM  supply/coreNeed   terr work   dis  fam hvst siege  cid  army
    23200    4040    731   0.18      2.8/3.0        13   12  0.09  0  1.00  0   1158     0
    23300    3796    184   0.39      3.3/1.1        13   12  0.09  0  1.00  0   1158    46
    23400      92     93   0.28      0.0/0.7         6    0  0.13  0  1.00  1   1158    84
    23500      57      6   0.20      0.0/0.1         0    0  0.13  0  1.00  1   1010    19
    23600      18      2   0.15      0.0/0.1         0    0  0.13  0  1.00  0   1010    15
    23700       9      1   0.10      0.0/0.0         0    0  0.17  0  1.00  0   1010     2
    23800       7      1   0.07      0.0/0.0         0    0  0.17  0  1.00  0   1010     2
    23900       5      0   0.05      0.0/0.0         0    0  0.17  0  1.00  0   1010     1
    24000       3      0   0.04      0.0/0.0         0    0  0.21  0  1.00  0   1010     1
    24100       2      0   0.03      0.0/0.0         0    0  0.21  0  1.00  0   1010     0
    24200       2      0   0.02      0.0/0.0         0    0  0.21  0  1.00  0   1010     0

  ✝ ANCHOR DIED: Tanyandat (id 1257) — abandoned @ 24625 — final trajectory:
     step   people  urban   fedM  supply/coreNeed   terr work   dis  fam hvst siege  cid  army
    23400    1561    673   0.82      0.8/2.7         9    4  0.05  0  1.00  0   1118     0
    23500    1089    523   0.62      0.0/2.2        11    9  0.05  0  1.00  1   1118    35
    23600    1034    521   0.44      0.0/2.2        11    9  0.05  0  1.00  1   1118    25
    23700      17     17   0.32      0.0/0.1         4    0  0.09  0  1.00  0   1118    21
    23800      35     35   0.23      0.0/0.2         3    0  0.09  0  1.00  1   1118    17
    23900      32     32   0.16      0.0/0.2         3    0  0.09  0  1.00  1   1118    14
    24000      34     34   0.12      0.0/0.2         2    0  0.12  0  1.00  0   1118    12
    24100      35      3   0.08      0.0/0.0         0    0  0.12  0  1.00  0   1257     4
    24200    1851    425   0.06      0.8/1.7         9    9  0.12  0  1.00  0   1257     3
    24300    1815    433   0.05      0.0/1.9         9    9  0.17  0  1.00  1   1257    46
    24400    1874    440   0.04      0.0/2.1        16   11  0.17  0  1.00  1   1257    79
    24500       6      6   0.03      0.0/0.2         1    0  0.17  0  1.00  1   1257    72
    24600       7      7   0.02      0.0/0.0         1    0  0.21  0  1.00  0   1257     0

  ✝ ANCHOR DIED: Zyoypakhat (id 419) — abandoned @ 24913 — final trajectory:
     step   people  urban   fedM  supply/coreNeed   terr work   dis  fam hvst siege  cid  army
    23000      26      3   0.00      0.0/0.0         0    0  0.32  0  0.35  0    419     0
    23100      20      2   0.00      0.0/0.0         0    0  0.34  0  0.35  0    419     0
    23200      15      2   0.00      0.0/0.0         0    0  0.34  0  0.35  0    419     0
    23300      12      1   0.00      0.0/0.0         0    0  0.34  0  0.35  0    419     0
    23400       9      1   0.00      0.0/0.0         0    0  0.36  0  0.35  0    419     0
    23500      19     19   0.00      0.0/0.1         3    0  0.36  0  0.35  0    419     0
    23600      17     17   0.00      0.0/0.1         3    0  0.36  0  0.35  0    419     0
    23700      14      1   0.00      0.0/0.0         0    0  0.38  0  0.35  0    419     0
    23800      11      1   0.00      0.0/0.0         0    0  0.38  0  0.35  0    419     0
    23900       8      1   0.00      0.0/0.0         0    0  0.38  0  0.35  0    419     0
    24000      25     25   0.00      0.0/0.1         5    0  0.41  0  0.35  0    419     0
    24100     412    377   0.05      0.3/1.4        10    1  0.41  0  0.35  0    460     0
    24200      31     31   0.11      0.0/0.1        10    0  0.41  0  0.35  0    460     5
    24300      28     28   0.08      0.0/0.1        10    0  0.43  0  0.35  0    460     5
    24400      14     14   0.05      0.0/0.1         5    0  0.43  0  0.35  0    460     4
    24500      22     22   0.04      0.0/0.1         8    0  0.43  0  0.35  0    460     3
    24600      22     22   0.03      0.0/0.1         8    0  0.45  0  0.35  0    460     2
    24700      18     18   0.02      0.0/0.1         6    0  0.45  0  0.35  0    460     2
    24800       7      7   0.01      0.0/0.0         3    0  0.45  0  0.35  0    460     1
    24900       7      7   0.01      0.0/0.0         3    0  0.47  0  0.35  0    460     1

  ✝ ANCHOR DIED: Yadat (id 1005) — abandoned @ 24913 — final trajectory:
     step   people  urban   fedM  supply/coreNeed   terr work   dis  fam hvst siege  cid  army
    23000    1478    148   0.21      0.0/0.6         0    0  0.07  0  1.00  1    984     8
    23100     634    632   0.15      0.0/2.5         6    0  0.11  0  1.00  1    984     6
    23200     604    584   0.11      0.0/2.3         6    0  0.11  0  1.00  1    984    16
    23300     558    558   0.08      0.0/2.2         6    0  0.11  0  1.00  1    984    14
    23400     589    596   0.05      0.0/2.4         6    0  0.15  0  1.00  0    984    21
    23500       7      7   0.04      0.0/0.1         1    0  0.15  0  1.00  0    984    18
    23600       8      8   0.03      0.0/0.0         1    0  0.15  0  1.00  0    984     2
    23700       5      1   0.02      0.0/0.0         0    0  0.18  0  1.00  0   1118     2
    23800       4      4   0.01      0.0/0.0         2    0  0.18  0  1.00  0   1167     1
    23900       4      4   0.01      0.0/0.0         2    0  0.18  0  1.00  0   1167     1
    24000    2320    448   0.13      1.2/1.8         9    9  0.22  0  1.00  0   1167    11
    24100    1348    415   0.23      0.6/1.8        11    9  0.22  0  1.00  0   1167    18
    24200       6      6   0.27      0.0/0.1         1    0  0.22  0  1.00  0   1167    10
    24300       6      6   0.19      0.0/0.0         1    0  0.26  0  1.00  0   1167     1
    24400       5      0   0.14      0.0/0.0         0    0  0.26  0  1.00  0   1257     1
    24500    1385    434   0.11      0.4/1.7        10    8  0.26  0  1.00  0   1370     1
    24600    1175    363   0.17      0.6/1.5        10    8  0.29  0  1.00  0   1370    23
    24700    2111    361   0.28      0.9/1.6        12   11  0.29  0  1.00  0   1370    34
    24800    1573    455   0.34      0.7/1.9         4    4  0.29  0  1.00  0   1370    30
    24900    1617    500   0.29      0.0/2.0         4    4  0.32  0  1.00  1   1370     0

  ✝ ANCHOR DIED: Yayabil (id 1118) — abandoned @ 24913 — final trajectory:
     step   people  urban   fedM  supply/coreNeed   terr work   dis  fam hvst siege  cid  army
    23800    4875    667   0.15      2.9/2.7        20   19  0.10  0  1.00  0   1167     1
    23900    5050    663   0.38      3.2/2.9        20   19  0.10  0  1.00  0   1167    39
    24000    1341     60   0.40      0.0/0.4        16    0  0.15  0  1.00  0   1167    33
    24100    1107    111   0.30      0.0/0.5         0    0  0.15  0  1.00  0   1118    18
    24200     862     86   0.21      0.0/0.4         0    0  0.15  0  1.00  0   1118    13
    24300     665     66   0.15      0.0/0.3         0    0  0.19  0  1.00  0   1118    10
    24400     477     48   0.11      0.0/0.2         0    0  0.19  0  1.00  0   1118     4
    24500     342    177   0.08      0.0/0.8         2    0  0.19  0  1.00  0   1118     3
    24600     361    117   0.06      0.0/0.5         2    0  0.23  0  1.00  0   1118     2
    24700     320     32   0.04      0.0/0.1         0    0  0.23  0  1.00  1   1118     2
    24800    1531    626   0.03      0.0/2.5        11    5  0.23  0  1.00  1   1118     1
    24900    1545    626   0.02      0.0/2.5        11    5  0.26  0  1.00  1   1118     3

=== DECOMPOSITION — each DEAD anchor's final 2000 steps ===
       name              id   people        terr       fedM   sup/need  fam%   hvst   dis  siege
  ✝  Xóutrọ̌ị      59    1015→2         0→0      0.02   0.00    30%   0.54  0.19     0%  withered @ 18130
  ✝  Ǎịmràrọ̀    109    3365→35        9→9      0.05   0.03    31%   0.35  0.16    38%  abandoned @ 18289
  ✝  Lāffí         106    7194→2        27→0      0.10   0.14    30%   0.38  0.20     0%  abandoned @ 18605
  ✝  Nomomoim        161     520→28        3→0      0.01   0.01    67%   0.57  0.28    11%  abandoned @ 20017
  ✝  Ěstù          110      16→2         0→0      0.00   0.00    60%   0.35  0.33    10%  abandoned @ 20785
  ✝  Kyimmomoibom    126      18→2         4→0      0.01   0.00    60%   0.35  0.38     0%  abandoned @ 20731
  ✝  Gyamomumom      108    3622→2        25→0      0.03   0.03    45%   0.35  0.44    45%  abandoned @ 21116
  ✝  Súrpì         234     558→2         3→0      0.10   0.14    25%   0.35  0.31    10%  abandoned @ 21502
  ✝  Emomumom        175    1451→2         0→0      0.07   0.03    20%   0.35  0.45     0%  abandoned @ 22028
  ✝  Fọ̄ịkfé       50    5151→2         9→0      0.14   0.15    25%   0.35  0.46     0%  abandoned @ 22220
  ✝  Pụ̌myǎ        399     286→2157      2→0      0.02   0.01    26%   0.73  0.23    47%  abandoned @ 22465
  ✝  Botholayghat    311    3501→2        10→0      0.01   0.01    25%   0.35  0.31     5%  abandoned @ 22642
  ✝  Pakhaphyum      427    1661→2         8→0      0.03   0.02    29%   0.58  0.22    53%  abandoned @ 22736
  ✝  Hǔptù         257     934→2         0→0      0.02   0.02    25%   0.35  0.40     0%  abandoned @ 23305
  ✝  Sópfá        1043     659→659       2→0      0.27   0.00     0%   1.00  0.05     0%  abandoned @ 23329
  ✝  Sogyoepa         30     136→2         4→0      0.00   0.00    25%   0.35  0.58    35%  abandoned @ 23526
  ✝  Muimotugyumu    984    3532→3        12→0      0.19   0.22     0%   1.00  0.08    43%  abandoned @ 23544
  ✝  Rītlà        1010    1585→5         8→0      0.14   0.03     0%   1.00  0.05     0%  abandoned @ 23597
  ✝  Fùlpū           2      82→94        0→11     0.00   0.00    25%   0.35  0.51    15%  abandoned @ 23617
  ✝  Lāffí        1012    1425→3         6→0      0.14   0.02     0%   1.00  0.07     0%  abandoned @ 23663
  ✝  Ňěňní           1      22→79        5→11     0.00   0.00    20%   0.35  0.55    35%  abandoned @ 23761
  ✝  Rāịptù       668    4014→17       20→3      0.11   0.13    20%   0.35  0.22    35%  abandoned @ 23761
  ✝  Zomyabil        422      85→2         0→0      0.01   0.00    10%   0.35  0.33    25%  abandoned @ 23950
  ✝  Mumositui       450    3943→9        24→2      0.56   0.79    10%   0.35  0.41    25%  abandoned @ 23905
  ✝  Fị̀ptù        520     144→971       0→3      0.17   0.29    10%   0.35  0.32     0%  abandoned @ 23905
  ✝  Ōuysụ̀ị     1035    4040→2        13→0      0.14   0.27     0%   1.00  0.16    18%  abandoned @ 24260
  ✝  Tanyandat      1257    1561→7         9→1      0.23   0.06     0%   1.00  0.12    54%  abandoned @ 24625
  ✝  Zyoypakhat      419      26→7         0→3      0.02   0.01     0%   0.35  0.39     0%  abandoned @ 24913
  ✝  Yadat          1005    1478→1617      0→4      0.14   0.13     0%   1.00  0.20    25%  abandoned @ 24913
  ✝  Yayabil        1118    4875→1545     20→11     0.16   0.19     0%   1.00  0.18    25%  abandoned @ 24913

=== CONTROL — every SURVIVING anchor's final 2000 steps (the contrast is the conviction) ===
       name              id   people        terr       fedM   sup/need  fam%   hvst   dis  siege
     Bamsrazath     1127     630→3671      2→11     0.10   0.10     0%   1.00  0.12    45%  
     Póufìxō     1246    4165→4753     16→19     0.16   0.21     0%   1.00  0.21    50%  
     Kyugyumiu      1078     903→1377      6→11     0.12   0.15     0%   1.00  0.27    78%  
     Pụ́pfá       1521    3541→734      13→3      0.23   0.00     0%   1.00  0.10    71%  
     Tị̄lā        1616    3014→678       7→8      0.32   0.13     0%   1.00  0.03    67%  

  READ IT THIS WAY: a term convicts only where it separates the dead from the
  survivors. fedM low on both = background; terr collapsing only on the dead =
  competition; fam%/hvst worse on the dead = the shock channel; dis equal = fuel,
  not trigger. sup/need is the INSTANT core solvency (capped at 2).

