[harness] tree a705766
[SIM_TUNE] {"DAWN_LIVE":1,"STATE_RECORDS":1,"LAND_KNOW":1,"PEER_SEATS":1,"FOUND_DRIFT":1,"ABSORB_ORG_ERA":1,"TRIBUTE_UP":0.33,"ENGULF":8,"FEAR_REACH":1,"WAR_FINISH":1,"SMALL_WAR":8,"RELIEF_REACH":1,"EXCH_WAVE":3,"TECH_USE":1,"VASSAL_LEVY":0.5,"DISSOLVE_CORE":1,"SETT_STRIDE":3,"TRADE_STRIDE":5,"MINT_RESIDUAL":1}
[peopleSim] hearth pin Nile picked at tile (138,40) (27.0E 30.0N) — maturity deferred to the stagger law
[peopleSim] hearth pin Mesopotamia picked at tile (149,38) (43.5E 33.0N) — maturity deferred to the stagger law
[peopleSim] hearth pin Indus picked at tile (167,41) (70.5E 28.5N) — maturity deferred to the stagger law
[peopleSim] hearth pin Yellow River picked at tile (196,38) (114.0E 33.0N) — maturity deferred to the stagger law
[peopleSim] hearth candidate at (138,40) (27.0E 30.0N) score 6.39 pkg=wheat(suit 0.92) — ARMED: ~974y of peopled-basin time from maturity
[peopleSim] hearth candidate at (149,38) (43.5E 33.0N) score 4.32 pkg=wheat(suit 0.69) — ARMED: ~1311y of peopled-basin time from maturity
[peopleSim] hearth candidate at (167,41) (70.5E 28.5N) score 6.34 pkg=wheat(suit 0.98) — ARMED: ~922y of peopled-basin time from maturity
[peopleSim] hearth candidate at (196,38) (114.0E 33.0N) score 4.11 pkg=rice(suit 0.81) — ARMED: ~3106y of peopled-basin time from maturity
[peopleSim] hearth candidate at (58,38) (-93.0E 33.0N) score 5.34 pkg=maize(suit 0.87) — ARMED: ~5148y of peopled-basin time from maturity
[peopleSim] hearth candidate at (111,53) (-13.5E 10.5N) score 1.76 pkg=sorghum(suit 0.64) — ARMED: ~3133y of peopled-basin time from maturity
[peopleSim] hearth candidate at (140,73) (30.0E -19.5N) score 1.32 pkg=tubers(suit 0.93) — ARMED: ~3243y of peopled-basin time from maturity
[peopleSim] hearth candidate at (77,72) (-64.5E -18.0N) score 0.87 pkg=tubers(suit 0.57) — ARMED: ~5283y of peopled-basin time from maturity
[peopleSim] hearth candidate at (31,23) (-133.5E 55.5N) score 0.50 — ARMED: ~13000y of peopled-basin time from maturity
[peopleSim] hearth candidate at (117,23) (-4.5E 55.5N) score 0.50 — ARMED: ~13000y of peopled-basin time from maturity

=== ANCHOR MELT DECOMPOSITION  480x240 (tw=240)  seed 8817  bar 200  box lon 24..36 lat 20..33 ===
[popField] worker pool engaged: 4 bands
[transHeap] step=24 cap=1024 peakN=0 pushes=0 (0.0MB backing)
[peopleSim] AGRICULTURE INVENTED at (167,41) (70.5E 28.5N) — the basin farms; a city will rise when its market gathers one (score 6.34)
[peopleSim] AGRICULTURE INVENTED at (138,40) (27.0E 30.0N) — the basin farms; a city will rise when its market gathers one (score 6.39)
[peopleSim] AGRICULTURE INVENTED at (149,38) (43.5E 33.0N) — the basin farms; a city will rise when its market gathers one (score 4.32)

  ✝ ANCHOR DIED: Fōntà (id 59) — withered @ 17836 — final trajectory:
     step   people  urban   fedM  supply/coreNeed   terr work   dis  fam hvst siege  cid  army
    15900    1309    696   0.32      0.0/2.8         6    0  0.08  0  1.00  0     59     7
    16000    1312    752   0.22      0.0/3.0         5    0  0.08  0  1.00  0     59    10
    16100    1289    700   0.16      0.0/2.8         5    0  0.08  0  1.00  0     59    13
    16200    1235    711   0.12      0.0/2.9         6    0  0.12  0  1.00  1     59    21
    16300    1152    115   0.08      0.0/0.5         0    0  0.12  0  1.00  1     59    26
    16400     900     90   0.06      0.0/0.4         0    0  0.12  0  1.00  0     59    20
    16500     690     69   0.04      0.0/0.3         0    0  0.16  0  1.00  0     59    16
    16600     534     53   0.03      0.0/0.2         0    0  0.16  0  1.00  0     59    13
    16700     399     40   0.02      0.0/0.2         0    0  0.16  0  1.00  0     59    10
    16800     295     29   0.02      0.0/0.1         0    0  0.19  1  0.35  0     59     8
    16900     215     22   0.01      0.0/0.1         0    0  0.19  1  0.35  0     59     7
    17000       8      8   0.01      0.0/0.0         2    0  0.19  1  0.35  0     59     5
    17100       9      9   0.01      0.0/0.0         2    0  0.21  1  0.35  0     59     1
    17200       7      1   0.00      0.0/0.0         0    0  0.21  1  0.35  0     59     1
    17300       6      1   0.00      0.0/0.0         0    0  0.21  1  0.35  0     59     1
    17400       4      0   0.00      0.0/0.0         0    0  0.23  0  0.35  0     59     1
    17500       3      0   0.00      0.0/0.0         0    0  0.23  0  0.35  0     59     1
    17600       3      0   0.00      0.0/0.0         0    0  0.23  0  0.35  0     59     0
    17700       2      0   0.00      0.0/0.0         0    0  0.25  0  0.35  0     59     0
    17800       2      0   0.00      0.0/0.0         0    0  0.25  0  0.35  0     59     0

  ✝ ANCHOR DIED: Èňlà (id 110) — abandoned @ 18010 — final trajectory:
     step   people  urban   fedM  supply/coreNeed   terr work   dis  fam hvst siege  cid  army
    16300    1787    743   0.57      0.0/3.0         8    0  0.04  0  1.00  1    110     0
    16400    1841    884   0.41      0.0/3.6         8    0  0.04  0  1.00  1    110    23
    16500    1970    748   0.29      0.0/3.1         8    0  0.09  0  1.00  1    110    35
    16600    1934    801   0.21      0.0/3.3         8    0  0.09  0  1.00  1    110    47
    16700    1885    802   0.15      0.0/3.4         8    0  0.09  0  1.00  1    110    59
    16800    2093    813   0.11      0.0/3.4        17    0  0.13  1  0.35  0    110    61
    16900    5532    669   0.11      0.6/3.0        22   18  0.13  1  0.35  0    110    72
    17000    5581    454   0.11      0.0/2.1        21   18  0.13  1  0.35  1    110    77
    17100    5565    749   0.08      0.0/3.8        21   18  0.18  1  0.35  1    110   189
    17200    5622    763   0.05      0.0/3.8        23   17  0.18  1  0.35  1    110   179
    17300      14     14   0.08      0.0/0.5         3    0  0.18  1  0.35  0    110   141
    17400      13     13   0.06      0.0/0.1         3    0  0.20  0  0.35  0    110    16
    17500       8      1   0.04      0.0/0.0         0    0  0.20  0  0.35  0    110     1
    17600       6      1   0.03      0.0/0.0         0    0  0.20  0  0.35  0     89     0
    17700       4      0   0.02      0.0/0.0         0    0  0.23  0  0.35  0     89     0
    17800       3      0   0.02      0.0/0.0         0    0  0.23  0  0.35  0     89     0
    17900       2      0   0.01      0.0/0.0         0    0  0.23  0  0.35  0     89     0
    18000       2      0   0.01      0.0/0.0         0    0  0.25  0  0.35  0     89     0
[peopleSim] AGRICULTURE INVENTED at (196,38) (114.0E 33.0N) — the basin farms; a city will rise when its market gathers one (score 4.11)
[peopleSim] AGRICULTURE INVENTED at (140,73) (30.0E -19.5N) — the basin farms; a city will rise when its market gathers one (score 1.32)

  ✝ ANCHOR DIED: Fǒňtụ̌ị (id 417) — abandoned @ 19441 — final trajectory:
     step   people  urban   fedM  supply/coreNeed   terr work   dis  fam hvst siege  cid  army
    19300    3603    812   0.61      0.0/3.3        14   10  0.01  0  1.00  1      1     0
    19400    4216    958   0.44      0.0/4.0        14   10  0.01  0  1.00  1      1    13

  ✝ ANCHOR DIED: Sopopa (id 173) — abandoned @ 20327 — final trajectory:
     step   people  urban   fedM  supply/coreNeed   terr work   dis  fam hvst siege  cid  army
    18400     892    550   0.01      0.0/2.5        12    0  0.26  0  1.00  1    173    91
    18500    2662    519   0.05      1.4/2.4        19    9  0.26  0  1.00  0    173    74
    18600    2697    530   0.22      1.6/2.4        19   14  0.30  0  1.00  0    173    60
    18700    2756    560   0.34      1.5/2.5        19   14  0.30  0  1.00  0    173    45
    18800    2147    572   0.38      1.0/2.4        15   12  0.30  0  1.00  0    173    27
    18900     670    618   0.35      0.0/2.4         4    0  0.33  1  0.35  0    173    16
    19000     651    651   0.25      0.0/2.6         4    0  0.33  1  0.35  0      1    21
    19100      64     64   0.18      0.0/0.3         1    0  0.33  1  0.35  1      1    15
    19200      54      5   0.13      0.0/0.1         0    0  0.36  1  0.35  1      1    10
    19300      41      4   0.09      0.0/0.0         0    0  0.36  1  0.35  0      1     4
    19400      31      3   0.07      0.0/0.0         0    0  0.36  1  0.35  0      1     2
    19500      24      2   0.05      0.0/0.0         0    0  0.38  1  0.35  0      1     2
    19600      15      1   0.03      0.0/0.0         0    0  0.38  1  0.35  0      1     0
    19700      11      1   0.02      0.0/0.0         0    0  0.38  1  0.35  0      1     0
    19800       8      1   0.02      0.0/0.0         0    0  0.39  1  0.35  0      1     0
    19900       6      1   0.01      0.0/0.0         0    0  0.39  1  0.35  0      1     0
    20000       4      0   0.01      0.0/0.0         0    0  0.39  1  0.35  0     29     0
    20100       3      0   0.01      0.0/0.0         0    0  0.41  0  0.35  0     29     0
    20200       2      0   0.00      0.0/0.0         0    0  0.41  0  0.35  0     29     0
    20300       2      0   0.00      0.0/0.0         0    0  0.41  0  0.35  0     29     0

  ✝ ANCHOR DIED: Kyumu (id 322) — abandoned @ 20604 — final trajectory:
     step   people  urban   fedM  supply/coreNeed   terr work   dis  fam hvst siege  cid  army
    19100    2790    662   0.31      0.9/2.7        13   13  0.05  1  0.35  0    173     3
    19200     746    619   0.22      0.0/2.5         4    0  0.10  1  0.35  1    173    39
    19300     775     77   0.16      0.0/0.4         0    0  0.10  1  0.35  1    173    37
    19400     597     60   0.11      0.0/0.3         0    0  0.10  1  0.35  0    173    26
    19500     458     46   0.08      0.0/0.2         0    0  0.15  1  0.35  0    173    19
    19600     309     31   0.06      0.0/0.2         0    0  0.15  1  0.35  0    173     9
    19700     224     22   0.04      0.0/0.1         0    0  0.15  1  0.35  0    173     7
    19800     163     17   0.03      0.0/0.1         0    0  0.18  1  0.35  0    173     5
    19900      46      5   0.02      0.0/0.0         0    0  0.18  1  0.35  0    173     4
    20000      14      1   0.02      0.0/0.0         0    0  0.18  1  0.35  0    173     3
    20100       7      1   0.01      0.0/0.0         0    0  0.22  0  0.35  1    173     2
    20200       4      0   0.01      0.0/0.0         0    0  0.22  0  0.35  1     30     0
    20300       3      0   0.01      0.0/0.0         0    0  0.22  0  0.35  1     30     0
    20400       3      0   0.00      0.0/0.0         0    0  0.25  0  0.35  0     30     0
    20500       2      0   0.00      0.0/0.0         0    0  0.25  0  0.35  0     30     0
    20600       2      0   0.00      0.0/0.0         0    0  0.25  0  0.35  0     30     0

  ✝ ANCHOR DIED: Hìuthị̌ (id 178) — abandoned @ 20986 — final trajectory:
     step   people  urban   fedM  supply/coreNeed   terr work   dis  fam hvst siege  cid  army
    19200    3316    813   0.00      0.0/3.3         9    8  0.25  1  0.35  1    178     0
    19300     102    102   0.00      0.0/0.6         9    0  0.25  1  0.35  1    178    87
    19400      86     86   0.00      0.0/0.4         9    0  0.25  1  0.35  0    178    17
    19500      67      7   0.00      0.0/0.1         0    0  0.27  1  0.35  0    178    14
    19600      50      5   0.00      0.0/0.1         0    0  0.27  1  0.35  0    178    11
    19700      39      4   0.00      0.0/0.0         0    0  0.27  1  0.35  0    178     8
    19800      30      3   0.00      0.0/0.0         0    0  0.29  1  0.35  0    178     6
    19900      24      2   0.00      0.0/0.0         0    0  0.29  1  0.35  0    178     4
    20000      18      2   0.00      0.0/0.0         0    0  0.29  1  0.35  0    178     3
    20100      14      1   0.00      0.0/0.0         0    0  0.31  0  0.35  0    178     2
    20200      11      1   0.00      0.0/0.0         0    0  0.31  0  0.35  0    178     1
    20300       9      1   0.00      0.0/0.0         0    0  0.31  0  0.35  0    178     1
    20400       7      1   0.00      0.0/0.0         0    0  0.33  0  0.35  0    178     1
    20500       5      1   0.00      0.0/0.0         0    0  0.33  0  0.35  0    178     0
    20600       4      0   0.00      0.0/0.0         0    0  0.33  0  0.35  0    178     0
    20700       3      0   0.00      0.0/0.0         0    0  0.34  0  0.35  0    178     0
    20800       2      0   0.00      0.0/0.0         0    0  0.34  0  0.35  0    178     0
    20900       2      0   0.00      0.0/0.0         0    0  0.34  0  0.35  0    178     0

  ✝ ANCHOR DIED: Pumsyupa (id 597) — abandoned @ 21025 — final trajectory:
     step   people  urban   fedM  supply/coreNeed   terr work   dis  fam hvst siege  cid  army
    20600    1818    572   0.61      0.0/2.3        14   12  0.00  0  1.00  1    597     0
    20700    1738    538   0.43      0.0/2.2        14   12  0.06  0  1.00  1    597     6
    20800      24     24   0.31      0.0/0.1         9    0  0.06  0  1.00  1    597     6
    20900      24      2   0.22      0.0/0.0         0    0  0.06  0  1.00  1    597     4
    21000      23      2   0.16      0.0/0.0         0    0  0.11  0  1.00  0    597     0
[transHeap] step=21192 cap=2048 peakN=1104 pushes=7515 (0.0MB backing)
[peopleSim] AGRICULTURE INVENTED at (111,53) (-13.5E 10.5N) — the basin farms; a city will rise when its market gathers one (score 1.76)

  ✝ ANCHOR DIED: Fọ̄ịkfé (id 50) — abandoned @ 21353 — final trajectory:
     step   people  urban   fedM  supply/coreNeed   terr work   dis  fam hvst siege  cid  army
    19400     465     47   0.01      0.0/0.2         0    0  0.34  1  0.35  0    219     5
    19500     353     35   0.01      0.0/0.1         0    0  0.35  1  0.35  0    219     4
    19600     133    133   0.00      0.0/0.5         6    0  0.35  1  0.35  0    219     2
    19700      98     98   0.00      0.0/0.4         6    0  0.35  1  0.35  0    417     2
    19800    4084    673   0.04      0.5/2.8        22   19  0.38  1  0.35  0    417     3
    19900    1693    679   0.08      0.1/2.7        11    4  0.38  1  0.35  0    417     7
    20000    1707    687   0.07      0.1/2.8        11    4  0.38  1  0.35  0    417    16
    20100    1437    144   0.06      0.0/0.7         0    0  0.40  0  0.35  0    417    11
    20200    1111    111   0.04      0.0/0.6         0    0  0.40  0  0.35  0    417     7
    20300     861     86   0.03      0.0/0.4         0    0  0.40  0  0.35  0    417     5
    20400      42     42   0.02      0.0/0.2         4    0  0.41  0  0.35  0    417     4
    20500      31      3   0.01      0.0/0.1         0    0  0.41  0  0.35  0    417     3
    20600      21      2   0.01      0.0/0.1         0    0  0.41  0  0.35  0    417     2
    20700      15      1   0.01      0.0/0.0         0    0  0.42  0  0.35  0    417     1
    20800      10      1   0.01      0.0/0.0         0    0  0.42  0  0.35  0    417     1
    20900       7      1   0.00      0.0/0.0         0    0  0.42  0  0.35  0    417     1
    21000       5      0   0.00      0.0/0.0         0    0  0.43  0  0.35  0    417     0
    21100       3      0   0.00      0.0/0.0         0    0  0.43  0  0.35  0    417     0
    21200       2      0   0.00      0.0/0.0         0    0  0.43  0  0.35  0    417     0
    21300       2      0   0.00      0.0/0.0         0    0  0.44  0  0.35  0    417     0

  ✝ ANCHOR DIED: Sommosoe (id 139) — withered @ 21455 — final trajectory:
     step   people  urban   fedM  supply/coreNeed   terr work   dis  fam hvst siege  cid  army
    19500     232     23   0.01      0.0/0.1         0    0  0.36  1  0.35  0     44     2
    19600     174     17   0.00      0.0/0.1         0    0  0.36  1  0.35  0     44     1
    19700     126     13   0.00      0.0/0.0         0    0  0.36  1  0.35  0     44     1
    19800      98     10   0.00      0.0/0.0         0    0  0.38  1  0.35  0     44     1
    19900      76      8   0.00      0.0/0.0         0    0  0.38  1  0.35  0     44     0
    20000      56      6   0.00      0.0/0.0         0    0  0.38  1  0.35  0     44     0
    20100      44      4   0.00      0.0/0.0         0    0  0.39  0  0.35  0     44     0
    20200      34      3   0.00      0.0/0.0         0    0  0.39  0  0.35  0     44     0
    20300      26      3   0.00      0.0/0.0         0    0  0.39  0  0.35  1     30     0
    20400      21      2   0.00      0.0/0.0         0    0  0.41  0  0.35  1     30     0
    20500      16      2   0.00      0.0/0.0         0    0  0.41  0  0.35  1     30     0
    20600      13      1   0.00      0.0/0.0         0    0  0.41  0  0.35  0     30     0
    20700      10      1   0.00      0.0/0.0         0    0  0.42  0  0.35  0     30     0
    20800       8      1   0.00      0.0/0.0         0    0  0.42  0  0.35  0     30     0
    20900       6      1   0.00      0.0/0.0         0    0  0.42  0  0.35  0     30     0
    21000       5      0   0.00      0.0/0.0         0    0  0.44  0  0.35  0    362     0
    21100       4      0   0.00      0.0/0.0         0    0  0.44  0  0.35  0    362     0
    21200       3      0   0.00      0.0/0.0         0    0  0.44  0  0.35  0    362     0
    21300       2      0   0.00      0.0/0.0         0    0  0.45  0  0.35  0    362     0
    21400       2      0   0.00      0.0/0.0         0    0  0.45  0  0.35  0    362     0
[peopleSim] hearth candidate at (117,23) (-4.5E 55.5N) stood down — the farming package arrived before it was invented

  ✝ ANCHOR DIED: Sismogyoma (id 147) — abandoned @ 22200 — final trajectory:
     step   people  urban   fedM  supply/coreNeed   terr work   dis  fam hvst siege  cid  army
    20200     155    155   0.17      0.0/0.6         2    0  0.41  0  0.35  0     29     6
    20300     147    147   0.12      0.0/0.6         2    0  0.41  0  0.35  0     29     5
    20400     147     15   0.08      0.0/0.1         0    0  0.42  0  0.35  0     29     3
    20500     127     13   0.06      0.0/0.1         0    0  0.42  0  0.35  0     29     2
    20600      99     10   0.04      0.0/0.0         0    0  0.42  0  0.35  0     29     1
    20700      77      8   0.03      0.0/0.0         0    0  0.44  0  0.35  0     29     1
    20800      60      6   0.02      0.0/0.0         0    0  0.44  0  0.35  0     29     0
    20900      47      5   0.02      0.0/0.0         0    0  0.44  0  0.35  0     29     0
    21000      36      4   0.01      0.0/0.0         0    0  0.45  0  0.35  0     29     0
    21100      28      3   0.01      0.0/0.0         0    0  0.45  0  0.35  0     29     0
    21200      22      2   0.01      0.0/0.0         0    0  0.45  0  0.35  0     29     0
    21300      17      2   0.00      0.0/0.0         0    0  0.46  0  0.35  0     29     0
    21400      13      1   0.00      0.0/0.0         0    0  0.46  0  0.35  0     29     0
    21500      11      1   0.00      0.0/0.0         0    0  0.46  0  0.35  0     29     0
    21600       8      1   0.00      0.0/0.0         0    0  0.47  0  0.35  0     29     0
    21700       6      1   0.00      0.0/0.0         0    0  0.47  0  0.35  0     29     0
    21800       5      0   0.00      0.0/0.0         0    0  0.47  0  0.35  0     29     0
    21900       4      0   0.00      0.0/0.0         0    0  0.48  0  0.35  0     29     0
    22000       2      0   0.00      0.0/0.0         0    0  0.48  0  0.35  0     29     0
    22100       2      0   0.00      0.0/0.0         0    0  0.48  0  0.35  0     29     0
[peopleSim] hearth candidate at (58,38) (-93.0E 33.0N) stood down — the farming package arrived before it was invented
[peopleSim] hearth candidate at (77,72) (-64.5E -18.0N) stood down — the farming package arrived before it was invented
[peopleSim] hearth candidate at (31,23) (-133.5E 55.5N) stood down — the farming package arrived before it was invented

  ✝ ANCHOR DIED: Tommodumomoi (id 114) — abandoned @ 22836 — final trajectory:
     step   people  urban   fedM  supply/coreNeed   terr work   dis  fam hvst siege  cid  army
    20900     699    550   0.01      0.0/2.2         6    0  0.49  0  0.35  0    114    29
    21000     700    640   0.00      0.0/2.6         6    0  0.51  0  0.35  0    114    33
    21100     680    680   0.00      0.0/2.7         6    0  0.51  0  0.35  0    114    33
    21200      34     34   0.00      0.0/0.2         1    0  0.51  0  0.35  0    114    36
    21300      32     32   0.00      0.0/0.1         1    0  0.52  0  0.35  0    114     5
    21400      34     34   0.00      0.0/0.1         1    0  0.52  0  0.35  0    114     4
    21500      30      3   0.00      0.0/0.0         0    0  0.52  0  0.35  0    114     3
    21600      30      3   0.00      0.0/0.0         0    0  0.52  0  0.35  0    114     2
    21700      29      3   0.00      0.0/0.0         0    0  0.52  0  0.35  0    114     1
    21800      28      3   0.00      0.0/0.0         0    0  0.52  0  0.35  0    114     1
    21900      23      2   0.00      0.0/0.0         0    0  0.53  0  0.35  0    114     1
    22000      18      2   0.00      0.0/0.0         0    0  0.53  0  0.35  0    114     0
    22100      13      1   0.00      0.0/0.0         0    0  0.53  0  0.35  0    114     0
    22200      10      1   0.00      0.0/0.0         0    0  0.53  0  0.35  0    114     0
    22300       8      1   0.00      0.0/0.0         0    0  0.53  0  0.35  0    114     0
    22400       6      1   0.00      0.0/0.0         0    0  0.53  0  0.35  0    114     0
    22500       4      0   0.00      0.0/0.0         0    0  0.54  0  0.35  0    114     0
    22600       3      0   0.00      0.0/0.0         0    0  0.54  0  0.35  0    114     0
    22700       2      0   0.00      0.0/0.0         0    0  0.54  0  0.35  0    114     0
    22800       2      0   0.00      0.0/0.0         0    0  0.54  0  0.35  0    114     0

  ✝ ANCHOR DIED: Ňǐňpì (id 461) — abandoned @ 22829 — final trajectory:
     step   people  urban   fedM  supply/coreNeed   terr work   dis  fam hvst siege  cid  army
    20900     753     75   0.09      0.0/0.4         0    0  0.22  0  1.00  0    461     5
    21000     582     58   0.06      0.0/0.3         0    0  0.24  0  1.00  0    461     4
    21100     443     44   0.04      0.0/0.2         0    0  0.24  0  1.00  0    461     3
    21200     328     33   0.03      0.0/0.2         0    0  0.24  0  1.00  0    461     2
    21300     234     23   0.02      0.0/0.1         0    0  0.27  0  1.00  0    461     1
    21400     148     15   0.02      0.0/0.1         0    0  0.27  0  1.00  0    461     0
    21500     110     11   0.01      0.0/0.1         0    0  0.27  0  1.00  0    461     0
    21600      78      8   0.01      0.0/0.0         0    0  0.29  0  1.00  0    461     0
    21700      54      5   0.01      0.0/0.0         0    0  0.29  0  1.00  0    461     0
    21800      41      4   0.00      0.0/0.0         0    0  0.29  0  1.00  0    461     0
    21900      31      3   0.00      0.0/0.0         0    0  0.31  0  1.00  0    611     0
    22000      24      2   0.00      0.0/0.0         0    0  0.31  0  1.00  0    611     0
    22100      18      2   0.00      0.0/0.0         0    0  0.31  0  1.00  0    611     0
    22200      13      1   0.00      0.0/0.0         0    0  0.34  0  1.00  0    611     0
    22300      10      1   0.00      0.0/0.0         0    0  0.34  0  1.00  0    611     0
    22400       7      1   0.00      0.0/0.0         0    0  0.34  0  1.00  0    611     0
    22500       5      1   0.00      0.0/0.0         0    0  0.36  0  1.00  0    611     0
    22600       3      0   0.00      0.0/0.0         0    0  0.36  0  1.00  0    461     0
    22700       2      0   0.00      0.0/0.0         0    0  0.36  0  1.00  0    461     0
    22800       2      0   0.00      0.0/0.0         0    0  0.38  0  1.00  0    461     0

  ✝ ANCHOR DIED: Lánglì (id 463) — abandoned @ 22928 — final trajectory:
     step   people  urban   fedM  supply/coreNeed   terr work   dis  fam hvst siege  cid  army
    21000     664     66   0.01      0.0/0.3         0    0  0.22  0  1.00  0    484     1
    21100     509     51   0.01      0.0/0.2         0    0  0.22  0  1.00  0    484     1
    21200     378     38   0.00      0.0/0.2         0    0  0.22  0  1.00  0    484     0
    21300     271     27   0.00      0.0/0.1         0    0  0.24  0  1.00  0    461     0
    21400     191     19   0.00      0.0/0.1         0    0  0.24  0  1.00  0    461     0
    21500     143     14   0.00      0.0/0.1         0    0  0.24  0  1.00  0    461     0
    21600     103     10   0.00      0.0/0.1         0    0  0.27  0  1.00  0    461     0
    21700      70      7   0.00      0.0/0.0         0    0  0.27  0  1.00  0    461     0
    21800      52      5   0.00      0.0/0.0         0    0  0.27  0  1.00  0    461     0
    21900      39      4   0.00      0.0/0.0         0    0  0.29  0  1.00  0    611     0
    22000      30      3   0.00      0.0/0.0         0    0  0.29  0  1.00  0    611     0
    22100      23      2   0.00      0.0/0.0         0    0  0.29  0  1.00  0    611     0
    22200      17      2   0.00      0.0/0.0         0    0  0.32  0  1.00  0    611     0
    22300      13      1   0.00      0.0/0.0         0    0  0.32  0  1.00  0    611     0
    22400      10      1   0.00      0.0/0.0         0    0  0.32  0  1.00  0    611     0
    22500       7      1   0.00      0.0/0.0         0    0  0.34  0  1.00  0    611     0
    22600       4      0   0.00      0.0/0.0         0    0  0.34  0  1.00  0    461     0
    22700       3      0   0.00      0.0/0.0         0    0  0.34  0  1.00  0    461     0
    22800       2      0   0.00      0.0/0.0         0    0  0.36  0  1.00  0    461     0
    22900       2      0   0.00      0.0/0.0         0    0  0.36  0  1.00  0    461     0

  ✝ ANCHOR DIED: Láị (id 109) — dissolved(core) @ 23091 — final trajectory:
     step   people  urban   fedM  supply/coreNeed   terr work   dis  fam hvst siege  cid  army
    21100     348     35   0.02      0.0/0.1         0    0  0.45  0  0.35  0    414     1
    21200     246     25   0.01      0.0/0.1         0    0  0.45  0  0.35  0    414     0
    21300     173     17   0.01      0.0/0.1         0    0  0.46  0  0.35  0    414     0
    21400     133     13   0.01      0.0/0.1         0    0  0.46  0  0.35  0    414     0
    21500      89      9   0.00      0.0/0.0         0    0  0.46  0  0.35  0    414     0
    21600      63      6   0.00      0.0/0.0         0    0  0.47  0  0.35  0    414     0
    21700      49      5   0.00      0.0/0.0         0    0  0.47  0  0.35  0    414     0
    21800      38      4   0.00      0.0/0.0         0    0  0.47  0  0.35  0    414     0
    21900      29      3   0.00      0.0/0.0         0    0  0.48  0  0.35  0    414     0
    22000      22      2   0.00      0.0/0.0         0    0  0.48  0  0.35  0    414     0
    22100      17      2   0.00      0.0/0.0         0    0  0.48  0  0.35  0    414     0
    22200      13      1   0.00      0.0/0.0         0    0  0.49  0  0.35  0    414     0
    22300      10      1   0.00      0.0/0.0         0    0  0.49  0  0.35  0    414     0
    22400      13     13   0.00      0.0/0.0         2    0  0.49  0  0.35  0    414     0
    22500      11      1   0.00      0.0/0.0         0    0  0.49  0  0.35  0    414     0
    22600       9      1   0.00      0.0/0.0         0    0  0.49  0  0.35  0    414     0
    22700       6      1   0.00      0.0/0.0         0    0  0.49  0  0.35  0    414     0
    22800       5      0   0.00      0.0/0.0         0    0  0.50  0  0.35  0    414     0
    22900       4      0   0.00      0.0/0.0         0    0  0.50  0  0.35  0    414     0
    23000       3      0   0.00      0.0/0.0         0    0  0.50  0  0.35  0    414     0

  ✝ ANCHOR DIED: Mǐürụ́ (id 598) — abandoned @ 23041 — final trajectory:
     step   people  urban   fedM  supply/coreNeed   terr work   dis  fam hvst siege  cid  army
    21600    6597    600   0.02      0.0/0.0        21   20  0.17  0  1.00  0    611     0
    21700    6502    596   0.24      2.3/2.7        21   20  0.17  0  1.00  0    611    70
    21800    2309    904   0.18      0.0/3.9        10   10  0.17  0  1.00  1    611    86
    21900      21     21   0.13      0.0/0.4         6    0  0.20  0  1.00  1    611    50
    22000      20     20   0.09      0.0/0.1         6    0  0.20  0  1.00  0    598    16
    22100      16      2   0.07      0.0/0.0         0    0  0.20  0  1.00  0    598     4
    22200    6291    728   0.05      0.0/3.2        24   24  0.25  0  1.00  1    598     3
    22300    5717    654   0.03      0.0/3.0        24   24  0.25  0  1.00  1    598    12
    22400     453    453   0.03      0.2/2.0         5    0  0.25  0  1.00  0    598    14
    22500    2729    624   0.02      0.0/2.7        15   14  0.28  0  1.00  1    598    11
    22600    2462    113   0.02      0.0/0.8        15   14  0.28  0  1.00  1    598    59
    22700    2528    603   0.01      0.0/2.7        16   15  0.28  0  1.00  1    598    49
    22800    2327    233   0.04      0.0/1.2         0    0  0.31  0  1.00  0    598    46
    22900    1809    181   0.03      0.0/0.9         0    0  0.31  0  1.00  0    598    31
    23000    1401    140   0.02      0.0/0.7         0    0  0.31  0  1.00  0    598    23

  ✝ ANCHOR DIED: Ňěňní (id 1) — abandoned @ 23473 — final trajectory:
     step   people  urban   fedM  supply/coreNeed   terr work   dis  fam hvst siege  cid  army
    21500    3661    481   0.40      0.0/2.1        26   23  0.60  0  0.35  1    461    21
    21600     992    491   0.29      0.0/2.2        19    0  0.61  0  0.35  1    461    22
    21700     779    537   0.20      0.0/2.2        19    0  0.61  0  0.35  0    461    21
    21800     216    217   0.15      0.0/0.9        12    0  0.61  0  0.35  1    461    18
    21900     851    507   0.10      0.0/2.1        15    3  0.61  0  0.35  1    611     4
    22000    1256    730   0.08      0.0/3.0        15    3  0.61  0  0.35  1    611    11
    22100    4009    787   0.05      0.0/3.5        25   21  0.61  0  0.35  1    611    13
    22200     805    741   0.09      0.0/3.3        23    0  0.61  0  0.35  0    611    16
    22300     783    598   0.06      0.0/2.7        23    0  0.61  0  0.35  0    611    17
    22400     360    360   0.04      0.0/1.7        23    0  0.61  0  0.35  0    611    15
    22500      24     24   0.03      0.0/0.1         8    0  0.61  0  0.35  0    611    15
    22600      26     26   0.02      0.0/0.1         8    0  0.61  0  0.35  0    461     5
    22700      18     18   0.02      0.0/0.1         3    0  0.61  0  0.35  0    461     4
    22800    5785    637   0.01      0.0/2.6        31   25  0.62  0  0.35  1    461     3
    22900      90     90   0.01      0.0/0.7        12    0  0.62  0  0.35  1    461   136
    23000     104    104   0.01      0.0/0.4        12    0  0.62  0  0.35  0    461    17
    23100      63     63   0.00      0.0/0.3         6    0  0.61  0  0.35  0    461    14
    23200      80     80   0.00      0.0/0.3         9    0  0.61  0  0.35  0    461     0
    23300      65     65   0.00      0.0/0.2         9    0  0.61  0  0.35  0    461     1
    23400      14     14   0.00      0.0/0.1         4    0  0.61  0  0.35  0    461     1

  ✝ ANCHOR DIED: Rimobuimmiu (id 325) — dissolved(core) @ 23475 — final trajectory:
     step   people  urban   fedM  supply/coreNeed   terr work   dis  fam hvst siege  cid  army
    21500     133     13   0.01      0.0/0.1         0    0  0.35  0  0.35  0    325     2
    21600     123     12   0.01      0.0/0.1         0    0  0.37  0  0.35  0    325     1
    21700     103     10   0.00      0.0/0.0         0    0  0.37  0  0.35  0    325     1
    21800      96     10   0.00      0.0/0.0         0    0  0.37  0  0.35  0    325     0
    21900      66      7   0.00      0.0/0.0         0    0  0.39  0  0.35  0    325     0
    22000      49      5   0.00      0.0/0.0         0    0  0.39  0  0.35  0    325     0
    22100      38      4   0.00      0.0/0.0         0    0  0.39  0  0.35  0    325     0
    22200      30      3   0.00      0.0/0.0         0    0  0.40  0  0.35  0    325     0
    22300      23      2   0.00      0.0/0.0         0    0  0.40  0  0.35  0    325     0
    22400      18      2   0.00      0.0/0.0         0    0  0.40  0  0.35  0    325     0
    22500      14      1   0.00      0.0/0.0         0    0  0.42  0  0.35  0    325     0
    22600      13      1   0.00      0.0/0.0         0    0  0.42  0  0.35  0    325     0
    22700      13      1   0.00      0.0/0.0         0    0  0.42  0  0.35  0    325     0
    22800      13      1   0.00      0.0/0.0         0    0  0.43  0  0.35  0    325     0
    22900      13      1   0.00      0.0/0.0         0    0  0.43  0  0.35  0    325     0
    23000      13      1   0.00      0.0/0.0         0    0  0.43  0  0.35  0    325     0
    23100      12      1   0.00      0.0/0.0         0    0  0.45  0  0.35  0    325     0
    23200      12      1   0.00      0.0/0.0         0    0  0.45  0  0.35  0    325     0
    23300      12      1   0.00      0.0/0.0         0    0  0.45  0  0.35  0    325     0
    23400      12      1   0.00      0.0/0.0         0    0  0.46  0  0.35  0    325     0

  ✝ ANCHOR DIED: Simopadu (id 506) — dissolved(core) @ 23894 — final trajectory:
     step   people  urban   fedM  supply/coreNeed   terr work   dis  fam hvst siege  cid  army
    21900     700     70   0.01      0.0/0.3         0    0  0.29  0  1.00  0    653     1
    22000     535     54   0.01      0.0/0.2         0    0  0.29  0  1.00  0    653     1
    22100      66     66   0.00      0.0/0.2         3    0  0.29  0  1.00  0    653     1
    22200      81      8   0.00      0.0/0.0         0    0  0.31  0  1.00  0    653     1
    22300      61      6   0.00      0.0/0.0         0    0  0.31  0  1.00  0    653     1
    22400      47      5   0.00      0.0/0.0         0    0  0.31  0  1.00  0    653     1
    22500      36      4   0.00      0.0/0.0         0    0  0.33  0  1.00  0    653     0
    22600      32      3   0.00      0.0/0.0         0    0  0.33  0  1.00  0    653     0
    22700      32      3   0.00      0.0/0.0         0    0  0.33  0  1.00  0    653     0
    22800      31      3   0.00      0.0/0.0         0    0  0.36  0  1.00  0    653     0
    22900      31      3   0.00      0.0/0.0         0    0  0.36  0  1.00  0    653     0
    23000      31      3   0.00      0.0/0.0         0    0  0.36  0  1.00  0    653     0
    23100      30      3   0.00      0.0/0.0         0    0  0.37  0  1.00  0    653     0
    23200      30      3   0.00      0.0/0.0         0    0  0.37  0  1.00  0    653     0
    23300      30      3   0.00      0.0/0.0         0    0  0.37  0  1.00  0    653     0
    23400      30      3   0.00      0.0/0.0         0    0  0.39  0  1.00  0    653     0
    23500      28      3   0.00      0.0/0.0         0    0  0.39  0  1.00  0    653     0
    23600      22      2   0.00      0.0/0.0         0    0  0.39  0  1.00  0    653     0
    23700      17      2   0.00      0.0/0.0         0    0  0.41  0  1.00  0    653     0
    23800      13      1   0.00      0.0/0.0         0    0  0.41  0  1.00  0    653     0

  ✝ ANCHOR DIED: Yùfpù (id 413) — abandoned @ 24532 — final trajectory:
     step   people  urban   fedM  supply/coreNeed   terr work   dis  fam hvst siege  cid  army
    22600    1144    114   0.09      0.0/0.7         0    0  0.41  0  1.00  0    611     5
    22700     884     88   0.07      0.0/0.6         0    0  0.41  0  1.00  0    611     3
    22800     672     67   0.05      0.0/0.5         0    0  0.43  0  1.00  0    611     2
    22900     508     51   0.03      0.0/0.4         0    0  0.43  0  1.00  0    611     1
    23000     376     38   0.02      0.0/0.3         0    0  0.43  0  1.00  0    611     1
    23100     263     26   0.02      0.0/0.2         0    0  0.44  0  1.00  0    611     0
    23200     178     18   0.01      0.0/0.2         0    0  0.44  0  1.00  0    611     0
    23300     128     13   0.01      0.0/0.1         0    0  0.44  0  1.00  0    611     0
    23400      88      9   0.01      0.0/0.1         0    0  0.46  0  1.00  0    611     0
    23500      61      6   0.00      0.0/0.1         0    0  0.46  0  1.00  0    611     0
    23600      43      4   0.00      0.0/0.1         0    0  0.46  0  1.00  0    611     0
    23700      30      3   0.00      0.0/0.1         0    0  0.47  0  1.00  0    611     0
    23800      20      2   0.00      0.0/0.0         0    0  0.47  0  1.00  0    611     0
    23900      14      1   0.00      0.0/0.0         0    0  0.47  0  1.00  0    611     0
    24000       9      1   0.00      0.0/0.0         0    0  0.48  0  1.00  0    611     0
    24100       6      1   0.00      0.0/0.0         0    0  0.48  0  1.00  0    611     0
    24200       5      0   0.00      0.0/0.0         0    0  0.48  0  1.00  0    611     0
    24300       3      0   0.00      0.0/0.0         0    0  0.50  0  1.00  0    611     0
    24400       2      0   0.00      0.0/0.0         0    0  0.50  0  1.00  0    611     0
    24500       2      0   0.00      0.0/0.0         0    0  0.50  0  1.00  0    611     0

  ✝ ANCHOR DIED: Mǐupíü (id 1085) — abandoned @ 24625 — final trajectory:
     step   people  urban   fedM  supply/coreNeed   terr work   dis  fam hvst siege  cid  army
    24100    2933    532   0.15      2.1/2.2        15   15  0.18  0  1.00  0   1159     0
    24200    3031    315   0.37      2.7/1.4        21   18  0.18  0  1.00  0   1159    52
    24300    2830    493   0.27      0.0/2.4        21   18  0.23  0  1.00  1   1159   112
    24400    2597    465   0.19      0.0/2.4        22   10  0.23  0  1.00  1   1159    90
    24500      61     61   0.14      0.0/0.5         7    0  0.23  0  1.00  1   1085    89
    24600      50     50   0.10      0.0/0.2         7    0  0.26  0  1.00  0   1085    11

  ✝ ANCHOR DIED: Tūrù (id 1096) — withered @ 24638 — final trajectory:
     step   people  urban   fedM  supply/coreNeed   terr work   dis  fam hvst siege  cid  army
    22900     290    293   0.62      0.0/0.4         8    0  0.05  0  1.00  1   1096     0
    23000     270    272   0.44      0.0/1.0         8    0  0.05  0  1.00  1   1096     0
    23100      61     61   0.32      0.0/0.2         1    0  0.09  0  1.00  1   1096     0
    23200      48      5   0.23      0.0/0.0         0    0  0.09  0  1.00  0   1096     1
    23300      39      4   0.16      0.0/0.0         0    0  0.09  0  1.00  0   1096     0
    23400      39      4   0.12      0.0/0.0         0    0  0.14  0  1.00  0   1096     0
    23500      38      4   0.08      0.0/0.0         0    0  0.14  0  1.00  0   1096     0
    23600      38      4   0.06      0.0/0.0         0    0  0.14  0  1.00  0   1096     0
    23700      38      4   0.04      0.0/0.0         0    0  0.18  0  1.00  0   1096     0
    23800       8      8   0.03      0.0/0.0         1    0  0.18  0  1.00  0   1096     0
    23900       8      8   0.02      0.0/0.0         1    0  0.18  0  1.00  0   1159     0
    24000       8      1   0.02      0.0/0.0         0    0  0.21  0  1.00  0   1159     0
    24100       8      1   0.02      0.0/0.0         0    0  0.21  0  1.00  1   1159     0
    24200       8      1   0.01      0.0/0.0         0    0  0.21  0  1.00  1   1159     0
    24300       8      1   0.01      0.0/0.0         0    0  0.25  0  1.00  1   1159     0
    24400       8      1   0.01      0.0/0.0         0    0  0.25  0  1.00  0   1159     0
    24500       8      1   0.01      0.0/0.0         0    0  0.25  0  1.00  0   1085     0
    24600       8      1   0.00      0.0/0.0         0    0  0.28  0  1.00  0   1085     0

=== DECOMPOSITION — each DEAD anchor's final 2000 steps ===
       name              id   people        terr       fedM   sup/need  fam%   hvst   dis  siege
  ✝  Fōntà          59    1309→2         6→0      0.06   0.00    30%   0.64  0.17    10%  withered @ 17836
  ✝  Èňlà          110    1787→2         8→0      0.13   0.01    33%   0.53  0.16    44%  abandoned @ 18010
  ✝  Fǒňtụ̌ị      417    3603→4216     14→14     0.53   0.00     0%   1.00  0.01   100%  abandoned @ 19441
  ✝  Sopopa          173     892→2        12→0      0.11   0.12    60%   0.51  0.35    15%  abandoned @ 20327
  ✝  Kyumu           322    2790→2        13→0      0.07   0.02    63%   0.35  0.17    31%  abandoned @ 20604
  ✝  Hìuthị̌       178    3316→2         9→0      0.00   0.00    50%   0.35  0.30    11%  abandoned @ 20986
  ✝  Pumsyupa        597    1818→23       14→0      0.34   0.00     0%   1.00  0.06    80%  abandoned @ 21025
  ✝  Fọ̄ịkfé       50     465→2         0→0      0.02   0.02    35%   0.35  0.40     0%  abandoned @ 21353
  ✝  Sommosoe        139     232→2         0→0      0.00   0.00    30%   0.35  0.40    15%  withered @ 21455
  ✝  Sismogyoma      147     155→2         2→0      0.03   0.00     0%   0.35  0.45     0%  abandoned @ 22200
  ✝  Tommodumomoi    114     699→2         6→0      0.00   0.00     0%   0.35  0.52     0%  abandoned @ 22836
  ✝  Ňǐňpì         461     753→2         0→0      0.02   0.00     0%   1.00  0.30     0%  abandoned @ 22829
  ✝  Lánglì        463     664→2         0→0      0.00   0.00     0%   1.00  0.29     0%  abandoned @ 22928
  ✝  Láị           109     348→3         0→0      0.00   0.00     0%   0.35  0.48     0%  dissolved(core) @ 23091
  ✝  Mǐürụ́        598    6597→1401     21→0      0.07   0.06     0%   1.00  0.24    47%  abandoned @ 23041
  ✝  Ňěňní           1    3661→14       26→4      0.08   0.00     0%   0.35  0.61    40%  abandoned @ 23473
  ✝  Rimobuimmiu     325     133→12        0→0      0.00   0.00     0%   0.35  0.41     0%  dissolved(core) @ 23475
  ✝  Simopadu        506     700→13        0→0      0.00   0.00     0%   1.00  0.35     0%  dissolved(core) @ 23894
  ✝  Yùfpù         413    1144→2         0→0      0.02   0.00     0%   1.00  0.46     0%  abandoned @ 24532
  ✝  Mǐupíü       1085    2933→50       15→7      0.20   0.48     0%   1.00  0.22    50%  abandoned @ 24625
  ✝  Tūrù         1096     290→8         8→0      0.12   0.00     0%   1.00  0.17    33%  withered @ 24638

=== CONTROL — every SURVIVING anchor's final 2000 steps (the contrast is the conviction) ===
       name              id   people        terr       fedM   sup/need  fam%   hvst   dis  siege
     Sogyoepa         30     217→405       4→7      0.12   0.16     0%   0.35  0.59    62%  
     Mamomumummu     719    2029→1184     15→11     0.21   0.22     0%   1.00  0.41    76%  
     Sumsusapa       611    2937→1060     11→7      0.13   0.18     0%   1.00  0.37    62%  
     Ōumrá        1028    3623→1757     21→12     0.05   0.05     0%   1.00  0.27    53%  
     Píụịtrụ̀i  1525    4866→266      22→0      0.42   0.07     0%   1.00  0.05    11%  

  READ IT THIS WAY: a term convicts only where it separates the dead from the
  survivors. fedM low on both = background; terr collapsing only on the dead =
  competition; fam%/hvst worse on the dead = the shock channel; dis equal = fuel,
  not trigger. sup/need is the INSTANT core solvency (capped at 2).

