[harness] tree 932a695
[SIM_TUNE] {"DAWN_LIVE":1,"STATE_RECORDS":1,"LAND_KNOW":1,"PEER_SEATS":1,"FOUND_DRIFT":1,"ABSORB_ORG_ERA":1,"TRIBUTE_UP":0.33,"ENGULF":8,"FEAR_REACH":1,"WAR_FINISH":1,"SMALL_WAR":8,"RELIEF_REACH":1,"EXCH_WAVE":3,"TECH_USE":1,"VASSAL_LEVY":0.5,"DISSOLVE_CORE":1,"SETT_STRIDE":3,"TRADE_STRIDE":5,"CITY_HOLD":1}
[peopleSim] hearth pin Nile picked at tile (138,40) (27.0E 30.0N) — maturity deferred to the stagger law
[peopleSim] hearth pin Mesopotamia picked at tile (149,38) (43.5E 33.0N) — maturity deferred to the stagger law
[peopleSim] hearth pin Indus picked at tile (167,41) (70.5E 28.5N) — maturity deferred to the stagger law
[peopleSim] hearth pin Yellow River picked at tile (196,38) (114.0E 33.0N) — maturity deferred to the stagger law
[peopleSim] hearth candidate at (138,40) (27.0E 30.0N) score 6.39 pkg=wheat(suit 0.92) — ARMED: ~974y of peopled-basin time from maturity
[peopleSim] hearth candidate at (149,38) (43.5E 33.0N) score 4.32 pkg=wheat(suit 0.69) — ARMED: ~1311y of peopled-basin time from maturity
[peopleSim] hearth candidate at (167,41) (70.5E 28.5N) score 6.34 pkg=wheat(suit 0.98) — ARMED: ~922y of peopled-basin time from maturity
[peopleSim] hearth candidate at (196,38) (114.0E 33.0N) score 4.11 pkg=rice(suit 0.81) — ARMED: ~3106y of peopled-basin time from maturity
[peopleSim] hearth candidate at (58,38) (-93.0E 33.0N) score 5.34 pkg=maize(suit 0.87) — ARMED: ~5148y of peopled-basin time from maturity
[peopleSim] hearth candidate at (111,53) (-13.5E 10.5N) score 1.76 pkg=sorghum(suit 0.64) — ARMED: ~3133y of peopled-basin time from maturity
[peopleSim] hearth candidate at (140,73) (30.0E -19.5N) score 1.32 pkg=tubers(suit 0.93) — ARMED: ~3243y of peopled-basin time from maturity
[peopleSim] hearth candidate at (77,72) (-64.5E -18.0N) score 0.87 pkg=tubers(suit 0.57) — ARMED: ~5283y of peopled-basin time from maturity
[peopleSim] hearth candidate at (31,23) (-133.5E 55.5N) score 0.50 — ARMED: ~13000y of peopled-basin time from maturity
[peopleSim] hearth candidate at (117,23) (-4.5E 55.5N) score 0.50 — ARMED: ~13000y of peopled-basin time from maturity

=== ANCHOR MELT DECOMPOSITION  480x240 (tw=240)  seed 8817  bar 200  box lon 24..36 lat 20..33 ===
[popField] worker pool engaged: 4 bands
[transHeap] step=24 cap=1024 peakN=0 pushes=0 (0.0MB backing)
[peopleSim] AGRICULTURE INVENTED at (167,41) (70.5E 28.5N) — the basin farms; a city will rise when its market gathers one (score 6.34)
[peopleSim] AGRICULTURE INVENTED at (138,40) (27.0E 30.0N) — the basin farms; a city will rise when its market gathers one (score 6.39)
[peopleSim] AGRICULTURE INVENTED at (149,38) (43.5E 33.0N) — the basin farms; a city will rise when its market gathers one (score 4.32)

  ✝ ANCHOR DIED: Sogyoepa (id 30) — abandoned @ 16705 — final trajectory:
     step   people  urban   fedM  supply/coreNeed   terr work   dis  fam hvst siege  cid  army
    15700    1710    615   0.02      0.0/2.4        14   10  0.13  1  0.35  1     30     1
    15800    1738    625   0.02      0.0/2.5        14   10  0.13  1  0.35  1     30    22
    15900      48     48   0.01      0.0/0.2         2    0  0.16  0  0.35  1     30    23
    16000    1828    660   0.01      0.0/2.7        13   10  0.16  0  0.35  1     30    18
    16100    1797    641   0.01      0.0/2.7        13   10  0.16  0  0.35  1     30    43
    16200    1788    635   0.05      1.4/2.6        12   10  0.21  0  0.35  0     30    34
    16300    1646    322   0.26      1.4/1.3        11   11  0.21  0  0.35  0     30    22
    16400    1703    586   0.38      1.4/2.4        11   11  0.21  0  0.35  0     30    18
    16500    1394    139   0.30      0.0/0.6         0    0  0.25  0  0.35  0     30    12
    16600     958     96   0.22      0.0/0.4         0    0  0.25  0  0.35  0     30     3
    16700     742     74   0.16      0.0/0.3         0    0  0.25  0  0.35  0     30     1
[transHeap] step=17664 cap=2048 peakN=1111 pushes=5785 (0.0MB backing)

  ✝ ANCHOR DIED: Xóutrọ̌ị (id 59) — withered @ 18142 — final trajectory:
     step   people  urban   fedM  supply/coreNeed   terr work   dis  fam hvst siege  cid  army
    16200    1015    102   0.12      0.0/0.4         0    0  0.11  0  1.00  0     59     4
    16300     778     78   0.08      0.0/0.3         0    0  0.11  0  1.00  0     59     3
    16400     579     58   0.06      0.0/0.2         0    0  0.11  0  1.00  0     59     2
    16500     413     41   0.04      0.0/0.2         0    0  0.14  0  1.00  0     59     2
    16600      55     55   0.03      0.0/0.2         9    0  0.14  0  1.00  0     59     2
    16700      55     55   0.02      0.0/0.2         9    0  0.14  0  1.00  0     59     2
    16800      43      4   0.02      0.0/0.0         0    0  0.17  1  0.35  0     59     1
    16900      33      3   0.01      0.0/0.0         0    0  0.17  1  0.35  0     59     1
    17000      26      3   0.01      0.0/0.0         0    0  0.17  1  0.35  0     59     1
    17100      20      2   0.01      0.0/0.0         0    0  0.19  1  0.35  0     59     1
    17200      16      2   0.00      0.0/0.0         0    0  0.19  1  0.35  0     59     1
    17300      12      1   0.00      0.0/0.0         0    0  0.19  1  0.35  0     59     0
    17400      10      1   0.00      0.0/0.0         0    0  0.22  0  0.35  0     59     0
    17500       7      1   0.00      0.0/0.0         0    0  0.22  0  0.35  0     59     0
    17600       6      1   0.00      0.0/0.0         0    0  0.22  0  0.35  0     59     0
    17700       5      0   0.00      0.0/0.0         0    0  0.24  0  0.35  0     59     0
    17800       4      0   0.00      0.0/0.0         0    0  0.24  0  0.35  0     59     0
    17900       3      0   0.00      0.0/0.0         0    0  0.24  0  0.35  0     59     0
    18000       2      0   0.00      0.0/0.0         0    0  0.26  0  0.35  0     59     0
    18100       2      0   0.00      0.0/0.0         0    0  0.26  0  0.35  0     59     0

  ✝ ANCHOR DIED: Fọ̄ịkfé (id 50) — withered @ 18496 — final trajectory:
     step   people  urban   fedM  supply/coreNeed   terr work   dis  fam hvst siege  cid  army
    16500     285    285   0.03      0.0/1.1        15    0  0.15  0  0.35  0     50     5
    16600     257     26   0.02      0.0/0.1         0    0  0.15  0  0.35  0     50     6
    16700     196     20   0.01      0.0/0.1         0    0  0.15  0  0.35  0     50     4
    16800     138     14   0.01      0.0/0.1         0    0  0.17  1  0.35  0     50     3
    16900      98     10   0.01      0.0/0.0         0    0  0.17  1  0.35  0     50     2
    17000      69      7   0.00      0.0/0.0         0    0  0.17  1  0.35  0     50     1
    17100      54      5   0.00      0.0/0.0         0    0  0.20  1  0.35  0     50     1
    17200      42      4   0.00      0.0/0.0         0    0  0.20  1  0.35  0     50     0
    17300      33      3   0.00      0.0/0.0         0    0  0.20  1  0.35  0     50     0
    17400      26      3   0.00      0.0/0.0         0    0  0.22  0  0.35  0     50     0
    17500      18      2   0.00      0.0/0.0         0    0  0.22  0  0.35  0     50     0
    17600      14      1   0.00      0.0/0.0         0    0  0.22  0  0.35  0     50     0
    17700      11      1   0.00      0.0/0.0         0    0  0.24  0  0.35  0     50     0
    17800       9      1   0.00      0.0/0.0         0    0  0.24  0  0.35  0     50     0
    17900       7      1   0.00      0.0/0.0         0    0  0.24  0  0.35  0     50     0
    18000       5      1   0.00      0.0/0.0         0    0  0.26  0  0.35  0     50     0
    18100       4      0   0.00      0.0/0.0         0    0  0.26  0  0.35  0     50     0
    18200       3      0   0.00      0.0/0.0         0    0  0.26  0  0.35  0     50     0
    18300       2      0   0.00      0.0/0.0         0    0  0.28  0  0.35  0     50     0
    18400       2      0   0.00      0.0/0.0         0    0  0.28  0  0.35  0     50     0
[peopleSim] AGRICULTURE INVENTED at (196,38) (114.0E 33.0N) — the basin farms; a city will rise when its market gathers one (score 4.11)
[peopleSim] AGRICULTURE INVENTED at (140,73) (30.0E -19.5N) — the basin farms; a city will rise when its market gathers one (score 1.32)
[peopleSim] AGRICULTURE INVENTED at (111,53) (-13.5E 10.5N) — the basin farms; a city will rise when its market gathers one (score 1.76)

  ✝ ANCHOR DIED: Lāffí (id 106) — abandoned @ 19389 — final trajectory:
     step   people  urban   fedM  supply/coreNeed   terr work   dis  fam hvst siege  cid  army
    17400    1081    108   0.10      0.0/0.5         0    0  0.21  0  0.35  0    106    10
    17500     866     87   0.07      0.0/0.4         0    0  0.21  0  0.35  0    106     6
    17600     642     64   0.05      0.0/0.3         0    0  0.21  0  0.35  0    106     4
    17700     467     47   0.04      0.0/0.2         0    0  0.24  0  0.35  0    106     3
    17800     327     33   0.03      0.0/0.2         0    0  0.24  0  0.35  0    106     2
    17900     226     23   0.02      0.0/0.1         0    0  0.24  0  0.35  0    106     1
    18000     145     15   0.01      0.0/0.1         0    0  0.26  0  0.35  0    106     1
    18100      95      9   0.01      0.0/0.1         0    0  0.26  0  0.35  0    106     1
    18200      58      6   0.01      0.0/0.0         0    0  0.26  0  0.35  0    106     0
    18300      44      4   0.00      0.0/0.0         0    0  0.28  0  0.35  0    106     0
    18400      34      3   0.00      0.0/0.0         0    0  0.28  0  0.35  0    106     0
    18500      25      3   0.00      0.0/0.0         0    0  0.28  0  0.35  0    106     0
    18600      19      2   0.00      0.0/0.0         0    0  0.29  0  0.35  0    106     0
    18700      14      1   0.00      0.0/0.0         0    0  0.29  0  0.35  0    106     0
    18800      10      1   0.00      0.0/0.0         0    0  0.29  0  0.35  0    106     0
    18900       8      1   0.00      0.0/0.0         0    0  0.31  1  0.35  0    106     0
    19000       5      1   0.00      0.0/0.0         0    0  0.31  1  0.35  0    106     0
    19100       4      0   0.00      0.0/0.0         0    0  0.31  1  0.35  0    106     0
    19200       3      0   0.00      0.0/0.0         0    0  0.32  1  0.35  0    106     0
    19300       2      0   0.00      0.0/0.0         0    0  0.32  1  0.35  0    106     0

  ✝ ANCHOR DIED: Ňúpīrọ̀ (id 109) — dissolved(core) @ 19891 — final trajectory:
     step   people  urban   fedM  supply/coreNeed   terr work   dis  fam hvst siege  cid  army
    17900     386     39   0.01      0.0/0.2         0    0  0.20  0  0.35  0    109     0
    18000     271     27   0.01      0.0/0.1         0    0  0.22  0  0.35  0    109     0
    18100     182     18   0.01      0.0/0.1         0    0  0.22  0  0.35  0    109     0
    18200     122     12   0.00      0.0/0.1         0    0  0.22  0  0.35  0    109     0
    18300      80      8   0.00      0.0/0.0         0    0  0.24  0  0.35  0    109     0
    18400      54      5   0.00      0.0/0.0         0    0  0.24  0  0.35  0    109     0
    18500      42      4   0.00      0.0/0.0         0    0  0.24  0  0.35  0    109     0
    18600      33      3   0.00      0.0/0.0         0    0  0.26  0  0.35  0    109     0
    18700      25      3   0.00      0.0/0.0         0    0  0.26  0  0.35  0    109     0
    18800      19      2   0.00      0.0/0.0         0    0  0.26  0  0.35  0    109     0
    18900      15      2   0.00      0.0/0.0         0    0  0.28  1  0.35  0    109     0
    19000      12      1   0.00      0.0/0.0         0    0  0.28  1  0.35  0    109     0
    19100       9      1   0.00      0.0/0.0         0    0  0.28  1  0.35  0    109     0
    19200       7      1   0.00      0.0/0.0         0    0  0.30  1  0.35  0    109     0
    19300       5      1   0.00      0.0/0.0         0    0  0.30  1  0.35  0    109     0
    19400       4      0   0.00      0.0/0.0         0    0  0.30  1  0.35  0    109     0
    19500       3      0   0.00      0.0/0.0         0    0  0.31  1  0.35  0    109     0
    19600       2      0   0.00      0.0/0.0         0    0  0.31  1  0.35  0    109     0
    19700       2      0   0.00      0.0/0.0         0    0  0.31  1  0.35  0    109     0
    19800      16     16   0.00      0.0/0.1         3    0  0.33  1  0.35  0    109     0

  ✝ ANCHOR DIED: Hímpíü (id 187) — abandoned @ 20147 — final trajectory:
     step   people  urban   fedM  supply/coreNeed   terr work   dis  fam hvst siege  cid  army
    18200    2439    244   0.08      0.0/1.1         0    0  0.10  0  1.00  0    187    33
    18300    1918    192   0.05      0.0/0.9         0    0  0.15  0  1.00  0    187    25
    18400    1496    150   0.04      0.0/0.7         0    0  0.15  0  1.00  0    187    16
    18500     187    187   0.03      0.0/0.7         7    0  0.15  0  1.00  1    187     8
    18600      11     11   0.02      0.0/0.1         2    0  0.17  0  1.00  1    187     6
    18700       7      7   0.01      0.0/0.0         2    0  0.17  0  1.00  1    187     5
    18800       7      7   0.01      0.0/0.0         2    0  0.17  0  1.00  0    187     4
    18900       7      7   0.01      0.0/0.0         2    0  0.20  1  0.35  0    315     0
    19000       7      7   0.01      0.0/0.0         2    0  0.20  1  0.35  0    233     0
    19100       6      6   0.00      0.0/0.0         2    0  0.20  1  0.35  0    305     0
    19200    3286    673   0.04      0.7/2.7        15   12  0.24  1  0.35  0    137     0
    19300    6454    718   0.06      0.3/3.1        29   27  0.24  1  0.35  0    137    42
    19400    6214    745   0.10      0.7/3.3        29   27  0.24  1  0.35  0    137    23
    19500      10     10   0.07      0.0/0.3         2    0  0.26  1  0.35  1    137    77
    19600      10      1   0.05      0.0/0.1         0    0  0.26  1  0.35  1    187    22
    19700       7      1   0.04      0.0/0.0         0    0  0.26  1  0.35  0    187     1
    19800       5      0   0.03      0.0/0.0         0    0  0.28  1  0.35  0    187     1
    19900       3      0   0.02      0.0/0.0         0    0  0.28  1  0.35  0    187     1
    20000       2      0   0.01      0.0/0.0         0    0  0.28  1  0.35  0    187     0
    20100       2      0   0.01      0.0/0.0         0    0  0.30  0  0.35  0    187     0
