[harness] tree 188638c
[SIM_TUNE] {"ONE_BOOK":1,"SHIP_SURPLUS":1}
[stylized] seed 777 · 480x240 · 21000 steps
[peopleSim] hearth pin Nile picked at tile (138,40) (27.0E 30.0N) — maturity deferred to the stagger law
[peopleSim] hearth pin Mesopotamia picked at tile (149,38) (43.5E 33.0N) — maturity deferred to the stagger law
[peopleSim] hearth pin Indus picked at tile (167,41) (70.5E 28.5N) — maturity deferred to the stagger law
[peopleSim] hearth pin Yellow River picked at tile (196,38) (114.0E 33.0N) — maturity deferred to the stagger law
[peopleSim] hearth Takomputpam at (138,40) (27.0E 30.0N) score 6.90 pkg=wheat(suit 0.98) — matured 915y into prehistory (wave age 5085y)
[peopleSim] hearth Sudiiti at (149,38) (43.5E 33.0N) score 6.00 pkg=wheat(suit 0.96) — matured 935y into prehistory (wave age 5065y)
[peopleSim] hearth Dwamtíxip at (167,41) (70.5E 28.5N) score 6.54 pkg=wheat(suit 0.99) — matured 906y into prehistory (wave age 5094y)
[peopleSim] hearth Ēfǐudìu at (196,38) (114.0E 33.0N) score 4.86 pkg=rice(suit 0.80) — matured 3119y into prehistory (wave age 2881y)
[peopleSim] hearth Tasayyo at (56,49) (-96.0E 16.5N) score 2.35 pkg=maize(suit 1.03) — matured 4388y into prehistory (wave age 1612y)
[peopleSim] hearth Kyuudi at (139,73) (28.5E -19.5N) score 1.45 pkg=tubers(suit 0.89) — matured 3371y into prehistory (wave age 2629y)
[peopleSim] hearth candidate at (78,63) (-63.0E -4.5N) score 0.61 pkg=tubers(suit 0.29) — ARMED: ~4341y of peopled-basin time from maturity
[peopleSim] hearth candidate at (119,56) (-1.5E 6.0N) score 0.50 pkg=tubers(suit 0.20) — ARMED: ~9130y of peopled-basin time from maturity
[peopleSim] hearth candidate at (31,23) (-133.5E 55.5N) score 0.50 pkg=maize(suit 0.42) — ARMED: ~4695y of peopled-basin time from maturity
[peopleSim] hearth candidate at (117,23) (-4.5E 55.5N) score 0.50 pkg=wheat(suit 0.05) — ARMED: ~7000y of peopled-basin time from maturity
[popField] worker pool engaged: 4 bands
[transHeap] step=24 cap=1024 peakN=967 pushes=8162 (0.0MB backing)
[transHeap] step=7080 cap=2048 peakN=1141 pushes=5794 (0.0MB backing)
[peopleSim] hearth candidate at (119,56) (-1.5E 6.0N) stood down — the farming package arrived before it was invented
[peopleSim] hearth candidate at (117,23) (-4.5E 55.5N) stood down — the farming package arrived before it was invented
[stylized] simulated in 141s

  ok    Zipf rank-size slope (urban cores, G-I): -0.66   (27 cities; mature empirical envelope ≈ −0.8..−1.2; earned-span antiquity shallower (owner-accepted 2026-07))
  ok    largest empire's share of claimed land: 12%   (25 polities on 2037 tiles)
  warn  empire area tail (largest/median): 3.0
        (realm AREA, unscored: largest 3645k km² · median 1230k km² · reference: Bronze hegemon ~0.5-1M, Rome ~5M, Han ~6.5M)
        (empire mortality, unscored: back-half top-3 union 8 realms · 109 secessions — deep check: node tools/probe_empires.mjs)
  ok    state lifespan median (incl. living, censored): 6500 steps (~1625y)   (10 fallen + 527 living)
        (fallen-only median 1837 steps ~459y; 0/10 fallen within 100 steps — the revolt-churn mode, mechanism item)
  ok    lifespan heavy tail incl. living (max/median): 11.4   (oldest living 21000 steps)
  ok    wars per 1000 steps per polity: 0.21   (5.5/1k across 26 realms)
  ok    wars amid succession crises: 7/115   (human causes visible)
        (3 across state-faith lines)
  ok    tech ~ cradle-distance correlation: 0.11   (knowledge should not lead OUTWARD (earned-span re-baseline 2026-07))
  ok    urbanization vs development: 6.8%   (agrarian era: a minority in cities (2-25%))
  ok    population ~ development (monotone): 0.99   (log-pop vs leading agriculture)
  ok    growth accelerates with development: n/a   (pre-industrial run: modern agriculture never discovered — the accelerating chapter is absent)
  ok    price level bounded: 0.79   (people-weighted raw M/T÷baseline (sim-clamped mean 0.83, 0 components pegged at cap))
  ok    market integration narrows prices (Δ): -0.0054 over 1 knit window(s)   (mean dispersion Δ where components drop, vs noise floor 0.0052 = median |Δ| (Pearson 0.71, unscored — probe_market.mjs))
  ok    trade intensity vs transport: 1.3   (flow×1000/wealth; median nav+mob 0.64 → band 0.05-150)
  ok    war deadliness tail (largest/median): 9.0   (38 wars reckoned; top3mean/med 7.2)
        (greatest war's share of all war dead: 14% across 38 wars — count-sensitive, unscored)
  ok    culture count ~ area^k, k<1: 0.22   (diversity grows with territory, sublinearly (k<1))
  ok    settlements cluster on water (same-footprint enrichment): 1.36   (100% on water vs same-footprint null 73% (raw per-tile null gave 1.69; NN-CV 0.26))
  ok    fish share of food supply: 0.0%   (0% of population lives majority-fish [soft bar ≤40% Tier-B])
  ok    civilization alive: 41 settlements, pop 17937
  ok    wealth finite: 386143
  ok    polities exist: 26
        (registries: 35 cultures · 21 faiths · 194 dynasties · 8602 persons · 2339 events)

[stylized] all hard gates passed · 1 soft warning(s) (budget 2)
