[harness] tree d9576c5
[SIM_TUNE] {"ONE_BOOK":1,"SHIP_SURPLUS":1}
[stylized] seed 8817 · 480x240 · 21000 steps
[peopleSim] hearth pin Nile picked at tile (138,40) (27.0E 30.0N) — maturity deferred to the stagger law
[peopleSim] hearth pin Mesopotamia picked at tile (149,38) (43.5E 33.0N) — maturity deferred to the stagger law
[peopleSim] hearth pin Indus picked at tile (167,41) (70.5E 28.5N) — maturity deferred to the stagger law
[peopleSim] hearth pin Yellow River picked at tile (196,38) (114.0E 33.0N) — maturity deferred to the stagger law
[peopleSim] hearth Ňěňní at (138,40) (27.0E 30.0N) score 6.39 pkg=wheat(suit 0.92) — matured 974y into prehistory (wave age 5026y)
[peopleSim] hearth Pephamdo at (149,38) (43.5E 33.0N) score 4.32 pkg=wheat(suit 0.69) — matured 1311y into prehistory (wave age 4689y)
[peopleSim] hearth Pomponsom at (167,41) (70.5E 28.5N) score 6.34 pkg=wheat(suit 0.98) — matured 922y into prehistory (wave age 5078y)
[peopleSim] hearth Fevvon at (196,38) (114.0E 33.0N) score 4.11 pkg=rice(suit 0.81) — matured 3106y into prehistory (wave age 2894y)
[peopleSim] hearth Nawaxexi at (58,38) (-93.0E 33.0N) score 5.34 pkg=maize(suit 0.87) — matured 5148y into prehistory (wave age 852y)
[peopleSim] hearth Sasfesu at (111,53) (-13.5E 10.5N) score 1.76 pkg=sorghum(suit 0.64) — matured 3133y into prehistory (wave age 2867y)
[peopleSim] hearth Wityim at (140,73) (30.0E -19.5N) score 1.32 pkg=tubers(suit 0.93) — matured 3243y into prehistory (wave age 2757y)
[peopleSim] hearth Ninuvy at (77,72) (-64.5E -18.0N) score 0.87 pkg=tubers(suit 0.57) — matured 5283y into prehistory (wave age 717y)
[peopleSim] hearth candidate at (31,23) (-133.5E 55.5N) score 0.50 pkg=maize(suit 0.51) — ARMED: ~2842y of peopled-basin time from maturity
[peopleSim] hearth candidate at (117,23) (-4.5E 55.5N) score 0.50 — ARMED: ~7000y of peopled-basin time from maturity
[popField] worker pool engaged: 4 bands
[transHeap] step=24 cap=2048 peakN=1495 pushes=9318 (0.0MB backing)
[peopleSim] hearth candidate at (117,23) (-4.5E 55.5N) stood down — the farming package arrived before it was invented
[peopleSim] AGRICULTURE INVENTED at (31,23) (-133.5E 55.5N) — the basin farms; a city will rise when its market gathers one (score 0.50)
[stylized] simulated in 186s

  ok    Zipf rank-size slope (urban cores, G-I): -0.82   (37 cities; mature empirical envelope ≈ −0.8..−1.2; earned-span antiquity shallower (owner-accepted 2026-07))
  ok    largest empire's share of claimed land: 23%   (32 polities on 2827 tiles)
  ok    empire area tail (largest/median): 10.5
        (realm AREA, unscored: largest 10028k km² · median 954k km² · reference: Bronze hegemon ~0.5-1M, Rome ~5M, Han ~6.5M)
        (empire mortality, unscored: back-half top-3 union 4 realms · 275 secessions — deep check: node tools/probe_empires.mjs)
  ok    state lifespan median (incl. living, censored): 6900 steps (~1725y)   (62 fallen + 786 living)
        (fallen-only median 513 steps ~128y; 5/62 fallen within 100 steps — the revolt-churn mode, mechanism item)
  ok    lifespan heavy tail incl. living (max/median): 40.9   (oldest living 21000 steps)
  ok    wars per 1000 steps per polity: 0.18   (5.6/1k across 32 realms)
  ok    wars amid succession crises: 5/118   (human causes visible)
        (0 across state-faith lines)
  ok    tech ~ cradle-distance correlation: -0.06   (knowledge should not lead OUTWARD (earned-span re-baseline 2026-07))
  ok    urbanization vs development: 8.6%   (agrarian era: a minority in cities (2-25%))
  ok    population ~ development (monotone): 0.98   (log-pop vs leading agriculture)
  ok    growth accelerates with development: n/a   (pre-industrial run: modern agriculture never discovered — the accelerating chapter is absent)
  ok    price level bounded: 0.96   (people-weighted raw M/T÷baseline (sim-clamped mean 0.92, 0 components pegged at cap))
  ok    market integration narrows prices (Δ): +0.0015 over 3 knit window(s)   (mean dispersion Δ where components drop, vs noise floor 0.0066 = median |Δ| (Pearson -0.11, unscored — probe_market.mjs))
  ok    trade intensity vs transport: 0.9   (flow×1000/wealth; median nav+mob 0.44 → band 0.05-150)
  ok    war deadliness tail (largest/median): 9.9   (63 wars reckoned; top3mean/med 7.5)
        (greatest war's share of all war dead: 10% across 63 wars — count-sensitive, unscored)
  ok    culture count ~ area^k, k<1: 0.28   (diversity grows with territory, sublinearly (k<1))
  ok    settlements cluster on water (same-footprint enrichment): 1.35   (100% on water vs same-footprint null 74% (raw per-tile null gave 1.68; NN-CV 0.29))
  ok    fish share of food supply: 0.0%   (0% of population lives majority-fish [soft bar ≤40% Tier-B])
  ok    civilization alive: 52 settlements, pop 22638
  ok    wealth finite: 457265
  ok    polities exist: 32
        (registries: 45 cultures · 20 faiths · 208 dynasties · 9550 persons · 3224 events)

[stylized] all hard gates passed · 0 soft warning(s) (budget 2)
