[harness] tree 6fa722a
[SIM_TUNE] {"DAWN_LIVE":1,"STATE_RECORDS":1,"LAND_KNOW":1,"PEER_SEATS":1,"FOUND_DRIFT":1,"ABSORB_ORG_ERA":1,"TRIBUTE_UP":0.33,"ENGULF":8,"FEAR_REACH":1,"WAR_FINISH":1,"SMALL_WAR":8,"RELIEF_REACH":1,"EXCH_WAVE":3,"TECH_USE":1,"VASSAL_LEVY":0.5,"DISSOLVE_CORE":1,"SETT_STRIDE":3,"TRADE_STRIDE":5}
[peopleSim] hearth pin Nile picked at tile (138,40) (27.0E 30.0N) — maturity deferred to the stagger law
[peopleSim] hearth pin Mesopotamia picked at tile (149,38) (43.5E 33.0N) — maturity deferred to the stagger law
[peopleSim] hearth pin Indus picked at tile (167,41) (70.5E 28.5N) — maturity deferred to the stagger law
[peopleSim] hearth pin Yellow River picked at tile (196,38) (114.0E 33.0N) — maturity deferred to the stagger law
[peopleSim] hearth candidate at (138,40) (27.0E 30.0N) score 6.39 pkg=wheat(suit 0.92) — ARMED: ~974y of peopled-basin time from maturity
[peopleSim] hearth candidate at (149,38) (43.5E 33.0N) score 4.32 pkg=wheat(suit 0.69) — ARMED: ~1311y of peopled-basin time from maturity
[peopleSim] hearth candidate at (167,41) (70.5E 28.5N) score 6.34 pkg=wheat(suit 0.98) — ARMED: ~922y of peopled-basin time from maturity
[peopleSim] hearth candidate at (196,38) (114.0E 33.0N) score 4.11 pkg=rice(suit 0.81) — ARMED: ~3106y of peopled-basin time from maturity
[peopleSim] hearth candidate at (58,38) (-93.0E 33.0N) score 5.34 pkg=maize(suit 0.87) — ARMED: ~5148y of peopled-basin time from maturity
[peopleSim] hearth candidate at (111,53) (-13.5E 10.5N) score 1.76 pkg=sorghum(suit 0.64) — ARMED: ~3133y of peopled-basin time from maturity
[peopleSim] hearth candidate at (140,73) (30.0E -19.5N) score 1.32 pkg=tubers(suit 0.93) — ARMED: ~3243y of peopled-basin time from maturity
[peopleSim] hearth candidate at (77,72) (-64.5E -18.0N) score 0.87 pkg=tubers(suit 0.57) — ARMED: ~5283y of peopled-basin time from maturity
[peopleSim] hearth candidate at (31,23) (-133.5E 55.5N) score 0.50 — ARMED: ~13000y of peopled-basin time from maturity
[peopleSim] hearth candidate at (117,23) (-4.5E 55.5N) score 0.50 — ARMED: ~13000y of peopled-basin time from maturity

=== THE FOOD-FLOW FUNNEL  480x240 (tw=240)  seed 8817 ===
[popField] worker pool engaged: 4 bands
[transHeap] step=24 cap=1024 peakN=0 pushes=0 (0.0MB backing)
[peopleSim] AGRICULTURE INVENTED at (167,41) (70.5E 28.5N) — the basin farms; a city will rise when its market gathers one (score 6.34)
[peopleSim] AGRICULTURE INVENTED at (138,40) (27.0E 30.0N) — the basin farms; a city will rise when its market gathers one (score 6.39)
[peopleSim] AGRICULTURE INVENTED at (149,38) (43.5E 33.0N) — the basin farms; a city will rise when its market gathers one (score 4.32)
  step  15000  EGYPT box: n   41 · parented 0 (0%) · roots: stateless 40 capital 0 stale 1
      pools Σ 3.0 · gross SURPLUS Σ 0.0 (0 settlements) · offers Σ 0.00 · arriving imports Σ/tick 0.00 · core deficit Σ 2.9
  step  15000  world    : n   42 · parented 0 (0%) · roots: stateless 41 capital 0 stale 1
      pools Σ 3.3 · gross SURPLUS Σ 0.0 (0 settlements) · offers Σ 0.00 · arriving imports Σ/tick 0.00 · core deficit Σ 3.8
  step  17500  EGYPT box: n   53 · parented 38 (72%) · roots: stateless 0 capital 12 stale 3
      pools Σ 5.1 · gross SURPLUS Σ 1.8 (3 settlements) · offers Σ 0.13 · arriving imports Σ/tick 0.00 · core deficit Σ 12.9
      haul-survival p10/50/90 0.85/0.98/1.00 · liege foodReach p50 0.17 · liege spare coin p50 26.8
  step  17500  world    : n  140 · parented 67 (48%) · roots: stateless 38 capital 27 stale 8
      pools Σ 20.0 · gross SURPLUS Σ 6.9 (7 settlements) · offers Σ 0.47 · arriving imports Σ/tick 0.92 · core deficit Σ 30.7
      haul-survival p10/50/90 0.85/0.98/1.00 · liege foodReach p50 0.17 · liege spare coin p50 16.0
[peopleSim] AGRICULTURE INVENTED at (196,38) (114.0E 33.0N) — the basin farms; a city will rise when its market gathers one (score 4.11)
[peopleSim] hearth candidate at (140,73) (30.0E -19.5N) stood down — the farming package arrived before it was invented
[peopleSim] hearth candidate at (58,38) (-93.0E 33.0N) stood down — the farming package arrived before it was invented
  step  20000  EGYPT box: n   51 · parented 38 (75%) · roots: stateless 0 capital 11 stale 2
      pools Σ 4.2 · gross SURPLUS Σ 1.3 (2 settlements) · offers Σ 0.28 · arriving imports Σ/tick 2.05 · core deficit Σ 5.6
      haul-survival p10/50/90 0.99/0.99/1.00 · liege foodReach p50 0.39 · liege spare coin p50 116.5
  step  20000  world    : n  222 · parented 143 (64%) · roots: stateless 0 capital 73 stale 6
      pools Σ 26.7 · gross SURPLUS Σ 7.1 (6 settlements) · offers Σ 0.94 · arriving imports Σ/tick 6.99 · core deficit Σ 39.1
      haul-survival p10/50/90 0.98/0.99/1.00 · liege foodReach p50 0.32 · liege spare coin p50 125.1
[peopleSim] hearth candidate at (117,23) (-4.5E 55.5N) stood down — the farming package arrived before it was invented
[transHeap] step=20688 cap=2048 peakN=1286 pushes=9798 (0.0MB backing)
[peopleSim] hearth candidate at (111,53) (-13.5E 10.5N) stood down — the farming package arrived before it was invented
[peopleSim] hearth candidate at (31,23) (-133.5E 55.5N) stood down — the farming package arrived before it was invented
[peopleSim] hearth candidate at (77,72) (-64.5E -18.0N) stood down — the farming package arrived before it was invented
  step  22500  EGYPT box: n   40 · parented 20 (50%) · roots: stateless 0 capital 11 stale 9
      pools Σ 9.2 · gross SURPLUS Σ 4.9 (1 settlements) · offers Σ 0.42 · arriving imports Σ/tick 0.95 · core deficit Σ 5.9
      haul-survival p10/50/90 0.98/0.99/0.99 · liege foodReach p50 0.51 · liege spare coin p50 620.4
  step  22500  world    : n  363 · parented 160 (44%) · roots: stateless 1 capital 139 stale 63
      pools Σ 172.6 · gross SURPLUS Σ 72.8 (19 settlements) · offers Σ 2.53 · arriving imports Σ/tick 16.97 · core deficit Σ 49.6
      haul-survival p10/50/90 0.99/0.99/1.00 · liege foodReach p50 0.45 · liege spare coin p50 26.0
[transHeap] step=24720 cap=4096 peakN=2101 pushes=9725 (0.0MB backing)
  step  25000  EGYPT box: n   50 · parented 36 (72%) · roots: stateless 0 capital 9 stale 5
      pools Σ 6.8 · gross SURPLUS Σ 2.7 (3 settlements) · offers Σ 0.19 · arriving imports Σ/tick 0.00 · core deficit Σ 12.5
      haul-survival p10/50/90 0.99/0.99/0.99 · liege foodReach p50 0.60 · liege spare coin p50 0.0
  step  25000  world    : n  663 · parented 368 (56%) · roots: stateless 0 capital 250 stale 45
      pools Σ 163.5 · gross SURPLUS Σ 30.0 (31 settlements) · offers Σ 0.84 · arriving imports Σ/tick 5.81 · core deficit Σ 98.4
      haul-survival p10/50/90 0.99/0.99/1.00 · liege foodReach p50 0.53 · liege spare coin p50 29.3

  READ THE FUNNEL LEFT TO RIGHT: parented% is TOPOLOGY; surplus Σ is POOLS;
  offers vs surplus is the SHIP fraction × HAUL; imports vs offers is LEVY/COIN;
  imports vs core deficit is the gap the lane leaves unfed. The first stage
  that collapses to ~0 is where the movement dies — fix THAT joint only.
