[harness] tree b3a9b34
[SIM_TUNE] {"LEAN_YEAR":1}
[stylized] seed 8817 · 480x240 · 21000 steps
[peopleSim] hearth pin Nile picked at tile (138,40) (27.0E 30.0N) — maturity deferred to the stagger law
[peopleSim] hearth pin Mesopotamia picked at tile (149,38) (43.5E 33.0N) — maturity deferred to the stagger law
[peopleSim] hearth pin Indus picked at tile (167,41) (70.5E 28.5N) — maturity deferred to the stagger law
[peopleSim] hearth pin Yellow River picked at tile (196,38) (114.0E 33.0N) — maturity deferred to the stagger law
[peopleSim] hearth Ňěňní at (138,40) (27.0E 30.0N) score 6.39 pkg=wheat(suit 0.92) — matured 974y into prehistory (wave age 5026y)
[peopleSim] hearth Pephamdo at (149,38) (43.5E 33.0N) score 4.32 pkg=wheat(suit 0.69) — matured 1311y into prehistory (wave age 4689y)
[peopleSim] hearth Pomponsom at (167,41) (70.5E 28.5N) score 6.34 pkg=wheat(suit 0.98) — matured 922y into prehistory (wave age 5078y)
[peopleSim] hearth Fevvon at (196,38) (114.0E 33.0N) score 4.11 pkg=rice(suit 0.81) — matured 3106y into prehistory (wave age 2894y)
[peopleSim] hearth Nawaxexi at (58,38) (-93.0E 33.0N) score 5.34 pkg=maize(suit 0.87) — matured 5148y into prehistory (wave age 852y)
[peopleSim] hearth Sasfesu at (111,53) (-13.5E 10.5N) score 1.76 pkg=sorghum(suit 0.64) — matured 3133y into prehistory (wave age 2867y)
[peopleSim] hearth Wityim at (140,73) (30.0E -19.5N) score 1.32 pkg=tubers(suit 0.93) — matured 3243y into prehistory (wave age 2757y)
[peopleSim] hearth Ninuvy at (77,72) (-64.5E -18.0N) score 0.87 pkg=tubers(suit 0.57) — matured 5283y into prehistory (wave age 717y)
[peopleSim] hearth candidate at (31,23) (-133.5E 55.5N) score 0.50 pkg=maize(suit 0.51) — ARMED: ~2842y of peopled-basin time from maturity
[peopleSim] hearth candidate at (117,23) (-4.5E 55.5N) score 0.50 — ARMED: ~7000y of peopled-basin time from maturity
[popField] worker pool engaged: 4 bands
[transHeap] step=24 cap=2048 peakN=1495 pushes=9318 (0.0MB backing)
[stylized] simulated in 131s

  warn  Zipf rank-size slope: n/a   (only 12 cities > 10k urban core)
  ok    largest empire's share of claimed land: 49%   (11 polities on 2165 tiles)
  ok    empire area tail (largest/median): 9.7
        (realm AREA, unscored: largest 16365k km² · median 1692k km² · reference: Bronze hegemon ~0.5-1M, Rome ~5M, Han ~6.5M)
        (empire mortality, unscored: back-half top-3 union 6 realms · 215 secessions — deep check: node tools/probe_empires.mjs)
  ok    state lifespan median (incl. living, censored): 7700 steps (~1925y)   (35 fallen + 646 living)
        (fallen-only median 450 steps ~113y; 3/35 fallen within 100 steps — the revolt-churn mode, mechanism item)
  ok    lifespan heavy tail incl. living (max/median): 46.7   (oldest living 21000 steps)
  ok    wars per 1000 steps per polity: 0.17   (1.9/1k across 11 realms)
  ok    wars amid succession crises: 3/40   (human causes visible)
        (3 across state-faith lines)
  ok    tech ~ cradle-distance correlation: 0.11   (knowledge should not lead OUTWARD (earned-span re-baseline 2026-07))
  ok    urbanization vs development: 6.5%   (agrarian era: a minority in cities (2-25%))
  ok    population ~ development (monotone): 0.99   (log-pop vs leading agriculture)
  ok    growth accelerates with development: n/a   (pre-industrial run: modern agriculture never discovered — the accelerating chapter is absent)
  ok    price level bounded: 0.50   (people-weighted raw M/T÷baseline (sim-clamped mean 0.79, 0 components pegged at cap))
  ok    market integration narrows prices (Δ): -0.0485 over 1 knit window(s)   (mean dispersion Δ where components drop, vs noise floor 0.0112 = median |Δ| (Pearson 0.21, unscored — probe_market.mjs))
  ok    trade intensity vs transport: 1.0   (flow×1000/wealth; median nav+mob 0.58 → band 0.05-150)
  ok    war deadliness tail (largest/median): 7.8   (25 wars reckoned; top3mean/med 6.3)
        (greatest war's share of all war dead: 19% across 25 wars — count-sensitive, unscored)
  ok    culture count ~ area^k, k<1: 0.26   (diversity grows with territory, sublinearly (k<1))
  ok    clustering: n/a   (too few settlements)
  ok    fish share of food supply: 0.0%   (0% of population lives majority-fish [soft bar ≤40% Tier-B])
  ok    civilization alive: 23 settlements, pop 19155
  ok    wealth finite: 239639
  ok    polities exist: 11
        (registries: 35 cultures · 16 faiths · 59 dynasties · 3795 persons · 1940 events)

[stylized] all hard gates passed · 1 soft warning(s) (budget 2)
