[harness] tree 0efe31d
[peopleSim] hearth pin Nile picked at tile (276,83) (27.0E 27.8N) — maturity deferred to the stagger law
[peopleSim] hearth pin Mesopotamia picked at tile (298,76) (43.5E 33.0N) — maturity deferred to the stagger law
[peopleSim] hearth pin Indus picked at tile (333,82) (69.8E 28.5N) — maturity deferred to the stagger law
[peopleSim] hearth pin Yellow River picked at tile (387,72) (110.3E 36.0N) — maturity deferred to the stagger law
[peopleSim] hearth Ňěňní at (276,83) (27.0E 27.8N) score 7.28 pkg=wheat(suit 1.00) — matured 903y into prehistory (wave age 5097y)
[peopleSim] hearth Pephamdo at (298,76) (43.5E 33.0N) score 5.01 pkg=wheat(suit 0.77) — matured 1173y into prehistory (wave age 4827y)
[peopleSim] hearth Pomponsom at (333,82) (69.8E 28.5N) score 6.69 pkg=wheat(suit 0.86) — matured 1041y into prehistory (wave age 4959y)
[peopleSim] hearth Fevvon at (387,72) (110.3E 36.0N) score 3.60 pkg=millet(suit 0.55) — matured 2710y into prehistory (wave age 3290y)
[peopleSim] hearth Nawaxexi at (230,99) (-7.5E 15.8N) score 3.29 pkg=sorghum(suit 0.70) — matured 2870y into prehistory (wave age 3130y)
[peopleSim] hearth candidate at (115,99) (-93.8E 15.8N) score 1.62 pkg=maize(suit 0.71) — ARMED: ~381y of peopled-basin time from maturity
[peopleSim] hearth Sasfesu at (140,140) (-75.0E -15.0N) score 1.24 pkg=tubers(suit 0.89) — matured 3390y into prehistory (wave age 2610y)
[peopleSim] hearth Wityim at (278,142) (28.5E -16.5N) score 0.89 pkg=wheat(suit 0.53) — matured 1701y into prehistory (wave age 4299y)
[peopleSim] hearth candidate at (247,40) (5.2E 60.0N) score 0.50 pkg=sorghum(suit 0.25) — ARMED: ~1927y of peopled-basin time from maturity
[peopleSim] hearth candidate at (25,41) (-161.3E 59.3N) score 0.50 pkg=maize(suit 0.36) — ARMED: ~6510y of peopled-basin time from maturity

=== THE YIELD-VARIANCE MAP  960x480 (tw=480)  seed 8817  (SOLVER-climate regime) ===
  cv = (0.1 + 0.35·rainMargin + 0.1·seasonal·damp)·(1−water) + 0.2·water

  region          sim CV p10/p50/p90     real band     verdict
  England/N.Fr   0.16/0.23/0.31          0.08-0.16     HIGH  [margin 0.42 season 0.00 water 0.00]
  Med. Spain     0.10/0.16/0.20          0.18-0.30     LOW   [margin 0.00 season 0.50 water 0.29]
  Greece/Aegean  0.10/0.19/0.26          0.18-0.30     ok    [margin 0.00 season 0.50 water 0.00]
  Sahel          0.15/0.19/0.28          0.30-0.48     LOW   [margin 0.00 season 0.50 water 0.29]
  Nile valley    0.20/0.45/0.45          0.14-0.26     HIGH  [margin 1.00 season 0.00 water 0.00]
  Mesopotamia    0.27/0.45/0.47          0.15-0.30     HIGH  [margin 1.00 season 0.00 water 0.00]
  Ganges         0.16/0.28/0.45          0.14-0.26     HIGH  [margin 0.72 season 0.00 water 0.00]
  N.China plain  0.13/0.20/0.20          0.18-0.32     ok    [margin 0.00 season 0.94 water 0.29]
  Pontic steppe  0.15/0.29/0.45          0.25-0.42     ok    [margin 0.57 season 0.00 water 0.00]
  Kazakh steppe  0.45/0.45/0.45          0.25-0.42     HIGH  [margin 1.00 season 0.00 water 0.00]
  Java/wet trop  0.10/0.10/0.13          0.06-0.15     ok    [margin 0.00 season 0.00 water 0.00]
  S.India int.   0.13/0.18/0.25          0.20-0.35     LOW   [margin 0.00 season 0.50 water 0.29]

  agreement: 4/12 region medians inside their literature band
  world land CV p10/p50/p90: 0.18/0.45/0.45

  LEAN_YEAR bridge preview (margin = 1/p10-year ≈ 1/(1−1.28·cv), the deep year 1/(1−2.33·cv)):
    cv 0.12 (England): lean-year margin 1.18×, deep-year 1.39×  (flat law shipped 2.86× everywhere)
    cv 0.20 (Nile): lean-year margin 1.34×, deep-year 1.87×  (flat law shipped 2.86× everywhere)
    cv 0.24 (Mesopotamia): lean-year margin 1.44×, deep-year 2.27×  (flat law shipped 2.86× everywhere)
    cv 0.40 (Sahel): lean-year margin 2.05×, deep-year 5.00×  (flat law shipped 2.86× everywhere)

  READ: calibrate the four constants against the table (real data as referee),
  never against sim outcomes. When the map reads true, the mechanism lap wires
  it: an annual regional index with this cv multiplies landFood; famine derives
  from the tail; FAMINE_CHANCE/SEVERITY/RADIUS retire; LEAN_YEAR grounds per-basin.
