[harness] tree fbadfed
[SIM_TUNE] {"DAWN_LIVE":1,"STATE_RECORDS":1,"LAND_KNOW":1,"PEER_SEATS":1,"FOUND_DRIFT":1,"ABSORB_ORG_ERA":1,"TRIBUTE_UP":0.33,"ENGULF":8,"FEAR_REACH":1,"WAR_FINISH":1,"SMALL_WAR":8,"RELIEF_REACH":1,"EXCH_WAVE":3,"TECH_USE":1,"VASSAL_LEVY":0.5,"DISSOLVE_CORE":1,"SETT_STRIDE":3,"TRADE_STRIDE":5,"ONE_BOOK":1}
[peopleSim] hearth pin Nile picked at tile (138,40) (27.0E 30.0N) — maturity deferred to the stagger law
[peopleSim] hearth pin Mesopotamia picked at tile (149,38) (43.5E 33.0N) — maturity deferred to the stagger law
[peopleSim] hearth pin Indus picked at tile (167,41) (70.5E 28.5N) — maturity deferred to the stagger law
[peopleSim] hearth pin Yellow River picked at tile (196,38) (114.0E 33.0N) — maturity deferred to the stagger law
[peopleSim] hearth candidate at (138,40) (27.0E 30.0N) score 6.39 pkg=wheat(suit 0.92) — ARMED: ~974y of peopled-basin time from maturity
[peopleSim] hearth candidate at (149,38) (43.5E 33.0N) score 4.32 pkg=wheat(suit 0.69) — ARMED: ~1311y of peopled-basin time from maturity
[peopleSim] hearth candidate at (167,41) (70.5E 28.5N) score 6.34 pkg=wheat(suit 0.98) — ARMED: ~922y of peopled-basin time from maturity
[peopleSim] hearth candidate at (196,38) (114.0E 33.0N) score 4.11 pkg=rice(suit 0.81) — ARMED: ~3106y of peopled-basin time from maturity
[peopleSim] hearth candidate at (58,38) (-93.0E 33.0N) score 5.34 pkg=maize(suit 0.87) — ARMED: ~5148y of peopled-basin time from maturity
[peopleSim] hearth candidate at (111,53) (-13.5E 10.5N) score 1.76 pkg=sorghum(suit 0.64) — ARMED: ~3133y of peopled-basin time from maturity
[peopleSim] hearth candidate at (140,73) (30.0E -19.5N) score 1.32 pkg=tubers(suit 0.93) — ARMED: ~3243y of peopled-basin time from maturity
[peopleSim] hearth candidate at (77,72) (-64.5E -18.0N) score 0.87 pkg=tubers(suit 0.57) — ARMED: ~5283y of peopled-basin time from maturity
[peopleSim] hearth candidate at (31,23) (-133.5E 55.5N) score 0.50 — ARMED: ~13000y of peopled-basin time from maturity
[peopleSim] hearth candidate at (117,23) (-4.5E 55.5N) score 0.50 — ARMED: ~13000y of peopled-basin time from maturity

=== THE CITY-SIZE DISTRIBUTION  480x240 (tw=240)  seed 8817 ===
  Zipf reference: slope ≈ −1.0 (integrated urban systems, ancient and modern);
  flat ≈ 0 = no hierarchy = maximum count at zero margin (the packing thesis).

[popField] worker pool engaged: 4 bands
[transHeap] step=24 cap=1024 peakN=0 pushes=0 (0.0MB backing)
[peopleSim] AGRICULTURE INVENTED at (167,41) (70.5E 28.5N) — the basin farms; a city will rise when its market gathers one (score 6.34)
[peopleSim] AGRICULTURE INVENTED at (138,40) (27.0E 30.0N) — the basin farms; a city will rise when its market gathers one (score 6.39)
[peopleSim] AGRICULTURE INVENTED at (149,38) (43.5E 33.0N) — the basin farms; a city will rise when its market gathers one (score 4.32)
  step  15000  EGYPT box: n   41 · Zipf slope urban -1.40 (n30) / catchment -1.29 · primacy 1.3 · mean/bar 1.59 · importShare p50/p90 0.00/0.00
         top urban: Fùlpū u578/p5730/i0.00  Ňěňní u452/p6737/i0.00  Sogyoepa u35/p35/i0.00  Kèňtọ̄ u2/p15/i0.00  Fōnfǐu u2/p15/i0.00  Nāthị̌ u2/p15/i0.00  Lǎxkòu u2/p15/i0.00  Sǔsfá u2/p15/i0.00
  step  15000  world    : n   42 · Zipf slope urban -1.72 (n30) / catchment -1.59 · primacy 1.3 · mean/bar 1.75 · importShare p50/p90 0.00/0.00
  step  17500  EGYPT box: n   51 · Zipf slope urban -2.47 (n30) / catchment -2.16 · primacy 1.2 · mean/bar 1.37 · importShare p50/p90 0.00/0.00
         top urban: Ňěňní u564/p3178/i0.00  Fùlpū u480/p480/i0.00  Sogyoepa u366/p1326/i0.00  Puikypa u240/p240/i0.00  Dodu u216/p2157/i0.00  Ngàịtl u193/p1932/i0.00  Misedu u167/p1671/i0.00  Lǐfpúk u106/p2350/i0.09
  step  17500  world    : n  136 · Zipf slope urban -1.65 (n30) / catchment -1.52 · primacy 1.0 · mean/bar 1.75 · importShare p50/p90 0.00/0.00
[peopleSim] AGRICULTURE INVENTED at (196,38) (114.0E 33.0N) — the basin farms; a city will rise when its market gathers one (score 4.11)
[peopleSim] AGRICULTURE INVENTED at (111,53) (-13.5E 10.5N) — the basin farms; a city will rise when its market gathers one (score 1.76)
[peopleSim] AGRICULTURE INVENTED at (140,73) (30.0E -19.5N) — the basin farms; a city will rise when its market gathers one (score 1.32)
[peopleSim] hearth candidate at (117,23) (-4.5E 55.5N) stood down — the farming package arrived before it was invented
  step  20000  EGYPT box: n   55 · Zipf slope urban -2.61 (n30) / catchment -2.18 · primacy 1.1 · mean/bar 1.33 · importShare p50/p90 0.00/0.00
         top urban: Kònlà u903/p1520/i0.00  Tìttíu u816/p1057/i0.00  Dodu u613/p1333/i0.00  Ňǐtlà u327/p323/i0.00  Ǔltǔ u195/p5334/i0.00  Ňěňní u152/p1980/i0.00  Tummomui u147/p488/i0.00  Sismuiba u129/p1556/i0.00
  step  20000  world    : n  230 · Zipf slope urban -0.72 (n30) / catchment -0.50 · primacy 1.3 · mean/bar 1.44 · importShare p50/p90 0.00/0.00
[peopleSim] hearth candidate at (58,38) (-93.0E 33.0N) stood down — the farming package arrived before it was invented
[transHeap] step=20688 cap=2048 peakN=1078 pushes=8565 (0.0MB backing)
[peopleSim] hearth candidate at (31,23) (-133.5E 55.5N) stood down — the farming package arrived before it was invented
[peopleSim] hearth candidate at (77,72) (-64.5E -18.0N) stood down — the farming package arrived before it was invented
  step  22500  EGYPT box: n   50 · Zipf slope urban -2.55 (n30) / catchment -2.30 · primacy 1.1 · mean/bar 2.49 · importShare p50/p90 0.00/0.00
         top urban: Phuthgha u690/p2688/i0.00  Sismomui u647/p1482/i0.00  Ňěňní u554/p2191/i0.00  Sismuiba u514/p974/i0.00  Tá'ị̄r u490/p4903/i0.00  Tàrụ́ u438/p4382/i0.00  Dodu u393/p833/i0.00  Lòrụ́ u256/p2561/i0.00
  step  22500  world    : n  416 · Zipf slope urban -0.33 (n30) / catchment -0.45 · primacy 1.3 · mean/bar 1.61 · importShare p50/p90 0.00/0.00
[transHeap] step=23712 cap=4096 peakN=2080 pushes=9927 (0.0MB backing)
  step  25000  EGYPT box: n   56 · Zipf slope urban -2.79 (n30) / catchment -2.43 · primacy 1.2 · mean/bar 1.53 · importShare p50/p90 0.00/0.00
         top urban: Kīmrá u596/p5956/i0.00  Phuthgha u485/p1552/i0.00  Sismuiba u463/p503/i0.00  Fùlpū u379/p379/i0.00  Pusupa u320/p921/i0.00  Nātlà u145/p6701/i0.01  Ňěňní u84/p84/i0.00  Muisiudu u56/p559/i0.00
  step  25000  world    : n  722 · Zipf slope urban -0.38 (n30) / catchment -0.53 · primacy 1.0 · mean/bar 1.31 · importShare p50/p90 0.00/0.00

  READ: slope ≈ 0 with importShare ≈ 0 convicts the ENGINE'S FUEL (the food-
  trade lane) before its strength levers; slope ≈ 0 with real imports convicts
  the distribution law itself (URBAN_AGGLOM/URBAN_GAMMA form or strength).
