[harness] tree 3923bb7
[SIM_TUNE] {"DAWN_LIVE":1,"STATE_RECORDS":1,"LAND_KNOW":1,"PEER_SEATS":1,"FOUND_DRIFT":1,"ABSORB_ORG_ERA":1,"TRIBUTE_UP":0.33,"ENGULF":8,"FEAR_REACH":1,"WAR_FINISH":1,"SMALL_WAR":8,"RELIEF_REACH":1,"EXCH_WAVE":3,"TECH_USE":1,"VASSAL_LEVY":0.5,"DISSOLVE_CORE":1,"SETT_STRIDE":3,"TRADE_STRIDE":5}
[peopleSim] hearth pin Nile picked at tile (138,40) (27.0E 30.0N) — maturity deferred to the stagger law
[peopleSim] hearth pin Mesopotamia picked at tile (149,38) (43.5E 33.0N) — maturity deferred to the stagger law
[peopleSim] hearth pin Indus picked at tile (167,41) (70.5E 28.5N) — maturity deferred to the stagger law
[peopleSim] hearth pin Yellow River picked at tile (196,38) (114.0E 33.0N) — maturity deferred to the stagger law
[peopleSim] hearth candidate at (138,40) (27.0E 30.0N) score 6.39 pkg=wheat(suit 0.92) — ARMED: ~974y of peopled-basin time from maturity
[peopleSim] hearth candidate at (149,38) (43.5E 33.0N) score 4.32 pkg=wheat(suit 0.69) — ARMED: ~1311y of peopled-basin time from maturity
[peopleSim] hearth candidate at (167,41) (70.5E 28.5N) score 6.34 pkg=wheat(suit 0.98) — ARMED: ~922y of peopled-basin time from maturity
[peopleSim] hearth candidate at (196,38) (114.0E 33.0N) score 4.11 pkg=rice(suit 0.81) — ARMED: ~3106y of peopled-basin time from maturity
[peopleSim] hearth candidate at (58,38) (-93.0E 33.0N) score 5.34 pkg=maize(suit 0.87) — ARMED: ~5148y of peopled-basin time from maturity
[peopleSim] hearth candidate at (111,53) (-13.5E 10.5N) score 1.76 pkg=sorghum(suit 0.64) — ARMED: ~3133y of peopled-basin time from maturity
[peopleSim] hearth candidate at (140,73) (30.0E -19.5N) score 1.32 pkg=tubers(suit 0.93) — ARMED: ~3243y of peopled-basin time from maturity
[peopleSim] hearth candidate at (77,72) (-64.5E -18.0N) score 0.87 pkg=tubers(suit 0.57) — ARMED: ~5283y of peopled-basin time from maturity
[peopleSim] hearth candidate at (31,23) (-133.5E 55.5N) score 0.50 — ARMED: ~13000y of peopled-basin time from maturity
[peopleSim] hearth candidate at (117,23) (-4.5E 55.5N) score 0.50 — ARMED: ~13000y of peopled-basin time from maturity

=== THE CITY-SIZE DISTRIBUTION  480x240 (tw=240)  seed 8817 ===
  Zipf reference: slope ≈ −1.0 (integrated urban systems, ancient and modern);
  flat ≈ 0 = no hierarchy = maximum count at zero margin (the packing thesis).

[popField] worker pool engaged: 4 bands
[transHeap] step=24 cap=1024 peakN=0 pushes=0 (0.0MB backing)
[peopleSim] AGRICULTURE INVENTED at (167,41) (70.5E 28.5N) — the basin farms; a city will rise when its market gathers one (score 6.34)
[peopleSim] AGRICULTURE INVENTED at (138,40) (27.0E 30.0N) — the basin farms; a city will rise when its market gathers one (score 6.39)
[peopleSim] AGRICULTURE INVENTED at (149,38) (43.5E 33.0N) — the basin farms; a city will rise when its market gathers one (score 4.32)
  step  15000  EGYPT box: n   41 · Zipf slope urban -1.42 (n30) / catchment -1.30 · primacy 1.3 · mean/bar 1.68 · importShare p50/p90 0.00/0.00
         top urban: Fùlpū u579/p3136/i0.00  Ňěňní u448/p10066/i0.00  Sogyoepa u43/p43/i0.00  Kèňtọ̄ u2/p15/i0.00  Fōnfǐu u2/p15/i0.00  Nāthị̌ u2/p15/i0.00  Lǎxkòu u2/p15/i0.00  Sǔsfá u2/p15/i0.00
  step  15000  world    : n   42 · Zipf slope urban -1.72 (n30) / catchment -1.56 · primacy 1.3 · mean/bar 1.76 · importShare p50/p90 0.00/0.00
  step  17500  EGYPT box: n   53 · Zipf slope urban -2.33 (n30) / catchment -1.82 · primacy 1.4 · mean/bar 0.79 · importShare p50/p90 0.00/0.00
         top urban: Fọ̄ịkf u799/p799/i0.00  Ňěňní u565/p2751/i0.00  Sismogyo u563/p563/i0.00  Sopopa u543/p2097/i0.00  Sogyoepa u534/p1257/i0.00  Fùlpū u33/p333/i0.00  Tommodum u2/p25/i0.00  Ommosomm u2/p17/i0.00
  step  17500  world    : n  140 · Zipf slope urban -1.62 (n30) / catchment -1.29 · primacy 1.3 · mean/bar 1.31 · importShare p50/p90 0.00/0.00
[peopleSim] AGRICULTURE INVENTED at (196,38) (114.0E 33.0N) — the basin farms; a city will rise when its market gathers one (score 4.11)
[peopleSim] hearth candidate at (140,73) (30.0E -19.5N) stood down — the farming package arrived before it was invented
[peopleSim] hearth candidate at (58,38) (-93.0E 33.0N) stood down — the farming package arrived before it was invented
  step  20000  EGYPT box: n   51 · Zipf slope urban -2.78 (n30) / catchment -2.64 · primacy 1.0 · mean/bar 1.08 · importShare p50/p90 0.00/0.00
         top urban: Ňěňní u524/p1935/i0.00  Sogyoepa u502/p3067/i0.00  Xụ̀ftà u210/p5380/i0.00  Rimobuim u19/p19/i0.00  Láị u16/p164/i0.00  Īmpíü u10/p103/i0.00  Fùlpū u9/p86/i0.00  Sommosoe u5/p45/i0.00
  step  20000  world    : n  222 · Zipf slope urban -0.67 (n30) / catchment -0.62 · primacy 1.3 · mean/bar 1.40 · importShare p50/p90 0.00/0.00
[peopleSim] hearth candidate at (117,23) (-4.5E 55.5N) stood down — the farming package arrived before it was invented
[transHeap] step=20688 cap=2048 peakN=1286 pushes=9798 (0.0MB backing)
[peopleSim] hearth candidate at (111,53) (-13.5E 10.5N) stood down — the farming package arrived before it was invented
[peopleSim] hearth candidate at (31,23) (-133.5E 55.5N) stood down — the farming package arrived before it was invented
[peopleSim] hearth candidate at (77,72) (-64.5E -18.0N) stood down — the farming package arrived before it was invented
  step  22500  EGYPT box: n   40 · Zipf slope urban -2.13 (n30) / catchment -1.50 · primacy 1.0 · mean/bar 0.75 · importShare p50/p90 0.00/0.00
         top urban: Muimonuk u679/p1986/i0.00  Dylobfu u665/p3184/i0.00  Ňěňní u344/p344/i0.00  Fùlpū u60/p60/i0.00  Upa u16/p16/i0.00  Líụňā u6/p12/i0.00  Umopa u5/p5/i0.00  Mumu u3/p31/i0.00
  step  22500  world    : n  363 · Zipf slope urban -0.47 (n30) / catchment -0.52 · primacy 1.6 · mean/bar 1.52 · importShare p50/p90 0.00/0.00
[transHeap] step=24720 cap=4096 peakN=2101 pushes=9725 (0.0MB backing)
  step  25000  EGYPT box: n   50 · Zipf slope urban -3.09 (n30) / catchment -2.39 · primacy 1.4 · mean/bar 0.85 · importShare p50/p90 0.00/0.00
         top urban: Líụňā u735/p2224/i0.00  Upa u533/p721/i0.00  Peyamfap u532/p2186/i0.00  Umopa u484/p1101/i0.00  Ňěňní u479/p1572/i0.00  Fùlpū u190/p190/i0.00  Muimbiup u110/p110/i0.00  Ukymobim u87/p87/i0.00
  step  25000  world    : n  663 · Zipf slope urban -0.33 (n30) / catchment -0.33 · primacy 1.4 · mean/bar 1.29 · importShare p50/p90 0.00/0.00

  READ: slope ≈ 0 with importShare ≈ 0 convicts the ENGINE'S FUEL (the food-
  trade lane) before its strength levers; slope ≈ 0 with real imports convicts
  the distribution law itself (URBAN_AGGLOM/URBAN_GAMMA form or strength).
