[harness] tree a73fa28
[SIM_TUNE] {"DAWN_LIVE":1,"STATE_RECORDS":1,"LAND_KNOW":1,"PEER_SEATS":1,"FOUND_DRIFT":1,"ABSORB_ORG_ERA":1,"TRIBUTE_UP":0.33,"ENGULF":8,"FEAR_REACH":1,"WAR_FINISH":1,"SMALL_WAR":8,"RELIEF_REACH":1,"EXCH_WAVE":3,"TECH_USE":1,"VASSAL_LEVY":0.5,"DISSOLVE_CORE":1,"SETT_STRIDE":3,"TRADE_STRIDE":5,"ONE_BOOK":1,"SHIP_SURPLUS":1}
[peopleSim] hearth pin Nile picked at tile (138,40) (27.0E 30.0N) — maturity deferred to the stagger law
[peopleSim] hearth pin Mesopotamia picked at tile (149,38) (43.5E 33.0N) — maturity deferred to the stagger law
[peopleSim] hearth pin Indus picked at tile (167,41) (70.5E 28.5N) — maturity deferred to the stagger law
[peopleSim] hearth pin Yellow River picked at tile (196,38) (114.0E 33.0N) — maturity deferred to the stagger law
[peopleSim] hearth candidate at (138,40) (27.0E 30.0N) score 6.39 pkg=wheat(suit 0.92) — ARMED: ~974y of peopled-basin time from maturity
[peopleSim] hearth candidate at (149,38) (43.5E 33.0N) score 4.32 pkg=wheat(suit 0.69) — ARMED: ~1311y of peopled-basin time from maturity
[peopleSim] hearth candidate at (167,41) (70.5E 28.5N) score 6.34 pkg=wheat(suit 0.98) — ARMED: ~922y of peopled-basin time from maturity
[peopleSim] hearth candidate at (196,38) (114.0E 33.0N) score 4.11 pkg=rice(suit 0.81) — ARMED: ~3106y of peopled-basin time from maturity
[peopleSim] hearth candidate at (58,38) (-93.0E 33.0N) score 5.34 pkg=maize(suit 0.87) — ARMED: ~5148y of peopled-basin time from maturity
[peopleSim] hearth candidate at (111,53) (-13.5E 10.5N) score 1.76 pkg=sorghum(suit 0.64) — ARMED: ~3133y of peopled-basin time from maturity
[peopleSim] hearth candidate at (140,73) (30.0E -19.5N) score 1.32 pkg=tubers(suit 0.93) — ARMED: ~3243y of peopled-basin time from maturity
[peopleSim] hearth candidate at (77,72) (-64.5E -18.0N) score 0.87 pkg=tubers(suit 0.57) — ARMED: ~5283y of peopled-basin time from maturity
[peopleSim] hearth candidate at (31,23) (-133.5E 55.5N) score 0.50 — ARMED: ~13000y of peopled-basin time from maturity
[peopleSim] hearth candidate at (117,23) (-4.5E 55.5N) score 0.50 — ARMED: ~13000y of peopled-basin time from maturity

=== THE CITY-SIZE DISTRIBUTION  480x240 (tw=240)  seed 8817 ===
  Zipf reference: slope ≈ −1.0 (integrated urban systems, ancient and modern);
  flat ≈ 0 = no hierarchy = maximum count at zero margin (the packing thesis).

[popField] worker pool engaged: 4 bands
[transHeap] step=24 cap=1024 peakN=0 pushes=0 (0.0MB backing)
[peopleSim] AGRICULTURE INVENTED at (167,41) (70.5E 28.5N) — the basin farms; a city will rise when its market gathers one (score 6.34)
[peopleSim] AGRICULTURE INVENTED at (138,40) (27.0E 30.0N) — the basin farms; a city will rise when its market gathers one (score 6.39)
[peopleSim] AGRICULTURE INVENTED at (149,38) (43.5E 33.0N) — the basin farms; a city will rise when its market gathers one (score 4.32)
  step  15000  EGYPT box: n   41 · Zipf slope urban -1.40 (n30) / catchment -1.29 · primacy 1.3 · mean/bar 1.59 · importShare p50/p90 0.00/0.00
         top urban: Fùlpū u578/p5730/i0.00  Ňěňní u452/p6737/i0.00  Sogyoepa u35/p35/i0.00  Kèňtọ̄ u2/p15/i0.00  Fōnfǐu u2/p15/i0.00  Nāthị̌ u2/p15/i0.00  Lǎxkòu u2/p15/i0.00  Sǔsfá u2/p15/i0.00
  step  15000  world    : n   42 · Zipf slope urban -1.72 (n30) / catchment -1.59 · primacy 1.3 · mean/bar 1.75 · importShare p50/p90 0.00/0.00
  step  17500  EGYPT box: n   52 · Zipf slope urban -2.31 (n30) / catchment -1.86 · primacy 1.2 · mean/bar 1.17 · importShare p50/p90 0.00/0.00
         top urban: Fùlpū u799/p3036/i0.00  Moessyom u664/p2642/i0.00  Sogyoepa u617/p1483/i0.00  Ňěňní u596/p4176/i0.00  Moessyo u181/p181/i0.00  Ňú u45/p45/i0.00  Puikypa u2/p15/i0.00  Nomonoky u2/p15/i0.00
  step  17500  world    : n  139 · Zipf slope urban -1.84 (n30) / catchment -2.02 · primacy 1.2 · mean/bar 1.49 · importShare p50/p90 0.00/0.00
[peopleSim] AGRICULTURE INVENTED at (196,38) (114.0E 33.0N) — the basin farms; a city will rise when its market gathers one (score 4.11)
[peopleSim] AGRICULTURE INVENTED at (111,53) (-13.5E 10.5N) — the basin farms; a city will rise when its market gathers one (score 1.76)
[peopleSim] AGRICULTURE INVENTED at (140,73) (30.0E -19.5N) — the basin farms; a city will rise when its market gathers one (score 1.32)
[peopleSim] hearth candidate at (117,23) (-4.5E 55.5N) stood down — the farming package arrived before it was invented
  step  20000  EGYPT box: n   56 · Zipf slope urban -3.43 (n30) / catchment -2.91 · primacy 1.1 · mean/bar 1.22 · importShare p50/p90 0.00/0.00
         top urban: Tasrifug u820/p3647/i0.00  Ìltù u731/p4539/i0.00  Masmowum u639/p639/i0.00  Ňěňní u616/p1641/i0.00  Moessyom u602/p705/i0.00  Sogyoepa u487/p1465/i0.00  Bamdu u40/p396/i0.00  Moemotes u29/p294/i0.00
  step  20000  world    : n  226 · Zipf slope urban -0.68 (n30) / catchment -0.67 · primacy 1.1 · mean/bar 1.33 · importShare p50/p90 0.00/0.00
[peopleSim] hearth candidate at (31,23) (-133.5E 55.5N) stood down — the farming package arrived before it was invented
[peopleSim] hearth candidate at (58,38) (-93.0E 33.0N) stood down — the farming package arrived before it was invented
[transHeap] step=22200 cap=2048 peakN=1104 pushes=8755 (0.0MB backing)
  step  22500  EGYPT box: n   53 · Zipf slope urban -2.41 (n30) / catchment -1.89 · primacy 1.9 · mean/bar 0.82 · importShare p50/p90 0.00/0.00
         top urban: Tàịrú u1048/p2353/i0.00  Summusui u544/p1554/i0.00  Bamdu u497/p497/i0.00  Fùppīk u293/p2926/i0.00  Sogyoepa u269/p269/i0.00  Masmowum u51/p51/i0.00  Ìltù u23/p233/i0.00  Zyep'atz u16/p158/i0.00
  step  22500  world    : n  341 · Zipf slope urban -0.41 (n30) / catchment -0.51 · primacy 1.2 · mean/bar 1.59 · importShare p50/p90 0.00/0.00
[peopleSim] hearth candidate at (77,72) (-64.5E -18.0N) stood down — the farming package arrived before it was invented
  step  25000  EGYPT box: n   52 · Zipf slope urban -2.49 (n30) / catchment -2.06 · primacy 1.0 · mean/bar 1.17 · importShare p50/p90 0.00/0.00
         top urban: Ǔptǔku u631/p3760/i0.00  Umiu u623/p1875/i0.00  Bamdu u594/p617/i0.00  Summusui u578/p1476/i0.00  Dasrazat u575/p1049/i0.00  Pithamb u227/p2268/i0.00  Ňěňní u59/p59/i0.00  Tàsfá u22/p218/i0.00
  step  25000  world    : n  604 · Zipf slope urban -0.35 (n30) / catchment -0.45 · primacy 1.5 · mean/bar 1.36 · importShare p50/p90 0.00/0.00

  READ: slope ≈ 0 with importShare ≈ 0 convicts the ENGINE'S FUEL (the food-
  trade lane) before its strength levers; slope ≈ 0 with real imports convicts
  the distribution law itself (URBAN_AGGLOM/URBAN_GAMMA form or strength).
