[harness] tree f5ce365
[SIM_TUNE] {"DAWN_LIVE":1,"STATE_RECORDS":1,"LAND_KNOW":1,"PEER_SEATS":1,"FOUND_DRIFT":1,"ABSORB_ORG_ERA":1,"TRIBUTE_UP":0.33,"ENGULF":8,"FEAR_REACH":1,"WAR_FINISH":1,"SMALL_WAR":8,"RELIEF_REACH":1,"EXCH_WAVE":3,"TECH_USE":1,"VASSAL_LEVY":0.5,"DISSOLVE_CORE":1,"SETT_STRIDE":3,"TRADE_STRIDE":5,"LEAN_YEAR":1}
[peopleSim] hearth pin Nile picked at tile (138,40) (27.0E 30.0N) — maturity deferred to the stagger law
[peopleSim] hearth pin Mesopotamia picked at tile (149,38) (43.5E 33.0N) — maturity deferred to the stagger law
[peopleSim] hearth pin Indus picked at tile (167,41) (70.5E 28.5N) — maturity deferred to the stagger law
[peopleSim] hearth pin Yellow River picked at tile (196,38) (114.0E 33.0N) — maturity deferred to the stagger law
[peopleSim] hearth candidate at (138,40) (27.0E 30.0N) score 6.39 pkg=wheat(suit 0.92) — ARMED: ~974y of peopled-basin time from maturity
[peopleSim] hearth candidate at (149,38) (43.5E 33.0N) score 4.32 pkg=wheat(suit 0.69) — ARMED: ~1311y of peopled-basin time from maturity
[peopleSim] hearth candidate at (167,41) (70.5E 28.5N) score 6.34 pkg=wheat(suit 0.98) — ARMED: ~922y of peopled-basin time from maturity
[peopleSim] hearth candidate at (196,38) (114.0E 33.0N) score 4.11 pkg=rice(suit 0.81) — ARMED: ~3106y of peopled-basin time from maturity
[peopleSim] hearth candidate at (58,38) (-93.0E 33.0N) score 5.34 pkg=maize(suit 0.87) — ARMED: ~5148y of peopled-basin time from maturity
[peopleSim] hearth candidate at (111,53) (-13.5E 10.5N) score 1.76 pkg=sorghum(suit 0.64) — ARMED: ~3133y of peopled-basin time from maturity
[peopleSim] hearth candidate at (140,73) (30.0E -19.5N) score 1.32 pkg=tubers(suit 0.93) — ARMED: ~3243y of peopled-basin time from maturity
[peopleSim] hearth candidate at (77,72) (-64.5E -18.0N) score 0.87 pkg=tubers(suit 0.57) — ARMED: ~5283y of peopled-basin time from maturity
[peopleSim] hearth candidate at (31,23) (-133.5E 55.5N) score 0.50 — ARMED: ~13000y of peopled-basin time from maturity
[peopleSim] hearth candidate at (117,23) (-4.5E 55.5N) score 0.50 — ARMED: ~13000y of peopled-basin time from maturity

=== THE CITY-SIZE DISTRIBUTION  480x240 (tw=240)  seed 8817 ===
  Zipf reference: slope ≈ −1.0 (integrated urban systems, ancient and modern);
  flat ≈ 0 = no hierarchy = maximum count at zero margin (the packing thesis).

[popField] worker pool engaged: 4 bands
[transHeap] step=24 cap=1024 peakN=0 pushes=0 (0.0MB backing)
[peopleSim] AGRICULTURE INVENTED at (167,41) (70.5E 28.5N) — the basin farms; a city will rise when its market gathers one (score 6.34)
[peopleSim] AGRICULTURE INVENTED at (138,40) (27.0E 30.0N) — the basin farms; a city will rise when its market gathers one (score 6.39)
[peopleSim] AGRICULTURE INVENTED at (149,38) (43.5E 33.0N) — the basin farms; a city will rise when its market gathers one (score 4.32)
[peopleSim] hearth candidate at (140,73) (30.0E -19.5N) stood down — the farming package arrived before it was invented
  step  15000  EGYPT box: n   13 · Zipf slope urban -2.60 (n13) / catchment -2.47 · primacy 1.3 · mean/bar 4.89 · importShare p50/p90 0.00/0.00
         top urban: Fùlpū u584/p5672/i0.00  Ňěňní u462/p6866/i0.00  Zyibayam u34/p34/i0.00  Kèňtọ̄ u2/p15/i0.00  Fōnfǐu u2/p15/i0.00  Nāthị̌ u2/p15/i0.00  Lǎxkòu u2/p15/i0.00  Sǔsfá u2/p15/i0.00
  step  15000  world    : n   15 · Zipf slope urban -2.77 (n15) / catchment -2.80 · primacy 1.3 · mean/bar 5.03 · importShare p50/p90 0.00/0.00
[peopleSim] hearth candidate at (196,38) (114.0E 33.0N) stood down — the farming package arrived before it was invented
  step  17500  EGYPT box: n   18 · Zipf slope urban -3.21 (n18) / catchment -2.61 · primacy 1.3 · mean/bar 3.13 · importShare p50/p90 0.00/0.00
         top urban: Fùlpū u885/p2414/i0.00  Yamfaput u693/p2898/i0.00  Zyibayam u663/p1055/i0.00  Daphut'e u641/p1416/i0.00  Ňěňní u617/p2935/i0.00  T'imnumu u380/p380/i0.00  Lụ̄ňāk u2/p15/i0.00  Mùpíü u2/p15/i0.00
  step  17500  world    : n   55 · Zipf slope urban -2.05 (n30) / catchment -1.78 · primacy 1.4 · mean/bar 3.90 · importShare p50/p90 0.00/0.00
[peopleSim] hearth candidate at (117,23) (-4.5E 55.5N) stood down — the farming package arrived before it was invented
[peopleSim] AGRICULTURE INVENTED at (111,53) (-13.5E 10.5N) — the basin farms; a city will rise when its market gathers one (score 1.76)
[transHeap] step=19176 cap=2048 peakN=1061 pushes=5824 (0.0MB backing)
[peopleSim] hearth candidate at (58,38) (-93.0E 33.0N) stood down — the farming package arrived before it was invented
  step  20000  EGYPT box: n   15 · Zipf slope urban -4.36 (n15) / catchment -3.85 · primacy 1.1 · mean/bar 3.83 · importShare p50/p90 0.00/0.00
         top urban: Xīrtụ̌ u737/p2310/i0.00  Ňěňní u686/p3280/i0.00  Daphut'e u610/p3461/i0.00  Zyibayam u585/p700/i0.00  T'imnumu u585/p959/i0.00  Fùlpū u558/p558/i0.00  Yamfaput u201/p201/i0.00  Sǎfǎ u0/p2/i0.00
  step  20000  world    : n   91 · Zipf slope urban -0.71 (n30) / catchment -0.55 · primacy 1.4 · mean/bar 4.59 · importShare p50/p90 0.00/0.00
[peopleSim] hearth candidate at (77,72) (-64.5E -18.0N) stood down — the farming package arrived before it was invented
  step  22500  EGYPT box: n   15 · Zipf slope urban -3.80 (n15) / catchment -3.42 · primacy 1.1 · mean/bar 2.42 · importShare p50/p90 0.00/0.00
         top urban: Xīrtụ̌ u567/p1217/i0.00  T'imnumu u530/p2632/i0.00  Ňěňní u517/p3336/i0.00  Botholay u7/p34/i0.00  Daphut'e u2/p16/i0.00  Fūtíü u1/p11/i0.00  Zyibayam u1/p7/i0.00  Fùlpū u0/p2/i0.00
  step  22500  world    : n  159 · Zipf slope urban -0.34 (n30) / catchment -0.42 · primacy 1.0 · mean/bar 4.18 · importShare p50/p90 0.00/0.00
[peopleSim] hearth candidate at (31,23) (-133.5E 55.5N) stood down — the farming package arrived before it was invented
  step  25000  EGYPT box: n   14 · Zipf slope urban -3.80 (n14) / catchment -3.26 · primacy 1.1 · mean/bar 2.56 · importShare p50/p90 0.00/0.00
         top urban: Xīrtụ̌ u610/p1194/i0.00  Tayanfap u544/p1751/i0.00  T'imnumu u524/p1443/i0.00  Ňěňní u465/p2685/i0.00  Tụ̄ịsi u2/p15/i0.00  Òupfí u2/p15/i0.00  Tǎ u2/p15/i0.00  Úrfí u2/p15/i0.00
  step  25000  world    : n  246 · Zipf slope urban -0.37 (n30) / catchment -0.25 · primacy 1.1 · mean/bar 3.67 · importShare p50/p90 0.00/0.00

  READ: slope ≈ 0 with importShare ≈ 0 convicts the ENGINE'S FUEL (the food-
  trade lane) before its strength levers; slope ≈ 0 with real imports convicts
  the distribution law itself (URBAN_AGGLOM/URBAN_GAMMA form or strength).
