[harness] tree 5aa57f7
[SIM_TUNE] {"DAWN_LIVE":1,"STATE_RECORDS":1,"LAND_KNOW":1,"PEER_SEATS":1,"FOUND_DRIFT":1,"WAR_FINISH":1,"ABSORB_ORG_ERA":1,"TRIBUTE_UP":0.33,"ENGULF":8,"FEAR_REACH":1,"SMALL_WAR":8,"RELIEF_REACH":1}
[peopleSim] hearth pin Nile picked at tile (138,40) (27.0E 30.0N) — maturity deferred to the stagger law
[peopleSim] hearth pin Mesopotamia picked at tile (149,38) (43.5E 33.0N) — maturity deferred to the stagger law
[peopleSim] hearth pin Indus picked at tile (167,41) (70.5E 28.5N) — maturity deferred to the stagger law
[peopleSim] hearth pin Yellow River picked at tile (196,38) (114.0E 33.0N) — maturity deferred to the stagger law
[peopleSim] hearth candidate at (138,40) (27.0E 30.0N) score 6.39 pkg=wheat(suit 0.92) — ARMED: ~974y of peopled-basin time from maturity
[peopleSim] hearth candidate at (149,38) (43.5E 33.0N) score 4.32 pkg=wheat(suit 0.69) — ARMED: ~1311y of peopled-basin time from maturity
[peopleSim] hearth candidate at (167,41) (70.5E 28.5N) score 6.34 pkg=wheat(suit 0.98) — ARMED: ~922y of peopled-basin time from maturity
[peopleSim] hearth candidate at (196,38) (114.0E 33.0N) score 4.11 pkg=rice(suit 0.81) — ARMED: ~3106y of peopled-basin time from maturity
[peopleSim] hearth candidate at (58,38) (-93.0E 33.0N) score 5.34 pkg=maize(suit 0.87) — ARMED: ~5148y of peopled-basin time from maturity
[peopleSim] hearth candidate at (111,53) (-13.5E 10.5N) score 1.76 pkg=sorghum(suit 0.64) — ARMED: ~3133y of peopled-basin time from maturity
[peopleSim] hearth candidate at (140,73) (30.0E -19.5N) score 1.32 pkg=tubers(suit 0.93) — ARMED: ~3243y of peopled-basin time from maturity
[peopleSim] hearth candidate at (77,72) (-64.5E -18.0N) score 0.87 pkg=tubers(suit 0.57) — ARMED: ~5283y of peopled-basin time from maturity
[peopleSim] hearth candidate at (31,23) (-133.5E 55.5N) score 0.50 — ARMED: ~13000y of peopled-basin time from maturity
[peopleSim] hearth candidate at (117,23) (-4.5E 55.5N) score 0.50 — ARMED: ~13000y of peopled-basin time from maturity
[popField] worker pool engaged: 4 bands
[transHeap] step=24 cap=1024 peakN=0 pushes=0 (0.0MB backing)
step  2000  register=0  cores>=10k=0  leading=Stone Age  []  pop=0M
step  4000  register=0  cores>=10k=0  leading=Stone Age  []  pop=0M
step  6000  register=0  cores>=10k=0  leading=Stone Age  []  pop=0M
[peopleSim] AGRICULTURE INVENTED at (138,40) (27.0E 30.0N) — the basin farms; a city will rise when its market gathers one (score 6.39)
[peopleSim] AGRICULTURE INVENTED at (167,41) (70.5E 28.5N) — the basin farms; a city will rise when its market gathers one (score 6.34)
step  8000  register=0  cores>=10k=0  leading=Stone Age  []  pop=0M
step 10000  register=0  cores>=10k=0  leading=Stone Age  []  pop=0M
    landNation: tallyBar=24
    siteCity: tallyBar=309
    tallyWait: sites=9 (stateContact 0 / beyond 9)  org p10=0.11 p50=0.12 p90=0.16  bar=0.28
step 12000  register=0  cores>=10k=0  leading=Stone Age  []  pop=0M
    landNation: tallyBar=26
    siteCity: tallyBar=854
    tallyWait: sites=12 (stateContact 0 / beyond 12)  org p10=0.12 p50=0.16 p90=0.20  bar=0.28
[peopleSim] AGRICULTURE INVENTED at (149,38) (43.5E 33.0N) — the basin farms; a city will rise when its market gathers one (score 4.32)
step 14000  register=6  cores>=10k=3  leading=Bronze Age  [Bron:6]  pop=8M
    landNation: tallyBar=37
    peerSeat: CANDIDATE=5  PASSED=5
    siteCity: tallyBar=1179
    tallyWait: sites=16 (stateContact 0 / beyond 16)  org p10=0.12 p50=0.13 p90=0.21  bar=0.28
step 16000  register=43  cores>=10k=5  leading=Bronze Age  [Bron:43]  pop=15M
    fission: eligible=26
    landNation: tallyBar=44
    peerSeat: cellFull=90  CANDIDATE=36  PASSED=36
    siteCity: tallyBar=1414
    tallyWait: sites=18 (stateContact 1 / beyond 17)  org p10=0.12 p50=0.13 p90=0.25  bar=0.28
step 18000  register=104  cores>=10k=30  leading=Classical  [Ston:4 Bron:94 Clas:6]  pop=57M
    fission: eligible=129  halfBelowBar=3
    landNation: tallyBar=53
    peerSeat: cellFull=263  CANDIDATE=56  PASSED=56
    siteCity: tallyBar=1425
    tallyWait: sites=16 (stateContact 0 / beyond 16)  org p10=0.11 p50=0.14 p90=0.25  bar=0.28
[peopleSim] AGRICULTURE INVENTED at (196,38) (114.0E 33.0N) — the basin farms; a city will rise when its market gathers one (score 4.11)
[peopleSim] AGRICULTURE INVENTED at (140,73) (30.0E -19.5N) — the basin farms; a city will rise when its market gathers one (score 1.32)
[peopleSim] AGRICULTURE INVENTED at (111,53) (-13.5E 10.5N) — the basin farms; a city will rise when its market gathers one (score 1.76)
step 20000  register=194  cores>=10k=43  leading=Classical  [Bron:75 Clas:119]  pop=59M
    fission: eligible=315  halfBelowBar=14
    landNation: tallyBar=64
    peerSeat: cellFull=650  CANDIDATE=92  PASSED=92
    selfFound: PASSED=1
    siteCity: tallyBar=1373
    tallyWait: sites=22 (stateContact 4 / beyond 18)  org p10=0.10 p50=0.12 p90=0.18  bar=0.28
[transHeap] step=21696 cap=2048 peakN=1074 pushes=8305 (0.0MB backing)
[peopleSim] hearth candidate at (58,38) (-93.0E 33.0N) stood down — the farming package arrived before it was invented
step 22000  register=288  cores>=10k=87  leading=Medieval  [Bron:81 Clas:139 Medi:68]  pop=92M
    fission: eligible=495  halfBelowBar=17
    landNation: tallyBar=80
    peerSeat: cellFull=1069  CANDIDATE=185  PASSED=185
    selfFound: PASSED=1
    siteCity: tallyBar=2056
    tallyWait: sites=32 (stateContact 4 / beyond 28)  org p10=0.10 p50=0.12 p90=0.16  bar=0.28
[peopleSim] hearth candidate at (31,23) (-133.5E 55.5N) stood down — the farming package arrived before it was invented
[peopleSim] hearth candidate at (77,72) (-64.5E -18.0N) stood down — the farming package arrived before it was invented
[peopleSim] hearth candidate at (117,23) (-4.5E 55.5N) stood down — the farming package arrived before it was invented
step 24000  register=406  cores>=10k=165  leading=Medieval  [Bron:74 Clas:154 Medi:178]  pop=134M
    fission: eligible=693  halfBelowBar=28
    landNation: tallyBar=137
    peerSeat: cellFull=2537  CANDIDATE=240  PASSED=240
    selfFound: PASSED=8
    siteCity: tallyBar=2536
    tallyWait: sites=40 (stateContact 9 / beyond 31)  org p10=0.10 p50=0.12 p90=0.15  bar=0.28
