[harness] tree 1db2d7c
[SIM_TUNE] {"DAWN_LIVE":1,"STATE_RECORDS":1,"LAND_KNOW":1,"PEER_SEATS":1,"FOUND_DRIFT":1,"WAR_FINISH":1,"ABSORB_ORG_ERA":1,"TRIBUTE_UP":0.33,"ENGULF":8,"FEAR_REACH":1,"SMALL_WAR":8,"RELIEF_REACH":1,"EXCH_WAVE":3,"TECH_USE":1,"SETT_STRIDE":3,"TRADE_STRIDE":5}
[peopleSim] hearth pin Nile picked at tile (568,173) (33.0E 25.1N) — maturity deferred to the stagger law
[peopleSim] hearth pin Mesopotamia picked at tile (595,149) (43.1E 34.1N) — maturity deferred to the stagger law
[peopleSim] hearth pin Indus picked at tile (665,164) (69.4E 28.5N) — maturity deferred to the stagger law
[peopleSim] hearth pin Yellow River picked at tile (776,146) (111.0E 35.3N) — maturity deferred to the stagger law
[peopleSim] hearth candidate at (568,173) (33.0E 25.1N) score 7.61 pkg=wheat(suit 0.99) — ARMED: ~906y of peopled-basin time from maturity
[peopleSim] hearth candidate at (595,149) (43.1E 34.1N) score 4.33 pkg=wheat(suit 0.68) — ARMED: ~1331y of peopled-basin time from maturity
[peopleSim] hearth candidate at (665,164) (69.4E 28.5N) score 5.83 pkg=wheat(suit 0.86) — ARMED: ~1048y of peopled-basin time from maturity
[peopleSim] hearth candidate at (776,146) (111.0E 35.3N) score 4.63 pkg=millet(suit 0.68) — ARMED: ~2199y of peopled-basin time from maturity
[peopleSim] hearth candidate at (215,142) (-99.4E 36.8N) score 4.84 pkg=maize(suit 0.82) — ARMED: ~5463y of peopled-basin time from maturity
[peopleSim] hearth candidate at (456,195) (-9.0E 16.9N) score 3.65 pkg=sorghum(suit 0.64) — ARMED: ~3126y of peopled-basin time from maturity
[peopleSim] hearth candidate at (282,267) (-74.3E -10.1N) score 1.33 pkg=tubers(suit 0.68) — ARMED: ~4424y of peopled-basin time from maturity
[peopleSim] hearth candidate at (517,294) (13.9E -20.3N) score 1.05 pkg=tubers(suit 0.82) — ARMED: ~3648y of peopled-basin time from maturity
[peopleSim] hearth candidate at (494,80) (5.2E 60.0N) score 0.50 — ARMED: ~13000y of peopled-basin time from maturity
[peopleSim] hearth candidate at (49,82) (-161.6E 59.3N) score 0.50 — ARMED: ~13000y of peopled-basin time from maturity
[popField] worker pool engaged: 4 bands
[transHeap] step=24 cap=1024 peakN=0 pushes=0 (0.0MB backing)

=== step 4000  cities=0 (stateless 0%)  realms=0 (singl 0%)  bonds=0  deaths=0 (young 0)
    census(sim-units): p10=0 p50=0 p90=0 max=0  birthBand(9-15)=0%
    BLOCS: 0 nations-as-painted  biggest: 0 realms / 0.00Mkm2 (0% of claimed)  top5=
[peopleSim] AGRICULTURE INVENTED at (568,173) (33.0E 25.1N) — the basin farms; a city will rise when its market gathers one (score 7.61)

=== step 8000  cities=0 (stateless 0%)  realms=0 (singl 0%)  bonds=0  deaths=0 (young 0)
    census(sim-units): p10=0 p50=0 p90=0 max=0  birthBand(9-15)=0%
    BLOCS: 0 nations-as-painted  biggest: 0 realms / 0.00Mkm2 (0% of claimed)  top5=
    landNation: tallyBar=2
    siteCity: tallyBar=21
[peopleSim] AGRICULTURE INVENTED at (665,164) (69.4E 28.5N) — the basin farms; a city will rise when its market gathers one (score 5.83)

=== step 12000  cities=0 (stateless 0%)  realms=0 (singl 0%)  bonds=0  deaths=0 (young 0)
    census(sim-units): p10=0 p50=0 p90=0 max=0  birthBand(9-15)=0%
    BLOCS: 0 nations-as-painted  biggest: 0 realms / 0.00Mkm2 (0% of claimed)  top5=
    landNation: tallyBar=68
    siteCity: tallyBar=1437
[peopleSim] AGRICULTURE INVENTED at (595,149) (43.1E 34.1N) — the basin farms; a city will rise when its market gathers one (score 4.33)
[peopleSim] AGRICULTURE INVENTED at (776,146) (111.0E 35.3N) — the basin farms; a city will rise when its market gathers one (score 4.63)
[transHeap] step=14640 cap=131072 peakN=121221 pushes=476857 (1.0MB backing)
[transHeap] step=15144 cap=524288 peakN=407652 pushes=1686681 (4.2MB backing)

=== step 16000  cities=27 (stateless 100%)  realms=0 (singl 0%)  bonds=0  deaths=0 (young 0)
    census(sim-units): p10=19 p50=353 p90=2663 max=5581  birthBand(9-15)=4%
    BLOCS: 0 nations-as-painted  biggest: 0 realms / 0.00Mkm2 (0% of claimed)  top5=
    landNation: tallyBar=113
    peerSeat: CANDIDATE=98  cellFull=98  gathering=75  PASSED=23
    siteCity: tallyBar=3079
    fission: noRivalSeat=5

=== step 20000  cities=185 (stateless 69%)  realms=42 (singl 88%)  bonds=14  deaths=5 (young 1)
    census(sim-units): p10=15 p50=155 p90=696 max=6920  birthBand(9-15)=15%
    BLOCS: 28 nations-as-painted  biggest: 7 realms / 0.74Mkm2 (59% of claimed)  top5=7,5,2,2,2
    submit: CANDIDATE=224  hazardRoll(waiting)=96  alreadyADependency=51  resistanceNotHopeless=34  identityBrake(foreignCourt)=23  PASSED=10  outOfProjectionReach=7  noLiveSeat=2  coalitionBrake(deterrence)=1
    integrate: CANDIDATE=86  orgBelowMin=66  hazardRoll(waiting)=9  beyondDirectRule=8  identityBrake(foreignCourt)=3
    landNation: tallyBar=153
    peerSeat: cellFull=777  CANDIDATE=618  gathering=250  noPosition=212  PASSED=156
    siteCity: tallyBar=4793
    fission: noRivalSeat=315
[peopleSim] hearth candidate at (517,294) (13.9E -20.3N) stood down — the farming package arrived before it was invented
[peopleSim] hearth candidate at (494,80) (5.2E 60.0N) stood down — the farming package arrived before it was invented
[peopleSim] AGRICULTURE INVENTED at (456,195) (-9.0E 16.9N) — the basin farms; a city will rise when its market gathers one (score 3.65)
[transHeap] step=22704 cap=67108864 peakN=43010468 pushes=156664721 (536.9MB backing)

=== step 24000  cities=424 (stateless 33%)  realms=239 (singl 88%)  bonds=81  deaths=112 (young 10)
    census(sim-units): p10=15 p50=183 p90=640 max=8826  birthBand(9-15)=7%
    BLOCS: 158 nations-as-painted  biggest: 17 realms / 1.17Mkm2 (15% of claimed)  top5=17,7,6,6,5
    submit: CANDIDATE=2806  hazardRoll(waiting)=927  alreadyADependency=881  resistanceNotHopeless=451  identityBrake(foreignCourt)=272  noLiveSeat=177  PASSED=44  coalitionBrake(deterrence)=29  outOfProjectionReach=25
    integrate: CANDIDATE=1066  orgBelowMin=520  hazardRoll(waiting)=197  beyondDirectRule=186  identityBrake(foreignCourt)=96  PASSED=32  coalitionBrake(deterrence)=14  seatAboveTierCap=12  notAVassalBond=9
    landNation: tallyBar=152
    peerSeat: cellFull=2137  CANDIDATE=1480  noPosition=922  gathering=287  PASSED=270  noHeadroom=1
    siteCity: tallyBar=4392
    fission: noRivalSeat=606  eligible=3
