[harness] tree d2e9a6c
[SIM_TUNE] {"DAWN_LIVE":1,"STATE_RECORDS":1,"LAND_KNOW":1,"PEER_SEATS":1,"FOUND_DRIFT":1,"WAR_FINISH":1,"ABSORB_ORG_ERA":1,"TRIBUTE_UP":0.33,"ENGULF":8,"FEAR_REACH":1,"SMALL_WAR":8,"RELIEF_REACH":1,"EXCH_WAVE":0,"TECH_USE":0,"SETT_STRIDE":3,"TRADE_STRIDE":5}
[peopleSim] hearth pin Nile picked at tile (568,173) (33.0E 25.1N) — maturity deferred to the stagger law
[peopleSim] hearth pin Mesopotamia picked at tile (595,149) (43.1E 34.1N) — maturity deferred to the stagger law
[peopleSim] hearth pin Indus picked at tile (665,164) (69.4E 28.5N) — maturity deferred to the stagger law
[peopleSim] hearth pin Yellow River picked at tile (776,146) (111.0E 35.3N) — maturity deferred to the stagger law
[peopleSim] hearth candidate at (568,173) (33.0E 25.1N) score 7.61 pkg=wheat(suit 0.99) — ARMED: ~906y of peopled-basin time from maturity
[peopleSim] hearth candidate at (595,149) (43.1E 34.1N) score 4.33 pkg=wheat(suit 0.68) — ARMED: ~1331y of peopled-basin time from maturity
[peopleSim] hearth candidate at (665,164) (69.4E 28.5N) score 5.83 pkg=wheat(suit 0.86) — ARMED: ~1048y of peopled-basin time from maturity
[peopleSim] hearth candidate at (776,146) (111.0E 35.3N) score 4.63 pkg=millet(suit 0.68) — ARMED: ~2199y of peopled-basin time from maturity
[peopleSim] hearth candidate at (215,142) (-99.4E 36.8N) score 4.84 pkg=maize(suit 0.82) — ARMED: ~5463y of peopled-basin time from maturity
[peopleSim] hearth candidate at (456,195) (-9.0E 16.9N) score 3.65 pkg=sorghum(suit 0.64) — ARMED: ~3126y of peopled-basin time from maturity
[peopleSim] hearth candidate at (282,267) (-74.3E -10.1N) score 1.33 pkg=tubers(suit 0.68) — ARMED: ~4424y of peopled-basin time from maturity
[peopleSim] hearth candidate at (517,294) (13.9E -20.3N) score 1.05 pkg=tubers(suit 0.82) — ARMED: ~3648y of peopled-basin time from maturity
[peopleSim] hearth candidate at (494,80) (5.2E 60.0N) score 0.50 — ARMED: ~13000y of peopled-basin time from maturity
[peopleSim] hearth candidate at (49,82) (-161.6E 59.3N) score 0.50 — ARMED: ~13000y of peopled-basin time from maturity
[popField] worker pool engaged: 4 bands
[transHeap] step=24 cap=1024 peakN=0 pushes=0 (0.0MB backing)

=== step 4000  cities=0 (stateless 0%)  realms=0 (singl 0%)  bonds=0  deaths=0 (young 0)
    census(sim-units): p10=0 p50=0 p90=0 max=0  birthBand(9-15)=0%
    BLOCS: 0 nations-as-painted  biggest: 0 realms / 0.00Mkm2 (0% of claimed)  top5=
[peopleSim] AGRICULTURE INVENTED at (568,173) (33.0E 25.1N) — the basin farms; a city will rise when its market gathers one (score 7.61)

=== step 8000  cities=0 (stateless 0%)  realms=0 (singl 0%)  bonds=0  deaths=0 (young 0)
    census(sim-units): p10=0 p50=0 p90=0 max=0  birthBand(9-15)=0%
    BLOCS: 0 nations-as-painted  biggest: 0 realms / 0.00Mkm2 (0% of claimed)  top5=
    landNation: tallyBar=2
    siteCity: tallyBar=21
[peopleSim] AGRICULTURE INVENTED at (665,164) (69.4E 28.5N) — the basin farms; a city will rise when its market gathers one (score 5.83)

=== step 12000  cities=0 (stateless 0%)  realms=0 (singl 0%)  bonds=0  deaths=0 (young 0)
    census(sim-units): p10=0 p50=0 p90=0 max=0  birthBand(9-15)=0%
    BLOCS: 0 nations-as-painted  biggest: 0 realms / 0.00Mkm2 (0% of claimed)  top5=
    landNation: tallyBar=68
    siteCity: tallyBar=1437
[peopleSim] AGRICULTURE INVENTED at (595,149) (43.1E 34.1N) — the basin farms; a city will rise when its market gathers one (score 4.33)
[peopleSim] AGRICULTURE INVENTED at (776,146) (111.0E 35.3N) — the basin farms; a city will rise when its market gathers one (score 4.63)
[transHeap] step=14640 cap=131072 peakN=122096 pushes=446892 (1.0MB backing)

=== step 16000  cities=26 (stateless 100%)  realms=0 (singl 0%)  bonds=0  deaths=0 (young 0)
    census(sim-units): p10=18 p50=362 p90=1513 max=4691  birthBand(9-15)=4%
    BLOCS: 0 nations-as-painted  biggest: 0 realms / 0.00Mkm2 (0% of claimed)  top5=
    landNation: tallyBar=113
    peerSeat: CANDIDATE=97  gathering=74  cellFull=62  PASSED=23
    siteCity: tallyBar=3082
    fission: noRivalSeat=5
[peopleSim] hearth candidate at (517,294) (13.9E -20.3N) stood down — the farming package arrived before it was invented
[transHeap] step=17160 cap=262144 peakN=172799 pushes=635745 (2.1MB backing)
[transHeap] step=17664 cap=524288 peakN=355335 pushes=1083485 (4.2MB backing)
[transHeap] step=19680 cap=1048576 peakN=1009002 pushes=4940525 (8.4MB backing)
[peopleSim] hearth candidate at (494,80) (5.2E 60.0N) stood down — the farming package arrived before it was invented

=== step 20000  cities=134 (stateless 64%)  realms=19 (singl 68%)  bonds=6  deaths=11 (young 3)
    census(sim-units): p10=11 p50=104 p90=1094 max=5410  birthBand(9-15)=30%
    BLOCS: 13 nations-as-painted  biggest: 5 realms / 0.71Mkm2 (38% of claimed)  top5=5,3,1,1,1
    submit: CANDIDATE=152  hazardRoll(waiting)=71  alreadyADependency=28  resistanceNotHopeless=25  identityBrake(foreignCourt)=9  PASSED=8  noLiveSeat=6  coalitionBrake(deterrence)=4  outOfProjectionReach=1
    integrate: CANDIDATE=53  orgBelowMin=35  hazardRoll(waiting)=13  identityBrake(foreignCourt)=2  beyondDirectRule=2  PASSED=1
    landNation: tallyBar=132
    peerSeat: cellFull=517  CANDIDATE=512  gathering=213  noPosition=189  PASSED=110
    siteCity: tallyBar=4418
    fission: noRivalSeat=263
[peopleSim] AGRICULTURE INVENTED at (456,195) (-9.0E 16.9N) — the basin farms; a city will rise when its market gathers one (score 3.65)
[transHeap] step=21192 cap=134217728 peakN=73599525 pushes=245535682 (1073.7MB backing)

=== step 24000  cities=422 (stateless 36%)  realms=220 (singl 87%)  bonds=82  deaths=123 (young 22)
    census(sim-units): p10=15 p50=146 p90=602 max=7441  birthBand(9-15)=10%
    BLOCS: 138 nations-as-painted  biggest: 31 realms / 1.58Mkm2 (20% of claimed)  top5=31,14,6,5,5
    submit: CANDIDATE=2209  hazardRoll(waiting)=937  alreadyADependency=708  identityBrake(foreignCourt)=246  resistanceNotHopeless=112  noLiveSeat=93  PASSED=71  coalitionBrake(deterrence)=27  outOfProjectionReach=15
    integrate: CANDIDATE=960  orgBelowMin=428  hazardRoll(waiting)=192  identityBrake(foreignCourt)=138  beyondDirectRule=93  seatAboveTierCap=71  PASSED=30  notAVassalBond=7  coalitionBrake(deterrence)=1
    landNation: tallyBar=156
    peerSeat: cellFull=2146  CANDIDATE=1235  noPosition=564  PASSED=331  tallyBar=191  gathering=148  noHeadroom=1
    siteCity: tallyBar=4521
    fission: noRivalSeat=446
