[harness] tree 0978920
[peopleSim] hearth pin Nile picked at tile (138,40) (27.0E 30.0N) — maturity deferred to the stagger law
[peopleSim] hearth pin Mesopotamia picked at tile (149,38) (43.5E 33.0N) — maturity deferred to the stagger law
[peopleSim] hearth pin Indus picked at tile (167,41) (70.5E 28.5N) — maturity deferred to the stagger law
[peopleSim] hearth pin Yellow River picked at tile (196,36) (114.0E 36.0N) — maturity deferred to the stagger law
[peopleSim] hearth Ňěňní at (138,40) (27.0E 30.0N) score 5.41 pkg=wheat(suit 0.78) — matured 1151y into prehistory (wave age 4849y)
[peopleSim] hearth Pephamdo at (149,38) (43.5E 33.0N) score 6.29 pkg=wheat(suit 1.00) — matured 900y into prehistory (wave age 5100y)
[peopleSim] hearth Pomponsom at (167,41) (70.5E 28.5N) score 6.30 pkg=wheat(suit 0.97) — matured 929y into prehistory (wave age 5071y)
[peopleSim] hearth Fevvon at (196,36) (114.0E 36.0N) score 4.55 pkg=rice(suit 0.79) — matured 3173y into prehistory (wave age 2827y)
[peopleSim] hearth Nawaxexi at (56,49) (-96.0E 16.5N) score 1.89 pkg=maize(suit 0.84) — matured 5373y into prehistory (wave age 627y)
[peopleSim] hearth Sasfesu at (111,53) (-13.5E 10.5N) score 1.69 pkg=sorghum(suit 0.62) — matured 3251y into prehistory (wave age 2749y)
[peopleSim] hearth Wityim at (136,72) (24.0E -18.0N) score 1.13 pkg=sorghum(suit 0.56) — matured 3544y into prehistory (wave age 2456y)
[peopleSim] hearth candidate at (77,72) (-64.5E -18.0N) score 0.68 pkg=tubers(suit 0.44) — ARMED: ~790y of peopled-basin time from maturity
[peopleSim] hearth candidate at (31,23) (-133.5E 55.5N) score 0.50 pkg=maize(suit 0.18) — ARMED: ~18458y of peopled-basin time from maturity
[peopleSim] hearth candidate at (117,23) (-4.5E 55.5N) score 0.50 pkg=wheat(suit 0.12) — ARMED: ~7000y of peopled-basin time from maturity
[popField] worker pool engaged: 4 bands
[transHeap] step=24 cap=1024 peakN=1021 pushes=8177 (0.0MB backing)
[coverage] commit 0978920 (src DIRTY)  seed 8817  grid tw=240  step 4000
[coverage] self-test ok — unreachable state IS detected (depth-2 canary)
[coverage] collect() emitted 4113 metrics and read 245 of 245 world properties

  kind           total   dark
  object            22      0
  flag               1      0
  scalar            63      0
  tileArray         96      0
  array              9      0
  typedArray         7      0
  collection        46      0
  empty              1      0

  measurable properties 208
    reached by collect()  208
    named in WORLD_SCRATCH 35  (pass workspace — the list fails open)
    perturbation-proved   145 properties re-collected; 145 provably reach a metric

  entity-class leaves: measured 9060, residue 624 (6.4%)
    accepted: _moneyFlows    a flow log; its aggregate is already sett._mIn/_mOut
    accepted: _evIndex       an index into events, which are themselves measured
    accepted: _urbanSpike    per-settlement pass scratch
    accepted: _royalCourt    a roster of person references; persons are measured
    accepted: _byId          alias of settlements
    accepted: _stMap         alias of settlements
    accepted: _planQueue     alias of settlement plans
    accepted: _blocMembers   member-id lists beside _blocMight (same alliance-pass rebuild); the members are countries, which are measured

[coverage] ✓ every measurable world property is reached by collect() or named as workspace
