[harness] tree f148589
Earth (Sim): using real NCEP/NCAR precipitation + air temperature
[peopleSim] hearth pin Nile picked at tile (563,161) (31.1E 29.6N) — maturity deferred to the stagger law
[peopleSim] hearth pin Mesopotamia picked at tile (597,152) (43.9E 33.0N) — maturity deferred to the stagger law
[peopleSim] hearth pin Indus picked at tile (667,162) (70.1E 29.2N) — maturity deferred to the stagger law
[peopleSim] hearth pin Yellow River picked at tile (785,142) (114.4E 36.8N) — maturity deferred to the stagger law
[peopleSim] hearth Ňěňní at (563,161) (31.1E 29.6N) score 7.42 pkg=wheat(suit 0.95) — matured 951y into prehistory (wave age 5049y)
[peopleSim] hearth Pephamdo at (597,152) (43.9E 33.0N) score 6.71 pkg=wheat(suit 0.98) — matured 915y into prehistory (wave age 5085y)
[peopleSim] hearth Pomponsom at (667,162) (70.1E 29.2N) score 6.64 pkg=wheat(suit 0.89) — matured 1011y into prehistory (wave age 4989y)
[peopleSim] hearth Fevvon at (785,142) (114.4E 36.8N) score 6.09 pkg=rice(suit 0.87) — matured 2886y into prehistory (wave age 3114y)
[peopleSim] hearth Nawaxexi at (205,170) (-103.1E 26.3N) score 5.32 pkg=maize(suit 1.05) — matured 4305y into prehistory (wave age 1695y)
[peopleSim] hearth Sasfesu at (448,201) (-12.0E 14.6N) score 3.29 pkg=sorghum(suit 0.61) — matured 3272y into prehistory (wave age 2728y)
[peopleSim] hearth Wityim at (559,299) (29.6E -22.1N) score 1.55 pkg=tubers(suit 0.80) — matured 3754y into prehistory (wave age 2246y)
[peopleSim] hearth Ninuvy at (283,273) (-73.9E -12.4N) score 1.32 pkg=tubers(suit 0.81) — matured 3724y into prehistory (wave age 2276y)
[peopleSim] hearth Bofvu at (468,84) (-4.5E 58.5N) score 0.50 pkg=wheat(suit 0.35) — matured 2596y into prehistory (wave age 3404y)
[peopleSim] hearth candidate at (127,96) (-132.4E 54.0N) score 0.50 pkg=maize(suit 0.13) — ARMED: ~7000y of peopled-basin time from maturity

=== FOUNDING-BAR MAP  1920 (tw=960)  OBSERVED ===
  region        crop   margin p10/p50/p90   @5×clamp%   topfert-decile p50
  Nile valley    128  1.87/1.87/5.00         24%       1.87
  Mesopotamia    129  2.16/4.68/5.00         45%       1.90
  Levant          39  1.85/4.31/5.00         23%       1.71
  India/Ganges   936  1.87/2.01/4.28          8%       2.04
  Pontic         310  1.85/2.60/5.00         15%       1.87
  Caspian W      333  1.57/2.05/2.71          0%       1.70
  England        365  1.30/1.34/1.48          0%       1.35

  READ: a founding lane can only mint where the margin is payable (~≤3×);
  the peer capacity of a cell ≈ its census mass ÷ (bar × the margin at the
  candidate tiles) — a region whose cropland reads mostly ≥4× seats ~nothing.
