[harness] tree fd0e03d
Earth (Sim): using real NCEP/NCAR precipitation + air temperature
[peopleSim] hearth pin Nile picked at tile (276,83) (27.0E 27.8N) — maturity deferred to the stagger law
[peopleSim] hearth pin Mesopotamia picked at tile (299,76) (44.3E 33.0N) — maturity deferred to the stagger law
[peopleSim] hearth pin Indus picked at tile (333,81) (69.8E 29.2N) — maturity deferred to the stagger law
[peopleSim] hearth pin Yellow River picked at tile (392,71) (114.0E 36.8N) — maturity deferred to the stagger law
[peopleSim] hearth Ňěňní at (276,83) (27.0E 27.8N) score 7.27 pkg=wheat(suit 0.95) — matured 952y into prehistory (wave age 5048y)
[peopleSim] hearth Pephamdo at (299,76) (44.3E 33.0N) score 6.52 pkg=wheat(suit 0.98) — matured 920y into prehistory (wave age 5080y)
[peopleSim] hearth Pomponsom at (333,81) (69.8E 29.2N) score 7.04 pkg=wheat(suit 0.95) — matured 943y into prehistory (wave age 5057y)
[peopleSim] hearth Fevvon at (392,71) (114.0E 36.8N) score 6.21 pkg=rice(suit 0.91) — matured 2749y into prehistory (wave age 3251y)
[peopleSim] hearth Nawaxexi at (101,84) (-104.3E 27.0N) score 5.42 pkg=maize(suit 1.02) — matured 4416y into prehistory (wave age 1584y)
[peopleSim] hearth Sasfesu at (227,102) (-9.8E 13.5N) score 3.64 pkg=sorghum(suit 0.65) — matured 3057y into prehistory (wave age 2943y)
[peopleSim] hearth Wityim at (278,149) (28.5E -21.8N) score 1.37 pkg=tubers(suit 0.70) — matured 4282y into prehistory (wave age 1718y)
[peopleSim] hearth Ninuvy at (146,144) (-70.5E -18.0N) score 1.01 pkg=tubers(suit 0.62) — matured 4862y into prehistory (wave age 1138y)
[peopleSim] hearth Bofvu at (234,42) (-4.5E 58.5N) score 0.50 pkg=wheat(suit 0.32) — matured 2807y into prehistory (wave age 3193y)
[peopleSim] hearth candidate at (63,49) (-132.8E 53.3N) score 0.50 pkg=maize(suit 0.14) — ARMED: ~7000y of peopled-basin time from maturity

=== FOUNDING-BAR MAP  960 (tw=480)  OBSERVED ===
  region        crop   POINT margin p10/p50/p90  @5×clamp%   BASIN(f3×3) p10/p50/p90  @5×%   topfert-decile point/basin
  Nile valley     30  1.87/4.36/5.00         40%      1.87/4.07/5.00       33%       1.87 / 2.57
  Mesopotamia     43  1.87/5.00/5.00         60%      1.96/3.59/5.00       40%       1.87 / 2.09
  Levant          10  2.98/4.27/4.93          0%      2.89/3.74/4.83        0%       1.81 / 1.98
  India/Ganges   246  1.82/1.99/4.48          8%      1.92/2.02/3.12        5%       2.04 / 2.06
  Pontic          84  1.86/2.96/5.00         23%      1.84/2.63/5.00       11%       2.46 / 2.63
  Caspian W       82  1.50/2.44/3.33          1%      1.73/2.18/2.72        0%       1.87 / 2.16
  England         88  1.30/1.34/1.56          0%      1.31/1.37/1.47        0%       1.33 / 1.35

  READ: a founding lane can only mint where the margin is payable (~≤3×). If the
  top-fert (seat-class) tiles read 5× at the POINT but ~2× at the BASIN, the law
  is pricing the ribbon's cities at the desert's margin — the ghost-tile bug.
