[harness] tree de7899e
[SIM_TUNE] {"GRAIN_MARKET":1}
[stylized] seed 8817 · 480x240 · 21000 steps
[peopleSim] hearth pin Nile picked at tile (138,40) (27.0E 30.0N) — maturity deferred to the stagger law
[peopleSim] hearth pin Mesopotamia picked at tile (149,38) (43.5E 33.0N) — maturity deferred to the stagger law
[peopleSim] hearth pin Indus picked at tile (167,41) (70.5E 28.5N) — maturity deferred to the stagger law
[peopleSim] hearth pin Yellow River picked at tile (196,36) (114.0E 36.0N) — maturity deferred to the stagger law
[peopleSim] hearth Ňěňní at (138,40) (27.0E 30.0N) score 5.41 pkg=wheat(suit 0.78) — matured 1151y into prehistory (wave age 4849y)
[peopleSim] hearth Pephamdo at (149,38) (43.5E 33.0N) score 6.29 pkg=wheat(suit 1.00) — matured 900y into prehistory (wave age 5100y)
[peopleSim] hearth Pomponsom at (167,41) (70.5E 28.5N) score 6.30 pkg=wheat(suit 0.97) — matured 929y into prehistory (wave age 5071y)
[peopleSim] hearth Fevvon at (196,36) (114.0E 36.0N) score 4.55 pkg=rice(suit 0.79) — matured 3173y into prehistory (wave age 2827y)
[peopleSim] hearth Nawaxexi at (56,49) (-96.0E 16.5N) score 1.89 pkg=maize(suit 0.84) — matured 5373y into prehistory (wave age 627y)
[peopleSim] hearth Sasfesu at (111,53) (-13.5E 10.5N) score 1.69 pkg=sorghum(suit 0.62) — matured 3251y into prehistory (wave age 2749y)
[peopleSim] hearth Wityim at (136,72) (24.0E -18.0N) score 1.13 pkg=sorghum(suit 0.56) — matured 3544y into prehistory (wave age 2456y)
[peopleSim] hearth candidate at (77,72) (-64.5E -18.0N) score 0.68 pkg=tubers(suit 0.44) — ARMED: ~790y of peopled-basin time from maturity
[peopleSim] hearth candidate at (31,23) (-133.5E 55.5N) score 0.50 pkg=maize(suit 0.18) — ARMED: ~18458y of peopled-basin time from maturity
[peopleSim] hearth candidate at (117,23) (-4.5E 55.5N) score 0.50 pkg=wheat(suit 0.12) — ARMED: ~7000y of peopled-basin time from maturity
[popField] worker pool engaged: 4 bands
[transHeap] step=24 cap=1024 peakN=1021 pushes=8177 (0.0MB backing)
[peopleSim] AGRICULTURE INVENTED at (77,72) (-64.5E -18.0N) — the basin farms; a city will rise when its market gathers one (score 0.68)
[transHeap] step=11616 cap=2048 peakN=1038 pushes=5821 (0.0MB backing)
[peopleSim] hearth candidate at (117,23) (-4.5E 55.5N) stood down — the farming package arrived before it was invented
[stylized] simulated in 129s

  ok    Zipf rank-size slope (urban cores, G-I): -0.89   (22 cities; mature empirical envelope ≈ −0.8..−1.2; earned-span antiquity shallower (owner-accepted 2026-07))
  ok    largest empire's share of claimed land: 16%   (22 polities on 2060 tiles)
  ok    empire area tail (largest/median): 4.6
        (realm AREA, unscored: largest 5106k km² · median 1107k km² · reference: Bronze hegemon ~0.5-1M, Rome ~5M, Han ~6.5M)
        (empire mortality, unscored: back-half top-3 union 6 realms · 172 secessions — deep check: node tools/probe_empires.mjs)
  ok    state lifespan median (incl. living, censored): 6900 steps (~1725y)   (22 fallen + 631 living)
        (fallen-only median 563 steps ~141y; 2/22 fallen within 100 steps — the revolt-churn mode, mechanism item)
  ok    lifespan heavy tail incl. living (max/median): 37.3   (oldest living 21000 steps)
  ok    wars per 1000 steps per polity: 0.19   (4.0/1k across 21 realms)
  ok    wars amid succession crises: 11/85   (human causes visible)
        (4 across state-faith lines)
  ok    tech ~ cradle-distance correlation: -0.68   (knowledge should not lead OUTWARD (earned-span re-baseline 2026-07))
  ok    urbanization vs development: 7.8%   (agrarian era: a minority in cities (2-25%))
  ok    population ~ development (monotone): 0.97   (log-pop vs leading agriculture)
  ok    growth accelerates with development: n/a   (pre-industrial run: modern agriculture never discovered — the accelerating chapter is absent)
  ok    price level bounded: 1.19   (people-weighted raw M/T÷baseline (sim-clamped mean 0.98, 0 components pegged at cap))
  ok    market integration narrows prices (Δ): +0.0066 over 4 knit window(s)   (mean dispersion Δ where components drop, vs noise floor 0.0121 = median |Δ| (Pearson -0.41, unscored — probe_market.mjs))
  ok    trade intensity vs transport: 1.8   (flow×1000/wealth; median nav+mob 0.65 → band 0.05-150)
  ok    war deadliness tail (largest/median): 5.9   (35 wars reckoned; top3mean/med 5.3)
        (greatest war's share of all war dead: 10% across 35 wars — count-sensitive, unscored)
  ok    culture count ~ area^k, k<1: 0.24   (diversity grows with territory, sublinearly (k<1))
  ok    settlements cluster on water (same-footprint enrichment): 1.35   (100% on water vs same-footprint null 74% (raw per-tile null gave 1.68; NN-CV 0.30))
  ok    fish share of food supply: 0.0%   (0% of population lives majority-fish [soft bar ≤40% Tier-B])
  ok    civilization alive: 31 settlements, pop 16499
  ok    wealth finite: 406006
  ok    polities exist: 21
        (registries: 33 cultures · 16 faiths · 112 dynasties · 6783 persons · 3510 events)

[stylized] all hard gates passed · 0 soft warning(s) (budget 2)
