[harness] tree 5b6c2c3
[SIM_TUNE] {"HARVEST_YEARS":1}
[stylized] seed 777 · 480x240 · 21000 steps
[peopleSim] hearth pin Nile picked at tile (138,40) (27.0E 30.0N) — maturity deferred to the stagger law
[peopleSim] hearth pin Mesopotamia picked at tile (149,38) (43.5E 33.0N) — maturity deferred to the stagger law
[peopleSim] hearth pin Indus picked at tile (167,41) (70.5E 28.5N) — maturity deferred to the stagger law
[peopleSim] hearth pin Yellow River picked at tile (197,38) (115.5E 33.0N) — maturity deferred to the stagger law
[peopleSim] hearth Takomputpam at (138,40) (27.0E 30.0N) score 7.01 pkg=wheat(suit 1.00) — matured 900y into prehistory (wave age 5100y)
[peopleSim] hearth Sudiiti at (149,38) (43.5E 33.0N) score 6.23 pkg=wheat(suit 1.00) — matured 900y into prehistory (wave age 5100y)
[peopleSim] hearth Dwamtíxip at (167,41) (70.5E 28.5N) score 6.46 pkg=wheat(suit 0.98) — matured 917y into prehistory (wave age 5083y)
[peopleSim] hearth Ēfǐudìu at (197,38) (115.5E 33.0N) score 6.15 pkg=rice(suit 0.96) — matured 2610y into prehistory (wave age 3390y)
[peopleSim] hearth candidate at (53,40) (-100.5E 30.0N) score 2.26 pkg=maize(suit 0.55) — ARMED: ~2224y of peopled-basin time from maturity
[peopleSim] hearth Tasayyo at (139,73) (28.5E -19.5N) score 1.23 pkg=tubers(suit 0.76) — matured 3969y into prehistory (wave age 2031y)
[peopleSim] hearth candidate at (69,66) (-76.5E -9.0N) score 0.64 pkg=tubers(suit 0.46) — ARMED: ~531y of peopled-basin time from maturity
[peopleSim] hearth candidate at (119,56) (-1.5E 6.0N) score 0.50 pkg=tubers(suit 0.21) — ARMED: ~8541y of peopled-basin time from maturity
[peopleSim] hearth candidate at (31,23) (-133.5E 55.5N) score 0.50 pkg=maize(suit 0.16) — ARMED: ~22276y of peopled-basin time from maturity
[peopleSim] hearth candidate at (117,23) (-4.5E 55.5N) score 0.50 pkg=wheat(suit 0.10) — ARMED: ~7000y of peopled-basin time from maturity
[popField] worker pool engaged: 4 bands
[transHeap] step=24 cap=1024 peakN=958 pushes=5782 (0.0MB backing)
[peopleSim] AGRICULTURE INVENTED at (69,66) (-76.5E -9.0N) — the basin farms; a city will rise when its market gathers one (score 0.64)
[transHeap] step=10608 cap=2048 peakN=1130 pushes=5831 (0.0MB backing)
[peopleSim] AGRICULTURE INVENTED at (53,40) (-100.5E 30.0N) — the basin farms; a city will rise when its market gathers one (score 2.26)
[peopleSim] hearth candidate at (119,56) (-1.5E 6.0N) stood down — the farming package arrived before it was invented
[peopleSim] hearth candidate at (117,23) (-4.5E 55.5N) stood down — the farming package arrived before it was invented
[stylized] simulated in 120s

  ok    Zipf rank-size slope (urban cores, G-I): -0.82   (27 cities; mature empirical envelope ≈ −0.8..−1.2; earned-span antiquity shallower (owner-accepted 2026-07))
  ok    largest empire's share of claimed land: 18%   (26 polities on 2156 tiles)
  ok    empire area tail (largest/median): 7.2
        (realm AREA, unscored: largest 5998k km² · median 831k km² · reference: Bronze hegemon ~0.5-1M, Rome ~5M, Han ~6.5M)
        (empire mortality, unscored: back-half top-3 union 6 realms · 135 secessions — deep check: node tools/probe_empires.mjs)
  ok    state lifespan median (incl. living, censored): 5100 steps (~1275y)   (15 fallen + 573 living)
        (fallen-only median 1113 steps ~278y; 1/15 fallen within 100 steps — the revolt-churn mode, mechanism item)
  ok    lifespan heavy tail incl. living (max/median): 18.9   (oldest living 21000 steps)
  ok    wars per 1000 steps per polity: 0.23   (6.0/1k across 26 realms)
  ok    wars amid succession crises: 7/126   (human causes visible)
        (12 across state-faith lines)
  ok    tech ~ cradle-distance correlation: -0.09   (knowledge should not lead OUTWARD (earned-span re-baseline 2026-07))
  ok    urbanization vs development: 7.5%   (agrarian era: a minority in cities (2-25%))
  ok    population ~ development (monotone): 1.00   (log-pop vs leading agriculture)
  ok    growth accelerates with development: n/a   (pre-industrial run: modern agriculture never discovered — the accelerating chapter is absent)
  ok    price level bounded: 0.82   (people-weighted raw M/T÷baseline (sim-clamped mean 0.93, 0 components pegged at cap))
  ok    market integration narrows prices (Δ): +0.0011 over 1 knit window(s)   (mean dispersion Δ where components drop, vs noise floor 0.0038 = median |Δ| (Pearson -0.58, unscored — probe_market.mjs))
  ok    trade intensity vs transport: 1.3   (flow×1000/wealth; median nav+mob 0.65 → band 0.05-150)
  ok    war deadliness tail (largest/median): 25.3   (30 wars reckoned; top3mean/med 11.4)
        (greatest war's share of all war dead: 41% across 30 wars — count-sensitive, unscored)
  ok    culture count ~ area^k, k<1: 0.27   (diversity grows with territory, sublinearly (k<1))
  ok    settlements cluster on water (same-footprint enrichment): 1.36   (100% on water vs same-footprint null 73% (raw per-tile null gave 1.69; NN-CV 0.21))
  ok    fish share of food supply: 0.0%   (0% of population lives majority-fish [soft bar ≤40% Tier-B])
  ok    civilization alive: 40 settlements, pop 16620
  ok    wealth finite: 400181
  ok    polities exist: 26
        (registries: 38 cultures · 15 faiths · 157 dynasties · 8620 persons · 4241 events)

[stylized] all hard gates passed · 0 soft warning(s) (budget 2)
