[harness] tree 5f0a169
[SIM_TUNE] {"LEAN_YEAR":1,"HARVEST_YEARS":1}
[peopleSim] hearth pin Nile picked at tile (138,40) (27.0E 30.0N) — maturity deferred to the stagger law
[peopleSim] hearth pin Mesopotamia picked at tile (149,38) (43.5E 33.0N) — maturity deferred to the stagger law
[peopleSim] hearth pin Indus picked at tile (167,41) (70.5E 28.5N) — maturity deferred to the stagger law
[peopleSim] hearth pin Yellow River picked at tile (196,36) (114.0E 36.0N) — maturity deferred to the stagger law
[peopleSim] hearth Ňěňní at (138,40) (27.0E 30.0N) score 5.41 pkg=wheat(suit 0.78) — matured 1151y into prehistory (wave age 4849y)
[peopleSim] hearth Pephamdo at (149,38) (43.5E 33.0N) score 6.29 pkg=wheat(suit 1.00) — matured 900y into prehistory (wave age 5100y)
[peopleSim] hearth Pomponsom at (167,41) (70.5E 28.5N) score 6.30 pkg=wheat(suit 0.97) — matured 929y into prehistory (wave age 5071y)
[peopleSim] hearth Fevvon at (196,36) (114.0E 36.0N) score 4.55 pkg=rice(suit 0.79) — matured 3173y into prehistory (wave age 2827y)
[peopleSim] hearth Nawaxexi at (56,49) (-96.0E 16.5N) score 1.89 pkg=maize(suit 0.84) — matured 5373y into prehistory (wave age 627y)
[peopleSim] hearth Sasfesu at (111,53) (-13.5E 10.5N) score 1.69 pkg=sorghum(suit 0.62) — matured 3251y into prehistory (wave age 2749y)
[peopleSim] hearth Wityim at (136,72) (24.0E -18.0N) score 1.13 pkg=sorghum(suit 0.56) — matured 3544y into prehistory (wave age 2456y)
[peopleSim] hearth candidate at (77,72) (-64.5E -18.0N) score 0.68 pkg=tubers(suit 0.44) — ARMED: ~790y of peopled-basin time from maturity
[peopleSim] hearth candidate at (31,23) (-133.5E 55.5N) score 0.50 pkg=maize(suit 0.18) — ARMED: ~18458y of peopled-basin time from maturity
[peopleSim] hearth candidate at (117,23) (-4.5E 55.5N) score 0.50 pkg=wheat(suit 0.12) — ARMED: ~7000y of peopled-basin time from maturity
[trace] seed=8817 W=480 (tw=240) steps=12000 every=1000
[popField] worker pool engaged: 4 bands
[transHeap] step=24 cap=1024 peakN=1021 pushes=8177 (0.0MB backing)
  1000/12000     2000/12000     3000/12000     4000/12000     5000/12000     6000/12000     7000/12000   [peopleSim] AGRICULTURE INVENTED at (77,72) (-64.5E -18.0N) — the basin farms; a city will rise when its market gathers one (score 0.68)
  8000/12000     9000/12000     10000/12000     11000/12000   [transHeap] step=11616 cap=2048 peakN=1040 pushes=5817 (0.0MB backing)
  12000/12000   
  commit 5f0a169 (src DIRTY)  levers: {"SETT_STRIDE":1,"TRADE_STRIDE":3,"TRIBUTE_UP":0,"DAWN_LIVE":0,"DISSOLVE_CORE":0,"LEAN_YEAR":1,"HARVEST_YEARS":1,"FEAR_REACH":0,"ENGULF":0,"ABSORB_ORG_ERA":0,"WAR_FINISH":0,"SMALL_WAR":0,"RELIEF_REACH":0,"VASSAL_LEVY":0,"STATE_RECORDS":0,"LAND_KNOW":0,"EXCH_WAVE":0,"FOUND_DRIFT":0,"PEER_SEATS":0,"TECH_USE":0}

  WATCHED TRAJECTORIES

    realm.count  [rising, settled]  swing 1.6×  peak 8.0 @9000 (1100BC)
      5100BC:7.0  4600BC:5.0  4100BC:5.0  3600BC:5.0  3100BC:5.0  2600BC:5.0  2100BC:5.0  1600BC:7.0  1100BC:8.0  600BC:8.0  100BC:8.0  400AD:8.0

    realm.areaKm2.p50  [rising, still moving]  swing 13.8×  peak 1.06e+6 @12000 (400AD)
      5100BC:76903.1  4600BC:2.61e+5  4100BC:2.92e+5  3600BC:4.15e+5  3100BC:4.77e+5  2600BC:5.23e+5  2100BC:6.77e+5  1600BC:5.23e+5  1100BC:5.69e+5  600BC:7.54e+5  100BC:8.00e+5  400AD:1.06e+6

    realm.claimedPct  [rising, still moving]  swing 7.4×  peak 5.3 @12000 (400AD)
      5100BC:0.7072  4600BC:0.9775  4100BC:1.3  3600BC:1.6  3100BC:2.1  2600BC:2.3  2100BC:2.8  1600BC:3.0  1100BC:3.7  600BC:4.1  100BC:4.7  400AD:5.3

    pop.field  [flat, settled]  swing 1.0×  peak 0.0000 @1000 (5100BC)
      5100BC:0.0000  4600BC:0.0000  4100BC:0.0000  3600BC:0.0000  3100BC:0.0000  2600BC:0.0000  2100BC:0.0000  1600BC:0.0000  1100BC:0.0000  600BC:0.0000  100BC:0.0000  400AD:0.0000

    pop.census  [flat, settled]  swing 1.0×  peak 0.0000 @1000 (5100BC)
      5100BC:0.0000  4600BC:0.0000  4100BC:0.0000  3600BC:0.0000  3100BC:0.0000  2600BC:0.0000  2100BC:0.0000  1600BC:0.0000  1100BC:0.0000  600BC:0.0000  100BC:0.0000  400AD:0.0000

    entity.settled  [rising, still moving]  swing 2.2×  peak 11.0 @12000 (400AD)
      5100BC:7.0  4600BC:5.0  4100BC:5.0  3600BC:5.0  3100BC:6.0  2600BC:6.0  2100BC:7.0  1600BC:7.0  1100BC:9.0  600BC:9.0  100BC:10.0  400AD:11.0

    shape.isolatedPct  [falling, still moving]  swing 2.7×  peak 100.0 @1000 (5100BC)
      5100BC:100.0  4600BC:100.0  4100BC:100.0  3600BC:100.0  3100BC:100.0  2600BC:100.0  2100BC:100.0  1600BC:57.1  1100BC:50.0  600BC:50.0  100BC:50.0  400AD:37.5

    shape.compact.p50  [oscillating, still moving]  swing 2.3×  peak 0.6283 @1000 (5100BC)
      5100BC:0.6283  4600BC:0.5890  4100BC:0.6206  3600BC:0.4090  3100BC:0.4007  2600BC:0.4172  2100BC:0.4999  1600BC:0.4172  1100BC:0.4418  600BC:0.3975  100BC:0.2930  400AD:0.2715

    drawn.claimedPct  [rising, still moving]  swing 4.8×  peak 7.3 @12000 (400AD)
      5100BC:1.5  4600BC:2.0  4100BC:2.2  3600BC:2.7  3100BC:3.3  2600BC:3.6  2100BC:4.2  1600BC:4.5  1100BC:5.4  600BC:5.8  100BC:6.6  400AD:7.3

    nation._dominance.max  [oscillating, still moving]  swing 1.1×  peak 1.1 @6000 (2600BC)
      5100BC:0.0000  4600BC:0.0000  4100BC:0.0000  3600BC:0.0000  3100BC:1.0  2600BC:1.1  2100BC:1.0  1600BC:0.0000  1100BC:1.0  600BC:0.0000  100BC:0.0000  400AD:0.0000

  MONOTONICITY — a count of things that have happened cannot decrease
  ✓ no metric that names a cumulative history ever decreased

  ⚠ 82 metric(s) rose, then fell back to their own baseline — reset-shaped, review:
      field._gapNear.sum                       9↑   2↓   -998.0 → -1124.0 at 7000
      field._fpPrev.sum                        5↑   6↓   1.10e+7 → 1.10e+7 at 5000
      field._fpRel.max                         5↑   2↓   3.0 → -1.0 at 6000
      field._fpRel.sum                         5↑   2↓   -9612.0 → -9616.0 at 6000
      field._gapQ.sum                          5↑   6↓   1.90e+6 → 1.45e+6 at 4000
      sett.liegeId.sum                         5↑   1↓   267.0 → -7.0 at 8000
      count._succClaims                        4↑   1↓   2.0 → 0.0000 at 10000
      graph.liege.bonds                        4↑   1↓   2.0 → 0.0000 at 8000
      nation._armyCon.n                        4↑   3↓   5.0 → 0.0000 at 4000
      nation._armyPro.n                        4↑   3↓   5.0 → 0.0000 at 4000
      nation._govStab.max                      4↑   3↓   1.0 → 0.0000 at 5000
      nation._govStab.n                        4↑   3↓   5.0 → 0.0000 at 5000
      nation._govStab.p90                      4↑   3↓   1.0 → 0.0000 at 5000
      nation._manpower.n                       4↑   3↓   5.0 → 0.0000 at 4000
      nation._manpowerCap.n                    4↑   3↓   5.0 → 0.0000 at 4000
      nation._rulerRelief.n                    4↑   3↓   5.0 → 0.0000 at 5000
      nation._rulerWar.n                       4↑   3↓   5.0 → 0.0000 at 5000
      nation._rulerWit.n                       4↑   3↓   5.0 → 0.0000 at 5000
      sett.parentSettlementId.sum              4↑   2↓   -6.0 → -7.0 at 7000
      nation._defLoad.n                        3↑   1↓   8.0 → 0.0000 at 10000
      nation._effFronts.n                      3↑   1↓   8.0 → 0.0000 at 10000
      nation._effFronts.sum                    3↑   1↓   2.0 → 0.0000 at 10000
      nation._mainOffMul.n                     3↑   1↓   8.0 → 0.0000 at 10000
      nation._offEnemies.size.n                3↑   1↓   8.0 → 0.0000 at 10000
      nation._offEnemies.size.sum              3↑   1↓   2.0 → 0.0000 at 10000
      … 57 more
    (Not a failure — a real stock can be spent back to nothing. The arm exists
     because the death bug's NAME promised nothing; only its shape gave it away.)

  ARCS — 8 realms with ≥2 checkpoints
    peakFraction (final ÷ peak area):  p50 1.0   min 0.7500
    rise 10000.0 steps p50   ·   fall 0.0000 steps p50
    realms that EVER declined (kept <90% of peak): 1 of 8

    realm              peak km²   peak@  final km² final/peak   rise   fall
    Ňěňnílěā        1.78e+6    7000    1.34e+6      0.750   6000   5000
    Fevvonfax           1.35e+6   12000    1.35e+6      1.000  11000      0
    Wityim              1.11e+6   12000    1.11e+6      1.000  11000      0
    Fòutrụ̄ịlǐ      1.06e+6   12000    1.06e+6      1.000   4000      0
    Pephamdo            8.92e+5   12000    8.92e+5      1.000  11000      0
    Pomponsomsyus       8.00e+5   11000    8.00e+5      1.000  10000   1000
    Ko                  8.00e+5   12000    8.00e+5      1.000   3000      0
    Sǎfǎkú           4.46e+5    9000    4.31e+5      0.966   1000   3000

    coverage: 10 realms observed vs 256 ever founded  — 246 lived and died inside one 1000-step interval (invisible here; lower --every to catch them)

  EVENTS BY WINDOW (when, not just how many) — 25 kinds with ≥3 occurrences
  kind                       5100BC 4600BC 4100BC 3600BC 3100BC 2600BC 2100BC 1600BC 1100BC  600BC  100BC  400AD
  cradle                          7      ·      ·      ·      ·      ·      ·      ·      ·      ·      ·      ·
  culture.born                   11      5      5      1      ·      ·      1      1      ·      ·      1      1
  dynasty.founded                 ·      ·      ·      2      ·      6      5      4      1      ·      ·      2
  dynasty.union                   ·      ·      ·      ·      1      4      8     10     16     18     18     23
  era.reached                     ·      ·      ·      ·      ·      ·      ·      3      2      3      2      1
  famine.struck                  33     23     22     21      9     33     22     39     44     41     47     60
  gov.changed                     ·      ·      ·      ·      ·      1      3      2      ·      ·      ·      ·
  growth.cities                   ·      1      ·      1      2      1      3      1      1      ·      ·      ·
  industry.specialty              5      ·      ·      ·      ·      1      1      ·      1      ·      ·      ·
  language.shift                  ·      ·      5      ·      ·      5      ·      ·      5      ·      5      ·
  market.dearth                   ·      ·      ·      ·      1      ·      ·      1      ·      ·      ·      1
  plague.outbreak                 ·      1      ·      ·      ·      ·      ·      ·      ·      ·      2      2
  polity.adoptedFaith             ·      ·      ·      ·      1      ·      1      1      1      1      ·      ·
  polity.ended                    ·      2      ·      ·      ·      ·      1      ·      ·      ·      ·      ·
  polity.founded                 17     27     26     20     23     17     25     14     18     19     25     23
  polity.receded                  ·      ·      ·      ·      ·      ·      ·      ·      2      ·      1      1
  polity.seceded                  ·      ·      ·      1      1      5      6      5      3      9      6      5
  ruler.crowned                   ·      ·      ·      2      ·      1      2      2      1      ·      ·      2
  ruler.died                      ·      ·      ·      3      4      4      6      5     12     15     13     14
  ruler.elected                   ·      ·      ·      ·      ·      5      3      2      ·      ·      ·      ·
  settlement.lapsed               ·      ·      ·      ·      ·      ·      ·      ·      2      ·      1      1
  settlement.tier                 6      1      ·      1      2      1      3      1      1      ·      1      2
  war.began                       ·      ·      ·      ·      ·      ·      1      1      2      1      ·      1
  war.ended                       ·      ·      ·      ·      ·      ·      ·      1      1      2      1      ·
  wealth.milestone                ·      ·      ·      ·      ·      ·      ·      2      ·      ·      1      2
