[harness] tree 97f51dd
[stylized] seed 8817 · 480x240 · 21000 steps
[peopleSim] hearth pin Nile picked at tile (138,40) (27.0E 30.0N) — maturity deferred to the stagger law
[peopleSim] hearth pin Mesopotamia picked at tile (149,38) (43.5E 33.0N) — maturity deferred to the stagger law
[peopleSim] hearth pin Indus picked at tile (167,41) (70.5E 28.5N) — maturity deferred to the stagger law
[peopleSim] hearth pin Yellow River picked at tile (196,36) (114.0E 36.0N) — maturity deferred to the stagger law
[peopleSim] hearth Ňěňní at (138,40) (27.0E 30.0N) score 5.41 pkg=wheat(suit 0.78) — matured 1151y into prehistory (wave age 4849y)
[peopleSim] hearth Pephamdo at (149,38) (43.5E 33.0N) score 6.29 pkg=wheat(suit 1.00) — matured 900y into prehistory (wave age 5100y)
[peopleSim] hearth Pomponsom at (167,41) (70.5E 28.5N) score 6.30 pkg=wheat(suit 0.97) — matured 929y into prehistory (wave age 5071y)
[peopleSim] hearth Fevvon at (196,36) (114.0E 36.0N) score 4.55 pkg=rice(suit 0.79) — matured 3173y into prehistory (wave age 2827y)
[peopleSim] hearth Nawaxexi at (56,49) (-96.0E 16.5N) score 1.89 pkg=maize(suit 0.84) — matured 5373y into prehistory (wave age 627y)
[peopleSim] hearth Sasfesu at (111,53) (-13.5E 10.5N) score 1.69 pkg=sorghum(suit 0.62) — matured 3251y into prehistory (wave age 2749y)
[peopleSim] hearth Wityim at (136,72) (24.0E -18.0N) score 1.13 pkg=sorghum(suit 0.56) — matured 3544y into prehistory (wave age 2456y)
[peopleSim] hearth candidate at (77,72) (-64.5E -18.0N) score 0.68 pkg=tubers(suit 0.44) — ARMED: ~790y of peopled-basin time from maturity
[peopleSim] hearth candidate at (31,23) (-133.5E 55.5N) score 0.50 pkg=maize(suit 0.18) — ARMED: ~18458y of peopled-basin time from maturity
[peopleSim] hearth candidate at (117,23) (-4.5E 55.5N) score 0.50 pkg=wheat(suit 0.12) — ARMED: ~7000y of peopled-basin time from maturity
[popField] worker pool engaged: 4 bands
[transHeap] step=24 cap=1024 peakN=1021 pushes=8177 (0.0MB backing)
[peopleSim] AGRICULTURE INVENTED at (77,72) (-64.5E -18.0N) — the basin farms; a city will rise when its market gathers one (score 0.68)
[transHeap] step=8088 cap=2048 peakN=1101 pushes=5864 (0.0MB backing)
[peopleSim] hearth candidate at (117,23) (-4.5E 55.5N) stood down — the farming package arrived before it was invented
[stylized] simulated in 130s

  ok    Zipf rank-size slope (urban cores, G-I): -0.68   (39 cities; mature empirical envelope ≈ −0.8..−1.2; earned-span antiquity shallower (owner-accepted 2026-07))
  ok    largest empire's share of claimed land: 16%   (37 polities on 2511 tiles)
  ok    empire area tail (largest/median): 8.0
        (realm AREA, unscored: largest 6306k km² · median 784k km² · reference: Bronze hegemon ~0.5-1M, Rome ~5M, Han ~6.5M)
        (empire mortality, unscored: back-half top-3 union 7 realms · 202 secessions — deep check: node tools/probe_empires.mjs)
  ok    state lifespan median (incl. living, censored): 6500 steps (~1625y)   (46 fallen + 744 living)
        (fallen-only median 750 steps ~188y; 2/46 fallen within 100 steps — the revolt-churn mode, mechanism item)
  ok    lifespan heavy tail incl. living (max/median): 28.0   (oldest living 21000 steps)
  ok    wars per 1000 steps per polity: 0.28   (10.6/1k across 38 realms)
  ok    wars amid succession crises: 11/223   (human causes visible)
        (19 across state-faith lines)
  ok    tech ~ cradle-distance correlation: -0.81   (knowledge should not lead OUTWARD (earned-span re-baseline 2026-07))
  ok    urbanization vs development: 7.7%   (agrarian era: a minority in cities (2-25%))
  ok    population ~ development (monotone): 0.97   (log-pop vs leading agriculture)
  ok    growth accelerates with development: n/a   (pre-industrial run: modern agriculture never discovered — the accelerating chapter is absent)
  ok    price level bounded: 0.81   (people-weighted raw M/T÷baseline (sim-clamped mean 0.90, 0 components pegged at cap))
  ok    market integration narrows prices (Δ): -0.0130 over 2 knit window(s)   (mean dispersion Δ where components drop, vs noise floor 0.0131 = median |Δ| (Pearson -0.15, unscored — probe_market.mjs))
  ok    trade intensity vs transport: 1.4   (flow×1000/wealth; median nav+mob 0.63 → band 0.05-150)
  ok    war deadliness tail (largest/median): 24.3   (48 wars reckoned; top3mean/med 14.0)
        (greatest war's share of all war dead: 18% across 48 wars — count-sensitive, unscored)
  ok    culture count ~ area^k, k<1: 0.27   (diversity grows with territory, sublinearly (k<1))
  ok    settlements cluster on water (same-footprint enrichment): 1.35   (100% on water vs same-footprint null 74% (raw per-tile null gave 1.68; NN-CV 0.31))
  ok    fish share of food supply: 0.0%   (0% of population lives majority-fish [soft bar ≤40% Tier-B])
  ok    civilization alive: 56 settlements, pop 19119
  ok    wealth finite: 487629
  ok    polities exist: 38
        (registries: 41 cultures · 29 faiths · 155 dynasties · 13924 persons · 4057 events)

[stylized] all hard gates passed · 0 soft warning(s) (budget 2)
