[harness] tree 9ea8b65
[peopleSim] hearth pin Nile picked at tile (138,40) (27.0E 30.0N) — maturity deferred to the stagger law
[peopleSim] hearth pin Mesopotamia picked at tile (149,38) (43.5E 33.0N) — maturity deferred to the stagger law
[peopleSim] hearth pin Indus picked at tile (167,41) (70.5E 28.5N) — maturity deferred to the stagger law
[peopleSim] hearth pin Yellow River picked at tile (197,38) (115.5E 33.0N) — maturity deferred to the stagger law
[peopleSim] hearth Takomputpam at (138,40) (27.0E 30.0N) score 7.01 pkg=wheat(suit 1.00) — matured 900y into prehistory (wave age 5100y)
[peopleSim] hearth Sudiiti at (149,38) (43.5E 33.0N) score 6.23 pkg=wheat(suit 1.00) — matured 900y into prehistory (wave age 5100y)
[peopleSim] hearth Dwamtíxip at (167,41) (70.5E 28.5N) score 6.46 pkg=wheat(suit 0.98) — matured 917y into prehistory (wave age 5083y)
[peopleSim] hearth Ēfǐudìu at (197,38) (115.5E 33.0N) score 6.15 pkg=rice(suit 0.96) — matured 2610y into prehistory (wave age 3390y)
[peopleSim] hearth candidate at (53,40) (-100.5E 30.0N) score 2.26 pkg=maize(suit 0.55) — ARMED: ~2224y of peopled-basin time from maturity
[peopleSim] hearth Tasayyo at (139,73) (28.5E -19.5N) score 1.23 pkg=tubers(suit 0.76) — matured 3969y into prehistory (wave age 2031y)
[peopleSim] hearth candidate at (69,66) (-76.5E -9.0N) score 0.64 pkg=tubers(suit 0.46) — ARMED: ~531y of peopled-basin time from maturity
[peopleSim] hearth candidate at (119,56) (-1.5E 6.0N) score 0.50 pkg=tubers(suit 0.21) — ARMED: ~8541y of peopled-basin time from maturity
[peopleSim] hearth candidate at (31,23) (-133.5E 55.5N) score 0.50 pkg=maize(suit 0.16) — ARMED: ~22276y of peopled-basin time from maturity
[peopleSim] hearth candidate at (117,23) (-4.5E 55.5N) score 0.50 pkg=wheat(suit 0.10) — ARMED: ~7000y of peopled-basin time from maturity

=== IMPORT-UPTAKE FUNNEL  480x240 (tw=240)  seed 777  SOLVER defaults  24000 steps ===

[popField] worker pool engaged: 4 bands
[transHeap] step=24 cap=1024 peakN=958 pushes=5782 (0.0MB backing)
step   2000  n 3 · polities 3 (1.0/realm) · parents 0 · leaves 3 (100%) · importers(isr>.02) 0
   flow/tick  offers 0.00  levied 0.00  bought 0.00  unbought 0.00  PEER-bought 0.00 · coin-capped parents 0/0 · ΣcoreNeed 0.1 Σsupply 1.5 Σland 1.5
   fed  leaf p10/50/90 1.00/1.00/1.00  parent 0.00/0.00/0.00 · fedNOW p10/50/90 1.00/1.00/1.00 · importShare p50/p90 0.00/0.00 · spare-coin p50 0.0
   channels  Σpeople 363 · urbanShare 0.051 · core p50/p90 3.6/14.1 · fishShare 0.012 · wealth p50 75
   hungry(<0.85) 0/3:  LEAF 0 · DRY-SURPLUS 0 · DRY-HAUL 0 · CAPPED 0 · FED-SHORT 0

step   4000  n 3 · polities 3 (1.0/realm) · parents 0 · leaves 3 (100%) · importers(isr>.02) 0
   flow/tick  offers 0.00  levied 0.00  bought 0.00  unbought 0.00  PEER-bought 0.00 · coin-capped parents 0/0 · ΣcoreNeed 0.2 Σsupply 2.6 Σland 2.6
   fed  leaf p10/50/90 1.00/1.00/1.00  parent 0.00/0.00/0.00 · fedNOW p10/50/90 1.00/1.00/1.00 · importShare p50/p90 0.00/0.00 · spare-coin p50 0.0
   channels  Σpeople 588 · urbanShare 0.052 · core p50/p90 6.6/23.3 · fishShare 0.058 · wealth p50 0
   hungry(<0.85) 0/3:  LEAF 0 · DRY-SURPLUS 0 · DRY-HAUL 0 · CAPPED 0 · FED-SHORT 0

step   6000  n 3 · polities 3 (1.0/realm) · parents 0 · leaves 3 (100%) · importers(isr>.02) 0
   flow/tick  offers 0.00  levied 0.00  bought 0.00  unbought 0.00  PEER-bought 0.00 · coin-capped parents 0/0 · ΣcoreNeed 0.3 Σsupply 3.0 Σland 2.6
   fed  leaf p10/50/90 1.00/1.00/1.00  parent 0.00/0.00/0.00 · fedNOW p10/50/90 1.00/1.00/1.00 · importShare p50/p90 0.00/0.00 · spare-coin p50 0.0
   channels  Σpeople 863 · urbanShare 0.054 · core p50/p90 9.2/36.0 · fishShare 0.122 · wealth p50 0
   hungry(<0.85) 0/3:  LEAF 0 · DRY-SURPLUS 0 · DRY-HAUL 0 · CAPPED 0 · FED-SHORT 0

[peopleSim] AGRICULTURE INVENTED at (69,66) (-76.5E -9.0N) — the basin farms; a city will rise when its market gathers one (score 0.64)
step   8000  n 4 · polities 4 (1.0/realm) · parents 0 · leaves 4 (100%) · importers(isr>.02) 0
   flow/tick  offers 0.00  levied 0.00  bought 0.00  unbought 0.00  PEER-bought 0.00 · coin-capped parents 0/0 · ΣcoreNeed 0.6 Σsupply 2.3 Σland 4.5
   fed  leaf p10/50/90 0.03/1.00/1.00  parent 0.00/0.00/0.00 · fedNOW p10/50/90 0.00/1.00/1.00 · importShare p50/p90 0.00/0.00 · spare-coin p50 1397.3
   channels  Σpeople 1324 · urbanShare 0.082 · core p50/p90 42.0/52.3 · fishShare 0.001 · wealth p50 1503
   hungry(<0.85) 1/4:  LEAF 1 · DRY-SURPLUS 0 · DRY-HAUL 0 · CAPPED 0 · FED-SHORT 0
     leaf market stage:  MKT-COVERED 1

step  10000  n 4 · polities 4 (1.0/realm) · parents 0 · leaves 4 (100%) · importers(isr>.02) 0
   flow/tick  offers 0.00  levied 0.00  bought 0.00  unbought 0.00  PEER-bought 0.00 · coin-capped parents 0/0 · ΣcoreNeed 0.7 Σsupply 4.8 Σland 4.2
   fed  leaf p10/50/90 1.00/1.00/1.00  parent 0.00/0.00/0.00 · fedNOW p10/50/90 1.00/1.00/1.00 · importShare p50/p90 0.00/0.00 · spare-coin p50 8303.4
   channels  Σpeople 1703 · urbanShare 0.085 · core p50/p90 63.5/65.6 · fishShare 0.130 · wealth p50 8562
   hungry(<0.85) 0/4:  LEAF 0 · DRY-SURPLUS 0 · DRY-HAUL 0 · CAPPED 0 · FED-SHORT 0

step  12000  n 5 · polities 5 (1.0/realm) · parents 0 · leaves 5 (100%) · importers(isr>.02) 0
   flow/tick  offers 0.00  levied 0.00  bought 0.00  unbought 0.00  PEER-bought 0.00 · coin-capped parents 0/0 · ΣcoreNeed 0.9 Σsupply 9.4 Σland 10.2
   fed  leaf p10/50/90 0.37/1.00/1.00  parent 0.00/0.00/0.00 · fedNOW p10/50/90 0.00/1.00/1.00 · importShare p50/p90 0.00/0.00 · spare-coin p50 6700.6
   channels  Σpeople 2565 · urbanShare 0.062 · core p50/p90 15.2/70.1 · fishShare 0.108 · wealth p50 6883
   hungry(<0.85) 1/5:  LEAF 1 · DRY-SURPLUS 0 · DRY-HAUL 0 · CAPPED 0 · FED-SHORT 0
     leaf market stage:  MKT-COVERED 1

step  14000  n 6 · polities 6 (1.0/realm) · parents 0 · leaves 6 (100%) · importers(isr>.02) 0
   flow/tick  offers 0.21  levied 0.00  bought 0.21  unbought 0.00  PEER-bought 0.00 · coin-capped parents 0/0 · ΣcoreNeed 1.4 Σsupply 10.5 Σland 11.2
   fed  leaf p10/50/90 0.38/1.00/1.00  parent 0.00/0.00/0.00 · fedNOW p10/50/90 1.00/1.00/1.00 · importShare p50/p90 0.00/0.00 · spare-coin p50 8877.9
   channels  Σpeople 3284 · urbanShare 0.070 · core p50/p90 42.2/73.9 · fishShare 0.011 · wealth p50 9177
   hungry(<0.85) 1/6:  LEAF 1 · DRY-SURPLUS 0 · DRY-HAUL 0 · CAPPED 0 · FED-SHORT 0
     leaf market stage:  MKT-COVERED 1

[peopleSim] AGRICULTURE INVENTED at (53,40) (-100.5E 30.0N) — the basin farms; a city will rise when its market gathers one (score 2.26)
step  16000  n 8 · polities 6 (1.3/realm) · parents 0 · leaves 8 (100%) · importers(isr>.02) 0
   flow/tick  offers 0.00  levied 0.00  bought 0.00  unbought 0.00  PEER-bought 0.00 · coin-capped parents 0/0 · ΣcoreNeed 1.5 Σsupply 11.4 Σland 12.2
   fed  leaf p10/50/90 0.85/1.00/1.00  parent 0.00/0.00/0.00 · fedNOW p10/50/90 1.00/1.00/1.00 · importShare p50/p90 0.00/0.00 · spare-coin p50 7453.9
   channels  Σpeople 4237 · urbanShare 0.049 · core p50/p90 16.2/77.4 · fishShare 0.031 · wealth p50 7522
   hungry(<0.85) 1/8:  LEAF 1 · DRY-SURPLUS 0 · DRY-HAUL 0 · CAPPED 0 · FED-SHORT 0
     leaf market stage:  MKT-COVERED 1

step  18000  n 15 · polities 10 (1.5/realm) · parents 2 · leaves 13 (87%) · importers(isr>.02) 2
   flow/tick  offers 3.12  levied 0.22  bought 2.91  unbought 0.00  PEER-bought 0.00 · coin-capped parents 0/2 · ΣcoreNeed 2.1 Σsupply 29.4 Σland 26.3
   fed  leaf p10/50/90 0.37/1.00/1.00  parent 0.99/1.00/1.00 · fedNOW p10/50/90 1.00/1.00/1.00 · importShare p50/p90 0.00/0.19 · spare-coin p50 4261.1
   channels  Σpeople 5950 · urbanShare 0.054 · core p50/p90 17.9/56.6 · fishShare 0.239 · wealth p50 4442
   hungry(<0.85) 2/15:  LEAF 2 · DRY-SURPLUS 0 · DRY-HAUL 0 · CAPPED 0 · FED-SHORT 0
     leaf market stage:  MKT-COVERED 2

step  20000  n 18 · polities 14 (1.3/realm) · parents 2 · leaves 16 (89%) · importers(isr>.02) 2
   flow/tick  offers 1.82  levied 0.21  bought 1.61  unbought 0.00  PEER-bought 0.00 · coin-capped parents 0/2 · ΣcoreNeed 2.3 Σsupply 20.4 Σland 28.5
   fed  leaf p10/50/90 0.00/1.00/1.00  parent 1.00/1.00/1.00 · fedNOW p10/50/90 0.00/1.00/1.00 · importShare p50/p90 0.00/0.47 · spare-coin p50 4284.0
   channels  Σpeople 7194 · urbanShare 0.044 · core p50/p90 9.4/61.6 · fishShare 0.015 · wealth p50 4513
   hungry(<0.85) 5/18:  LEAF 5 · DRY-SURPLUS 0 · DRY-HAUL 0 · CAPPED 0 · FED-SHORT 0
     leaf market stage:  MKT-COVERED 5

step  22000  n 22 · polities 18 (1.2/realm) · parents 3 · leaves 19 (86%) · importers(isr>.02) 2
   flow/tick  offers 3.59  levied 0.66  bought 2.93  unbought 0.00  PEER-bought 0.00 · coin-capped parents 0/2 · ΣcoreNeed 2.8 Σsupply 24.8 Σland 40.8
   fed  leaf p10/50/90 0.00/0.96/1.00  parent 1.00/1.00/1.00 · fedNOW p10/50/90 0.00/1.00/1.00 · importShare p50/p90 0.00/0.00 · spare-coin p50 3503.3
   channels  Σpeople 9159 · urbanShare 0.042 · core p50/p90 8.6/55.4 · fishShare 0.020 · wealth p50 3634
   hungry(<0.85) 9/22:  LEAF 9 · DRY-SURPLUS 0 · DRY-HAUL 0 · CAPPED 0 · FED-SHORT 0
     leaf market stage:  MKT-COVERED 7 · MKT-SHORT-idle 2

[transHeap] step=22200 cap=2048 peakN=1042 pushes=5937 (0.0MB backing)
[peopleSim] hearth candidate at (117,23) (-4.5E 55.5N) stood down — the farming package arrived before it was invented
step  24000  n 27 · polities 20 (1.4/realm) · parents 5 · leaves 22 (81%) · importers(isr>.02) 4
   flow/tick  offers 11.66  levied 0.73  bought 6.83  unbought 4.10  PEER-bought 0.00 · coin-capped parents 0/4 · ΣcoreNeed 4.5 Σsupply 66.3 Σland 61.0
   fed  leaf p10/50/90 0.14/1.00/1.00  parent 1.00/1.00/1.00 · fedNOW p10/50/90 0.00/1.00/1.00 · importShare p50/p90 0.00/0.20 · spare-coin p50 4555.7
   channels  Σpeople 13364 · urbanShare 0.046 · core p50/p90 15.7/46.8 · fishShare 0.292 · wealth p50 4616
   hungry(<0.85) 6/27:  LEAF 6 · DRY-SURPLUS 0 · DRY-HAUL 0 · CAPPED 0 · FED-SHORT 0
     leaf market stage:  MKT-COVERED 5 · MKT-SHORT-idle 1

READ: LEAF-dominated hungry = the topology starves non-capitals (peer/market
trade is the missing system). CAPPED-dominated = levy org / buyer coin is the
throttle. DRY-SURPLUS at capitals = the land gap is upstream of the market.
