[harness] tree a73c1dd
[SIM_TUNE] {"DAWN_LIVE":1,"STATE_RECORDS":1,"LAND_KNOW":1,"PEER_SEATS":1,"FOUND_DRIFT":1,"ABSORB_ORG_ERA":1,"TRIBUTE_UP":0.33,"ENGULF":8,"FEAR_REACH":1,"WAR_FINISH":1,"SMALL_WAR":8,"RELIEF_REACH":1,"EXCH_WAVE":3,"TECH_USE":1,"VASSAL_LEVY":0.5,"DISSOLVE_CORE":1,"SETT_STRIDE":3,"TRADE_STRIDE":5,"GRAIN_MARKET":1}
Earth (Sim): using real NCEP/NCAR precipitation + air temperature
[peopleSim] hearth pin Nile picked at tile (138,41) (27.0E 28.5N) — maturity deferred to the stagger law
[peopleSim] hearth pin Mesopotamia picked at tile (149,38) (43.5E 33.0N) — maturity deferred to the stagger law
[peopleSim] hearth pin Indus picked at tile (166,41) (69.0E 28.5N) — maturity deferred to the stagger law
[peopleSim] hearth pin Yellow River picked at tile (197,38) (115.5E 33.0N) — maturity deferred to the stagger law
[peopleSim] hearth candidate at (138,41) (27.0E 28.5N) score 7.22 pkg=wheat(suit 0.98) — ARMED: ~920y of peopled-basin time from maturity
[peopleSim] hearth candidate at (149,38) (43.5E 33.0N) score 6.30 pkg=wheat(suit 0.99) — ARMED: ~906y of peopled-basin time from maturity
[peopleSim] hearth candidate at (166,41) (69.0E 28.5N) score 5.81 pkg=wheat(suit 0.82) — ARMED: ~1093y of peopled-basin time from maturity
[peopleSim] hearth candidate at (197,38) (115.5E 33.0N) score 6.45 pkg=rice(suit 1.04) — ARMED: ~2412y of peopled-basin time from maturity
[peopleSim] hearth candidate at (52,35) (-102.0E 37.5N) score 4.47 pkg=maize(suit 0.87) — ARMED: ~5163y of peopled-basin time from maturity
[peopleSim] hearth candidate at (112,50) (-12.0E 15.0N) score 3.39 pkg=sorghum(suit 0.64) — ARMED: ~3149y of peopled-basin time from maturity
[peopleSim] hearth candidate at (137,74) (25.5E -21.0N) score 1.69 pkg=tubers(suit 0.86) — ARMED: ~3487y of peopled-basin time from maturity
[peopleSim] hearth candidate at (72,71) (-72.0E -16.5N) score 1.34 pkg=tubers(suit 0.70) — ARMED: ~4270y of peopled-basin time from maturity
[peopleSim] hearth candidate at (124,21) (6.0E 58.5N) score 0.50 — ARMED: ~13000y of peopled-basin time from maturity
[peopleSim] hearth candidate at (185,59) (97.5E 1.5N) score 0.50 — ARMED: ~13000y of peopled-basin time from maturity

=== IMPORT-UPTAKE FUNNEL  480x240 (tw=240)  seed 8817  OBSERVED + arm  30000 steps ===

[popField] worker pool engaged: 4 bands
[transHeap] step=24 cap=1024 peakN=0 pushes=0 (0.0MB backing)
step   2000  n 0 · polities 0 (0.0/realm) · parents 0 · leaves 0 (0%) · importers(isr>.02) 0
   flow/tick  offers 0.00  levied 0.00  bought 0.00  unbought 0.00  PEER-bought 0.00 · coin-capped parents 0/0 · ΣcoreNeed 0.0 Σsupply 0.0 Σland 0.0
   fed  leaf p10/50/90 0.00/0.00/0.00  parent 0.00/0.00/0.00 · fedNOW p10/50/90 0.00/0.00/0.00 · importShare p50/p90 0.00/0.00 · spare-coin p50 0.0
   hungry(<0.85) 0/0:  LEAF 0 · DRY-SURPLUS 0 · DRY-HAUL 0 · CAPPED 0 · FED-SHORT 0

step   4000  n 0 · polities 0 (0.0/realm) · parents 0 · leaves 0 (0%) · importers(isr>.02) 0
   flow/tick  offers 0.00  levied 0.00  bought 0.00  unbought 0.00  PEER-bought 0.00 · coin-capped parents 0/0 · ΣcoreNeed 0.0 Σsupply 0.0 Σland 0.0
   fed  leaf p10/50/90 0.00/0.00/0.00  parent 0.00/0.00/0.00 · fedNOW p10/50/90 0.00/0.00/0.00 · importShare p50/p90 0.00/0.00 · spare-coin p50 0.0
   hungry(<0.85) 0/0:  LEAF 0 · DRY-SURPLUS 0 · DRY-HAUL 0 · CAPPED 0 · FED-SHORT 0

step   6000  n 0 · polities 0 (0.0/realm) · parents 0 · leaves 0 (0%) · importers(isr>.02) 0
   flow/tick  offers 0.00  levied 0.00  bought 0.00  unbought 0.00  PEER-bought 0.00 · coin-capped parents 0/0 · ΣcoreNeed 0.0 Σsupply 0.0 Σland 0.0
   fed  leaf p10/50/90 0.00/0.00/0.00  parent 0.00/0.00/0.00 · fedNOW p10/50/90 0.00/0.00/0.00 · importShare p50/p90 0.00/0.00 · spare-coin p50 0.0
   hungry(<0.85) 0/0:  LEAF 0 · DRY-SURPLUS 0 · DRY-HAUL 0 · CAPPED 0 · FED-SHORT 0

[peopleSim] AGRICULTURE INVENTED at (138,41) (27.0E 28.5N) — the basin farms; a city will rise when its market gathers one (score 7.22)
[peopleSim] AGRICULTURE INVENTED at (149,38) (43.5E 33.0N) — the basin farms; a city will rise when its market gathers one (score 6.30)
step   8000  n 0 · polities 0 (0.0/realm) · parents 0 · leaves 0 (0%) · importers(isr>.02) 0
   flow/tick  offers 0.00  levied 0.00  bought 0.00  unbought 0.00  PEER-bought 0.00 · coin-capped parents 0/0 · ΣcoreNeed 0.0 Σsupply 0.0 Σland 0.0
   fed  leaf p10/50/90 0.00/0.00/0.00  parent 0.00/0.00/0.00 · fedNOW p10/50/90 0.00/0.00/0.00 · importShare p50/p90 0.00/0.00 · spare-coin p50 0.0
   hungry(<0.85) 0/0:  LEAF 0 · DRY-SURPLUS 0 · DRY-HAUL 0 · CAPPED 0 · FED-SHORT 0

[peopleSim] AGRICULTURE INVENTED at (166,41) (69.0E 28.5N) — the basin farms; a city will rise when its market gathers one (score 5.81)
step  10000  n 0 · polities 0 (0.0/realm) · parents 0 · leaves 0 (0%) · importers(isr>.02) 0
   flow/tick  offers 0.00  levied 0.00  bought 0.00  unbought 0.00  PEER-bought 0.00 · coin-capped parents 0/0 · ΣcoreNeed 0.0 Σsupply 0.0 Σland 0.0
   fed  leaf p10/50/90 0.00/0.00/0.00  parent 0.00/0.00/0.00 · fedNOW p10/50/90 0.00/0.00/0.00 · importShare p50/p90 0.00/0.00 · spare-coin p50 0.0
   hungry(<0.85) 0/0:  LEAF 0 · DRY-SURPLUS 0 · DRY-HAUL 0 · CAPPED 0 · FED-SHORT 0

step  12000  n 0 · polities 0 (0.0/realm) · parents 0 · leaves 0 (0%) · importers(isr>.02) 0
   flow/tick  offers 0.00  levied 0.00  bought 0.00  unbought 0.00  PEER-bought 0.00 · coin-capped parents 0/0 · ΣcoreNeed 0.0 Σsupply 0.0 Σland 0.0
   fed  leaf p10/50/90 0.00/0.00/0.00  parent 0.00/0.00/0.00 · fedNOW p10/50/90 0.00/0.00/0.00 · importShare p50/p90 0.00/0.00 · spare-coin p50 0.0
   hungry(<0.85) 0/0:  LEAF 0 · DRY-SURPLUS 0 · DRY-HAUL 0 · CAPPED 0 · FED-SHORT 0

step  14000  n 5 · polities 0 (5.0/realm) · parents 0 · leaves 5 (100%) · importers(isr>.02) 0
   flow/tick  offers 0.00  levied 0.00  bought 0.00  unbought 0.00  PEER-bought 0.00 · coin-capped parents 0/0 · ΣcoreNeed 2.3 Σsupply 1.1 Σland 1.0
   fed  leaf p10/50/90 0.89/0.94/1.00  parent 0.00/0.00/0.00 · fedNOW p10/50/90 0.00/0.52/1.00 · importShare p50/p90 0.00/0.00 · spare-coin p50 0.0
   hungry(<0.85) 0/5:  LEAF 0 · DRY-SURPLUS 0 · DRY-HAUL 0 · CAPPED 0 · FED-SHORT 0

[peopleSim] AGRICULTURE INVENTED at (197,38) (115.5E 33.0N) — the basin farms; a city will rise when its market gathers one (score 6.45)
step  16000  n 8 · polities 3 (2.7/realm) · parents 2 · leaves 6 (75%) · importers(isr>.02) 0
   flow/tick  offers 1.04  levied 0.07  bought 0.00  unbought 0.97  PEER-bought 0.07 · coin-capped parents 0/0 · ΣcoreNeed 2.2 Σsupply 0.0 Σland 1.9
   fed  leaf p10/50/90 0.15/0.73/0.97  parent 0.03/0.36/0.36 · fedNOW p10/50/90 0.00/0.00/0.00 · importShare p50/p90 0.00/0.00 · spare-coin p50 6.4
   hungry(<0.85) 6/8:  LEAF 4 · DRY-SURPLUS 2 · DRY-HAUL 0 · CAPPED 0 · FED-SHORT 0
     leaf market stage:  MKT-NOSELLER 4
     Egypt/Mideast  n   3 · fed p50 0.87 · importers 0 · leaf 67%

[peopleSim] hearth candidate at (124,21) (6.0E 58.5N) stood down — the farming package arrived before it was invented
[peopleSim] hearth candidate at (137,74) (25.5E -21.0N) stood down — the farming package arrived before it was invented
step  18000  n 22 · polities 15 (1.5/realm) · parents 2 · leaves 20 (91%) · importers(isr>.02) 7
   flow/tick  offers 0.14  levied 0.02  bought 0.12  unbought 0.00  PEER-bought 1.11 · coin-capped parents 0/1 · ΣcoreNeed 9.0 Σsupply 12.4 Σland 16.8
   fed  leaf p10/50/90 0.09/0.53/1.00  parent 0.26/0.70/0.70 · fedNOW p10/50/90 0.00/0.61/1.00 · importShare p50/p90 0.00/1.00 · spare-coin p50 61.0
   hungry(<0.85) 17/22:  LEAF 15 · DRY-SURPLUS 1 · DRY-HAUL 0 · CAPPED 0 · FED-SHORT 1
     leaf market stage:  MKT-COVERED 11 · MKT-HAULDEAD 1 · MKT-NOCOIN 1 · MKT-SHORT-bought 2
     Egypt/Mideast  n  10 · fed p50 0.44 · importers 4 · leaf 100%
     W-Europe       n   3 · fed p50 1.00 · importers 0 · leaf 100%

[peopleSim] AGRICULTURE INVENTED at (112,50) (-12.0E 15.0N) — the basin farms; a city will rise when its market gathers one (score 3.39)
