[harness] tree f8d49e1
[peopleSim] hearth pin Nile picked at tile (138,40) (27.0E 30.0N) — maturity deferred to the stagger law
[peopleSim] hearth pin Mesopotamia picked at tile (149,38) (43.5E 33.0N) — maturity deferred to the stagger law
[peopleSim] hearth pin Indus picked at tile (167,41) (70.5E 28.5N) — maturity deferred to the stagger law
[peopleSim] hearth pin Yellow River picked at tile (196,36) (114.0E 36.0N) — maturity deferred to the stagger law
[peopleSim] hearth Ňěňní at (138,40) (27.0E 30.0N) score 5.41 pkg=wheat(suit 0.78) — matured 1151y into prehistory (wave age 4849y)
[peopleSim] hearth Pephamdo at (149,38) (43.5E 33.0N) score 6.29 pkg=wheat(suit 1.00) — matured 900y into prehistory (wave age 5100y)
[peopleSim] hearth Pomponsom at (167,41) (70.5E 28.5N) score 6.30 pkg=wheat(suit 0.97) — matured 929y into prehistory (wave age 5071y)
[peopleSim] hearth Fevvon at (196,36) (114.0E 36.0N) score 4.55 pkg=rice(suit 0.79) — matured 3173y into prehistory (wave age 2827y)
[peopleSim] hearth Nawaxexi at (56,49) (-96.0E 16.5N) score 1.89 pkg=maize(suit 0.84) — matured 5373y into prehistory (wave age 627y)
[peopleSim] hearth Sasfesu at (111,53) (-13.5E 10.5N) score 1.69 pkg=sorghum(suit 0.62) — matured 3251y into prehistory (wave age 2749y)
[peopleSim] hearth Wityim at (136,72) (24.0E -18.0N) score 1.13 pkg=sorghum(suit 0.56) — matured 3544y into prehistory (wave age 2456y)
[peopleSim] hearth candidate at (77,72) (-64.5E -18.0N) score 0.68 pkg=tubers(suit 0.44) — ARMED: ~790y of peopled-basin time from maturity
[peopleSim] hearth candidate at (31,23) (-133.5E 55.5N) score 0.50 pkg=maize(suit 0.18) — ARMED: ~18458y of peopled-basin time from maturity
[peopleSim] hearth candidate at (117,23) (-4.5E 55.5N) score 0.50 pkg=wheat(suit 0.12) — ARMED: ~7000y of peopled-basin time from maturity

=== IMPORT-UPTAKE FUNNEL  480x240 (tw=240)  seed 8817  SOLVER defaults  10000 steps ===

[popField] worker pool engaged: 4 bands
[transHeap] step=24 cap=1024 peakN=1021 pushes=8177 (0.0MB backing)
step   2000  n 5 · polities 5 (1.0/realm) · parents 0 · leaves 5 (100%) · importers(isr>.02) 0
   flow/tick  offers 0.00  levied 0.00  bought 0.00  unbought 0.00 · coin-capped parents 0/0 · ΣcoreNeed 0.2 Σsupply 3.7 Σland 3.2
   fed  leaf p10/50/90 1.00/1.00/1.00  parent 0.00/0.00/0.00 · importShare p50/p90 0.00/0.00 · spare-coin p50 0.0
   hungry(<0.85) 0/5:  LEAF 0 · DRY-SURPLUS 0 · DRY-HAUL 0 · CAPPED 0 · FED-SHORT 0

step   4000  n 5 · polities 5 (1.0/realm) · parents 0 · leaves 5 (100%) · importers(isr>.02) 0
   flow/tick  offers 0.00  levied 0.00  bought 0.00  unbought 0.00 · coin-capped parents 0/0 · ΣcoreNeed 0.4 Σsupply 3.3 Σland 3.3
   fed  leaf p10/50/90 1.00/1.00/1.00  parent 0.00/0.00/0.00 · importShare p50/p90 0.00/0.00 · spare-coin p50 0.0
   hungry(<0.85) 0/5:  LEAF 0 · DRY-SURPLUS 0 · DRY-HAUL 0 · CAPPED 0 · FED-SHORT 0

step   6000  n 6 · polities 5 (1.2/realm) · parents 1 · leaves 5 (83%) · importers(isr>.02) 0
   flow/tick  offers 1.14  levied 0.00  bought 0.73  unbought 0.41 · coin-capped parents 1/1 · ΣcoreNeed 0.6 Σsupply 5.0 Σland 4.8
   fed  leaf p10/50/90 1.00/1.00/1.00  parent 0.50/0.50/0.50 · importShare p50/p90 0.00/0.00 · spare-coin p50 204.6
   hungry(<0.85) 1/6:  LEAF 0 · DRY-SURPLUS 0 · DRY-HAUL 0 · CAPPED 1 · FED-SHORT 0

[peopleSim] AGRICULTURE INVENTED at (77,72) (-64.5E -18.0N) — the basin farms; a city will rise when its market gathers one (score 0.68)
step   8000  n 7 · polities 7 (1.0/realm) · parents 0 · leaves 7 (100%) · importers(isr>.02) 0
   flow/tick  offers 0.00  levied 0.00  bought 0.00  unbought 0.00 · coin-capped parents 0/0 · ΣcoreNeed 1.1 Σsupply 5.4 Σland 6.3
   fed  leaf p10/50/90 0.00/1.00/1.00  parent 0.00/0.00/0.00 · importShare p50/p90 0.00/0.00 · spare-coin p50 1196.0
   hungry(<0.85) 2/7:  LEAF 2 · DRY-SURPLUS 0 · DRY-HAUL 0 · CAPPED 0 · FED-SHORT 0

step  10000  n 9 · polities 8 (1.1/realm) · parents 0 · leaves 9 (100%) · importers(isr>.02) 0
   flow/tick  offers 0.00  levied 0.00  bought 0.00  unbought 0.00 · coin-capped parents 0/0 · ΣcoreNeed 1.6 Σsupply 14.0 Σland 13.7
   fed  leaf p10/50/90 0.53/1.00/1.00  parent 0.00/0.00/0.00 · importShare p50/p90 0.00/0.00 · spare-coin p50 2080.3
   hungry(<0.85) 1/9:  LEAF 1 · DRY-SURPLUS 0 · DRY-HAUL 0 · CAPPED 0 · FED-SHORT 0

READ: LEAF-dominated hungry = the topology starves non-capitals (peer/market
trade is the missing system). CAPPED-dominated = levy org / buyer coin is the
throttle. DRY-SURPLUS at capitals = the land gap is upstream of the market.
