[harness] tree c2bcfd2
[SIM_TUNE] {"GRAIN_MARKET":1}
[peopleSim] hearth pin Nile picked at tile (138,40) (27.0E 30.0N) — maturity deferred to the stagger law
[peopleSim] hearth pin Mesopotamia picked at tile (149,38) (43.5E 33.0N) — maturity deferred to the stagger law
[peopleSim] hearth pin Indus picked at tile (167,41) (70.5E 28.5N) — maturity deferred to the stagger law
[peopleSim] hearth pin Yellow River picked at tile (197,38) (115.5E 33.0N) — maturity deferred to the stagger law
[peopleSim] hearth Takomputpam at (138,40) (27.0E 30.0N) score 7.01 pkg=wheat(suit 1.00) — matured 900y into prehistory (wave age 5100y)
[peopleSim] hearth Sudiiti at (149,38) (43.5E 33.0N) score 6.23 pkg=wheat(suit 1.00) — matured 900y into prehistory (wave age 5100y)
[peopleSim] hearth Dwamtíxip at (167,41) (70.5E 28.5N) score 6.46 pkg=wheat(suit 0.98) — matured 917y into prehistory (wave age 5083y)
[peopleSim] hearth Ēfǐudìu at (197,38) (115.5E 33.0N) score 6.15 pkg=rice(suit 0.96) — matured 2610y into prehistory (wave age 3390y)
[peopleSim] hearth candidate at (53,40) (-100.5E 30.0N) score 2.26 pkg=maize(suit 0.55) — ARMED: ~2224y of peopled-basin time from maturity
[peopleSim] hearth Tasayyo at (139,73) (28.5E -19.5N) score 1.23 pkg=tubers(suit 0.76) — matured 3969y into prehistory (wave age 2031y)
[peopleSim] hearth candidate at (69,66) (-76.5E -9.0N) score 0.64 pkg=tubers(suit 0.46) — ARMED: ~531y of peopled-basin time from maturity
[peopleSim] hearth candidate at (119,56) (-1.5E 6.0N) score 0.50 pkg=tubers(suit 0.21) — ARMED: ~8541y of peopled-basin time from maturity
[peopleSim] hearth candidate at (31,23) (-133.5E 55.5N) score 0.50 pkg=maize(suit 0.16) — ARMED: ~22276y of peopled-basin time from maturity
[peopleSim] hearth candidate at (117,23) (-4.5E 55.5N) score 0.50 pkg=wheat(suit 0.10) — ARMED: ~7000y of peopled-basin time from maturity

=== IMPORT-UPTAKE FUNNEL  480x240 (tw=240)  seed 777  SOLVER defaults  24000 steps ===

[popField] worker pool engaged: 4 bands
[transHeap] step=24 cap=1024 peakN=958 pushes=5782 (0.0MB backing)
step   2000  n 3 · polities 3 (1.0/realm) · parents 0 · leaves 3 (100%) · importers(isr>.02) 0
   flow/tick  offers 0.00  levied 0.00  bought 0.00  unbought 0.00  PEER-bought 0.00 · coin-capped parents 0/0 · ΣcoreNeed 0.1 Σsupply 1.5 Σland 1.5
   fed  leaf p10/50/90 1.00/1.00/1.00  parent 0.00/0.00/0.00 · fedNOW p10/50/90 1.00/1.00/1.00 · importShare p50/p90 0.00/0.00 · spare-coin p50 0.0
   hungry(<0.85) 0/3:  LEAF 0 · DRY-SURPLUS 0 · DRY-HAUL 0 · CAPPED 0 · FED-SHORT 0

step   4000  n 3 · polities 3 (1.0/realm) · parents 0 · leaves 3 (100%) · importers(isr>.02) 0
   flow/tick  offers 0.00  levied 0.00  bought 0.00  unbought 0.00  PEER-bought 0.00 · coin-capped parents 0/0 · ΣcoreNeed 0.2 Σsupply 2.6 Σland 2.6
   fed  leaf p10/50/90 1.00/1.00/1.00  parent 0.00/0.00/0.00 · fedNOW p10/50/90 1.00/1.00/1.00 · importShare p50/p90 0.00/0.00 · spare-coin p50 0.0
   hungry(<0.85) 0/3:  LEAF 0 · DRY-SURPLUS 0 · DRY-HAUL 0 · CAPPED 0 · FED-SHORT 0

step   6000  n 3 · polities 3 (1.0/realm) · parents 0 · leaves 3 (100%) · importers(isr>.02) 0
   flow/tick  offers 0.00  levied 0.00  bought 0.00  unbought 0.00  PEER-bought 0.00 · coin-capped parents 0/0 · ΣcoreNeed 0.3 Σsupply 3.0 Σland 2.6
   fed  leaf p10/50/90 1.00/1.00/1.00  parent 0.00/0.00/0.00 · fedNOW p10/50/90 1.00/1.00/1.00 · importShare p50/p90 0.00/0.00 · spare-coin p50 0.0
   hungry(<0.85) 0/3:  LEAF 0 · DRY-SURPLUS 0 · DRY-HAUL 0 · CAPPED 0 · FED-SHORT 0

[peopleSim] AGRICULTURE INVENTED at (69,66) (-76.5E -9.0N) — the basin farms; a city will rise when its market gathers one (score 0.64)
step   8000  n 4 · polities 4 (1.0/realm) · parents 0 · leaves 4 (100%) · importers(isr>.02) 0
   flow/tick  offers 0.00  levied 0.00  bought 0.00  unbought 0.00  PEER-bought 0.00 · coin-capped parents 0/0 · ΣcoreNeed 0.5 Σsupply 2.8 Σland 4.9
   fed  leaf p10/50/90 0.05/1.00/1.00  parent 0.00/0.00/0.00 · fedNOW p10/50/90 0.00/1.00/1.00 · importShare p50/p90 0.00/0.00 · spare-coin p50 1393.5
   hungry(<0.85) 1/4:  LEAF 1 · DRY-SURPLUS 0 · DRY-HAUL 0 · CAPPED 0 · FED-SHORT 0
     leaf market stage:  MKT-COVERED 1

step  10000  n 5 · polities 5 (1.0/realm) · parents 0 · leaves 5 (100%) · importers(isr>.02) 0
   flow/tick  offers 0.00  levied 0.00  bought 0.00  unbought 0.00  PEER-bought 0.00 · coin-capped parents 0/0 · ΣcoreNeed 0.8 Σsupply 8.1 Σland 6.9
   fed  leaf p10/50/90 1.00/1.00/1.00  parent 0.00/0.00/0.00 · fedNOW p10/50/90 1.00/1.00/1.00 · importShare p50/p90 0.00/0.00 · spare-coin p50 2737.2
   hungry(<0.85) 0/5:  LEAF 0 · DRY-SURPLUS 0 · DRY-HAUL 0 · CAPPED 0 · FED-SHORT 0

step  12000  n 5 · polities 5 (1.0/realm) · parents 0 · leaves 5 (100%) · importers(isr>.02) 0
   flow/tick  offers 0.00  levied 0.00  bought 0.00  unbought 0.00  PEER-bought 0.00 · coin-capped parents 0/0 · ΣcoreNeed 0.9 Σsupply 5.0 Σland 5.8
   fed  leaf p10/50/90 0.37/1.00/1.00  parent 0.00/0.00/0.00 · fedNOW p10/50/90 0.00/1.00/1.00 · importShare p50/p90 0.00/0.00 · spare-coin p50 6837.6
   hungry(<0.85) 1/5:  LEAF 1 · DRY-SURPLUS 0 · DRY-HAUL 0 · CAPPED 0 · FED-SHORT 0
     leaf market stage:  MKT-COVERED 1

step  14000  n 6 · polities 5 (1.2/realm) · parents 0 · leaves 6 (100%) · importers(isr>.02) 0
   flow/tick  offers 0.00  levied 0.00  bought 0.00  unbought 0.00  PEER-bought 0.00 · coin-capped parents 0/0 · ΣcoreNeed 1.1 Σsupply 7.3 Σland 8.4
   fed  leaf p10/50/90 0.01/1.00/1.00  parent 0.00/0.00/0.00 · fedNOW p10/50/90 0.00/1.00/1.00 · importShare p50/p90 0.00/0.00 · spare-coin p50 8620.9
   hungry(<0.85) 1/6:  LEAF 1 · DRY-SURPLUS 0 · DRY-HAUL 0 · CAPPED 0 · FED-SHORT 0
     leaf market stage:  MKT-COVERED 1

[peopleSim] AGRICULTURE INVENTED at (53,40) (-100.5E 30.0N) — the basin farms; a city will rise when its market gathers one (score 2.26)
step  16000  n 7 · polities 5 (1.4/realm) · parents 0 · leaves 7 (100%) · importers(isr>.02) 0
   flow/tick  offers 0.00  levied 0.00  bought 0.00  unbought 0.00  PEER-bought 0.00 · coin-capped parents 0/0 · ΣcoreNeed 1.3 Σsupply 9.5 Σland 9.7
   fed  leaf p10/50/90 1.00/1.00/1.00  parent 0.00/0.00/0.00 · fedNOW p10/50/90 1.00/1.00/1.00 · importShare p50/p90 0.00/0.00 · spare-coin p50 4472.6
   hungry(<0.85) 0/7:  LEAF 0 · DRY-SURPLUS 0 · DRY-HAUL 0 · CAPPED 0 · FED-SHORT 0

step  18000  n 9 · polities 6 (1.5/realm) · parents 0 · leaves 9 (100%) · importers(isr>.02) 0
   flow/tick  offers 0.00  levied 0.00  bought 0.00  unbought 0.00  PEER-bought 0.00 · coin-capped parents 0/0 · ΣcoreNeed 1.6 Σsupply 14.1 Σland 13.4
   fed  leaf p10/50/90 0.99/1.00/1.00  parent 0.00/0.00/0.00 · fedNOW p10/50/90 1.00/1.00/1.00 · importShare p50/p90 0.00/0.00 · spare-coin p50 3643.8
   hungry(<0.85) 0/9:  LEAF 0 · DRY-SURPLUS 0 · DRY-HAUL 0 · CAPPED 0 · FED-SHORT 0

step  20000  n 14 · polities 12 (1.2/realm) · parents 2 · leaves 12 (86%) · importers(isr>.02) 2
   flow/tick  offers 2.30  levied 0.00  bought 2.30  unbought 0.00  PEER-bought 0.00 · coin-capped parents 0/2 · ΣcoreNeed 1.6 Σsupply 15.8 Σland 19.4
   fed  leaf p10/50/90 0.00/1.00/1.00  parent 0.83/1.00/1.00 · fedNOW p10/50/90 0.00/1.00/1.00 · importShare p50/p90 0.00/0.29 · spare-coin p50 4823.1
   hungry(<0.85) 5/14:  LEAF 4 · DRY-SURPLUS 0 · DRY-HAUL 0 · CAPPED 0 · FED-SHORT 1
     leaf market stage:  MKT-COVERED 4

step  22000  n 14 · polities 12 (1.2/realm) · parents 2 · leaves 12 (86%) · importers(isr>.02) 3
   flow/tick  offers 3.99  levied 0.27  bought 3.72  unbought 0.00  PEER-bought 0.00 · coin-capped parents 0/2 · ΣcoreNeed 1.9 Σsupply 20.4 Σland 21.3
   fed  leaf p10/50/90 0.59/1.00/1.00  parent 1.00/1.00/1.00 · fedNOW p10/50/90 0.00/1.00/1.00 · importShare p50/p90 0.00/0.19 · spare-coin p50 7332.7
   hungry(<0.85) 4/14:  LEAF 4 · DRY-SURPLUS 0 · DRY-HAUL 0 · CAPPED 0 · FED-SHORT 0
     leaf market stage:  MKT-COVERED 4

[transHeap] step=23712 cap=2048 peakN=1050 pushes=5996 (0.0MB backing)
step  24000  n 18 · polities 14 (1.3/realm) · parents 2 · leaves 16 (89%) · importers(isr>.02) 2
   flow/tick  offers 0.59  levied 0.04  bought 0.54  unbought 0.00  PEER-bought 0.00 · coin-capped parents 0/2 · ΣcoreNeed 2.2 Σsupply 27.3 Σland 32.5
   fed  leaf p10/50/90 0.00/1.00/1.00  parent 1.00/1.00/1.00 · fedNOW p10/50/90 0.00/1.00/1.00 · importShare p50/p90 0.00/0.02 · spare-coin p50 7185.6
   hungry(<0.85) 4/18:  LEAF 4 · DRY-SURPLUS 0 · DRY-HAUL 0 · CAPPED 0 · FED-SHORT 0
     leaf market stage:  MKT-COVERED 4

READ: LEAF-dominated hungry = the topology starves non-capitals (peer/market
trade is the missing system). CAPPED-dominated = levy org / buyer coin is the
throttle. DRY-SURPLUS at capitals = the land gap is upstream of the market.
