[harness] tree 97f51dd
[peopleSim] hearth pin Nile picked at tile (277,80) (27.7E 30.0N) — maturity deferred to the stagger law
[peopleSim] hearth pin Mesopotamia picked at tile (298,76) (43.5E 33.0N) — maturity deferred to the stagger law
[peopleSim] hearth pin Indus picked at tile (333,81) (69.8E 29.2N) — maturity deferred to the stagger law
[peopleSim] hearth pin Yellow River picked at tile (387,72) (110.3E 36.0N) — maturity deferred to the stagger law
[peopleSim] hearth Ňěňní at (277,80) (27.7E 30.0N) score 6.74 pkg=wheat(suit 0.94) — matured 962y into prehistory (wave age 5038y)
[peopleSim] hearth Pephamdo at (298,76) (43.5E 33.0N) score 6.51 pkg=wheat(suit 1.00) — matured 903y into prehistory (wave age 5097y)
[peopleSim] hearth Pomponsom at (333,81) (69.8E 29.2N) score 7.79 pkg=wheat(suit 1.00) — matured 900y into prehistory (wave age 5100y)
[peopleSim] hearth Fevvon at (387,72) (110.3E 36.0N) score 3.54 pkg=millet(suit 0.54) — matured 2754y into prehistory (wave age 3246y)
[peopleSim] hearth Nawaxexi at (230,99) (-7.5E 15.8N) score 3.07 pkg=sorghum(suit 0.65) — matured 3077y into prehistory (wave age 2923y)
[peopleSim] hearth Sasfesu at (115,99) (-93.8E 15.8N) score 1.97 pkg=maize(suit 0.86) — matured 5245y into prehistory (wave age 755y)
[peopleSim] hearth Wityim at (140,140) (-75.0E -15.0N) score 1.05 pkg=tubers(suit 0.75) — matured 3996y into prehistory (wave age 2004y)
[peopleSim] hearth Ninuvy at (278,142) (28.5E -16.5N) score 0.81 pkg=sorghum(suit 0.52) — matured 3855y into prehistory (wave age 2145y)
[peopleSim] hearth Bofvu at (247,40) (5.2E 60.0N) score 0.50 pkg=wheat(suit 0.25) — matured 3616y into prehistory (wave age 2384y)
[peopleSim] hearth candidate at (25,41) (-161.3E 59.3N) score 0.50 pkg=maize(suit 0.15) — ARMED: ~7000y of peopled-basin time from maturity

=== THE YIELD-VARIANCE MAP  960x480 (tw=480)  seed 8817  (SOLVER-climate regime) ===
  cv = (0.1 + 0.35·margin(em 0.55/0.5) + 0.12·seasonal·damp)·(1−water) + 0.2·water + 0.17·winter

  region          sim CV p10/P50w/p90    real band     verdict   (P50w = fert-weighted median, the verdict statistic)
  England/N.Fr   0.10/0.10/0.16          0.08-0.16     ok    [margin 0.00 season 0.00 winter 0.00 water 0.00]
  Med. Spain     0.10/0.16/0.21          0.18-0.30     LOW   [margin 0.00 season 0.50 winter 0.00 water 0.00]
  Greece/Aegean  0.10/0.16/0.21          0.18-0.30     LOW   [margin 0.00 season 0.50 winter 0.00 water 0.00]
  Sahel          0.16/0.16/0.21          0.30-0.48     LOW   [margin 0.00 season 0.50 winter 0.00 water 0.00]
  Nile valley    0.20/0.20/0.45          0.14-0.26     ok    [margin 1.00 season 0.00 winter 0.00 water 1.00]
  Mesopotamia    0.20/0.24/0.47          0.15-0.30     ok    [margin 0.21 season 0.50 winter 0.00 water 0.15]
  Ganges         0.10/0.11/0.31          0.14-0.26     LOW   [margin 0.00 season 0.00 winter 0.00 water 0.00]
  N.China plain  0.15/0.21/0.27          0.18-0.32     ok    [margin 0.00 season 0.94 winter 0.00 water 0.33]
  Pontic steppe  0.16/0.23/0.34          0.25-0.42     LOW   [margin 0.00 season 0.94 winter 0.48 water 0.00]
  Kazakh steppe  0.17/0.19/0.23          0.25-0.42     LOW   [margin 0.09 season 0.00 winter 0.35 water 0.00]
  Java/wet trop  0.10/0.10/0.11          0.06-0.15     ok    [margin 0.00 season 0.00 winter 0.00 water 0.00]
  S.India int.   0.10/0.16/0.22          0.20-0.35     LOW   [margin 0.00 season 0.50 winter 0.00 water 0.00]

  agreement: 5/12 region medians inside their literature band
  world land CV p10/p50/p90: 0.14/0.30/0.55

  LEAN_YEAR bridge preview (margin = 1/p10-year ≈ 1/(1−1.28·cv), the deep year 1/(1−2.33·cv)):
    cv 0.12 (England): lean-year margin 1.18×, deep-year 1.39×  (flat law shipped 2.86× everywhere)
    cv 0.20 (Nile): lean-year margin 1.34×, deep-year 1.87×  (flat law shipped 2.86× everywhere)
    cv 0.24 (Mesopotamia): lean-year margin 1.44×, deep-year 2.27×  (flat law shipped 2.86× everywhere)
    cv 0.40 (Sahel): lean-year margin 2.05×, deep-year 5.00×  (flat law shipped 2.86× everywhere)

  READ: the --real arm is the calibration referee (near-true inputs — a miss
  is the formula's). The solver arm is the gate-regime read — every miss must
  decompose into a named, measured solver-input debt (harvest.js REGIME NOTE).
