[harness] tree 311c683
[peopleSim] hearth pin Nile picked at tile (138,40) (27.0E 30.0N) — maturity deferred to the stagger law
[peopleSim] hearth pin Mesopotamia picked at tile (149,38) (43.5E 33.0N) — maturity deferred to the stagger law
[peopleSim] hearth pin Indus picked at tile (167,41) (70.5E 28.5N) — maturity deferred to the stagger law
[peopleSim] hearth pin Yellow River picked at tile (196,36) (114.0E 36.0N) — maturity deferred to the stagger law
[peopleSim] hearth Ňěňní at (138,40) (27.0E 30.0N) score 5.41 pkg=wheat(suit 0.78) — matured 1151y into prehistory (wave age 4849y)
[peopleSim] hearth Pephamdo at (149,38) (43.5E 33.0N) score 6.29 pkg=wheat(suit 1.00) — matured 900y into prehistory (wave age 5100y)
[peopleSim] hearth Pomponsom at (167,41) (70.5E 28.5N) score 6.30 pkg=wheat(suit 0.97) — matured 929y into prehistory (wave age 5071y)
[peopleSim] hearth Fevvon at (196,36) (114.0E 36.0N) score 4.55 pkg=rice(suit 0.79) — matured 3173y into prehistory (wave age 2827y)
[peopleSim] hearth Nawaxexi at (56,49) (-96.0E 16.5N) score 1.89 pkg=maize(suit 0.84) — matured 5373y into prehistory (wave age 627y)
[peopleSim] hearth Sasfesu at (111,53) (-13.5E 10.5N) score 1.69 pkg=sorghum(suit 0.62) — matured 3251y into prehistory (wave age 2749y)
[peopleSim] hearth Wityim at (136,72) (24.0E -18.0N) score 1.13 pkg=sorghum(suit 0.56) — matured 3544y into prehistory (wave age 2456y)
[peopleSim] hearth candidate at (77,72) (-64.5E -18.0N) score 0.68 pkg=tubers(suit 0.44) — ARMED: ~790y of peopled-basin time from maturity
[peopleSim] hearth candidate at (31,23) (-133.5E 55.5N) score 0.50 pkg=maize(suit 0.18) — ARMED: ~18458y of peopled-basin time from maturity
[peopleSim] hearth candidate at (117,23) (-4.5E 55.5N) score 0.50 pkg=wheat(suit 0.12) — ARMED: ~7000y of peopled-basin time from maturity

=== THE YIELD-VARIANCE MAP  480x240 (tw=240)  seed 8817  (SOLVER-climate regime) ===
  cv = (0.1 + 0.35·margin(em 0.55/0.5) + 0.12·seasonal·damp)·(1−water) + 0.2·water + 0.17·winter

  region          sim CV p10/P50w/p90    real band     verdict   (P50w = fert-weighted median, the verdict statistic)
  England/N.Fr   0.10/0.10/0.21          0.08-0.16     ok    [margin 0.00 season 0.00 winter 0.00 water 0.00]
  Med. Spain     0.10/0.16/0.21          0.18-0.30     LOW   [margin 0.00 season 0.50 winter 0.00 water 0.00]
  Greece/Aegean  0.10/0.16/0.22          0.18-0.30     LOW   [margin 0.00 season 0.50 winter 0.00 water 0.00]
  Sahel          0.10/0.17/0.43          0.30-0.48     LOW   [margin 0.00 season 0.50 winter 0.00 water 0.00]
  Nile valley    0.20/0.20/0.45          0.14-0.26     ok    [margin 0.00 season 0.00 winter 0.00 water 1.00]
  Mesopotamia    0.26/0.42/0.47          0.15-0.30     HIGH  [margin 0.80 season 0.16 winter 0.00 water 0.00]
  Ganges         0.10/0.16/0.29          0.14-0.26     ok    [margin 0.00 season 0.00 winter 0.00 water 0.00]
  N.China plain  0.12/0.13/0.19          0.18-0.32     LOW   [margin 0.00 season 0.00 winter 0.00 water 0.33]
  Pontic steppe  0.10/0.21/0.31          0.25-0.42     LOW   [margin 0.00 season 0.00 winter 0.08 water 0.00]
  Kazakh steppe  0.18/0.24/0.37          0.25-0.42     LOW   [margin 0.00 season 0.00 winter 0.66 water 0.00]
  Java/wet trop  0.10/0.10/0.10          0.06-0.15     ok    [margin 0.00 season 0.00 winter 0.00 water 0.00]
  S.India int.   0.10/0.16/0.30          0.20-0.35     LOW   [margin 0.00 season 0.00 winter 0.00 water 0.00]

  agreement: 4/12 region medians inside their literature band
  world land CV p10/p50/p90: 0.13/0.28/0.55

  LEAN_YEAR bridge preview (margin = 1/p10-year ≈ 1/(1−1.28·cv), the deep year 1/(1−2.33·cv)):
    cv 0.12 (England): lean-year margin 1.18×, deep-year 1.39×  (flat law shipped 2.86× everywhere)
    cv 0.20 (Nile): lean-year margin 1.34×, deep-year 1.87×  (flat law shipped 2.86× everywhere)
    cv 0.24 (Mesopotamia): lean-year margin 1.44×, deep-year 2.27×  (flat law shipped 2.86× everywhere)
    cv 0.40 (Sahel): lean-year margin 2.05×, deep-year 5.00×  (flat law shipped 2.86× everywhere)

  READ: the --real arm is the calibration referee (near-true inputs — a miss
  is the formula's). The solver arm is the gate-regime read — every miss must
  decompose into a named, measured solver-input debt (harvest.js REGIME NOTE).
