=== 1. npm test (defaults, lever off) ===
[peopleSim] hearth Qòbég at (110,28) (67.5E 27.0N) score 6.19 pkg=wheat(suit 1.00) — matured 900y into prehistory (wave age 5100y)
[peopleSim] hearth Kalsaffo at (131,25) (114.8E 33.8N) score 6.32 pkg=rice(suit 1.12) — matured 2223y into prehistory (wave age 3777y)
[peopleSim] hearth Chlurthiryi at (34,27) (-103.5E 29.2N) score 5.44 pkg=maize(suit 1.03) — matured 4354y into prehistory (wave age 1646y)
[peopleSim] hearth Ọththet at (77,34) (-6.8E 13.5N) score 4.07 pkg=sorghum(suit 0.73) — matured 2742y into prehistory (wave age 3258y)
[peopleSim] hearth Kyoekhin at (54,49) (-58.5E -20.3N) score 1.28 pkg=tubers(suit 0.55) — matured 5500y into prehistory (wave age 500y)
[peopleSim] hearth Taomemase at (94,48) (31.5E -18.0N) score 1.23 pkg=tubers(suit 0.85) — matured 3516y into prehistory (wave age 2484y)
[peopleSim] hearth candidate at (21,15) (-132.8E 56.3N) score 0.50 pkg=maize(suit 0.44) — ARMED: ~4122y of peopled-basin time from maturity
[peopleSim] hearth candidate at (76,16) (-9.0E 54.0N) score 0.50 — ARMED: ~7000y of peopled-basin time from maturity
[transHeap] step=24 cap=1024 peakN=927 pushes=4024 (0.0MB backing)
[popField] worker pool engaged: 4 bands
[transHeap] step=24 cap=1024 peakN=927 pushes=4024 (0.0MB backing)
[popField] worker pool engaged: 4 bands
  ok   dissolve: deterministic
  ok   dissolve: no farming regions (t0=0)
  ok   dissolve: zero invariant violations
  ok   dissolve: civilization alive (6 settlements)
  ok   dissolve: fewer entities per person than farming-region model (4.7 vs 9.7 per 1k pop)
[smoke] all checks passed in 69.0s
[emblem] 7965 tincture checks over 8000 genomes, min measured dE 0.186; 10/10 tinctures seen as fields; determinism, art coverage, marshalling checked
[emblem] all checks passed

=== 2. npm test (BORN_OF_LAND=1) ===
[peopleSim] hearth Qòbég at (110,28) (67.5E 27.0N) score 6.19 pkg=wheat(suit 1.00) — matured 900y into prehistory (wave age 5100y)
[peopleSim] hearth Kalsaffo at (131,25) (114.8E 33.8N) score 6.32 pkg=rice(suit 1.12) — matured 2223y into prehistory (wave age 3777y)
[peopleSim] hearth Chlurthiryi at (34,27) (-103.5E 29.2N) score 5.44 pkg=maize(suit 1.03) — matured 4354y into prehistory (wave age 1646y)
[peopleSim] hearth Ọththet at (77,34) (-6.8E 13.5N) score 4.07 pkg=sorghum(suit 0.73) — matured 2742y into prehistory (wave age 3258y)
[peopleSim] hearth Kyoekhin at (54,49) (-58.5E -20.3N) score 1.28 pkg=tubers(suit 0.55) — matured 5500y into prehistory (wave age 500y)
[peopleSim] hearth Taomemase at (94,48) (31.5E -18.0N) score 1.23 pkg=tubers(suit 0.85) — matured 3516y into prehistory (wave age 2484y)
[peopleSim] hearth candidate at (21,15) (-132.8E 56.3N) score 0.50 pkg=maize(suit 0.44) — ARMED: ~4122y of peopled-basin time from maturity
[peopleSim] hearth candidate at (76,16) (-9.0E 54.0N) score 0.50 — ARMED: ~7000y of peopled-basin time from maturity
[popField] worker pool engaged: 4 bands
[transHeap] step=24 cap=1024 peakN=927 pushes=4024 (0.0MB backing)
[transHeap] step=24 cap=1024 peakN=927 pushes=4024 (0.0MB backing)
[popField] worker pool engaged: 4 bands
  ok   dissolve: deterministic
  ok   dissolve: no farming regions (t0=0)
  ok   dissolve: zero invariant violations
  ok   dissolve: civilization alive (6 settlements)
  ok   dissolve: fewer entities per person than farming-region model (4.7 vs 9.7 per 1k pop)
[smoke] all checks passed in 68.1s
[emblem] 7965 tincture checks over 8000 genomes, min measured dE 0.186; 10/10 tinctures seen as fields; determinism, art coverage, marshalling checked
[emblem] all checks passed

=== 3. npm run validate (BORN_OF_LAND=1) ===

> world-sim@1.0.0 validate
> node tools/stylized.mjs

[harness] tree 047152a
[SIM_TUNE] {"BORN_OF_LAND":1}
[stylized] seed 8817 · 480x240 · 21000 steps
[peopleSim] hearth pin Nile picked at tile (138,40) (27.0E 30.0N) — maturity deferred to the stagger law
[peopleSim] hearth pin Mesopotamia picked at tile (149,38) (43.5E 33.0N) — maturity deferred to the stagger law
[peopleSim] hearth pin Indus picked at tile (167,41) (70.5E 28.5N) — maturity deferred to the stagger law
[peopleSim] hearth pin Yellow River picked at tile (196,38) (114.0E 33.0N) — maturity deferred to the stagger law
[peopleSim] hearth Ňěňní at (138,40) (27.0E 30.0N) score 6.39 pkg=wheat(suit 0.92) — matured 974y into prehistory (wave age 5026y)
[peopleSim] hearth Pephamdo at (149,38) (43.5E 33.0N) score 4.32 pkg=wheat(suit 0.69) — matured 1311y into prehistory (wave age 4689y)
[peopleSim] hearth Pomponsom at (167,41) (70.5E 28.5N) score 6.34 pkg=wheat(suit 0.98) — matured 922y into prehistory (wave age 5078y)
[peopleSim] hearth Fevvon at (196,38) (114.0E 33.0N) score 4.11 pkg=rice(suit 0.81) — matured 3106y into prehistory (wave age 2894y)
[peopleSim] hearth Nawaxexi at (58,38) (-93.0E 33.0N) score 5.34 pkg=maize(suit 0.87) — matured 5148y into prehistory (wave age 852y)
[peopleSim] hearth Sasfesu at (111,53) (-13.5E 10.5N) score 1.76 pkg=sorghum(suit 0.64) — matured 3133y into prehistory (wave age 2867y)
[peopleSim] hearth Wityim at (140,73) (30.0E -19.5N) score 1.32 pkg=tubers(suit 0.93) — matured 3243y into prehistory (wave age 2757y)
[peopleSim] hearth Ninuvy at (77,72) (-64.5E -18.0N) score 0.87 pkg=tubers(suit 0.57) — matured 5283y into prehistory (wave age 717y)
[peopleSim] hearth candidate at (31,23) (-133.5E 55.5N) score 0.50 pkg=maize(suit 0.51) — ARMED: ~2842y of peopled-basin time from maturity
[peopleSim] hearth candidate at (117,23) (-4.5E 55.5N) score 0.50 — ARMED: ~7000y of peopled-basin time from maturity
[popField] worker pool engaged: 4 bands
[transHeap] step=24 cap=2048 peakN=1495 pushes=9318 (0.0MB backing)
[peopleSim] hearth candidate at (31,23) (-133.5E 55.5N) stood down — the farming package arrived before it was invented
[peopleSim] hearth candidate at (117,23) (-4.5E 55.5N) stood down — the farming package arrived before it was invented
[stylized] simulated in 142s

  ok    Zipf rank-size slope (urban cores, G-I): -0.72   (42 cities; mature empirical envelope ≈ −0.8..−1.2; earned-span antiquity shallower (owner-accepted 2026-07))
  ok    largest empire's share of claimed land: 15%   (45 polities on 3985 tiles)
  ok    empire area tail (largest/median): 13.9
        (realm AREA, unscored: largest 8982k km² · median 646k km² · reference: Bronze hegemon ~0.5-1M, Rome ~5M, Han ~6.5M)
        (empire mortality, unscored: back-half top-3 union 6 realms · 343 secessions — deep check: node tools/probe_empires.mjs)
  ok    state lifespan median (incl. living, censored): 6400 steps (~1600y)   (73 fallen + 915 living)
        (fallen-only median 750 steps ~188y; 2/73 fallen within 100 steps — the revolt-churn mode, mechanism item)
  ok    lifespan heavy tail incl. living (max/median): 28.0   (oldest living 21000 steps)
  ok    wars per 1000 steps per polity: 0.28   (12.5/1k across 45 realms)
  ok    wars amid succession crises: 24/262   (human causes visible)
        (8 across state-faith lines)
  ok    tech ~ cradle-distance correlation: 0.02   (knowledge should not lead OUTWARD (earned-span re-baseline 2026-07))
  ok    urbanization vs development: 7.0%   (agrarian era: a minority in cities (2-25%))
  ok    population ~ development (monotone): 0.98   (log-pop vs leading agriculture)
  ok    growth accelerates with development: n/a   (pre-industrial run: modern agriculture never discovered — the accelerating chapter is absent)
  ok    price level bounded: 0.95   (people-weighted raw M/T÷baseline (sim-clamped mean 0.77, 0 components pegged at cap))
  ok    market integration narrows prices (Δ): -0.0286 over 4 knit window(s)   (mean dispersion Δ where components drop, vs noise floor 0.0150 = median |Δ| (Pearson 0.48, unscored — probe_market.mjs))
  ok    trade intensity vs transport: 1.7   (flow×1000/wealth; median nav+mob 0.53 → band 0.05-150)
  ok    war deadliness tail (largest/median): 12.0   (106 wars reckoned; top3mean/med 11.4)
        (greatest war's share of all war dead: 5% across 106 wars — count-sensitive, unscored)
  ok    culture count ~ area^k, k<1: 0.27   (diversity grows with territory, sublinearly (k<1))
  ok    settlements cluster on water (same-footprint enrichment): 1.35   (100% on water vs same-footprint null 74% (raw per-tile null gave 1.68; NN-CV 0.36))
  ok    fish share of food supply: 0.0%   (0% of population lives majority-fish [soft bar ≤40% Tier-B])
  ok    civilization alive: 70 settlements, pop 28732
  ok    wealth finite: 570574
  ok    polities exist: 45
        (registries: 45 cultures · 27 faiths · 358 dynasties · 13742 persons · 4858 events)

[stylized] all hard gates passed · 0 soft warning(s) (budget 2)

=== 4. npm run resgate (BORN_OF_LAND=1) ===
[peopleSim] hearth Wityim at (140,73) (30.0E -19.5N) score 1.32 pkg=tubers(suit 0.93) — matured 3243y into prehistory (wave age 2757y)
[peopleSim] hearth Ninuvy at (77,72) (-64.5E -18.0N) score 0.87 pkg=tubers(suit 0.57) — matured 5283y into prehistory (wave age 717y)
[peopleSim] hearth candidate at (31,23) (-133.5E 55.5N) score 0.50 pkg=maize(suit 0.51) — ARMED: ~2842y of peopled-basin time from maturity
[peopleSim] hearth candidate at (117,23) (-4.5E 55.5N) score 0.50 — ARMED: ~7000y of peopled-basin time from maturity
[popField] worker pool engaged: 4 bands
[transHeap] step=24 cap=2048 peakN=1495 pushes=9318 (0.0MB backing)
[peopleSim] hearth pin Nile picked at tile (276,83) (27.0E 27.8N) — maturity deferred to the stagger law
[peopleSim] hearth pin Mesopotamia picked at tile (298,76) (43.5E 33.0N) — maturity deferred to the stagger law
[peopleSim] hearth pin Indus picked at tile (333,82) (69.8E 28.5N) — maturity deferred to the stagger law
[peopleSim] hearth pin Yellow River picked at tile (387,72) (110.3E 36.0N) — maturity deferred to the stagger law
[peopleSim] hearth Ňěňní at (276,83) (27.0E 27.8N) score 7.28 pkg=wheat(suit 1.00) — matured 903y into prehistory (wave age 5097y)
[peopleSim] hearth Pephamdo at (298,76) (43.5E 33.0N) score 5.01 pkg=wheat(suit 0.77) — matured 1173y into prehistory (wave age 4827y)
[peopleSim] hearth Pomponsom at (333,82) (69.8E 28.5N) score 6.69 pkg=wheat(suit 0.86) — matured 1041y into prehistory (wave age 4959y)
[peopleSim] hearth Fevvon at (387,72) (110.3E 36.0N) score 3.60 pkg=millet(suit 0.55) — matured 2710y into prehistory (wave age 3290y)
[peopleSim] hearth Nawaxexi at (230,99) (-7.5E 15.8N) score 3.29 pkg=sorghum(suit 0.70) — matured 2870y into prehistory (wave age 3130y)
[peopleSim] hearth candidate at (115,99) (-93.8E 15.8N) score 1.62 pkg=maize(suit 0.71) — ARMED: ~381y of peopled-basin time from maturity
[peopleSim] hearth Sasfesu at (140,140) (-75.0E -15.0N) score 1.24 pkg=tubers(suit 0.89) — matured 3390y into prehistory (wave age 2610y)
[peopleSim] hearth Wityim at (278,142) (28.5E -16.5N) score 0.89 pkg=wheat(suit 0.53) — matured 1701y into prehistory (wave age 4299y)
[peopleSim] hearth candidate at (247,40) (5.2E 60.0N) score 0.50 pkg=sorghum(suit 0.25) — ARMED: ~1927y of peopled-basin time from maturity
[peopleSim] hearth candidate at (25,41) (-161.3E 59.3N) score 0.50 pkg=maize(suit 0.36) — ARMED: ~6510y of peopled-basin time from maturity
[popField] worker pool engaged: 4 bands
[transHeap] step=24 cap=65536 peakN=38904 pushes=137705 (0.5MB backing)
[transHeap] step=4560 cap=131072 peakN=87904 pushes=316622 (1.0MB backing)
[peopleSim] AGRICULTURE INVENTED at (115,99) (-93.8E 15.8N) — the basin farms; a city will rise when its market gathers one (score 1.62)
  grids: tw=240 (9616 land tiles) vs tw=480 (38741 land tiles)
  realms                 ref            9   app            7   app/ref 0.78
  claimed land           ref        5.12%   app        3.83%   app/ref 0.75
  MEDIAN realm area      ref     646k km²   app     500k km²   app/ref 0.77
  MEAN realm area        ref     841k km²   app     809k km²   app/ref 0.96
  largest realm area     ref    1646k km²   app    3264k km²   app/ref 1.98
  people per km²         ref       0.0449   app       0.0380   app/ref 0.85

  ok   app/ref median realm area          0.77 (floor 0.34)
  ok   app/ref MEAN realm area            0.96 (floor 0.46)
  ok   app/ref claimed land               0.75 (floor 0.53)
  ok   app/ref people per km²             0.85 (floor 0.50)
  ok   app median realm ABSOLUTE          500k km² (floor 60k km²)
  ok   app realm count                    7 (floor 3)

[resgate] all app-grid bands held
