[harness] tree 18dbba8
[SIM_TUNE] {"BORN_OF_LAND":1}
[stylized] seed 4242 · 480x240 · 21000 steps
[peopleSim] hearth pin Nile picked at tile (138,40) (27.0E 30.0N) — maturity deferred to the stagger law
[peopleSim] hearth pin Mesopotamia picked at tile (150,38) (45.0E 33.0N) — maturity deferred to the stagger law
[peopleSim] hearth pin Indus picked at tile (167,41) (70.5E 28.5N) — maturity deferred to the stagger law
[peopleSim] hearth pin Yellow River picked at tile (197,38) (115.5E 33.0N) — maturity deferred to the stagger law
[peopleSim] hearth Viizubuụda at (138,40) (27.0E 30.0N) score 5.49 pkg=wheat(suit 0.80) — matured 1129y into prehistory (wave age 4871y)
[peopleSim] hearth Pịgatfaa at (150,38) (45.0E 33.0N) score 4.45 pkg=wheat(suit 0.72) — matured 1253y into prehistory (wave age 4747y)
[peopleSim] hearth Qòbég at (167,41) (70.5E 28.5N) score 5.16 pkg=wheat(suit 0.80) — matured 1130y into prehistory (wave age 4870y)
[peopleSim] hearth Kalsaffo at (197,38) (115.5E 33.0N) score 6.43 pkg=rice(suit 1.03) — matured 2434y into prehistory (wave age 3566y)
[peopleSim] hearth Chlurthiryi at (52,39) (-102.0E 31.5N) score 5.34 pkg=maize(suit 1.02) — matured 4408y into prehistory (wave age 1592y)
[peopleSim] hearth Ọththet at (114,52) (-9.0E 12.0N) score 3.57 pkg=sorghum(suit 0.65) — matured 3085y into prehistory (wave age 2915y)
[peopleSim] hearth Kyoekhin at (81,74) (-58.5E -21.0N) score 1.36 pkg=tubers(suit 0.58) — matured 5148y into prehistory (wave age 852y)
[peopleSim] hearth Taomemase at (135,71) (22.5E -16.5N) score 1.34 pkg=tubers(suit 0.63) — matured 4788y into prehistory (wave age 1212y)
[peopleSim] hearth candidate at (117,23) (-4.5E 55.5N) score 0.50 — ARMED: ~7000y of peopled-basin time from maturity
[peopleSim] hearth candidate at (33,24) (-130.5E 54.0N) score 0.50 pkg=maize(suit 0.51) — ARMED: ~2836y of peopled-basin time from maturity
[popField] worker pool engaged: 4 bands
[transHeap] step=24 cap=2048 peakN=1454 pushes=9371 (0.0MB backing)
[peopleSim] hearth candidate at (33,24) (-130.5E 54.0N) stood down — the farming package arrived before it was invented
[peopleSim] hearth candidate at (117,23) (-4.5E 55.5N) stood down — the farming package arrived before it was invented
[stylized] simulated in 136s

  ok    Zipf rank-size slope (urban cores, G-I): -0.58   (49 cities; mature empirical envelope ≈ −0.8..−1.2; earned-span antiquity shallower (owner-accepted 2026-07))
  ok    largest empire's share of claimed land: 15%   (41 polities on 3911 tiles)
  ok    empire area tail (largest/median): 10.8
        (realm AREA, unscored: largest 9321k km² · median 861k km² · reference: Bronze hegemon ~0.5-1M, Rome ~5M, Han ~6.5M)
        (empire mortality, unscored: back-half top-3 union 4 realms · 351 secessions — deep check: node tools/probe_empires.mjs)
  ok    state lifespan median (incl. living, censored): 6800 steps (~1700y)   (91 fallen + 921 living)
        (fallen-only median 600 steps ~150y; 1/91 fallen within 100 steps — the revolt-churn mode, mechanism item)
  ok    lifespan heavy tail incl. living (max/median): 35.0   (oldest living 21000 steps)
  ok    wars per 1000 steps per polity: 0.24   (10.9/1k across 46 realms)
  ok    wars amid succession crises: 22/228   (human causes visible)
        (11 across state-faith lines)
  warn  tech ~ cradle-distance correlation: 0.22   (knowledge should not lead OUTWARD (earned-span re-baseline 2026-07))
  ok    urbanization vs development: 5.5%   (agrarian era: a minority in cities (2-25%))
  ok    population ~ development (monotone): 0.99   (log-pop vs leading agriculture)
  ok    growth accelerates with development: n/a   (pre-industrial run: modern agriculture never discovered — the accelerating chapter is absent)
  ok    price level bounded: 0.96   (people-weighted raw M/T÷baseline (sim-clamped mean 1.12, 0 components pegged at cap))
  ok    market integration narrows prices (Δ): +0.0073 over 1 knit window(s)   (mean dispersion Δ where components drop, vs noise floor 0.0073 = median |Δ| (Pearson -0.20, unscored — probe_market.mjs))
  ok    trade intensity vs transport: 1.1   (flow×1000/wealth; median nav+mob 0.50 → band 0.05-150)
  ok    war deadliness tail (largest/median): 12.7   (88 wars reckoned; top3mean/med 8.7)
        (greatest war's share of all war dead: 9% across 88 wars — count-sensitive, unscored)
  ok    culture count ~ area^k, k<1: 0.26   (diversity grows with territory, sublinearly (k<1))
  ok    settlements cluster on water (same-footprint enrichment): 1.36   (100% on water vs same-footprint null 74% (raw per-tile null gave 1.69; NN-CV 0.29))
  ok    fish share of food supply: 0.0%   (0% of population lives majority-fish [soft bar ≤40% Tier-B])
  ok    civilization alive: 72 settlements, pop 29443
  ok    wealth finite: 620618
  ok    polities exist: 46
        (registries: 44 cultures · 33 faiths · 217 dynasties · 12317 persons · 4441 events)

[stylized] all hard gates passed · 1 soft warning(s) (budget 2)
