[harness] tree 89e8669
[SIM_TUNE] {"DAWN_LIVE":1,"STATE_RECORDS":1,"LAND_KNOW":1,"PEER_SEATS":1,"FOUND_DRIFT":1,"ABSORB_ORG_ERA":1,"TRIBUTE_UP":0.33,"ENGULF":8,"FEAR_REACH":1,"WAR_FINISH":1,"SMALL_WAR":8,"RELIEF_REACH":1,"EXCH_WAVE":3,"TECH_USE":1,"VASSAL_LEVY":0.5,"DISSOLVE_CORE":1,"SETT_STRIDE":3,"TRADE_STRIDE":5}
[peopleSim] hearth pin Nile picked at tile (276,83) (27.0E 27.8N) — maturity deferred to the stagger law
[peopleSim] hearth pin Mesopotamia picked at tile (298,76) (43.5E 33.0N) — maturity deferred to the stagger law
[peopleSim] hearth pin Indus picked at tile (333,82) (69.8E 28.5N) — maturity deferred to the stagger law
[peopleSim] hearth pin Yellow River picked at tile (387,72) (110.3E 36.0N) — maturity deferred to the stagger law
[peopleSim] hearth candidate at (276,83) (27.0E 27.8N) score 7.28 pkg=wheat(suit 1.00) — ARMED: ~903y of peopled-basin time from maturity
[peopleSim] hearth candidate at (298,76) (43.5E 33.0N) score 5.01 pkg=wheat(suit 0.77) — ARMED: ~1173y of peopled-basin time from maturity
[peopleSim] hearth candidate at (333,82) (69.8E 28.5N) score 6.69 pkg=wheat(suit 0.86) — ARMED: ~1041y of peopled-basin time from maturity
[peopleSim] hearth candidate at (387,72) (110.3E 36.0N) score 3.60 pkg=millet(suit 0.55) — ARMED: ~2710y of peopled-basin time from maturity
[peopleSim] hearth candidate at (230,99) (-7.5E 15.8N) score 3.29 pkg=sorghum(suit 0.70) — ARMED: ~2870y of peopled-basin time from maturity
[peopleSim] hearth candidate at (115,99) (-93.8E 15.8N) score 1.62 pkg=maize(suit 0.71) — ARMED: ~6381y of peopled-basin time from maturity
[peopleSim] hearth candidate at (140,140) (-75.0E -15.0N) score 1.24 pkg=tubers(suit 0.89) — ARMED: ~3390y of peopled-basin time from maturity
[peopleSim] hearth candidate at (278,142) (28.5E -16.5N) score 0.89 pkg=tubers(suit 0.43) — ARMED: ~6987y of peopled-basin time from maturity
[peopleSim] hearth candidate at (247,40) (5.2E 60.0N) score 0.50 — ARMED: ~13000y of peopled-basin time from maturity
[peopleSim] hearth candidate at (25,41) (-161.3E 59.3N) score 0.50 — ARMED: ~13000y of peopled-basin time from maturity
[popField] worker pool engaged: 4 bands
[transHeap] step=24 cap=1024 peakN=0 pushes=0 (0.0MB backing)
[peopleSim] AGRICULTURE INVENTED at (276,83) (27.0E 27.8N) — the basin farms; a city will rise when its market gathers one (score 7.28)
[peopleSim] AGRICULTURE INVENTED at (333,82) (69.8E 28.5N) — the basin farms; a city will rise when its market gathers one (score 6.69)
[peopleSim] AGRICULTURE INVENTED at (298,76) (43.5E 33.0N) — the basin farms; a city will rise when its market gathers one (score 5.01)
[transHeap] step=14640 cap=2048 peakN=2029 pushes=28506 (0.0MB backing)
[transHeap] step=15648 cap=4096 peakN=2812 pushes=29575 (0.0MB backing)
[peopleSim] hearth candidate at (387,72) (110.3E 36.0N) stood down — the farming package arrived before it was invented
[peopleSim] hearth candidate at (278,142) (28.5E -16.5N) stood down — the farming package arrived before it was invented
[transHeap] step=18168 cap=65536 peakN=38508 pushes=135599 (0.5MB backing)
[peopleSim] AGRICULTURE INVENTED at (230,99) (-7.5E 15.8N) — the basin farms; a city will rise when its market gathers one (score 3.29)
[peopleSim] AGRICULTURE INVENTED at (140,140) (-75.0E -15.0N) — the basin farms; a city will rise when its market gathers one (score 1.24)
[peopleSim] hearth candidate at (247,40) (5.2E 60.0N) stood down — the farming package arrived before it was invented
[peopleSim] hearth candidate at (115,99) (-93.8E 15.8N) stood down — the farming package arrived before it was invented

=== NATIONLESS CITIES / DENSITY-vs-SIZE  960x480 (tw=480)  seed 8817  30000 steps  r=600km ===

-- A. the mint --------------------------------------------------------
  polity.founded by channel (cumulative, whole run):
     tribal            132
     frontier           24
  city births: on CLAIMED ground 1194   in the WILD 1420   (wild share 54%)
  what adoptAndFound did with each newborn city (every mint is born tier 2 and stateless):
     born INSIDE a realm's field  (n=981):  joined it 213 (22%)   MINTED ITS OWN REALM 750 (76%)   left stateless 18 (2%)
     born in the WILD             (n=1272):  joined a realm 119 (9%)   MINTED ITS OWN REALM 376 (30%)   left stateless 777 (61%)

  step      entities  stateless   cities(t>=2)  stateless-cities  realms
     250          0       0 (  0%)         0             0 (  0%)       0
    2250          0       0 (  0%)         0             0 (  0%)       0
    4250          0       0 (  0%)         0             0 (  0%)       0
    6250          0       0 (  0%)         0             0 (  0%)       0
    8250          0       0 (  0%)         0             0 (  0%)       0
   10250          0       0 (  0%)         0             0 (  0%)       0
   12250          0       0 (  0%)         0             0 (  0%)       0
   14250         27      27 (100%)        26            26 (100%)       0
   16250         76      75 ( 99%)        76            75 ( 99%)       1
   18250        149      85 ( 57%)       142            79 ( 56%)      37
   20250        313     118 ( 38%)       295           115 ( 39%)     154
   22250        507     150 ( 30%)       477           137 ( 29%)     294
   24250        693     133 ( 19%)       646           119 ( 18%)     464
   26250        928      87 (  9%)       885            74 (  8%)     669
   28250       1180      49 (  4%)      1142            38 (  3%)     972
   30000       1394      36 (  3%)      1352            27 (  2%)    1186

-- B. the size law ----------------------------------------------------
  realms ever founded: 2079   alive with territory at 30000: 1128
  Spearman(birth-neighbourhood CITY COUNT , final area)  = -0.115
  Spearman(birth-neighbourhood FREE-LAND share, final area) = -0.018
  Spearman(birth CITY COUNT , final BLOC area)          = -0.014
  Spearman(birth step        , final area)              = 0.182

  by birth-neighbourhood city count (quartiles):
    bin  n     cities@birth   free-land@birth   final km2 p50 / p90      bloc km2 p50 / p90   members p50
    Q1    282       6            72%            0.031M /   0.069M     0.050M /   0.179M      1
    Q2    282      14            45%            0.027M /   0.053M     0.038M /   0.248M      1
    Q3    282      21            28%            0.027M /   0.042M     0.042M /   0.424M      1
    Q4    282      29             9%            0.027M /   0.038M     0.042M /   0.779M      1

  by free-land share at birth (quartiles):
    bin  n     free-land@birth  cities@birth   final km2 p50 / p90      members p50
    Q1    282        5%             26          0.031M /   0.038M      1
    Q2    282       27%             21          0.027M /   0.046M      1
    Q3    282       49%             15          0.027M /   0.046M      1
    Q4    282       78%              7          0.027M /   0.065M      1

  the 15 LARGEST realms — what their birth neighbourhood looked like
  (world median at founding: 18 cities, 37% free land)
    born    km2       bloc km2   mem   cities@birth  stateless@birth  free-land@birth  name
     23887    0.374M    0.779M     2       17             3             52%        Foudthahheiftea
     27037    0.256M    0.256M     2        4             0             68%        Tiunkat'a
     25387    0.252M    0.569M     1        1             0             96%        Ufo̰
     23437    0.241M    0.893M     1       14             2             56%        Lo̰hpo̰po̰
     24487    0.187M    0.187M     1        3             1             90%        Kobvemewoa
     29137    0.176M    0.176M     1        5             0             82%        Bizyaamiuzyzyuva
     29437    0.176M    0.176M     3        8             1             75%        Ziizizeze
     27787    0.168M    0.168M     2        1             0             70%        Iusrazye
     27487    0.153M    0.168M     2       22             0             27%        Kyhuthte
     28237    0.122M    0.134M     2       14             7             66%        Nartajanv
     29737    0.122M    0.122M     2        9             0             39%        Desavua
     29437    0.107M    0.107M     1        6             0             80%        Tìntāpōāā
     25537    0.103M    0.103M     2       14             0             25%        Fečeef
     26887    0.103M    0.893M     1       11             0             62%        Lulso̤dyi̤z
     22987    0.099M    0.099M     1        4             0             74%        Ropfufet

  stratified — within each founding cohort, does a crowded birth still mean a small realm?
    cohort (by birth step)      n    sparse half: cities@birth p50 -> km2 p50    crowded half: cities@birth p50 -> km2 p50
    steps 16837-25237           376        10 ->   0.027M                            21 ->   0.019M
    steps 25387-27787           376        13 ->   0.027M                            26 ->   0.027M
    steps 27787-29887           376        11 ->   0.031M                            26 ->   0.034M

  realms alive at 30000 whose SEAT CITY minted inside another realm's field: 519 of 1128 (46%)
    their area p50 0.031M km2   members p50 1   born p50 step 27487

  the confetti (< 100k km2): 1114 of 1128 realms (99%)
    born p50 26784   cities@birth p50 18   free-land@birth p50 37%   members p50 1

  per-realm rows -> docs/runs/2026-08-22/natdensity_960_8817_30000.csv

